2026-05-07 17:53:58,267 | INFO | Starting WS bot. run_id=020efa74-34d1-4539-9777-057da57d529e dry_run=False base_url=https://api.elections.kalshi.com/trade-api/v2 ws_url=wss://api.elections.kalshi.com/trade-api/ws/v2 series=KXBTC15M
2026-05-07 17:53:59,532 | INFO | Watching market KXBTC15M-26MAY071800-00 close_time=2026-05-07T22:00:00Z status=active strike=79799.45 run_id=020efa74-34d1-4539-9777-057da57d529e
2026-05-07 17:53:59,594 | INFO | Heartbeat | watch=KXBTC15M-26MAY071800-00 yes_bid=None yes_ask=None no_bid=None no_ask=None book_ready=False position=False pending=False dry_run=False trust=cold run_id=020efa74-34d1-4539-9777-057da57d529e
2026-05-07 17:53:59,747 | INFO | WS connected for KXBTC15M-26MAY071800-00
2026-05-07 17:53:59,774 | INFO | WS subscribed payload: {'type': 'subscribed', 'id': 1, 'msg': {'channel': 'ticker', 'sid': 1}}
2026-05-07 17:53:59,775 | INFO | WS subscribed payload: {'type': 'subscribed', 'id': 1, 'msg': {'channel': 'orderbook_delta', 'sid': 2}}
2026-05-07 17:53:59,776 | INFO | Orderbook snapshot ready for KXBTC15M-26MAY071800-00
2026-05-07 17:53:59,784 | INFO | Mushroom v28 BTC tick stream connected | source=coinbase url=wss://ws-feed.exchange.coinbase.com
2026-05-07 17:54:14,607 | INFO | Heartbeat | watch=KXBTC15M-26MAY071800-00 yes_bid=33 yes_ask=34 no_bid=66 no_ask=67 book_ready=True position=False pending=False dry_run=False trust=synced run_id=020efa74-34d1-4539-9777-057da57d529e
2026-05-07 17:54:29,621 | INFO | Heartbeat | watch=KXBTC15M-26MAY071800-00 yes_bid=33 yes_ask=34 no_bid=66 no_ask=67 book_ready=True position=False pending=False dry_run=False trust=synced run_id=020efa74-34d1-4539-9777-057da57d529e
2026-05-07 17:54:44,641 | INFO | Heartbeat | watch=KXBTC15M-26MAY071800-00 yes_bid=38 yes_ask=39 no_bid=61 no_ask=62 book_ready=True position=False pending=False dry_run=False trust=synced run_id=020efa74-34d1-4539-9777-057da57d529e
2026-05-07 17:54:59,657 | INFO | Heartbeat | watch=KXBTC15M-26MAY071800-00 yes_bid=36 yes_ask=38 no_bid=62 no_ask=64 book_ready=True position=False pending=False dry_run=False trust=synced run_id=020efa74-34d1-4539-9777-057da57d529e
2026-05-07 17:55:14,651 | INFO | Heartbeat | watch=KXBTC15M-26MAY071800-00 yes_bid=40 yes_ask=41 no_bid=59 no_ask=60 book_ready=True position=False pending=False dry_run=False trust=synced run_id=020efa74-34d1-4539-9777-057da57d529e
2026-05-07 17:55:29,676 | INFO | Heartbeat | watch=KXBTC15M-26MAY071800-00 yes_bid=23 yes_ask=25 no_bid=75 no_ask=77 book_ready=True position=False pending=False dry_run=False trust=synced run_id=020efa74-34d1-4539-9777-057da57d529e
2026-05-07 17:55:44,708 | INFO | Heartbeat | watch=KXBTC15M-26MAY071800-00 yes_bid=17 yes_ask=18 no_bid=82 no_ask=83 book_ready=True position=False pending=False dry_run=False trust=synced run_id=020efa74-34d1-4539-9777-057da57d529e
2026-05-07 17:55:59,724 | INFO | Heartbeat | watch=KXBTC15M-26MAY071800-00 yes_bid=8 yes_ask=8 no_bid=92 no_ask=92 book_ready=True position=False pending=False dry_run=False trust=synced run_id=020efa74-34d1-4539-9777-057da57d529e
2026-05-07 17:56:14,763 | INFO | Heartbeat | watch=KXBTC15M-26MAY071800-00 yes_bid=8 yes_ask=9 no_bid=91 no_ask=92 book_ready=True position=False pending=False dry_run=False trust=synced run_id=020efa74-34d1-4539-9777-057da57d529e
2026-05-07 17:56:29,787 | INFO | Heartbeat | watch=KXBTC15M-26MAY071800-00 yes_bid=17 yes_ask=18 no_bid=82 no_ask=83 book_ready=True position=False pending=False dry_run=False trust=synced run_id=020efa74-34d1-4539-9777-057da57d529e
2026-05-07 17:56:44,781 | INFO | Heartbeat | watch=KXBTC15M-26MAY071800-00 yes_bid=18 yes_ask=20 no_bid=80 no_ask=82 book_ready=True position=False pending=False dry_run=False trust=synced run_id=020efa74-34d1-4539-9777-057da57d529e
2026-05-07 17:56:59,818 | INFO | Heartbeat | watch=KXBTC15M-26MAY071800-00 yes_bid=25 yes_ask=26 no_bid=74 no_ask=75 book_ready=True position=False pending=False dry_run=False trust=synced run_id=020efa74-34d1-4539-9777-057da57d529e
2026-05-07 17:57:14,848 | INFO | Heartbeat | watch=KXBTC15M-26MAY071800-00 yes_bid=22 yes_ask=24 no_bid=76 no_ask=78 book_ready=True position=False pending=False dry_run=False trust=synced run_id=020efa74-34d1-4539-9777-057da57d529e
2026-05-07 17:57:29,871 | INFO | Heartbeat | watch=KXBTC15M-26MAY071800-00 yes_bid=20 yes_ask=21 no_bid=79 no_ask=80 book_ready=True position=False pending=False dry_run=False trust=synced run_id=020efa74-34d1-4539-9777-057da57d529e
2026-05-07 17:57:44,889 | INFO | Heartbeat | watch=KXBTC15M-26MAY071800-00 yes_bid=16 yes_ask=17 no_bid=83 no_ask=84 book_ready=True position=False pending=False dry_run=False trust=synced run_id=020efa74-34d1-4539-9777-057da57d529e
2026-05-07 17:57:59,912 | INFO | Heartbeat | watch=KXBTC15M-26MAY071800-00 yes_bid=11 yes_ask=12 no_bid=88 no_ask=89 book_ready=True position=False pending=False dry_run=False trust=synced run_id=020efa74-34d1-4539-9777-057da57d529e
2026-05-07 17:58:14,911 | INFO | Heartbeat | watch=KXBTC15M-26MAY071800-00 yes_bid=10 yes_ask=11 no_bid=89 no_ask=90 book_ready=True position=False pending=False dry_run=False trust=synced run_id=020efa74-34d1-4539-9777-057da57d529e
2026-05-07 17:58:29,934 | INFO | Heartbeat | watch=KXBTC15M-26MAY071800-00 yes_bid=6 yes_ask=6 no_bid=94 no_ask=94 book_ready=True position=False pending=False dry_run=False trust=synced run_id=020efa74-34d1-4539-9777-057da57d529e
2026-05-07 17:58:44,958 | INFO | Heartbeat | watch=KXBTC15M-26MAY071800-00 yes_bid=3 yes_ask=3 no_bid=97 no_ask=97 book_ready=True position=False pending=False dry_run=False trust=synced run_id=020efa74-34d1-4539-9777-057da57d529e
2026-05-07 17:58:59,992 | INFO | Heartbeat | watch=KXBTC15M-26MAY071800-00 yes_bid=46 yes_ask=52 no_bid=48 no_ask=54 book_ready=True position=False pending=False dry_run=False trust=synced run_id=020efa74-34d1-4539-9777-057da57d529e
2026-05-07 17:59:15,002 | INFO | Heartbeat | watch=KXBTC15M-26MAY071800-00 yes_bid=5 yes_ask=5 no_bid=95 no_ask=95 book_ready=True position=False pending=False dry_run=False trust=synced run_id=020efa74-34d1-4539-9777-057da57d529e
2026-05-07 17:59:30,009 | INFO | Heartbeat | watch=KXBTC15M-26MAY071800-00 yes_bid=3 yes_ask=3 no_bid=97 no_ask=97 book_ready=True position=False pending=False dry_run=False trust=synced run_id=020efa74-34d1-4539-9777-057da57d529e
2026-05-07 17:59:45,049 | INFO | Heartbeat | watch=KXBTC15M-26MAY071800-00 yes_bid=0 yes_ask=0 no_bid=100 no_ask=100 book_ready=True position=False pending=False dry_run=False trust=synced run_id=020efa74-34d1-4539-9777-057da57d529e
2026-05-07 18:00:00,095 | INFO | Heartbeat | watch=KXBTC15M-26MAY071800-00 yes_bid=0 yes_ask=0 no_bid=100 no_ask=100 book_ready=True position=False pending=False dry_run=False trust=synced run_id=020efa74-34d1-4539-9777-057da57d529e
2026-05-07 18:00:07,058 | INFO | Orderbook snapshot ready for KXBTC15M-26MAY071800-00
2026-05-07 18:00:15,143 | INFO | Heartbeat | watch=KXBTC15M-26MAY071800-00 yes_bid=0 yes_ask=100 no_bid=0 no_ask=100 book_ready=True position=False pending=False dry_run=False trust=synced run_id=020efa74-34d1-4539-9777-057da57d529e
2026-05-07 18:00:30,031 | INFO | Watching market KXBTC15M-26MAY071815-15 close_time=2026-05-07T22:15:00Z status=active strike=79760.18 run_id=020efa74-34d1-4539-9777-057da57d529e
2026-05-07 18:00:30,179 | INFO | Heartbeat | watch=KXBTC15M-26MAY071815-15 yes_bid=None yes_ask=None no_bid=None no_ask=None book_ready=False position=False pending=False dry_run=False trust=cold run_id=020efa74-34d1-4539-9777-057da57d529e
2026-05-07 18:00:30,179 | INFO | WS connected for KXBTC15M-26MAY071815-15
2026-05-07 18:00:30,208 | INFO | WS subscribed payload: {'type': 'subscribed', 'id': 2, 'msg': {'channel': 'ticker', 'sid': 1}}
2026-05-07 18:00:30,209 | INFO | WS subscribed payload: {'type': 'subscribed', 'id': 2, 'msg': {'channel': 'orderbook_delta', 'sid': 2}}
2026-05-07 18:00:30,210 | INFO | Orderbook snapshot ready for KXBTC15M-26MAY071815-15
2026-05-07 18:00:45,250 | INFO | Heartbeat | watch=KXBTC15M-26MAY071815-15 yes_bid=23 yes_ask=24 no_bid=76 no_ask=77 book_ready=True position=False pending=False dry_run=False trust=synced run_id=020efa74-34d1-4539-9777-057da57d529e
2026-05-07 18:01:00,279 | INFO | Heartbeat | watch=KXBTC15M-26MAY071815-15 yes_bid=22 yes_ask=23 no_bid=77 no_ask=78 book_ready=True position=False pending=False dry_run=False trust=synced run_id=020efa74-34d1-4539-9777-057da57d529e
2026-05-07 18:01:15,314 | INFO | Heartbeat | watch=KXBTC15M-26MAY071815-15 yes_bid=27 yes_ask=28 no_bid=72 no_ask=73 book_ready=True position=False pending=False dry_run=False trust=synced run_id=020efa74-34d1-4539-9777-057da57d529e
2026-05-07 18:01:30,323 | INFO | Heartbeat | watch=KXBTC15M-26MAY071815-15 yes_bid=39 yes_ask=40 no_bid=60 no_ask=61 book_ready=True position=False pending=False dry_run=False trust=synced run_id=020efa74-34d1-4539-9777-057da57d529e
2026-05-07 18:01:45,410 | INFO | Heartbeat | watch=KXBTC15M-26MAY071815-15 yes_bid=42 yes_ask=44 no_bid=56 no_ask=58 book_ready=True position=False pending=False dry_run=False trust=synced run_id=020efa74-34d1-4539-9777-057da57d529e
2026-05-07 18:02:00,406 | INFO | Heartbeat | watch=KXBTC15M-26MAY071815-15 yes_bid=36 yes_ask=37 no_bid=63 no_ask=64 book_ready=True position=False pending=False dry_run=False trust=synced run_id=020efa74-34d1-4539-9777-057da57d529e
2026-05-07 18:02:15,434 | INFO | Heartbeat | watch=KXBTC15M-26MAY071815-15 yes_bid=31 yes_ask=32 no_bid=68 no_ask=69 book_ready=True position=False pending=False dry_run=False trust=synced run_id=020efa74-34d1-4539-9777-057da57d529e
2026-05-07 18:02:30,451 | INFO | Heartbeat | watch=KXBTC15M-26MAY071815-15 yes_bid=24 yes_ask=25 no_bid=75 no_ask=76 book_ready=True position=False pending=False dry_run=False trust=synced run_id=020efa74-34d1-4539-9777-057da57d529e
2026-05-07 18:02:45,464 | INFO | Heartbeat | watch=KXBTC15M-26MAY071815-15 yes_bid=23 yes_ask=24 no_bid=76 no_ask=77 book_ready=True position=False pending=False dry_run=False trust=synced run_id=020efa74-34d1-4539-9777-057da57d529e
2026-05-07 18:03:00,464 | INFO | Heartbeat | watch=KXBTC15M-26MAY071815-15 yes_bid=17 yes_ask=18 no_bid=82 no_ask=83 book_ready=True position=False pending=False dry_run=False trust=synced run_id=020efa74-34d1-4539-9777-057da57d529e
2026-05-07 18:03:03,125 | INFO | Mushroom v28 entry approved | market=KXBTC15M-26MAY071815-15 side=no ask=85c max_buy=85c qty=1 p_side=0.9018 edge=2.185c depth=612.32 btc_age_ms=16.0 secs_to_close=716.88
2026-05-07 18:03:03,132 | INFO | Execution state | market=KXBTC15M-26MAY071815-15 side=no state=eligible reason=pre_filters_disabled trust=synced run_id=020efa74-34d1-4539-9777-057da57d529e
2026-05-07 18:03:03,132 | INFO | Live fill policy approved | market=KXBTC15M-26MAY071815-15 side=no trigger=85c tif=immediate_or_cancel limit=85c depth=612.32 required=2 book_age_ms=922.0 secs_to_close=716.88 reason=single_shot_abundant_depth
2026-05-07 18:03:03,133 | INFO | ENTRY signal | market=KXBTC15M-26MAY071815-15 action=buy side=no trigger=85c limit=85c qty=1 book_ready=True
2026-05-07 18:03:03,133 | INFO | Execution state | market=KXBTC15M-26MAY071815-15 side=no state=submitting reason=single_shot_abundant_depth trust=synced run_id=020efa74-34d1-4539-9777-057da57d529e
2026-05-07 18:03:03,180 | INFO | Execution state | market=KXBTC15M-26MAY071815-15 side=no state=abandoned reason=zero_fill trust=synced run_id=020efa74-34d1-4539-9777-057da57d529e
2026-05-07 18:03:15,471 | INFO | Heartbeat | watch=KXBTC15M-26MAY071815-15 yes_bid=30 yes_ask=31 no_bid=69 no_ask=70 book_ready=True position=False pending=False dry_run=False trust=synced run_id=020efa74-34d1-4539-9777-057da57d529e
2026-05-07 18:03:30,468 | INFO | Heartbeat | watch=KXBTC15M-26MAY071815-15 yes_bid=27 yes_ask=28 no_bid=72 no_ask=73 book_ready=True position=False pending=False dry_run=False trust=synced run_id=020efa74-34d1-4539-9777-057da57d529e
2026-05-07 18:03:45,500 | INFO | Heartbeat | watch=KXBTC15M-26MAY071815-15 yes_bid=25 yes_ask=26 no_bid=74 no_ask=75 book_ready=True position=False pending=False dry_run=False trust=synced run_id=020efa74-34d1-4539-9777-057da57d529e
2026-05-07 18:04:00,533 | INFO | Heartbeat | watch=KXBTC15M-26MAY071815-15 yes_bid=23 yes_ask=24 no_bid=76 no_ask=77 book_ready=True position=False pending=False dry_run=False trust=synced run_id=020efa74-34d1-4539-9777-057da57d529e
2026-05-07 18:04:15,565 | INFO | Heartbeat | watch=KXBTC15M-26MAY071815-15 yes_bid=29 yes_ask=30 no_bid=70 no_ask=71 book_ready=True position=False pending=False dry_run=False trust=synced run_id=020efa74-34d1-4539-9777-057da57d529e
2026-05-07 18:04:30,591 | INFO | Heartbeat | watch=KXBTC15M-26MAY071815-15 yes_bid=26 yes_ask=27 no_bid=73 no_ask=74 book_ready=True position=False pending=False dry_run=False trust=synced run_id=020efa74-34d1-4539-9777-057da57d529e
2026-05-07 18:04:45,633 | INFO | Heartbeat | watch=KXBTC15M-26MAY071815-15 yes_bid=22 yes_ask=23 no_bid=77 no_ask=78 book_ready=True position=False pending=False dry_run=False trust=synced run_id=020efa74-34d1-4539-9777-057da57d529e
2026-05-07 18:05:00,626 | INFO | Heartbeat | watch=KXBTC15M-26MAY071815-15 yes_bid=21 yes_ask=22 no_bid=78 no_ask=79 book_ready=True position=False pending=False dry_run=False trust=synced run_id=020efa74-34d1-4539-9777-057da57d529e
2026-05-07 18:05:15,629 | INFO | Heartbeat | watch=KXBTC15M-26MAY071815-15 yes_bid=13 yes_ask=14 no_bid=86 no_ask=87 book_ready=True position=False pending=False dry_run=False trust=synced run_id=020efa74-34d1-4539-9777-057da57d529e
2026-05-07 18:05:30,641 | INFO | Heartbeat | watch=KXBTC15M-26MAY071815-15 yes_bid=7 yes_ask=7 no_bid=93 no_ask=93 book_ready=True position=False pending=False dry_run=False trust=synced run_id=020efa74-34d1-4539-9777-057da57d529e
2026-05-07 18:05:45,671 | INFO | Heartbeat | watch=KXBTC15M-26MAY071815-15 yes_bid=4 yes_ask=5 no_bid=95 no_ask=96 book_ready=True position=False pending=False dry_run=False trust=synced run_id=020efa74-34d1-4539-9777-057da57d529e
2026-05-07 18:06:00,740 | INFO | Heartbeat | watch=KXBTC15M-26MAY071815-15 yes_bid=8 yes_ask=8 no_bid=92 no_ask=92 book_ready=True position=False pending=False dry_run=False trust=synced run_id=020efa74-34d1-4539-9777-057da57d529e
2026-05-07 18:06:15,780 | INFO | Heartbeat | watch=KXBTC15M-26MAY071815-15 yes_bid=10 yes_ask=11 no_bid=89 no_ask=90 book_ready=True position=False pending=False dry_run=False trust=synced run_id=020efa74-34d1-4539-9777-057da57d529e
2026-05-07 18:06:30,800 | INFO | Heartbeat | watch=KXBTC15M-26MAY071815-15 yes_bid=9 yes_ask=10 no_bid=90 no_ask=91 book_ready=True position=False pending=False dry_run=False trust=synced run_id=020efa74-34d1-4539-9777-057da57d529e
2026-05-07 18:06:45,840 | INFO | Heartbeat | watch=KXBTC15M-26MAY071815-15 yes_bid=9 yes_ask=9 no_bid=91 no_ask=91 book_ready=True position=False pending=False dry_run=False trust=synced run_id=020efa74-34d1-4539-9777-057da57d529e
2026-05-07 18:07:00,852 | INFO | Heartbeat | watch=KXBTC15M-26MAY071815-15 yes_bid=10 yes_ask=10 no_bid=90 no_ask=90 book_ready=True position=False pending=False dry_run=False trust=synced run_id=020efa74-34d1-4539-9777-057da57d529e
2026-05-07 18:07:15,849 | INFO | Heartbeat | watch=KXBTC15M-26MAY071815-15 yes_bid=9 yes_ask=9 no_bid=91 no_ask=91 book_ready=True position=False pending=False dry_run=False trust=synced run_id=020efa74-34d1-4539-9777-057da57d529e
2026-05-07 18:07:30,850 | INFO | Heartbeat | watch=KXBTC15M-26MAY071815-15 yes_bid=10 yes_ask=11 no_bid=89 no_ask=90 book_ready=True position=False pending=False dry_run=False trust=synced run_id=020efa74-34d1-4539-9777-057da57d529e
2026-05-07 18:07:45,858 | INFO | Heartbeat | watch=KXBTC15M-26MAY071815-15 yes_bid=5 yes_ask=6 no_bid=94 no_ask=95 book_ready=True position=False pending=False dry_run=False trust=synced run_id=020efa74-34d1-4539-9777-057da57d529e
2026-05-07 18:08:00,887 | INFO | Heartbeat | watch=KXBTC15M-26MAY071815-15 yes_bid=7 yes_ask=7 no_bid=93 no_ask=93 book_ready=True position=False pending=False dry_run=False trust=synced run_id=020efa74-34d1-4539-9777-057da57d529e
2026-05-07 18:08:15,913 | INFO | Heartbeat | watch=KXBTC15M-26MAY071815-15 yes_bid=6 yes_ask=7 no_bid=93 no_ask=94 book_ready=True position=False pending=False dry_run=False trust=synced run_id=020efa74-34d1-4539-9777-057da57d529e
2026-05-07 18:08:30,947 | INFO | Heartbeat | watch=KXBTC15M-26MAY071815-15 yes_bid=9 yes_ask=10 no_bid=90 no_ask=91 book_ready=True position=False pending=False dry_run=False trust=synced run_id=020efa74-34d1-4539-9777-057da57d529e
2026-05-07 18:08:45,942 | INFO | Heartbeat | watch=KXBTC15M-26MAY071815-15 yes_bid=7 yes_ask=7 no_bid=93 no_ask=93 book_ready=True position=False pending=False dry_run=False trust=synced run_id=020efa74-34d1-4539-9777-057da57d529e
2026-05-07 18:09:00,940 | INFO | Heartbeat | watch=KXBTC15M-26MAY071815-15 yes_bid=5 yes_ask=5 no_bid=95 no_ask=95 book_ready=True position=False pending=False dry_run=False trust=synced run_id=020efa74-34d1-4539-9777-057da57d529e
2026-05-07 18:09:15,958 | INFO | Heartbeat | watch=KXBTC15M-26MAY071815-15 yes_bid=6 yes_ask=6 no_bid=94 no_ask=94 book_ready=True position=False pending=False dry_run=False trust=synced run_id=020efa74-34d1-4539-9777-057da57d529e
2026-05-07 18:09:30,977 | INFO | Heartbeat | watch=KXBTC15M-26MAY071815-15 yes_bid=5 yes_ask=5 no_bid=95 no_ask=95 book_ready=True position=False pending=False dry_run=False trust=synced run_id=020efa74-34d1-4539-9777-057da57d529e
2026-05-07 18:09:46,000 | INFO | Heartbeat | watch=KXBTC15M-26MAY071815-15 yes_bid=8 yes_ask=8 no_bid=92 no_ask=92 book_ready=True position=False pending=False dry_run=False trust=synced run_id=020efa74-34d1-4539-9777-057da57d529e
2026-05-07 18:10:01,101 | INFO | Heartbeat | watch=KXBTC15M-26MAY071815-15 yes_bid=6 yes_ask=7 no_bid=93 no_ask=94 book_ready=True position=False pending=False dry_run=False trust=synced run_id=020efa74-34d1-4539-9777-057da57d529e
2026-05-07 18:10:16,125 | INFO | Heartbeat | watch=KXBTC15M-26MAY071815-15 yes_bid=8 yes_ask=9 no_bid=91 no_ask=92 book_ready=True position=False pending=False dry_run=False trust=synced run_id=020efa74-34d1-4539-9777-057da57d529e
2026-05-07 18:10:31,138 | INFO | Heartbeat | watch=KXBTC15M-26MAY071815-15 yes_bid=4 yes_ask=4 no_bid=96 no_ask=96 book_ready=True position=False pending=False dry_run=False trust=synced run_id=020efa74-34d1-4539-9777-057da57d529e
2026-05-07 18:10:46,185 | INFO | Heartbeat | watch=KXBTC15M-26MAY071815-15 yes_bid=4 yes_ask=5 no_bid=95 no_ask=96 book_ready=True position=False pending=False dry_run=False trust=synced run_id=020efa74-34d1-4539-9777-057da57d529e
2026-05-07 18:11:01,208 | INFO | Heartbeat | watch=KXBTC15M-26MAY071815-15 yes_bid=8 yes_ask=9 no_bid=91 no_ask=92 book_ready=True position=False pending=False dry_run=False trust=synced run_id=020efa74-34d1-4539-9777-057da57d529e
2026-05-07 18:11:16,245 | INFO | Heartbeat | watch=KXBTC15M-26MAY071815-15 yes_bid=9 yes_ask=9 no_bid=91 no_ask=91 book_ready=True position=False pending=False dry_run=False trust=synced run_id=020efa74-34d1-4539-9777-057da57d529e
2026-05-07 18:11:31,257 | INFO | Heartbeat | watch=KXBTC15M-26MAY071815-15 yes_bid=14 yes_ask=16 no_bid=84 no_ask=86 book_ready=True position=False pending=False dry_run=False trust=synced run_id=020efa74-34d1-4539-9777-057da57d529e
2026-05-07 18:11:46,282 | INFO | Heartbeat | watch=KXBTC15M-26MAY071815-15 yes_bid=19 yes_ask=20 no_bid=80 no_ask=81 book_ready=True position=False pending=False dry_run=False trust=synced run_id=020efa74-34d1-4539-9777-057da57d529e
2026-05-07 18:12:01,301 | INFO | Heartbeat | watch=KXBTC15M-26MAY071815-15 yes_bid=25 yes_ask=27 no_bid=73 no_ask=75 book_ready=True position=False pending=False dry_run=False trust=synced run_id=020efa74-34d1-4539-9777-057da57d529e
2026-05-07 18:12:16,340 | INFO | Heartbeat | watch=KXBTC15M-26MAY071815-15 yes_bid=37 yes_ask=38 no_bid=62 no_ask=63 book_ready=True position=False pending=False dry_run=False trust=synced run_id=020efa74-34d1-4539-9777-057da57d529e
2026-05-07 18:12:31,347 | INFO | Heartbeat | watch=KXBTC15M-26MAY071815-15 yes_bid=67 yes_ask=68 no_bid=32 no_ask=33 book_ready=True position=False pending=False dry_run=False trust=synced run_id=020efa74-34d1-4539-9777-057da57d529e
2026-05-07 18:12:46,368 | INFO | Heartbeat | watch=KXBTC15M-26MAY071815-15 yes_bid=83 yes_ask=84 no_bid=16 no_ask=17 book_ready=True position=False pending=False dry_run=False trust=synced run_id=020efa74-34d1-4539-9777-057da57d529e
2026-05-07 18:13:01,387 | INFO | Heartbeat | watch=KXBTC15M-26MAY071815-15 yes_bid=93 yes_ask=94 no_bid=6 no_ask=7 book_ready=True position=False pending=False dry_run=False trust=synced run_id=020efa74-34d1-4539-9777-057da57d529e
2026-05-07 18:13:16,379 | INFO | Heartbeat | watch=KXBTC15M-26MAY071815-15 yes_bid=95 yes_ask=96 no_bid=4 no_ask=5 book_ready=True position=False pending=False dry_run=False trust=synced run_id=020efa74-34d1-4539-9777-057da57d529e
2026-05-07 18:13:31,402 | INFO | Heartbeat | watch=KXBTC15M-26MAY071815-15 yes_bid=93 yes_ask=94 no_bid=6 no_ask=7 book_ready=True position=False pending=False dry_run=False trust=synced run_id=020efa74-34d1-4539-9777-057da57d529e
2026-05-07 18:13:46,400 | INFO | Heartbeat | watch=KXBTC15M-26MAY071815-15 yes_bid=96 yes_ask=96 no_bid=4 no_ask=4 book_ready=True position=False pending=False dry_run=False trust=synced run_id=020efa74-34d1-4539-9777-057da57d529e
2026-05-07 18:14:01,407 | INFO | Heartbeat | watch=KXBTC15M-26MAY071815-15 yes_bid=97 yes_ask=97 no_bid=3 no_ask=3 book_ready=True position=False pending=False dry_run=False trust=synced run_id=020efa74-34d1-4539-9777-057da57d529e
2026-05-07 18:14:16,408 | INFO | Heartbeat | watch=KXBTC15M-26MAY071815-15 yes_bid=99 yes_ask=100 no_bid=0 no_ask=1 book_ready=True position=False pending=False dry_run=False trust=synced run_id=020efa74-34d1-4539-9777-057da57d529e
2026-05-07 18:14:31,424 | INFO | Heartbeat | watch=KXBTC15M-26MAY071815-15 yes_bid=100 yes_ask=100 no_bid=0 no_ask=0 book_ready=True position=False pending=False dry_run=False trust=synced run_id=020efa74-34d1-4539-9777-057da57d529e
2026-05-07 18:14:46,448 | INFO | Heartbeat | watch=KXBTC15M-26MAY071815-15 yes_bid=100 yes_ask=100 no_bid=0 no_ask=0 book_ready=True position=False pending=False dry_run=False trust=synced run_id=020efa74-34d1-4539-9777-057da57d529e
2026-05-07 18:15:01,471 | INFO | Heartbeat | watch=KXBTC15M-26MAY071815-15 yes_bid=0 yes_ask=100 no_bid=0 no_ask=100 book_ready=True position=False pending=False dry_run=False trust=synced run_id=020efa74-34d1-4539-9777-057da57d529e
2026-05-07 18:15:06,324 | INFO | Orderbook snapshot ready for KXBTC15M-26MAY071815-15
2026-05-07 18:15:16,475 | INFO | Heartbeat | watch=KXBTC15M-26MAY071815-15 yes_bid=0 yes_ask=100 no_bid=0 no_ask=100 book_ready=True position=False pending=False dry_run=False trust=synced run_id=020efa74-34d1-4539-9777-057da57d529e
2026-05-07 18:15:31,582 | INFO | Heartbeat | watch=KXBTC15M-26MAY071815-15 yes_bid=0 yes_ask=100 no_bid=0 no_ask=100 book_ready=True position=False pending=False dry_run=False trust=synced run_id=020efa74-34d1-4539-9777-057da57d529e
2026-05-07 18:15:45,935 | INFO | Watching market KXBTC15M-26MAY071830-30 close_time=2026-05-07T22:30:00Z status=active strike=79808.11 run_id=020efa74-34d1-4539-9777-057da57d529e
2026-05-07 18:15:46,090 | INFO | WS connected for KXBTC15M-26MAY071830-30
2026-05-07 18:15:46,129 | INFO | WS subscribed payload: {'type': 'subscribed', 'id': 3, 'msg': {'channel': 'ticker', 'sid': 1}}
2026-05-07 18:15:46,129 | INFO | WS subscribed payload: {'type': 'subscribed', 'id': 3, 'msg': {'channel': 'orderbook_delta', 'sid': 2}}
2026-05-07 18:15:46,131 | INFO | Orderbook snapshot ready for KXBTC15M-26MAY071830-30
2026-05-07 18:15:46,628 | INFO | Heartbeat | watch=KXBTC15M-26MAY071830-30 yes_bid=None yes_ask=None no_bid=None no_ask=None book_ready=True position=False pending=False dry_run=False trust=synced run_id=020efa74-34d1-4539-9777-057da57d529e
2026-05-07 18:16:01,684 | INFO | Heartbeat | watch=KXBTC15M-26MAY071830-30 yes_bid=47 yes_ask=48 no_bid=52 no_ask=53 book_ready=True position=False pending=False dry_run=False trust=synced run_id=020efa74-34d1-4539-9777-057da57d529e
2026-05-07 18:16:16,674 | INFO | Heartbeat | watch=KXBTC15M-26MAY071830-30 yes_bid=53 yes_ask=54 no_bid=46 no_ask=47 book_ready=True position=False pending=False dry_run=False trust=synced run_id=020efa74-34d1-4539-9777-057da57d529e
2026-05-07 18:16:31,705 | INFO | Heartbeat | watch=KXBTC15M-26MAY071830-30 yes_bid=68 yes_ask=69 no_bid=31 no_ask=32 book_ready=True position=False pending=False dry_run=False trust=synced run_id=020efa74-34d1-4539-9777-057da57d529e
2026-05-07 18:16:46,748 | INFO | Heartbeat | watch=KXBTC15M-26MAY071830-30 yes_bid=58 yes_ask=59 no_bid=41 no_ask=42 book_ready=True position=False pending=False dry_run=False trust=synced run_id=020efa74-34d1-4539-9777-057da57d529e
2026-05-07 18:17:01,757 | INFO | Heartbeat | watch=KXBTC15M-26MAY071830-30 yes_bid=67 yes_ask=68 no_bid=32 no_ask=33 book_ready=True position=False pending=False dry_run=False trust=synced run_id=020efa74-34d1-4539-9777-057da57d529e
2026-05-07 18:17:16,768 | INFO | Heartbeat | watch=KXBTC15M-26MAY071830-30 yes_bid=65 yes_ask=66 no_bid=34 no_ask=35 book_ready=True position=False pending=False dry_run=False trust=synced run_id=020efa74-34d1-4539-9777-057da57d529e
2026-05-07 18:17:31,799 | INFO | Heartbeat | watch=KXBTC15M-26MAY071830-30 yes_bid=64 yes_ask=65 no_bid=35 no_ask=36 book_ready=True position=False pending=False dry_run=False trust=synced run_id=020efa74-34d1-4539-9777-057da57d529e
2026-05-07 18:17:46,800 | INFO | Heartbeat | watch=KXBTC15M-26MAY071830-30 yes_bid=68 yes_ask=69 no_bid=31 no_ask=32 book_ready=True position=False pending=False dry_run=False trust=synced run_id=020efa74-34d1-4539-9777-057da57d529e
2026-05-07 18:18:01,820 | INFO | Heartbeat | watch=KXBTC15M-26MAY071830-30 yes_bid=76 yes_ask=77 no_bid=23 no_ask=24 book_ready=True position=False pending=False dry_run=False trust=synced run_id=020efa74-34d1-4539-9777-057da57d529e
2026-05-07 18:18:16,851 | INFO | Heartbeat | watch=KXBTC15M-26MAY071830-30 yes_bid=76 yes_ask=77 no_bid=23 no_ask=24 book_ready=True position=False pending=False dry_run=False trust=synced run_id=020efa74-34d1-4539-9777-057da57d529e
2026-05-07 18:18:31,880 | INFO | Heartbeat | watch=KXBTC15M-26MAY071830-30 yes_bid=73 yes_ask=76 no_bid=24 no_ask=27 book_ready=True position=False pending=False dry_run=False trust=synced run_id=020efa74-34d1-4539-9777-057da57d529e
2026-05-07 18:18:46,916 | INFO | Heartbeat | watch=KXBTC15M-26MAY071830-30 yes_bid=70 yes_ask=71 no_bid=29 no_ask=30 book_ready=True position=False pending=False dry_run=False trust=synced run_id=020efa74-34d1-4539-9777-057da57d529e
2026-05-07 18:19:01,951 | INFO | Heartbeat | watch=KXBTC15M-26MAY071830-30 yes_bid=69 yes_ask=71 no_bid=29 no_ask=31 book_ready=True position=False pending=False dry_run=False trust=synced run_id=020efa74-34d1-4539-9777-057da57d529e
2026-05-07 18:19:16,975 | INFO | Heartbeat | watch=KXBTC15M-26MAY071830-30 yes_bid=74 yes_ask=75 no_bid=25 no_ask=26 book_ready=True position=False pending=False dry_run=False trust=synced run_id=020efa74-34d1-4539-9777-057da57d529e
2026-05-07 18:19:31,986 | INFO | Heartbeat | watch=KXBTC15M-26MAY071830-30 yes_bid=74 yes_ask=75 no_bid=25 no_ask=26 book_ready=True position=False pending=False dry_run=False trust=synced run_id=020efa74-34d1-4539-9777-057da57d529e
2026-05-07 18:19:47,009 | INFO | Heartbeat | watch=KXBTC15M-26MAY071830-30 yes_bid=76 yes_ask=77 no_bid=23 no_ask=24 book_ready=True position=False pending=False dry_run=False trust=synced run_id=020efa74-34d1-4539-9777-057da57d529e
2026-05-07 18:20:02,023 | INFO | Heartbeat | watch=KXBTC15M-26MAY071830-30 yes_bid=80 yes_ask=81 no_bid=19 no_ask=20 book_ready=True position=False pending=False dry_run=False trust=synced run_id=020efa74-34d1-4539-9777-057da57d529e
2026-05-07 18:20:17,054 | INFO | Heartbeat | watch=KXBTC15M-26MAY071830-30 yes_bid=82 yes_ask=83 no_bid=17 no_ask=18 book_ready=True position=False pending=False dry_run=False trust=synced run_id=020efa74-34d1-4539-9777-057da57d529e
2026-05-07 18:20:32,105 | INFO | Heartbeat | watch=KXBTC15M-26MAY071830-30 yes_bid=89 yes_ask=90 no_bid=10 no_ask=11 book_ready=True position=False pending=False dry_run=False trust=synced run_id=020efa74-34d1-4539-9777-057da57d529e
2026-05-07 18:20:47,144 | INFO | Heartbeat | watch=KXBTC15M-26MAY071830-30 yes_bid=85 yes_ask=86 no_bid=14 no_ask=15 book_ready=True position=False pending=False dry_run=False trust=synced run_id=020efa74-34d1-4539-9777-057da57d529e
2026-05-07 18:21:02,174 | INFO | Heartbeat | watch=KXBTC15M-26MAY071830-30 yes_bid=86 yes_ask=88 no_bid=12 no_ask=14 book_ready=True position=False pending=False dry_run=False trust=synced run_id=020efa74-34d1-4539-9777-057da57d529e
2026-05-07 18:21:17,193 | INFO | Heartbeat | watch=KXBTC15M-26MAY071830-30 yes_bid=94 yes_ask=94 no_bid=6 no_ask=6 book_ready=True position=False pending=False dry_run=False trust=synced run_id=020efa74-34d1-4539-9777-057da57d529e
2026-05-07 18:21:32,220 | INFO | Heartbeat | watch=KXBTC15M-26MAY071830-30 yes_bid=92 yes_ask=93 no_bid=7 no_ask=8 book_ready=True position=False pending=False dry_run=False trust=synced run_id=020efa74-34d1-4539-9777-057da57d529e
2026-05-07 18:21:47,217 | INFO | Heartbeat | watch=KXBTC15M-26MAY071830-30 yes_bid=94 yes_ask=94 no_bid=6 no_ask=6 book_ready=True position=False pending=False dry_run=False trust=synced run_id=020efa74-34d1-4539-9777-057da57d529e
2026-05-07 18:22:02,240 | INFO | Heartbeat | watch=KXBTC15M-26MAY071830-30 yes_bid=94 yes_ask=95 no_bid=5 no_ask=6 book_ready=True position=False pending=False dry_run=False trust=synced run_id=020efa74-34d1-4539-9777-057da57d529e
2026-05-07 18:22:17,325 | INFO | Heartbeat | watch=KXBTC15M-26MAY071830-30 yes_bid=95 yes_ask=96 no_bid=4 no_ask=5 book_ready=True position=False pending=False dry_run=False trust=synced run_id=020efa74-34d1-4539-9777-057da57d529e
2026-05-07 18:22:32,357 | INFO | Heartbeat | watch=KXBTC15M-26MAY071830-30 yes_bid=94 yes_ask=95 no_bid=5 no_ask=6 book_ready=True position=False pending=False dry_run=False trust=synced run_id=020efa74-34d1-4539-9777-057da57d529e
2026-05-07 18:22:47,363 | INFO | Heartbeat | watch=KXBTC15M-26MAY071830-30 yes_bid=88 yes_ask=89 no_bid=11 no_ask=12 book_ready=True position=False pending=False dry_run=False trust=synced run_id=020efa74-34d1-4539-9777-057da57d529e
2026-05-07 18:23:02,369 | INFO | Heartbeat | watch=KXBTC15M-26MAY071830-30 yes_bid=86 yes_ask=87 no_bid=13 no_ask=14 book_ready=True position=False pending=False dry_run=False trust=synced run_id=020efa74-34d1-4539-9777-057da57d529e
2026-05-07 18:23:17,407 | INFO | Heartbeat | watch=KXBTC15M-26MAY071830-30 yes_bid=90 yes_ask=90 no_bid=10 no_ask=10 book_ready=True position=False pending=False dry_run=False trust=synced run_id=020efa74-34d1-4539-9777-057da57d529e
2026-05-07 18:23:32,395 | INFO | Heartbeat | watch=KXBTC15M-26MAY071830-30 yes_bid=90 yes_ask=90 no_bid=10 no_ask=10 book_ready=True position=False pending=False dry_run=False trust=synced run_id=020efa74-34d1-4539-9777-057da57d529e
2026-05-07 18:23:47,430 | INFO | Heartbeat | watch=KXBTC15M-26MAY071830-30 yes_bid=90 yes_ask=91 no_bid=9 no_ask=10 book_ready=True position=False pending=False dry_run=False trust=synced run_id=020efa74-34d1-4539-9777-057da57d529e
2026-05-07 18:24:02,443 | INFO | Heartbeat | watch=KXBTC15M-26MAY071830-30 yes_bid=93 yes_ask=93 no_bid=7 no_ask=7 book_ready=True position=False pending=False dry_run=False trust=synced run_id=020efa74-34d1-4539-9777-057da57d529e
2026-05-07 18:24:17,461 | INFO | Heartbeat | watch=KXBTC15M-26MAY071830-30 yes_bid=91 yes_ask=92 no_bid=8 no_ask=9 book_ready=True position=False pending=False dry_run=False trust=synced run_id=020efa74-34d1-4539-9777-057da57d529e
2026-05-07 18:24:32,496 | INFO | Heartbeat | watch=KXBTC15M-26MAY071830-30 yes_bid=93 yes_ask=93 no_bid=7 no_ask=7 book_ready=True position=False pending=False dry_run=False trust=synced run_id=020efa74-34d1-4539-9777-057da57d529e
2026-05-07 18:24:47,505 | INFO | Heartbeat | watch=KXBTC15M-26MAY071830-30 yes_bid=95 yes_ask=96 no_bid=4 no_ask=5 book_ready=True position=False pending=False dry_run=False trust=synced run_id=020efa74-34d1-4539-9777-057da57d529e
2026-05-07 18:25:02,547 | INFO | Heartbeat | watch=KXBTC15M-26MAY071830-30 yes_bid=97 yes_ask=97 no_bid=3 no_ask=3 book_ready=True position=False pending=False dry_run=False trust=synced run_id=020efa74-34d1-4539-9777-057da57d529e
2026-05-07 18:25:17,536 | INFO | Heartbeat | watch=KXBTC15M-26MAY071830-30 yes_bid=97 yes_ask=97 no_bid=3 no_ask=3 book_ready=True position=False pending=False dry_run=False trust=synced run_id=020efa74-34d1-4539-9777-057da57d529e
2026-05-07 18:25:32,549 | INFO | Heartbeat | watch=KXBTC15M-26MAY071830-30 yes_bid=97 yes_ask=98 no_bid=2 no_ask=3 book_ready=True position=False pending=False dry_run=False trust=synced run_id=020efa74-34d1-4539-9777-057da57d529e
2026-05-07 18:25:47,536 | INFO | Heartbeat | watch=KXBTC15M-26MAY071830-30 yes_bid=98 yes_ask=98 no_bid=2 no_ask=2 book_ready=True position=False pending=False dry_run=False trust=synced run_id=020efa74-34d1-4539-9777-057da57d529e
2026-05-07 18:26:02,554 | INFO | Heartbeat | watch=KXBTC15M-26MAY071830-30 yes_bid=98 yes_ask=99 no_bid=1 no_ask=2 book_ready=True position=False pending=False dry_run=False trust=synced run_id=020efa74-34d1-4539-9777-057da57d529e
2026-05-07 18:26:17,551 | INFO | Heartbeat | watch=KXBTC15M-26MAY071830-30 yes_bid=95 yes_ask=96 no_bid=4 no_ask=5 book_ready=True position=False pending=False dry_run=False trust=synced run_id=020efa74-34d1-4539-9777-057da57d529e
2026-05-07 18:26:32,589 | INFO | Heartbeat | watch=KXBTC15M-26MAY071830-30 yes_bid=97 yes_ask=98 no_bid=2 no_ask=3 book_ready=True position=False pending=False dry_run=False trust=synced run_id=020efa74-34d1-4539-9777-057da57d529e
2026-05-07 18:26:47,616 | INFO | Heartbeat | watch=KXBTC15M-26MAY071830-30 yes_bid=98 yes_ask=99 no_bid=1 no_ask=2 book_ready=True position=False pending=False dry_run=False trust=synced run_id=020efa74-34d1-4539-9777-057da57d529e
2026-05-07 18:27:02,645 | INFO | Heartbeat | watch=KXBTC15M-26MAY071830-30 yes_bid=99 yes_ask=99 no_bid=1 no_ask=1 book_ready=True position=False pending=False dry_run=False trust=synced run_id=020efa74-34d1-4539-9777-057da57d529e
2026-05-07 18:27:17,648 | INFO | Heartbeat | watch=KXBTC15M-26MAY071830-30 yes_bid=99 yes_ask=99 no_bid=1 no_ask=1 book_ready=True position=False pending=False dry_run=False trust=synced run_id=020efa74-34d1-4539-9777-057da57d529e
2026-05-07 18:27:32,672 | INFO | Heartbeat | watch=KXBTC15M-26MAY071830-30 yes_bid=100 yes_ask=100 no_bid=0 no_ask=0 book_ready=True position=False pending=False dry_run=False trust=synced run_id=020efa74-34d1-4539-9777-057da57d529e
2026-05-07 18:27:47,704 | INFO | Heartbeat | watch=KXBTC15M-26MAY071830-30 yes_bid=100 yes_ask=100 no_bid=0 no_ask=0 book_ready=True position=False pending=False dry_run=False trust=synced run_id=020efa74-34d1-4539-9777-057da57d529e
2026-05-07 18:28:02,749 | INFO | Heartbeat | watch=KXBTC15M-26MAY071830-30 yes_bid=100 yes_ask=100 no_bid=0 no_ask=0 book_ready=True position=False pending=False dry_run=False trust=synced run_id=020efa74-34d1-4539-9777-057da57d529e
2026-05-07 18:28:17,796 | INFO | Heartbeat | watch=KXBTC15M-26MAY071830-30 yes_bid=100 yes_ask=100 no_bid=0 no_ask=0 book_ready=True position=False pending=False dry_run=False trust=synced run_id=020efa74-34d1-4539-9777-057da57d529e
2026-05-07 18:28:32,847 | INFO | Heartbeat | watch=KXBTC15M-26MAY071830-30 yes_bid=100 yes_ask=100 no_bid=0 no_ask=0 book_ready=True position=False pending=False dry_run=False trust=synced run_id=020efa74-34d1-4539-9777-057da57d529e
2026-05-07 18:28:47,884 | INFO | Heartbeat | watch=KXBTC15M-26MAY071830-30 yes_bid=100 yes_ask=100 no_bid=0 no_ask=0 book_ready=True position=False pending=False dry_run=False trust=synced run_id=020efa74-34d1-4539-9777-057da57d529e
2026-05-07 18:29:02,899 | INFO | Heartbeat | watch=KXBTC15M-26MAY071830-30 yes_bid=100 yes_ask=100 no_bid=0 no_ask=0 book_ready=True position=False pending=False dry_run=False trust=synced run_id=020efa74-34d1-4539-9777-057da57d529e
2026-05-07 18:29:17,941 | INFO | Heartbeat | watch=KXBTC15M-26MAY071830-30 yes_bid=100 yes_ask=100 no_bid=0 no_ask=0 book_ready=True position=False pending=False dry_run=False trust=synced run_id=020efa74-34d1-4539-9777-057da57d529e
2026-05-07 18:29:32,948 | INFO | Heartbeat | watch=KXBTC15M-26MAY071830-30 yes_bid=100 yes_ask=100 no_bid=0 no_ask=0 book_ready=True position=False pending=False dry_run=False trust=synced run_id=020efa74-34d1-4539-9777-057da57d529e
2026-05-07 18:29:47,958 | INFO | Heartbeat | watch=KXBTC15M-26MAY071830-30 yes_bid=100 yes_ask=100 no_bid=0 no_ask=0 book_ready=True position=False pending=False dry_run=False trust=synced run_id=020efa74-34d1-4539-9777-057da57d529e
2026-05-07 18:30:02,958 | INFO | Heartbeat | watch=KXBTC15M-26MAY071830-30 yes_bid=0 yes_ask=100 no_bid=0 no_ask=100 book_ready=True position=False pending=False dry_run=False trust=synced run_id=020efa74-34d1-4539-9777-057da57d529e
2026-05-07 18:30:06,682 | INFO | Orderbook snapshot ready for KXBTC15M-26MAY071830-30
2026-05-07 18:30:15,564 | INFO | Watching market KXBTC15M-26MAY071845-45 close_time=2026-05-07T22:45:00Z status=active strike=79908.04 run_id=020efa74-34d1-4539-9777-057da57d529e
2026-05-07 18:30:15,745 | INFO | WS connected for KXBTC15M-26MAY071845-45
2026-05-07 18:30:15,777 | INFO | WS subscribed payload: {'type': 'subscribed', 'id': 4, 'msg': {'channel': 'ticker', 'sid': 1}}
2026-05-07 18:30:15,777 | INFO | WS subscribed payload: {'type': 'subscribed', 'id': 4, 'msg': {'channel': 'orderbook_delta', 'sid': 2}}
2026-05-07 18:30:15,780 | INFO | Orderbook snapshot ready for KXBTC15M-26MAY071845-45
2026-05-07 18:30:18,002 | INFO | Heartbeat | watch=KXBTC15M-26MAY071845-45 yes_bid=42 yes_ask=43 no_bid=57 no_ask=58 book_ready=True position=False pending=False dry_run=False trust=synced run_id=020efa74-34d1-4539-9777-057da57d529e
2026-05-07 18:30:33,006 | INFO | Heartbeat | watch=KXBTC15M-26MAY071845-45 yes_bid=52 yes_ask=53 no_bid=47 no_ask=48 book_ready=True position=False pending=False dry_run=False trust=synced run_id=020efa74-34d1-4539-9777-057da57d529e
2026-05-07 18:30:48,047 | INFO | Heartbeat | watch=KXBTC15M-26MAY071845-45 yes_bid=54 yes_ask=55 no_bid=45 no_ask=46 book_ready=True position=False pending=False dry_run=False trust=synced run_id=020efa74-34d1-4539-9777-057da57d529e
2026-05-07 18:31:03,055 | INFO | Heartbeat | watch=KXBTC15M-26MAY071845-45 yes_bid=46 yes_ask=47 no_bid=53 no_ask=54 book_ready=True position=False pending=False dry_run=False trust=synced run_id=020efa74-34d1-4539-9777-057da57d529e
2026-05-07 18:31:18,072 | INFO | Heartbeat | watch=KXBTC15M-26MAY071845-45 yes_bid=47 yes_ask=48 no_bid=52 no_ask=53 book_ready=True position=False pending=False dry_run=False trust=synced run_id=020efa74-34d1-4539-9777-057da57d529e
2026-05-07 18:31:33,134 | INFO | Heartbeat | watch=KXBTC15M-26MAY071845-45 yes_bid=55 yes_ask=56 no_bid=44 no_ask=45 book_ready=True position=False pending=False dry_run=False trust=synced run_id=020efa74-34d1-4539-9777-057da57d529e
2026-05-07 18:31:48,151 | INFO | Heartbeat | watch=KXBTC15M-26MAY071845-45 yes_bid=53 yes_ask=54 no_bid=46 no_ask=47 book_ready=True position=False pending=False dry_run=False trust=synced run_id=020efa74-34d1-4539-9777-057da57d529e
2026-05-07 18:32:03,174 | INFO | Heartbeat | watch=KXBTC15M-26MAY071845-45 yes_bid=58 yes_ask=60 no_bid=40 no_ask=42 book_ready=True position=False pending=False dry_run=False trust=synced run_id=020efa74-34d1-4539-9777-057da57d529e
2026-05-07 18:32:18,193 | INFO | Heartbeat | watch=KXBTC15M-26MAY071845-45 yes_bid=59 yes_ask=60 no_bid=40 no_ask=41 book_ready=True position=False pending=False dry_run=False trust=synced run_id=020efa74-34d1-4539-9777-057da57d529e
2026-05-07 18:32:33,246 | INFO | Heartbeat | watch=KXBTC15M-26MAY071845-45 yes_bid=60 yes_ask=61 no_bid=39 no_ask=40 book_ready=True position=False pending=False dry_run=False trust=synced run_id=020efa74-34d1-4539-9777-057da57d529e
2026-05-07 18:32:48,240 | INFO | Heartbeat | watch=KXBTC15M-26MAY071845-45 yes_bid=59 yes_ask=60 no_bid=40 no_ask=41 book_ready=True position=False pending=False dry_run=False trust=synced run_id=020efa74-34d1-4539-9777-057da57d529e
2026-05-07 18:33:03,242 | INFO | Heartbeat | watch=KXBTC15M-26MAY071845-45 yes_bid=53 yes_ask=54 no_bid=46 no_ask=47 book_ready=True position=False pending=False dry_run=False trust=synced run_id=020efa74-34d1-4539-9777-057da57d529e
2026-05-07 18:33:18,255 | INFO | Heartbeat | watch=KXBTC15M-26MAY071845-45 yes_bid=60 yes_ask=61 no_bid=39 no_ask=40 book_ready=True position=False pending=False dry_run=False trust=synced run_id=020efa74-34d1-4539-9777-057da57d529e
2026-05-07 18:33:33,271 | INFO | Heartbeat | watch=KXBTC15M-26MAY071845-45 yes_bid=61 yes_ask=62 no_bid=38 no_ask=39 book_ready=True position=False pending=False dry_run=False trust=synced run_id=020efa74-34d1-4539-9777-057da57d529e
2026-05-07 18:33:48,295 | INFO | Heartbeat | watch=KXBTC15M-26MAY071845-45 yes_bid=57 yes_ask=58 no_bid=42 no_ask=43 book_ready=True position=False pending=False dry_run=False trust=synced run_id=020efa74-34d1-4539-9777-057da57d529e
2026-05-07 18:34:03,329 | INFO | Heartbeat | watch=KXBTC15M-26MAY071845-45 yes_bid=55 yes_ask=56 no_bid=44 no_ask=45 book_ready=True position=False pending=False dry_run=False trust=synced run_id=020efa74-34d1-4539-9777-057da57d529e
2026-05-07 18:34:18,346 | INFO | Heartbeat | watch=KXBTC15M-26MAY071845-45 yes_bid=14 yes_ask=15 no_bid=85 no_ask=86 book_ready=True position=False pending=False dry_run=False trust=synced run_id=020efa74-34d1-4539-9777-057da57d529e
2026-05-07 18:34:33,395 | INFO | Heartbeat | watch=KXBTC15M-26MAY071845-45 yes_bid=17 yes_ask=18 no_bid=82 no_ask=83 book_ready=True position=False pending=False dry_run=False trust=synced run_id=020efa74-34d1-4539-9777-057da57d529e
2026-05-07 18:34:48,407 | INFO | Heartbeat | watch=KXBTC15M-26MAY071845-45 yes_bid=14 yes_ask=15 no_bid=85 no_ask=86 book_ready=True position=False pending=False dry_run=False trust=synced run_id=020efa74-34d1-4539-9777-057da57d529e
2026-05-07 18:35:03,403 | INFO | Heartbeat | watch=KXBTC15M-26MAY071845-45 yes_bid=7 yes_ask=8 no_bid=92 no_ask=93 book_ready=True position=False pending=False dry_run=False trust=synced run_id=020efa74-34d1-4539-9777-057da57d529e
2026-05-07 18:35:18,431 | INFO | Heartbeat | watch=KXBTC15M-26MAY071845-45 yes_bid=10 yes_ask=10 no_bid=90 no_ask=90 book_ready=True position=False pending=False dry_run=False trust=synced run_id=020efa74-34d1-4539-9777-057da57d529e
2026-05-07 18:35:33,448 | INFO | Heartbeat | watch=KXBTC15M-26MAY071845-45 yes_bid=9 yes_ask=11 no_bid=89 no_ask=91 book_ready=True position=False pending=False dry_run=False trust=synced run_id=020efa74-34d1-4539-9777-057da57d529e
2026-05-07 18:35:48,488 | INFO | Heartbeat | watch=KXBTC15M-26MAY071845-45 yes_bid=12 yes_ask=13 no_bid=87 no_ask=88 book_ready=True position=False pending=False dry_run=False trust=synced run_id=020efa74-34d1-4539-9777-057da57d529e
2026-05-07 18:36:03,510 | INFO | Heartbeat | watch=KXBTC15M-26MAY071845-45 yes_bid=12 yes_ask=13 no_bid=87 no_ask=88 book_ready=True position=False pending=False dry_run=False trust=synced run_id=020efa74-34d1-4539-9777-057da57d529e
2026-05-07 18:36:18,525 | INFO | Heartbeat | watch=KXBTC15M-26MAY071845-45 yes_bid=12 yes_ask=13 no_bid=87 no_ask=88 book_ready=True position=False pending=False dry_run=False trust=synced run_id=020efa74-34d1-4539-9777-057da57d529e
2026-05-07 18:36:33,564 | INFO | Heartbeat | watch=KXBTC15M-26MAY071845-45 yes_bid=10 yes_ask=11 no_bid=89 no_ask=90 book_ready=True position=False pending=False dry_run=False trust=synced run_id=020efa74-34d1-4539-9777-057da57d529e
2026-05-07 18:36:48,558 | INFO | Heartbeat | watch=KXBTC15M-26MAY071845-45 yes_bid=10 yes_ask=11 no_bid=89 no_ask=90 book_ready=True position=False pending=False dry_run=False trust=synced run_id=020efa74-34d1-4539-9777-057da57d529e
2026-05-07 18:37:03,607 | INFO | Heartbeat | watch=KXBTC15M-26MAY071845-45 yes_bid=8 yes_ask=8 no_bid=92 no_ask=92 book_ready=True position=False pending=False dry_run=False trust=synced run_id=020efa74-34d1-4539-9777-057da57d529e
2026-05-07 18:37:18,603 | INFO | Heartbeat | watch=KXBTC15M-26MAY071845-45 yes_bid=8 yes_ask=9 no_bid=91 no_ask=92 book_ready=True position=False pending=False dry_run=False trust=synced run_id=020efa74-34d1-4539-9777-057da57d529e
2026-05-07 18:37:33,621 | INFO | Heartbeat | watch=KXBTC15M-26MAY071845-45 yes_bid=11 yes_ask=12 no_bid=88 no_ask=89 book_ready=True position=False pending=False dry_run=False trust=synced run_id=020efa74-34d1-4539-9777-057da57d529e
2026-05-07 18:37:48,619 | INFO | Heartbeat | watch=KXBTC15M-26MAY071845-45 yes_bid=9 yes_ask=9 no_bid=91 no_ask=91 book_ready=True position=False pending=False dry_run=False trust=synced run_id=020efa74-34d1-4539-9777-057da57d529e
2026-05-07 18:38:03,633 | INFO | Heartbeat | watch=KXBTC15M-26MAY071845-45 yes_bid=10 yes_ask=10 no_bid=90 no_ask=90 book_ready=True position=False pending=False dry_run=False trust=synced run_id=020efa74-34d1-4539-9777-057da57d529e
2026-05-07 18:38:18,638 | INFO | Heartbeat | watch=KXBTC15M-26MAY071845-45 yes_bid=11 yes_ask=12 no_bid=88 no_ask=89 book_ready=True position=False pending=False dry_run=False trust=synced run_id=020efa74-34d1-4539-9777-057da57d529e
2026-05-07 18:38:33,683 | INFO | Heartbeat | watch=KXBTC15M-26MAY071845-45 yes_bid=12 yes_ask=13 no_bid=87 no_ask=88 book_ready=True position=False pending=False dry_run=False trust=synced run_id=020efa74-34d1-4539-9777-057da57d529e
2026-05-07 18:38:48,719 | INFO | Heartbeat | watch=KXBTC15M-26MAY071845-45 yes_bid=11 yes_ask=12 no_bid=88 no_ask=89 book_ready=True position=False pending=False dry_run=False trust=synced run_id=020efa74-34d1-4539-9777-057da57d529e
2026-05-07 18:39:03,821 | INFO | Heartbeat | watch=KXBTC15M-26MAY071845-45 yes_bid=17 yes_ask=18 no_bid=82 no_ask=83 book_ready=True position=False pending=False dry_run=False trust=synced run_id=020efa74-34d1-4539-9777-057da57d529e
2026-05-07 18:39:18,836 | INFO | Heartbeat | watch=KXBTC15M-26MAY071845-45 yes_bid=10 yes_ask=11 no_bid=89 no_ask=90 book_ready=True position=False pending=False dry_run=False trust=synced run_id=020efa74-34d1-4539-9777-057da57d529e
2026-05-07 18:39:33,856 | INFO | Heartbeat | watch=KXBTC15M-26MAY071845-45 yes_bid=10 yes_ask=11 no_bid=89 no_ask=90 book_ready=True position=False pending=False dry_run=False trust=synced run_id=020efa74-34d1-4539-9777-057da57d529e
2026-05-07 18:39:48,868 | INFO | Heartbeat | watch=KXBTC15M-26MAY071845-45 yes_bid=9 yes_ask=10 no_bid=90 no_ask=91 book_ready=True position=False pending=False dry_run=False trust=synced run_id=020efa74-34d1-4539-9777-057da57d529e
2026-05-07 18:40:03,949 | INFO | Heartbeat | watch=KXBTC15M-26MAY071845-45 yes_bid=10 yes_ask=11 no_bid=89 no_ask=90 book_ready=True position=False pending=False dry_run=False trust=synced run_id=020efa74-34d1-4539-9777-057da57d529e
2026-05-07 18:40:18,983 | INFO | Heartbeat | watch=KXBTC15M-26MAY071845-45 yes_bid=13 yes_ask=14 no_bid=86 no_ask=87 book_ready=True position=False pending=False dry_run=False trust=synced run_id=020efa74-34d1-4539-9777-057da57d529e
2026-05-07 18:40:34,025 | INFO | Heartbeat | watch=KXBTC15M-26MAY071845-45 yes_bid=8 yes_ask=8 no_bid=92 no_ask=92 book_ready=True position=False pending=False dry_run=False trust=synced run_id=020efa74-34d1-4539-9777-057da57d529e
2026-05-07 18:40:49,041 | INFO | Heartbeat | watch=KXBTC15M-26MAY071845-45 yes_bid=8 yes_ask=9 no_bid=91 no_ask=92 book_ready=True position=False pending=False dry_run=False trust=synced run_id=020efa74-34d1-4539-9777-057da57d529e
2026-05-07 18:41:04,042 | INFO | Heartbeat | watch=KXBTC15M-26MAY071845-45 yes_bid=6 yes_ask=7 no_bid=93 no_ask=94 book_ready=True position=False pending=False dry_run=False trust=synced run_id=020efa74-34d1-4539-9777-057da57d529e
2026-05-07 18:41:19,094 | INFO | Heartbeat | watch=KXBTC15M-26MAY071845-45 yes_bid=5 yes_ask=5 no_bid=95 no_ask=95 book_ready=True position=False pending=False dry_run=False trust=synced run_id=020efa74-34d1-4539-9777-057da57d529e
2026-05-07 18:41:34,118 | INFO | Heartbeat | watch=KXBTC15M-26MAY071845-45 yes_bid=5 yes_ask=5 no_bid=95 no_ask=95 book_ready=True position=False pending=False dry_run=False trust=synced run_id=020efa74-34d1-4539-9777-057da57d529e
2026-05-07 18:41:49,120 | INFO | Heartbeat | watch=KXBTC15M-26MAY071845-45 yes_bid=3 yes_ask=4 no_bid=96 no_ask=97 book_ready=True position=False pending=False dry_run=False trust=synced run_id=020efa74-34d1-4539-9777-057da57d529e
2026-05-07 18:42:04,154 | INFO | Heartbeat | watch=KXBTC15M-26MAY071845-45 yes_bid=2 yes_ask=3 no_bid=97 no_ask=98 book_ready=True position=False pending=False dry_run=False trust=synced run_id=020efa74-34d1-4539-9777-057da57d529e
2026-05-07 18:42:19,150 | INFO | Heartbeat | watch=KXBTC15M-26MAY071845-45 yes_bid=2 yes_ask=3 no_bid=97 no_ask=98 book_ready=True position=False pending=False dry_run=False trust=synced run_id=020efa74-34d1-4539-9777-057da57d529e
2026-05-07 18:42:34,183 | INFO | Heartbeat | watch=KXBTC15M-26MAY071845-45 yes_bid=1 yes_ask=1 no_bid=99 no_ask=99 book_ready=True position=False pending=False dry_run=False trust=synced run_id=020efa74-34d1-4539-9777-057da57d529e
2026-05-07 18:42:49,212 | INFO | Heartbeat | watch=KXBTC15M-26MAY071845-45 yes_bid=1 yes_ask=1 no_bid=99 no_ask=99 book_ready=True position=False pending=False dry_run=False trust=synced run_id=020efa74-34d1-4539-9777-057da57d529e
2026-05-07 18:43:04,248 | INFO | Heartbeat | watch=KXBTC15M-26MAY071845-45 yes_bid=2 yes_ask=2 no_bid=98 no_ask=98 book_ready=True position=False pending=False dry_run=False trust=synced run_id=020efa74-34d1-4539-9777-057da57d529e
2026-05-07 18:43:19,263 | INFO | Heartbeat | watch=KXBTC15M-26MAY071845-45 yes_bid=2 yes_ask=2 no_bid=98 no_ask=98 book_ready=True position=False pending=False dry_run=False trust=synced run_id=020efa74-34d1-4539-9777-057da57d529e
2026-05-07 18:43:34,301 | INFO | Heartbeat | watch=KXBTC15M-26MAY071845-45 yes_bid=2 yes_ask=3 no_bid=97 no_ask=98 book_ready=True position=False pending=False dry_run=False trust=synced run_id=020efa74-34d1-4539-9777-057da57d529e
2026-05-07 18:43:49,340 | INFO | Heartbeat | watch=KXBTC15M-26MAY071845-45 yes_bid=1 yes_ask=1 no_bid=99 no_ask=99 book_ready=True position=False pending=False dry_run=False trust=synced run_id=020efa74-34d1-4539-9777-057da57d529e
2026-05-07 18:44:04,383 | INFO | Heartbeat | watch=KXBTC15M-26MAY071845-45 yes_bid=0 yes_ask=1 no_bid=99 no_ask=100 book_ready=True position=False pending=False dry_run=False trust=synced run_id=020efa74-34d1-4539-9777-057da57d529e
2026-05-07 18:44:19,418 | INFO | Heartbeat | watch=KXBTC15M-26MAY071845-45 yes_bid=0 yes_ask=0 no_bid=100 no_ask=100 book_ready=True position=False pending=False dry_run=False trust=synced run_id=020efa74-34d1-4539-9777-057da57d529e
2026-05-07 18:44:34,427 | INFO | Heartbeat | watch=KXBTC15M-26MAY071845-45 yes_bid=0 yes_ask=0 no_bid=100 no_ask=100 book_ready=True position=False pending=False dry_run=False trust=synced run_id=020efa74-34d1-4539-9777-057da57d529e
2026-05-07 18:44:49,450 | INFO | Heartbeat | watch=KXBTC15M-26MAY071845-45 yes_bid=0 yes_ask=0 no_bid=100 no_ask=100 book_ready=True position=False pending=False dry_run=False trust=synced run_id=020efa74-34d1-4539-9777-057da57d529e
2026-05-07 18:45:04,489 | INFO | Heartbeat | watch=KXBTC15M-26MAY071845-45 yes_bid=0 yes_ask=100 no_bid=0 no_ask=100 book_ready=True position=False pending=False dry_run=False trust=synced run_id=020efa74-34d1-4539-9777-057da57d529e
2026-05-07 18:45:06,692 | INFO | Orderbook snapshot ready for KXBTC15M-26MAY071845-45
2026-05-07 18:45:15,616 | INFO | Watching market KXBTC15M-26MAY071900-00 close_time=2026-05-07T23:00:00Z status=active strike=79835.37 run_id=020efa74-34d1-4539-9777-057da57d529e
2026-05-07 18:45:15,777 | INFO | WS connected for KXBTC15M-26MAY071900-00
2026-05-07 18:45:15,806 | INFO | WS subscribed payload: {'type': 'subscribed', 'id': 5, 'msg': {'channel': 'ticker', 'sid': 1}}
2026-05-07 18:45:15,806 | INFO | WS subscribed payload: {'type': 'subscribed', 'id': 5, 'msg': {'channel': 'orderbook_delta', 'sid': 2}}
2026-05-07 18:45:15,807 | INFO | Orderbook snapshot ready for KXBTC15M-26MAY071900-00
2026-05-07 18:45:19,527 | INFO | Heartbeat | watch=KXBTC15M-26MAY071900-00 yes_bid=46 yes_ask=47 no_bid=53 no_ask=54 book_ready=True position=False pending=False dry_run=False trust=synced run_id=020efa74-34d1-4539-9777-057da57d529e
2026-05-07 18:45:34,567 | INFO | Heartbeat | watch=KXBTC15M-26MAY071900-00 yes_bid=45 yes_ask=46 no_bid=54 no_ask=55 book_ready=True position=False pending=False dry_run=False trust=synced run_id=020efa74-34d1-4539-9777-057da57d529e
2026-05-07 18:45:49,558 | INFO | Heartbeat | watch=KXBTC15M-26MAY071900-00 yes_bid=45 yes_ask=46 no_bid=54 no_ask=55 book_ready=True position=False pending=False dry_run=False trust=synced run_id=020efa74-34d1-4539-9777-057da57d529e
2026-05-07 18:46:04,628 | INFO | Heartbeat | watch=KXBTC15M-26MAY071900-00 yes_bid=48 yes_ask=49 no_bid=51 no_ask=52 book_ready=True position=False pending=False dry_run=False trust=synced run_id=020efa74-34d1-4539-9777-057da57d529e
2026-05-07 18:46:15,706 | WARNING | Market refresh failed. Keeping current watch. Error: HTTPSConnectionPool(host='api.elections.kalshi.com', port=443): Read timed out. (read timeout=5.0)
2026-05-07 18:46:15,887 | WARNING | Live account state refresh failed. Blocking live entries until refresh succeeds. Error: HTTPSConnectionPool(host='api.elections.kalshi.com', port=443): Read timed out. (read timeout=5.0)
2026-05-07 18:46:19,646 | INFO | Heartbeat | watch=KXBTC15M-26MAY071900-00 yes_bid=50 yes_ask=51 no_bid=49 no_ask=50 book_ready=True position=False pending=False dry_run=False trust=synced run_id=020efa74-34d1-4539-9777-057da57d529e
2026-05-07 18:46:34,694 | INFO | Heartbeat | watch=KXBTC15M-26MAY071900-00 yes_bid=50 yes_ask=51 no_bid=49 no_ask=50 book_ready=True position=False pending=False dry_run=False trust=synced run_id=020efa74-34d1-4539-9777-057da57d529e
2026-05-07 18:46:34,931 | WARNING | WS loop error for KXBTC15M-26MAY071900-00: no close frame received or sent
2026-05-07 18:46:36,082 | INFO | WS connected for KXBTC15M-26MAY071900-00
2026-05-07 18:46:36,131 | INFO | WS subscribed payload: {'type': 'subscribed', 'id': 5, 'msg': {'channel': 'ticker', 'sid': 1}}
2026-05-07 18:46:36,131 | INFO | WS subscribed payload: {'type': 'subscribed', 'id': 5, 'msg': {'channel': 'orderbook_delta', 'sid': 2}}
2026-05-07 18:46:36,131 | INFO | Orderbook snapshot ready for KXBTC15M-26MAY071900-00
2026-05-07 18:46:39,304 | WARNING | Mushroom v28 BTC tick stream failed. reconnect_seconds=1.00 error=no close frame received or sent
2026-05-07 18:46:41,229 | INFO | Mushroom v28 BTC tick stream connected | source=binance_book_ticker url=wss://stream.binance.us:9443/ws/btcusdt@bookTicker
2026-05-07 18:46:49,687 | INFO | Heartbeat | watch=KXBTC15M-26MAY071900-00 yes_bid=55 yes_ask=56 no_bid=44 no_ask=45 book_ready=True position=False pending=False dry_run=False trust=synced run_id=020efa74-34d1-4539-9777-057da57d529e
2026-05-07 18:47:04,695 | INFO | Heartbeat | watch=KXBTC15M-26MAY071900-00 yes_bid=49 yes_ask=50 no_bid=50 no_ask=51 book_ready=True position=False pending=False dry_run=False trust=synced run_id=020efa74-34d1-4539-9777-057da57d529e
2026-05-07 18:47:19,698 | INFO | Heartbeat | watch=KXBTC15M-26MAY071900-00 yes_bid=44 yes_ask=45 no_bid=55 no_ask=56 book_ready=True position=False pending=False dry_run=False trust=synced run_id=020efa74-34d1-4539-9777-057da57d529e
2026-05-07 18:47:34,754 | INFO | Heartbeat | watch=KXBTC15M-26MAY071900-00 yes_bid=47 yes_ask=48 no_bid=52 no_ask=53 book_ready=True position=False pending=False dry_run=False trust=synced run_id=020efa74-34d1-4539-9777-057da57d529e
2026-05-07 18:47:49,781 | INFO | Heartbeat | watch=KXBTC15M-26MAY071900-00 yes_bid=47 yes_ask=48 no_bid=52 no_ask=53 book_ready=True position=False pending=False dry_run=False trust=synced run_id=020efa74-34d1-4539-9777-057da57d529e
2026-05-07 18:48:04,787 | INFO | Heartbeat | watch=KXBTC15M-26MAY071900-00 yes_bid=57 yes_ask=58 no_bid=42 no_ask=43 book_ready=True position=False pending=False dry_run=False trust=synced run_id=020efa74-34d1-4539-9777-057da57d529e
2026-05-07 18:48:19,777 | INFO | Heartbeat | watch=KXBTC15M-26MAY071900-00 yes_bid=60 yes_ask=61 no_bid=39 no_ask=40 book_ready=True position=False pending=False dry_run=False trust=synced run_id=020efa74-34d1-4539-9777-057da57d529e
2026-05-07 18:48:34,811 | INFO | Heartbeat | watch=KXBTC15M-26MAY071900-00 yes_bid=64 yes_ask=65 no_bid=35 no_ask=36 book_ready=True position=False pending=False dry_run=False trust=synced run_id=020efa74-34d1-4539-9777-057da57d529e
2026-05-07 18:48:49,810 | INFO | Heartbeat | watch=KXBTC15M-26MAY071900-00 yes_bid=58 yes_ask=59 no_bid=41 no_ask=42 book_ready=True position=False pending=False dry_run=False trust=synced run_id=020efa74-34d1-4539-9777-057da57d529e
2026-05-07 18:49:04,853 | INFO | Heartbeat | watch=KXBTC15M-26MAY071900-00 yes_bid=61 yes_ask=62 no_bid=38 no_ask=39 book_ready=True position=False pending=False dry_run=False trust=synced run_id=020efa74-34d1-4539-9777-057da57d529e
2026-05-07 18:49:19,853 | INFO | Heartbeat | watch=KXBTC15M-26MAY071900-00 yes_bid=67 yes_ask=68 no_bid=32 no_ask=33 book_ready=True position=False pending=False dry_run=False trust=synced run_id=020efa74-34d1-4539-9777-057da57d529e
2026-05-07 18:49:34,867 | INFO | Heartbeat | watch=KXBTC15M-26MAY071900-00 yes_bid=67 yes_ask=68 no_bid=32 no_ask=33 book_ready=True position=False pending=False dry_run=False trust=synced run_id=020efa74-34d1-4539-9777-057da57d529e
2026-05-07 18:49:49,887 | INFO | Heartbeat | watch=KXBTC15M-26MAY071900-00 yes_bid=63 yes_ask=64 no_bid=36 no_ask=37 book_ready=True position=False pending=False dry_run=False trust=synced run_id=020efa74-34d1-4539-9777-057da57d529e
2026-05-07 18:50:04,909 | INFO | Heartbeat | watch=KXBTC15M-26MAY071900-00 yes_bid=66 yes_ask=67 no_bid=33 no_ask=34 book_ready=True position=False pending=False dry_run=False trust=synced run_id=020efa74-34d1-4539-9777-057da57d529e
2026-05-07 18:50:10,214 | WARNING | BTC market context refresh failed. error=HTTPSConnectionPool(host='data-api.binance.vision', port=443): Read timed out. (read timeout=5.0)
2026-05-07 18:50:10,705 | WARNING | Market refresh failed. Keeping current watch. Error: HTTPSConnectionPool(host='api.elections.kalshi.com', port=443): Read timed out. (read timeout=5.0)
2026-05-07 18:50:11,156 | WARNING | Live account state refresh failed. Blocking live entries until refresh succeeds. Error: HTTPSConnectionPool(host='api.elections.kalshi.com', port=443): Read timed out. (read timeout=5.0)
2026-05-07 18:50:19,932 | INFO | Heartbeat | watch=KXBTC15M-26MAY071900-00 yes_bid=67 yes_ask=68 no_bid=32 no_ask=33 book_ready=True position=False pending=False dry_run=False trust=synced run_id=020efa74-34d1-4539-9777-057da57d529e
2026-05-07 18:50:34,967 | INFO | Heartbeat | watch=KXBTC15M-26MAY071900-00 yes_bid=67 yes_ask=68 no_bid=32 no_ask=33 book_ready=True position=False pending=False dry_run=False trust=synced run_id=020efa74-34d1-4539-9777-057da57d529e
2026-05-07 18:50:35,236 | WARNING | WS loop error for KXBTC15M-26MAY071900-00: no close frame received or sent
2026-05-07 18:50:36,433 | INFO | WS connected for KXBTC15M-26MAY071900-00
2026-05-07 18:50:36,466 | INFO | WS subscribed payload: {'type': 'subscribed', 'id': 5, 'msg': {'channel': 'ticker', 'sid': 1}}
2026-05-07 18:50:36,473 | INFO | WS subscribed payload: {'type': 'subscribed', 'id': 5, 'msg': {'channel': 'orderbook_delta', 'sid': 2}}
2026-05-07 18:50:36,475 | INFO | Orderbook snapshot ready for KXBTC15M-26MAY071900-00
2026-05-07 18:50:40,475 | WARNING | Mushroom v28 BTC tick stream failed. reconnect_seconds=1.00 error=no close frame received or sent
2026-05-07 18:50:42,024 | INFO | Mushroom v28 BTC tick stream connected | source=binance_trade url=wss://stream.binance.us:9443/ws/btcusdt@trade
2026-05-07 18:50:50,002 | INFO | Heartbeat | watch=KXBTC15M-26MAY071900-00 yes_bid=69 yes_ask=70 no_bid=30 no_ask=31 book_ready=True position=False pending=False dry_run=False trust=synced run_id=020efa74-34d1-4539-9777-057da57d529e
2026-05-07 18:51:05,035 | INFO | Heartbeat | watch=KXBTC15M-26MAY071900-00 yes_bid=69 yes_ask=71 no_bid=29 no_ask=31 book_ready=True position=False pending=False dry_run=False trust=synced run_id=020efa74-34d1-4539-9777-057da57d529e
2026-05-07 18:51:20,075 | INFO | Heartbeat | watch=KXBTC15M-26MAY071900-00 yes_bid=74 yes_ask=75 no_bid=25 no_ask=26 book_ready=True position=False pending=False dry_run=False trust=synced run_id=020efa74-34d1-4539-9777-057da57d529e
2026-05-07 18:51:35,106 | INFO | Heartbeat | watch=KXBTC15M-26MAY071900-00 yes_bid=81 yes_ask=82 no_bid=18 no_ask=19 book_ready=True position=False pending=False dry_run=False trust=synced run_id=020efa74-34d1-4539-9777-057da57d529e
2026-05-07 18:51:50,140 | INFO | Heartbeat | watch=KXBTC15M-26MAY071900-00 yes_bid=79 yes_ask=80 no_bid=20 no_ask=21 book_ready=True position=False pending=False dry_run=False trust=synced run_id=020efa74-34d1-4539-9777-057da57d529e
2026-05-07 18:52:05,156 | INFO | Heartbeat | watch=KXBTC15M-26MAY071900-00 yes_bid=81 yes_ask=82 no_bid=18 no_ask=19 book_ready=True position=False pending=False dry_run=False trust=synced run_id=020efa74-34d1-4539-9777-057da57d529e
2026-05-07 18:52:20,232 | INFO | Heartbeat | watch=KXBTC15M-26MAY071900-00 yes_bid=76 yes_ask=77 no_bid=23 no_ask=24 book_ready=True position=False pending=False dry_run=False trust=synced run_id=020efa74-34d1-4539-9777-057da57d529e
2026-05-07 18:52:35,252 | INFO | Heartbeat | watch=KXBTC15M-26MAY071900-00 yes_bid=75 yes_ask=76 no_bid=24 no_ask=25 book_ready=True position=False pending=False dry_run=False trust=synced run_id=020efa74-34d1-4539-9777-057da57d529e
2026-05-07 18:52:50,284 | INFO | Heartbeat | watch=KXBTC15M-26MAY071900-00 yes_bid=80 yes_ask=81 no_bid=19 no_ask=20 book_ready=True position=False pending=False dry_run=False trust=synced run_id=020efa74-34d1-4539-9777-057da57d529e
2026-05-07 18:53:05,280 | INFO | Heartbeat | watch=KXBTC15M-26MAY071900-00 yes_bid=84 yes_ask=85 no_bid=15 no_ask=16 book_ready=True position=False pending=False dry_run=False trust=synced run_id=020efa74-34d1-4539-9777-057da57d529e
2026-05-07 18:53:20,318 | INFO | Heartbeat | watch=KXBTC15M-26MAY071900-00 yes_bid=86 yes_ask=87 no_bid=13 no_ask=14 book_ready=True position=False pending=False dry_run=False trust=synced run_id=020efa74-34d1-4539-9777-057da57d529e
2026-05-07 18:53:35,315 | INFO | Heartbeat | watch=KXBTC15M-26MAY071900-00 yes_bid=90 yes_ask=91 no_bid=9 no_ask=10 book_ready=True position=False pending=False dry_run=False trust=synced run_id=020efa74-34d1-4539-9777-057da57d529e
2026-05-07 18:53:50,347 | INFO | Heartbeat | watch=KXBTC15M-26MAY071900-00 yes_bid=92 yes_ask=92 no_bid=8 no_ask=8 book_ready=True position=False pending=False dry_run=False trust=synced run_id=020efa74-34d1-4539-9777-057da57d529e
2026-05-07 18:54:05,365 | INFO | Heartbeat | watch=KXBTC15M-26MAY071900-00 yes_bid=91 yes_ask=92 no_bid=8 no_ask=9 book_ready=True position=False pending=False dry_run=False trust=synced run_id=020efa74-34d1-4539-9777-057da57d529e
2026-05-07 18:54:20,386 | INFO | Heartbeat | watch=KXBTC15M-26MAY071900-00 yes_bid=93 yes_ask=93 no_bid=7 no_ask=7 book_ready=True position=False pending=False dry_run=False trust=synced run_id=020efa74-34d1-4539-9777-057da57d529e
2026-05-07 18:54:35,389 | INFO | Heartbeat | watch=KXBTC15M-26MAY071900-00 yes_bid=90 yes_ask=91 no_bid=9 no_ask=10 book_ready=True position=False pending=False dry_run=False trust=synced run_id=020efa74-34d1-4539-9777-057da57d529e
2026-05-07 18:54:50,428 | INFO | Heartbeat | watch=KXBTC15M-26MAY071900-00 yes_bid=89 yes_ask=90 no_bid=10 no_ask=11 book_ready=True position=False pending=False dry_run=False trust=synced run_id=020efa74-34d1-4539-9777-057da57d529e
2026-05-07 18:55:05,474 | INFO | Heartbeat | watch=KXBTC15M-26MAY071900-00 yes_bid=91 yes_ask=91 no_bid=9 no_ask=9 book_ready=True position=False pending=False dry_run=False trust=synced run_id=020efa74-34d1-4539-9777-057da57d529e
2026-05-07 18:55:20,503 | INFO | Heartbeat | watch=KXBTC15M-26MAY071900-00 yes_bid=91 yes_ask=91 no_bid=9 no_ask=9 book_ready=True position=False pending=False dry_run=False trust=synced run_id=020efa74-34d1-4539-9777-057da57d529e
2026-05-07 18:55:35,525 | INFO | Heartbeat | watch=KXBTC15M-26MAY071900-00 yes_bid=93 yes_ask=93 no_bid=7 no_ask=7 book_ready=True position=False pending=False dry_run=False trust=synced run_id=020efa74-34d1-4539-9777-057da57d529e
2026-05-07 18:55:50,534 | INFO | Heartbeat | watch=KXBTC15M-26MAY071900-00 yes_bid=92 yes_ask=93 no_bid=7 no_ask=8 book_ready=True position=False pending=False dry_run=False trust=synced run_id=020efa74-34d1-4539-9777-057da57d529e
2026-05-07 18:56:05,627 | INFO | Heartbeat | watch=KXBTC15M-26MAY071900-00 yes_bid=94 yes_ask=94 no_bid=6 no_ask=6 book_ready=True position=False pending=False dry_run=False trust=synced run_id=020efa74-34d1-4539-9777-057da57d529e
2026-05-07 18:56:20,662 | INFO | Heartbeat | watch=KXBTC15M-26MAY071900-00 yes_bid=97 yes_ask=97 no_bid=3 no_ask=3 book_ready=True position=False pending=False dry_run=False trust=synced run_id=020efa74-34d1-4539-9777-057da57d529e
2026-05-07 18:56:35,666 | INFO | Heartbeat | watch=KXBTC15M-26MAY071900-00 yes_bid=97 yes_ask=98 no_bid=2 no_ask=3 book_ready=True position=False pending=False dry_run=False trust=synced run_id=020efa74-34d1-4539-9777-057da57d529e
2026-05-07 18:56:50,662 | INFO | Heartbeat | watch=KXBTC15M-26MAY071900-00 yes_bid=99 yes_ask=99 no_bid=1 no_ask=1 book_ready=True position=False pending=False dry_run=False trust=synced run_id=020efa74-34d1-4539-9777-057da57d529e
2026-05-07 18:57:05,737 | INFO | Heartbeat | watch=KXBTC15M-26MAY071900-00 yes_bid=99 yes_ask=100 no_bid=0 no_ask=1 book_ready=True position=False pending=False dry_run=False trust=synced run_id=020efa74-34d1-4539-9777-057da57d529e
2026-05-07 18:57:20,784 | INFO | Heartbeat | watch=KXBTC15M-26MAY071900-00 yes_bid=100 yes_ask=100 no_bid=0 no_ask=0 book_ready=True position=False pending=False dry_run=False trust=synced run_id=020efa74-34d1-4539-9777-057da57d529e
2026-05-07 18:57:35,822 | INFO | Heartbeat | watch=KXBTC15M-26MAY071900-00 yes_bid=99 yes_ask=100 no_bid=0 no_ask=1 book_ready=True position=False pending=False dry_run=False trust=synced run_id=020efa74-34d1-4539-9777-057da57d529e
2026-05-07 18:57:50,819 | INFO | Heartbeat | watch=KXBTC15M-26MAY071900-00 yes_bid=98 yes_ask=98 no_bid=2 no_ask=2 book_ready=True position=False pending=False dry_run=False trust=synced run_id=020efa74-34d1-4539-9777-057da57d529e
2026-05-07 18:58:05,834 | INFO | Heartbeat | watch=KXBTC15M-26MAY071900-00 yes_bid=99 yes_ask=100 no_bid=0 no_ask=1 book_ready=True position=False pending=False dry_run=False trust=synced run_id=020efa74-34d1-4539-9777-057da57d529e
2026-05-07 18:58:20,848 | INFO | Heartbeat | watch=KXBTC15M-26MAY071900-00 yes_bid=100 yes_ask=100 no_bid=0 no_ask=0 book_ready=True position=False pending=False dry_run=False trust=synced run_id=020efa74-34d1-4539-9777-057da57d529e
2026-05-07 18:58:35,878 | INFO | Heartbeat | watch=KXBTC15M-26MAY071900-00 yes_bid=100 yes_ask=100 no_bid=0 no_ask=0 book_ready=True position=False pending=False dry_run=False trust=synced run_id=020efa74-34d1-4539-9777-057da57d529e
2026-05-07 18:58:50,930 | INFO | Heartbeat | watch=KXBTC15M-26MAY071900-00 yes_bid=100 yes_ask=100 no_bid=0 no_ask=0 book_ready=True position=False pending=False dry_run=False trust=synced run_id=020efa74-34d1-4539-9777-057da57d529e
2026-05-07 18:59:05,962 | INFO | Heartbeat | watch=KXBTC15M-26MAY071900-00 yes_bid=100 yes_ask=100 no_bid=0 no_ask=0 book_ready=True position=False pending=False dry_run=False trust=synced run_id=020efa74-34d1-4539-9777-057da57d529e
2026-05-07 18:59:20,951 | INFO | Heartbeat | watch=KXBTC15M-26MAY071900-00 yes_bid=100 yes_ask=100 no_bid=0 no_ask=0 book_ready=True position=False pending=False dry_run=False trust=synced run_id=020efa74-34d1-4539-9777-057da57d529e
2026-05-07 18:59:35,989 | INFO | Heartbeat | watch=KXBTC15M-26MAY071900-00 yes_bid=100 yes_ask=100 no_bid=0 no_ask=0 book_ready=True position=False pending=False dry_run=False trust=synced run_id=020efa74-34d1-4539-9777-057da57d529e
2026-05-07 18:59:51,060 | INFO | Heartbeat | watch=KXBTC15M-26MAY071900-00 yes_bid=100 yes_ask=100 no_bid=0 no_ask=0 book_ready=True position=False pending=False dry_run=False trust=synced run_id=020efa74-34d1-4539-9777-057da57d529e
2026-05-07 19:00:06,052 | INFO | Heartbeat | watch=KXBTC15M-26MAY071900-00 yes_bid=0 yes_ask=100 no_bid=0 no_ask=100 book_ready=True position=False pending=False dry_run=False trust=synced run_id=020efa74-34d1-4539-9777-057da57d529e
2026-05-07 19:00:08,085 | INFO | Orderbook snapshot ready for KXBTC15M-26MAY071900-00
2026-05-07 19:00:21,095 | INFO | Heartbeat | watch=KXBTC15M-26MAY071900-00 yes_bid=0 yes_ask=100 no_bid=0 no_ask=100 book_ready=True position=False pending=False dry_run=False trust=synced run_id=020efa74-34d1-4539-9777-057da57d529e
2026-05-07 19:00:30,884 | INFO | Watching market KXBTC15M-26MAY071915-15 close_time=2026-05-07T23:15:00Z status=active strike=79911.96 run_id=020efa74-34d1-4539-9777-057da57d529e
2026-05-07 19:00:31,074 | INFO | WS connected for KXBTC15M-26MAY071915-15
2026-05-07 19:00:31,101 | INFO | WS subscribed payload: {'type': 'subscribed', 'id': 6, 'msg': {'channel': 'ticker', 'sid': 1}}
2026-05-07 19:00:31,101 | INFO | WS subscribed payload: {'type': 'subscribed', 'id': 6, 'msg': {'channel': 'orderbook_delta', 'sid': 2}}
2026-05-07 19:00:31,108 | INFO | Orderbook snapshot ready for KXBTC15M-26MAY071915-15
2026-05-07 19:00:36,101 | INFO | Heartbeat | watch=KXBTC15M-26MAY071915-15 yes_bid=36 yes_ask=37 no_bid=63 no_ask=64 book_ready=True position=False pending=False dry_run=False trust=synced run_id=020efa74-34d1-4539-9777-057da57d529e
2026-05-07 19:00:51,137 | INFO | Heartbeat | watch=KXBTC15M-26MAY071915-15 yes_bid=36 yes_ask=37 no_bid=63 no_ask=64 book_ready=True position=False pending=False dry_run=False trust=synced run_id=020efa74-34d1-4539-9777-057da57d529e
2026-05-07 19:01:06,161 | INFO | Heartbeat | watch=KXBTC15M-26MAY071915-15 yes_bid=43 yes_ask=44 no_bid=56 no_ask=57 book_ready=True position=False pending=False dry_run=False trust=synced run_id=020efa74-34d1-4539-9777-057da57d529e
2026-05-07 19:01:21,162 | INFO | Heartbeat | watch=KXBTC15M-26MAY071915-15 yes_bid=42 yes_ask=43 no_bid=57 no_ask=58 book_ready=True position=False pending=False dry_run=False trust=synced run_id=020efa74-34d1-4539-9777-057da57d529e
2026-05-07 19:01:36,185 | INFO | Heartbeat | watch=KXBTC15M-26MAY071915-15 yes_bid=50 yes_ask=51 no_bid=49 no_ask=50 book_ready=True position=False pending=False dry_run=False trust=synced run_id=020efa74-34d1-4539-9777-057da57d529e
2026-05-07 19:01:51,185 | INFO | Heartbeat | watch=KXBTC15M-26MAY071915-15 yes_bid=43 yes_ask=44 no_bid=56 no_ask=57 book_ready=True position=False pending=False dry_run=False trust=synced run_id=020efa74-34d1-4539-9777-057da57d529e
2026-05-07 19:02:06,220 | INFO | Heartbeat | watch=KXBTC15M-26MAY071915-15 yes_bid=44 yes_ask=45 no_bid=55 no_ask=56 book_ready=True position=False pending=False dry_run=False trust=synced run_id=020efa74-34d1-4539-9777-057da57d529e
2026-05-07 19:02:21,226 | INFO | Heartbeat | watch=KXBTC15M-26MAY071915-15 yes_bid=50 yes_ask=51 no_bid=49 no_ask=50 book_ready=True position=False pending=False dry_run=False trust=synced run_id=020efa74-34d1-4539-9777-057da57d529e
2026-05-07 19:02:36,218 | INFO | Heartbeat | watch=KXBTC15M-26MAY071915-15 yes_bid=55 yes_ask=56 no_bid=44 no_ask=45 book_ready=True position=False pending=False dry_run=False trust=synced run_id=020efa74-34d1-4539-9777-057da57d529e
2026-05-07 19:02:51,235 | INFO | Heartbeat | watch=KXBTC15M-26MAY071915-15 yes_bid=56 yes_ask=57 no_bid=43 no_ask=44 book_ready=True position=False pending=False dry_run=False trust=synced run_id=020efa74-34d1-4539-9777-057da57d529e
2026-05-07 19:03:03,257 | WARNING | Market refresh failed. Keeping current watch. Error: HTTPSConnectionPool(host='api.elections.kalshi.com', port=443): Read timed out. (read timeout=5.0)
2026-05-07 19:03:03,412 | WARNING | Live account state refresh failed. Blocking live entries until refresh succeeds. Error: HTTPSConnectionPool(host='api.elections.kalshi.com', port=443): Read timed out. (read timeout=5.0)
2026-05-07 19:03:06,271 | INFO | Heartbeat | watch=KXBTC15M-26MAY071915-15 yes_bid=56 yes_ask=57 no_bid=43 no_ask=44 book_ready=True position=False pending=False dry_run=False trust=synced run_id=020efa74-34d1-4539-9777-057da57d529e
2026-05-07 19:03:21,254 | WARNING | Mushroom v28 BTC tick stream failed. reconnect_seconds=1.00 error=no close frame received or sent
2026-05-07 19:03:21,309 | INFO | Heartbeat | watch=KXBTC15M-26MAY071915-15 yes_bid=56 yes_ask=57 no_bid=43 no_ask=44 book_ready=True position=False pending=False dry_run=False trust=synced run_id=020efa74-34d1-4539-9777-057da57d529e
2026-05-07 19:03:22,534 | INFO | Mushroom v28 BTC tick stream connected | source=coinbase url=wss://ws-feed.exchange.coinbase.com
2026-05-07 19:03:30,303 | WARNING | WS loop error for KXBTC15M-26MAY071915-15: no close frame received or sent
2026-05-07 19:03:31,496 | INFO | WS connected for KXBTC15M-26MAY071915-15
2026-05-07 19:03:31,529 | INFO | WS subscribed payload: {'type': 'subscribed', 'id': 6, 'msg': {'channel': 'ticker', 'sid': 1}}
2026-05-07 19:03:31,529 | INFO | WS subscribed payload: {'type': 'subscribed', 'id': 6, 'msg': {'channel': 'orderbook_delta', 'sid': 2}}
2026-05-07 19:03:31,529 | INFO | Orderbook snapshot ready for KXBTC15M-26MAY071915-15
2026-05-07 19:03:36,343 | INFO | Heartbeat | watch=KXBTC15M-26MAY071915-15 yes_bid=48 yes_ask=49 no_bid=51 no_ask=52 book_ready=True position=False pending=False dry_run=False trust=synced run_id=020efa74-34d1-4539-9777-057da57d529e
2026-05-07 19:03:51,390 | INFO | Heartbeat | watch=KXBTC15M-26MAY071915-15 yes_bid=56 yes_ask=57 no_bid=43 no_ask=44 book_ready=True position=False pending=False dry_run=False trust=synced run_id=020efa74-34d1-4539-9777-057da57d529e
2026-05-07 19:04:06,397 | INFO | Heartbeat | watch=KXBTC15M-26MAY071915-15 yes_bid=60 yes_ask=61 no_bid=39 no_ask=40 book_ready=True position=False pending=False dry_run=False trust=synced run_id=020efa74-34d1-4539-9777-057da57d529e
2026-05-07 19:04:21,414 | INFO | Heartbeat | watch=KXBTC15M-26MAY071915-15 yes_bid=56 yes_ask=58 no_bid=42 no_ask=44 book_ready=True position=False pending=False dry_run=False trust=synced run_id=020efa74-34d1-4539-9777-057da57d529e
2026-05-07 19:04:36,433 | INFO | Heartbeat | watch=KXBTC15M-26MAY071915-15 yes_bid=68 yes_ask=69 no_bid=31 no_ask=32 book_ready=True position=False pending=False dry_run=False trust=synced run_id=020efa74-34d1-4539-9777-057da57d529e
2026-05-07 19:04:51,433 | INFO | Heartbeat | watch=KXBTC15M-26MAY071915-15 yes_bid=66 yes_ask=69 no_bid=31 no_ask=34 book_ready=True position=False pending=False dry_run=False trust=synced run_id=020efa74-34d1-4539-9777-057da57d529e
2026-05-07 19:05:06,451 | INFO | Heartbeat | watch=KXBTC15M-26MAY071915-15 yes_bid=68 yes_ask=70 no_bid=30 no_ask=32 book_ready=True position=False pending=False dry_run=False trust=synced run_id=020efa74-34d1-4539-9777-057da57d529e
2026-05-07 19:05:21,456 | INFO | Heartbeat | watch=KXBTC15M-26MAY071915-15 yes_bid=66 yes_ask=67 no_bid=33 no_ask=34 book_ready=True position=False pending=False dry_run=False trust=synced run_id=020efa74-34d1-4539-9777-057da57d529e
2026-05-07 19:05:36,478 | INFO | Heartbeat | watch=KXBTC15M-26MAY071915-15 yes_bid=64 yes_ask=65 no_bid=35 no_ask=36 book_ready=True position=False pending=False dry_run=False trust=synced run_id=020efa74-34d1-4539-9777-057da57d529e
2026-05-07 19:05:51,490 | INFO | Heartbeat | watch=KXBTC15M-26MAY071915-15 yes_bid=64 yes_ask=65 no_bid=35 no_ask=36 book_ready=True position=False pending=False dry_run=False trust=synced run_id=020efa74-34d1-4539-9777-057da57d529e
2026-05-07 19:06:06,540 | INFO | Heartbeat | watch=KXBTC15M-26MAY071915-15 yes_bid=65 yes_ask=67 no_bid=33 no_ask=35 book_ready=True position=False pending=False dry_run=False trust=synced run_id=020efa74-34d1-4539-9777-057da57d529e
2026-05-07 19:06:21,588 | INFO | Heartbeat | watch=KXBTC15M-26MAY071915-15 yes_bid=67 yes_ask=69 no_bid=31 no_ask=33 book_ready=True position=False pending=False dry_run=False trust=synced run_id=020efa74-34d1-4539-9777-057da57d529e
2026-05-07 19:06:36,623 | INFO | Heartbeat | watch=KXBTC15M-26MAY071915-15 yes_bid=72 yes_ask=74 no_bid=26 no_ask=28 book_ready=True position=False pending=False dry_run=False trust=synced run_id=020efa74-34d1-4539-9777-057da57d529e
2026-05-07 19:06:51,659 | INFO | Heartbeat | watch=KXBTC15M-26MAY071915-15 yes_bid=77 yes_ask=78 no_bid=22 no_ask=23 book_ready=True position=False pending=False dry_run=False trust=synced run_id=020efa74-34d1-4539-9777-057da57d529e
2026-05-07 19:07:06,665 | INFO | Heartbeat | watch=KXBTC15M-26MAY071915-15 yes_bid=78 yes_ask=80 no_bid=20 no_ask=22 book_ready=True position=False pending=False dry_run=False trust=synced run_id=020efa74-34d1-4539-9777-057da57d529e
2026-05-07 19:07:21,671 | INFO | Heartbeat | watch=KXBTC15M-26MAY071915-15 yes_bid=79 yes_ask=80 no_bid=20 no_ask=21 book_ready=True position=False pending=False dry_run=False trust=synced run_id=020efa74-34d1-4539-9777-057da57d529e
