2026-05-07 18:03:13 -04:00 | started strategy=mushroom_v28_common_clock_exit_guard_v1_size1_live interval_seconds=60 max_loss_cluster=3 max_drawdown_cents=200
2026-05-07 18:03:14 -04:00 | monitor_error=Cannot process argument because the value of argument "name" is not valid. Change the value of the "name" argument and run the operation again.
2026-05-07 18:04:16 -04:00 | monitor_error=Cannot process argument because the value of argument "name" is not valid. Change the value of the "name" argument and run the operation again.
2026-05-07 18:04:36 -04:00 | started strategy=mushroom_v28_common_clock_exit_guard_v1_size1_live interval_seconds=60 max_loss_cluster=3 max_drawdown_cents=200
2026-05-07 18:04:37 -04:00 | monitor_error line=120 type=PSArgumentException message=Cannot process argument because the value of argument "name" is not valid. Change the value of the "name" argument and run the operation again. command=$statusReport = Get-Content -LiteralPath $statusJson -Raw | ConvertFrom-Json
2026-05-07 18:05:39 -04:00 | decision=ok status=running_waiting_for_first_entry entries=0 round_trips=0 net_cents=0 loss_cluster=0 positions=0 orders=0 latest=mushroom_v28_rejected/p_below_floor
2026-05-07 18:06:41 -04:00 | decision=ok status=running_waiting_for_first_entry entries=0 round_trips=0 net_cents=0 loss_cluster=0 positions=0 orders=0 latest=mushroom_v28_rejected/edge_below_floor
2026-05-07 18:07:42 -04:00 | decision=ok status=running_waiting_for_first_entry entries=0 round_trips=0 net_cents=0 loss_cluster=0 positions=0 orders=0 latest=mushroom_v28_rejected/ask_too_high
2026-05-07 18:08:44 -04:00 | decision=ok status=running_waiting_for_first_entry entries=0 round_trips=0 net_cents=0 loss_cluster=0 positions=0 orders=0 latest=mushroom_v28_rejected/ask_too_high
2026-05-07 18:09:46 -04:00 | decision=ok status=running_waiting_for_first_entry entries=0 round_trips=0 net_cents=0 loss_cluster=0 positions=0 orders=0 latest=mushroom_v28_rejected/edge_below_floor
2026-05-07 18:10:11 -04:00 | started strategy=mushroom_v28_common_clock_exit_guard_v1_size1_live interval_seconds=60 max_loss_cluster=3 max_drawdown_cents=200 max_zero_fill_count=3
2026-05-07 18:10:13 -04:00 | decision=ok status=running_waiting_for_first_entry entries=0 round_trips=0 net_cents=0 loss_cluster=0 zero_fills=1 filled_events=0 positions=0 orders=0 latest=mushroom_v28_rejected/p_below_floor
2026-05-07 18:11:15 -04:00 | decision=ok status=running_waiting_for_first_entry entries=0 round_trips=0 net_cents=0 loss_cluster=0 zero_fills=1 filled_events=0 positions=0 orders=0 latest=mushroom_v28_rejected/p_below_floor
2026-05-07 18:12:18 -04:00 | decision=ok status=running_waiting_for_first_entry entries=0 round_trips=0 net_cents=0 loss_cluster=0 zero_fills=1 filled_events=0 positions=0 orders=0 latest=mushroom_v28_rejected/p_below_floor
2026-05-07 18:13:21 -04:00 | decision=ok status=running_waiting_for_first_entry entries=0 round_trips=0 net_cents=0 loss_cluster=0 zero_fills=1 filled_events=0 positions=0 orders=0 latest=mushroom_v28_rejected/ask_too_high
2026-05-07 18:14:23 -04:00 | decision=ok status=running_waiting_for_first_entry entries=0 round_trips=0 net_cents=0 loss_cluster=0 zero_fills=1 filled_events=0 positions=0 orders=0 latest=mushroom_v28_rejected/time_window
2026-05-07 18:15:25 -04:00 | decision=ok status=running_waiting_for_first_entry entries=0 round_trips=0 net_cents=0 loss_cluster=0 zero_fills=1 filled_events=0 positions=0 orders=0 latest=mushroom_v28_rejected/missing_horizon
2026-05-07 18:16:28 -04:00 | decision=ok status=running_waiting_for_first_entry entries=0 round_trips=0 net_cents=0 loss_cluster=0 zero_fills=1 filled_events=0 positions=0 orders=0 latest=mushroom_v28_rejected/p_below_floor
2026-05-07 18:17:31 -04:00 | decision=ok status=running_waiting_for_first_entry entries=0 round_trips=0 net_cents=0 loss_cluster=0 zero_fills=1 filled_events=0 positions=0 orders=0 latest=mushroom_v28_rejected/p_below_floor
2026-05-07 18:18:33 -04:00 | decision=ok status=running_waiting_for_first_entry entries=0 round_trips=0 net_cents=0 loss_cluster=0 zero_fills=1 filled_events=0 positions=0 orders=0 latest=mushroom_v28_rejected/p_below_floor
2026-05-07 18:19:35 -04:00 | decision=ok status=running_waiting_for_first_entry entries=0 round_trips=0 net_cents=0 loss_cluster=0 zero_fills=1 filled_events=0 positions=0 orders=0 latest=mushroom_v28_rejected/btc_stale
2026-05-07 18:20:37 -04:00 | decision=ok status=running_waiting_for_first_entry entries=0 round_trips=0 net_cents=0 loss_cluster=0 zero_fills=1 filled_events=0 positions=0 orders=0 latest=mushroom_v28_rejected/ask_too_high
2026-05-07 18:21:40 -04:00 | decision=ok status=running_waiting_for_first_entry entries=0 round_trips=0 net_cents=0 loss_cluster=0 zero_fills=1 filled_events=0 positions=0 orders=0 latest=mushroom_v28_rejected/ask_too_high
2026-05-07 18:22:42 -04:00 | decision=ok status=running_waiting_for_first_entry entries=0 round_trips=0 net_cents=0 loss_cluster=0 zero_fills=1 filled_events=0 positions=0 orders=0 latest=mushroom_v28_rejected/btc_stale
2026-05-07 18:23:44 -04:00 | decision=ok status=running_waiting_for_first_entry entries=0 round_trips=0 net_cents=0 loss_cluster=0 zero_fills=1 filled_events=0 positions=0 orders=0 latest=mushroom_v28_rejected/ask_too_high
2026-05-07 18:24:47 -04:00 | decision=ok status=running_waiting_for_first_entry entries=0 round_trips=0 net_cents=0 loss_cluster=0 zero_fills=1 filled_events=0 positions=0 orders=0 latest=mushroom_v28_rejected/ask_too_high
2026-05-07 18:25:49 -04:00 | decision=ok status=running_waiting_for_first_entry entries=0 round_trips=0 net_cents=0 loss_cluster=0 zero_fills=1 filled_events=0 positions=0 orders=0 latest=mushroom_v28_rejected/p_below_floor
2026-05-07 18:26:51 -04:00 | decision=ok status=running_waiting_for_first_entry entries=0 round_trips=0 net_cents=0 loss_cluster=0 zero_fills=1 filled_events=0 positions=0 orders=0 latest=mushroom_v28_rejected/p_below_floor
2026-05-07 18:27:53 -04:00 | decision=ok status=running_waiting_for_first_entry entries=0 round_trips=0 net_cents=0 loss_cluster=0 zero_fills=1 filled_events=0 positions=0 orders=0 latest=mushroom_v28_rejected/p_below_floor
2026-05-07 18:28:55 -04:00 | decision=ok status=running_waiting_for_first_entry entries=0 round_trips=0 net_cents=0 loss_cluster=0 zero_fills=1 filled_events=0 positions=0 orders=0 latest=mushroom_v28_rejected/time_window
2026-05-07 18:29:58 -04:00 | decision=ok status=running_waiting_for_first_entry entries=0 round_trips=0 net_cents=0 loss_cluster=0 zero_fills=1 filled_events=0 positions=0 orders=0 latest=mushroom_v28_rejected/time_window
2026-05-07 18:31:01 -04:00 | decision=ok status=running_waiting_for_first_entry entries=0 round_trips=0 net_cents=0 loss_cluster=0 zero_fills=1 filled_events=0 positions=0 orders=0 latest=mushroom_v28_rejected/p_below_floor
2026-05-07 18:32:03 -04:00 | decision=ok status=running_waiting_for_first_entry entries=0 round_trips=0 net_cents=0 loss_cluster=0 zero_fills=1 filled_events=0 positions=0 orders=0 latest=mushroom_v28_rejected/p_below_floor
2026-05-07 18:33:06 -04:00 | decision=ok status=running_waiting_for_first_entry entries=0 round_trips=0 net_cents=0 loss_cluster=0 zero_fills=1 filled_events=0 positions=0 orders=0 latest=mushroom_v28_rejected/p_below_floor
2026-05-07 18:34:08 -04:00 | decision=ok status=running_waiting_for_first_entry entries=0 round_trips=0 net_cents=0 loss_cluster=0 zero_fills=1 filled_events=0 positions=0 orders=0 latest=mushroom_v28_rejected/p_below_floor
2026-05-07 18:35:11 -04:00 | decision=ok status=running_waiting_for_first_entry entries=0 round_trips=0 net_cents=0 loss_cluster=0 zero_fills=1 filled_events=0 positions=0 orders=0 latest=mushroom_v28_rejected/ask_too_high
2026-05-07 18:36:13 -04:00 | decision=ok status=running_waiting_for_first_entry entries=0 round_trips=0 net_cents=0 loss_cluster=0 zero_fills=1 filled_events=0 positions=0 orders=0 latest=mushroom_v28_rejected/btc_stale
2026-05-07 18:37:16 -04:00 | decision=ok status=running_waiting_for_first_entry entries=0 round_trips=0 net_cents=0 loss_cluster=0 zero_fills=1 filled_events=0 positions=0 orders=0 latest=mushroom_v28_rejected/ask_too_high
2026-05-07 18:38:19 -04:00 | decision=ok status=running_waiting_for_first_entry entries=0 round_trips=0 net_cents=0 loss_cluster=0 zero_fills=1 filled_events=0 positions=0 orders=0 latest=mushroom_v28_rejected/p_below_floor
2026-05-07 18:39:21 -04:00 | decision=ok status=running_waiting_for_first_entry entries=0 round_trips=0 net_cents=0 loss_cluster=0 zero_fills=1 filled_events=0 positions=0 orders=0 latest=mushroom_v28_rejected/p_below_floor
2026-05-07 18:40:24 -04:00 | decision=ok status=running_waiting_for_first_entry entries=0 round_trips=0 net_cents=0 loss_cluster=0 zero_fills=1 filled_events=0 positions=0 orders=0 latest=mushroom_v28_rejected/p_below_floor
2026-05-07 18:41:26 -04:00 | decision=ok status=running_waiting_for_first_entry entries=0 round_trips=0 net_cents=0 loss_cluster=0 zero_fills=1 filled_events=0 positions=0 orders=0 latest=mushroom_v28_rejected/btc_stale
2026-05-07 18:42:28 -04:00 | decision=ok status=running_waiting_for_first_entry entries=0 round_trips=0 net_cents=0 loss_cluster=0 zero_fills=1 filled_events=0 positions=0 orders=0 latest=mushroom_v28_rejected/p_below_floor
2026-05-07 18:43:31 -04:00 | decision=ok status=running_waiting_for_first_entry entries=0 round_trips=0 net_cents=0 loss_cluster=0 zero_fills=1 filled_events=0 positions=0 orders=0 latest=mushroom_v28_rejected/p_below_floor
2026-05-07 18:44:33 -04:00 | decision=ok status=running_waiting_for_first_entry entries=0 round_trips=0 net_cents=0 loss_cluster=0 zero_fills=1 filled_events=0 positions=0 orders=0 latest=mushroom_v28_rejected/time_window
2026-05-07 18:45:36 -04:00 | decision=ok status=running_waiting_for_first_entry entries=0 round_trips=0 net_cents=0 loss_cluster=0 zero_fills=1 filled_events=0 positions=0 orders=0 latest=mushroom_v28_rejected/p_below_floor
2026-05-07 18:46:41 -04:00 | decision=ok status=running_waiting_for_first_entry entries=0 round_trips=0 net_cents=0 loss_cluster=0 zero_fills=1 filled_events=0 positions=0 orders=0 latest=mushroom_v28_rejected/btc_stale
2026-05-07 18:47:45 -04:00 | decision=ok status=running_waiting_for_first_entry entries=0 round_trips=0 net_cents=0 loss_cluster=0 zero_fills=1 filled_events=0 positions=0 orders=0 latest=mushroom_v28_rejected/book_stale
2026-05-07 18:48:49 -04:00 | decision=ok status=running_waiting_for_first_entry entries=0 round_trips=0 net_cents=0 loss_cluster=0 zero_fills=1 filled_events=0 positions=0 orders=0 latest=mushroom_v28_rejected/btc_stale
2026-05-07 18:49:53 -04:00 | decision=ok status=running_waiting_for_first_entry entries=0 round_trips=0 net_cents=0 loss_cluster=0 zero_fills=1 filled_events=0 positions=0 orders=0 latest=mushroom_v28_rejected/btc_stale
2026-05-07 18:50:58 -04:00 | decision=ok status=running_waiting_for_first_entry entries=0 round_trips=0 net_cents=0 loss_cluster=0 zero_fills=1 filled_events=0 positions=0 orders=0 latest=mushroom_v28_rejected/p_below_floor
2026-05-07 18:52:02 -04:00 | decision=ok status=running_waiting_for_first_entry entries=0 round_trips=0 net_cents=0 loss_cluster=0 zero_fills=1 filled_events=0 positions=0 orders=0 latest=mushroom_v28_rejected/btc_stale
2026-05-07 18:53:06 -04:00 | decision=ok status=running_waiting_for_first_entry entries=0 round_trips=0 net_cents=0 loss_cluster=0 zero_fills=1 filled_events=0 positions=0 orders=0 latest=mushroom_v28_rejected/btc_stale
2026-05-07 18:54:10 -04:00 | decision=ok status=running_waiting_for_first_entry entries=0 round_trips=0 net_cents=0 loss_cluster=0 zero_fills=1 filled_events=0 positions=0 orders=0 latest=mushroom_v28_rejected/btc_stale
2026-05-07 18:55:14 -04:00 | decision=ok status=running_waiting_for_first_entry entries=0 round_trips=0 net_cents=0 loss_cluster=0 zero_fills=1 filled_events=0 positions=0 orders=0 latest=mushroom_v28_rejected/ask_too_high
2026-05-07 18:56:19 -04:00 | decision=ok status=running_waiting_for_first_entry entries=0 round_trips=0 net_cents=0 loss_cluster=0 zero_fills=1 filled_events=0 positions=0 orders=0 latest=mushroom_v28_rejected/btc_stale
2026-05-07 18:57:23 -04:00 | decision=ok status=running_waiting_for_first_entry entries=0 round_trips=0 net_cents=0 loss_cluster=0 zero_fills=1 filled_events=0 positions=0 orders=0 latest=mushroom_v28_rejected/btc_stale
2026-05-07 18:58:27 -04:00 | decision=ok status=running_waiting_for_first_entry entries=0 round_trips=0 net_cents=0 loss_cluster=0 zero_fills=1 filled_events=0 positions=0 orders=0 latest=mushroom_v28_rejected/book_stale
2026-05-07 18:59:31 -04:00 | decision=ok status=running_waiting_for_first_entry entries=0 round_trips=0 net_cents=0 loss_cluster=0 zero_fills=1 filled_events=0 positions=0 orders=0 latest=mushroom_v28_rejected/time_window
2026-05-07 19:00:39 -04:00 | decision=ok status=running_waiting_for_first_entry entries=0 round_trips=0 net_cents=0 loss_cluster=0 zero_fills=1 filled_events=0 positions=0 orders=0 latest=mushroom_v28_rejected/btc_stale
2026-05-07 19:01:45 -04:00 | decision=ok status=running_waiting_for_first_entry entries=0 round_trips=0 net_cents=0 loss_cluster=0 zero_fills=1 filled_events=0 positions=0 orders=0 latest=mushroom_v28_rejected/book_stale
2026-05-07 19:02:49 -04:00 | decision=ok status=running_waiting_for_first_entry entries=0 round_trips=0 net_cents=0 loss_cluster=0 zero_fills=1 filled_events=0 positions=0 orders=0 latest=mushroom_v28_rejected/btc_stale
2026-05-07 19:03:53 -04:00 | decision=ok status=running_waiting_for_first_entry entries=0 round_trips=0 net_cents=0 loss_cluster=0 zero_fills=1 filled_events=0 positions=0 orders=0 latest=mushroom_v28_rejected/book_stale
2026-05-07 19:04:58 -04:00 | decision=ok status=running_waiting_for_first_entry entries=0 round_trips=0 net_cents=0 loss_cluster=0 zero_fills=1 filled_events=0 positions=0 orders=0 latest=mushroom_v28_rejected/book_stale
2026-05-07 19:06:02 -04:00 | decision=ok status=running_waiting_for_first_entry entries=0 round_trips=0 net_cents=0 loss_cluster=0 zero_fills=1 filled_events=0 positions=0 orders=0 latest=mushroom_v28_rejected/book_stale
2026-05-07 19:07:07 -04:00 | decision=ok status=running_waiting_for_first_entry entries=0 round_trips=0 net_cents=0 loss_cluster=0 zero_fills=1 filled_events=0 positions=0 orders=0 latest=mushroom_v28_rejected/book_stale
2026-05-07 19:07:34 -04:00 | decision=switch_to_sourcefix action=stopped_flat_process reason=source_quality_repair positions=0 orders=0
