2026-05-05 12:39:37,705 | INFO | Starting WS bot. run_id=24270740-7c7c-4852-a36f-48d913955980 dry_run=True base_url=https://api.elections.kalshi.com/trade-api/v2 ws_url=wss://api.elections.kalshi.com/trade-api/ws/v2 series=KXBTC15M
2026-05-05 12:39:37,971 | INFO | Mushroom v28 BTC tick stream connected | source=coinbase url=wss://ws-feed.exchange.coinbase.com
2026-05-05 12:39:38,142 | INFO | Watching market KXBTC15M-26MAY051245-45 close_time=2026-05-05T16:45:00Z status=active strike=81421.85 run_id=24270740-7c7c-4852-a36f-48d913955980
2026-05-05 12:39:38,144 | INFO | Heartbeat | watch=KXBTC15M-26MAY051245-45 yes_bid=None yes_ask=None no_bid=None no_ask=None book_ready=False position=False pending=False dry_run=True trust=cold run_id=24270740-7c7c-4852-a36f-48d913955980
2026-05-05 12:39:38,285 | INFO | WS connected for KXBTC15M-26MAY051245-45
2026-05-05 12:39:38,319 | INFO | WS subscribed payload: {'type': 'subscribed', 'id': 1, 'msg': {'channel': 'ticker', 'sid': 1}}
2026-05-05 12:39:38,319 | INFO | WS subscribed payload: {'type': 'subscribed', 'id': 1, 'msg': {'channel': 'orderbook_delta', 'sid': 2}}
2026-05-05 12:39:38,320 | INFO | Orderbook snapshot ready for KXBTC15M-26MAY051245-45
2026-05-05 12:39:53,169 | INFO | Heartbeat | watch=KXBTC15M-26MAY051245-45 yes_bid=1 yes_ask=2 no_bid=98 no_ask=99 book_ready=True position=False pending=False dry_run=True trust=synced run_id=24270740-7c7c-4852-a36f-48d913955980
2026-05-05 12:40:08,209 | INFO | Heartbeat | watch=KXBTC15M-26MAY051245-45 yes_bid=1 yes_ask=1 no_bid=99 no_ask=99 book_ready=True position=False pending=False dry_run=True trust=synced run_id=24270740-7c7c-4852-a36f-48d913955980
2026-05-05 12:40:23,250 | INFO | Heartbeat | watch=KXBTC15M-26MAY051245-45 yes_bid=0 yes_ask=1 no_bid=99 no_ask=100 book_ready=True position=False pending=False dry_run=True trust=synced run_id=24270740-7c7c-4852-a36f-48d913955980
2026-05-05 12:40:38,289 | INFO | Heartbeat | watch=KXBTC15M-26MAY051245-45 yes_bid=0 yes_ask=1 no_bid=99 no_ask=100 book_ready=True position=False pending=False dry_run=True trust=synced run_id=24270740-7c7c-4852-a36f-48d913955980
2026-05-05 12:40:53,315 | INFO | Heartbeat | watch=KXBTC15M-26MAY051245-45 yes_bid=0 yes_ask=0 no_bid=100 no_ask=100 book_ready=True position=False pending=False dry_run=True trust=synced run_id=24270740-7c7c-4852-a36f-48d913955980
2026-05-05 12:41:08,315 | INFO | Heartbeat | watch=KXBTC15M-26MAY051245-45 yes_bid=0 yes_ask=1 no_bid=99 no_ask=100 book_ready=True position=False pending=False dry_run=True trust=synced run_id=24270740-7c7c-4852-a36f-48d913955980
2026-05-05 12:41:23,315 | INFO | Heartbeat | watch=KXBTC15M-26MAY051245-45 yes_bid=0 yes_ask=1 no_bid=99 no_ask=100 book_ready=True position=False pending=False dry_run=True trust=synced run_id=24270740-7c7c-4852-a36f-48d913955980
2026-05-05 12:41:38,345 | INFO | Heartbeat | watch=KXBTC15M-26MAY051245-45 yes_bid=1 yes_ask=1 no_bid=99 no_ask=99 book_ready=True position=False pending=False dry_run=True trust=synced run_id=24270740-7c7c-4852-a36f-48d913955980
2026-05-05 12:41:53,370 | INFO | Heartbeat | watch=KXBTC15M-26MAY051245-45 yes_bid=0 yes_ask=1 no_bid=99 no_ask=100 book_ready=True position=False pending=False dry_run=True trust=synced run_id=24270740-7c7c-4852-a36f-48d913955980
2026-05-05 12:42:08,381 | INFO | Heartbeat | watch=KXBTC15M-26MAY051245-45 yes_bid=0 yes_ask=1 no_bid=99 no_ask=100 book_ready=True position=False pending=False dry_run=True trust=synced run_id=24270740-7c7c-4852-a36f-48d913955980
2026-05-05 12:42:23,394 | INFO | Heartbeat | watch=KXBTC15M-26MAY051245-45 yes_bid=0 yes_ask=1 no_bid=99 no_ask=100 book_ready=True position=False pending=False dry_run=True trust=synced run_id=24270740-7c7c-4852-a36f-48d913955980
2026-05-05 12:42:38,465 | INFO | Heartbeat | watch=KXBTC15M-26MAY051245-45 yes_bid=0 yes_ask=1 no_bid=99 no_ask=100 book_ready=True position=False pending=False dry_run=True trust=synced run_id=24270740-7c7c-4852-a36f-48d913955980
2026-05-05 12:42:53,487 | INFO | Heartbeat | watch=KXBTC15M-26MAY051245-45 yes_bid=0 yes_ask=0 no_bid=100 no_ask=100 book_ready=True position=False pending=False dry_run=True trust=synced run_id=24270740-7c7c-4852-a36f-48d913955980
2026-05-05 12:43:08,500 | INFO | Heartbeat | watch=KXBTC15M-26MAY051245-45 yes_bid=0 yes_ask=0 no_bid=100 no_ask=100 book_ready=True position=False pending=False dry_run=True trust=synced run_id=24270740-7c7c-4852-a36f-48d913955980
2026-05-05 12:43:23,535 | INFO | Heartbeat | watch=KXBTC15M-26MAY051245-45 yes_bid=0 yes_ask=0 no_bid=100 no_ask=100 book_ready=True position=False pending=False dry_run=True trust=synced run_id=24270740-7c7c-4852-a36f-48d913955980
2026-05-05 12:43:38,578 | INFO | Heartbeat | watch=KXBTC15M-26MAY051245-45 yes_bid=0 yes_ask=0 no_bid=100 no_ask=100 book_ready=True position=False pending=False dry_run=True trust=synced run_id=24270740-7c7c-4852-a36f-48d913955980
2026-05-05 12:43:53,605 | INFO | Heartbeat | watch=KXBTC15M-26MAY051245-45 yes_bid=0 yes_ask=0 no_bid=100 no_ask=100 book_ready=True position=False pending=False dry_run=True trust=synced run_id=24270740-7c7c-4852-a36f-48d913955980
2026-05-05 12:44:08,613 | INFO | Heartbeat | watch=KXBTC15M-26MAY051245-45 yes_bid=0 yes_ask=0 no_bid=100 no_ask=100 book_ready=True position=False pending=False dry_run=True trust=synced run_id=24270740-7c7c-4852-a36f-48d913955980
2026-05-05 12:44:23,624 | INFO | Heartbeat | watch=KXBTC15M-26MAY051245-45 yes_bid=0 yes_ask=0 no_bid=100 no_ask=100 book_ready=True position=False pending=False dry_run=True trust=synced run_id=24270740-7c7c-4852-a36f-48d913955980
2026-05-05 12:44:38,672 | INFO | Heartbeat | watch=KXBTC15M-26MAY051245-45 yes_bid=0 yes_ask=0 no_bid=100 no_ask=100 book_ready=True position=False pending=False dry_run=True trust=synced run_id=24270740-7c7c-4852-a36f-48d913955980
2026-05-05 12:44:53,722 | INFO | Heartbeat | watch=KXBTC15M-26MAY051245-45 yes_bid=0 yes_ask=0 no_bid=100 no_ask=100 book_ready=True position=False pending=False dry_run=True trust=synced run_id=24270740-7c7c-4852-a36f-48d913955980
2026-05-05 12:45:06,165 | INFO | Orderbook snapshot ready for KXBTC15M-26MAY051245-45
2026-05-05 12:45:08,779 | INFO | Heartbeat | watch=KXBTC15M-26MAY051245-45 yes_bid=0 yes_ask=100 no_bid=0 no_ask=100 book_ready=True position=False pending=False dry_run=True trust=synced run_id=24270740-7c7c-4852-a36f-48d913955980
2026-05-05 12:45:23,787 | INFO | Heartbeat | watch=KXBTC15M-26MAY051245-45 yes_bid=0 yes_ask=100 no_bid=0 no_ask=100 book_ready=True position=False pending=False dry_run=True trust=synced run_id=24270740-7c7c-4852-a36f-48d913955980
2026-05-05 12:45:29,969 | INFO | Watching market KXBTC15M-26MAY051300-00 close_time=2026-05-05T17:00:00Z status=active strike=81079.43 run_id=24270740-7c7c-4852-a36f-48d913955980
2026-05-05 12:45:30,161 | INFO | WS connected for KXBTC15M-26MAY051300-00
2026-05-05 12:45:30,194 | INFO | WS subscribed payload: {'type': 'subscribed', 'id': 2, 'msg': {'channel': 'ticker', 'sid': 1}}
2026-05-05 12:45:30,194 | INFO | WS subscribed payload: {'type': 'subscribed', 'id': 2, 'msg': {'channel': 'orderbook_delta', 'sid': 2}}
2026-05-05 12:45:30,194 | INFO | Orderbook snapshot ready for KXBTC15M-26MAY051300-00
2026-05-05 12:45:38,787 | INFO | Heartbeat | watch=KXBTC15M-26MAY051300-00 yes_bid=60 yes_ask=61 no_bid=39 no_ask=40 book_ready=True position=False pending=False dry_run=True trust=synced run_id=24270740-7c7c-4852-a36f-48d913955980
2026-05-05 12:45:53,799 | INFO | Heartbeat | watch=KXBTC15M-26MAY051300-00 yes_bid=65 yes_ask=66 no_bid=34 no_ask=35 book_ready=True position=False pending=False dry_run=True trust=synced run_id=24270740-7c7c-4852-a36f-48d913955980
2026-05-05 12:46:08,837 | INFO | Heartbeat | watch=KXBTC15M-26MAY051300-00 yes_bid=69 yes_ask=70 no_bid=30 no_ask=31 book_ready=True position=False pending=False dry_run=True trust=synced run_id=24270740-7c7c-4852-a36f-48d913955980
2026-05-05 12:46:23,851 | INFO | Heartbeat | watch=KXBTC15M-26MAY051300-00 yes_bid=68 yes_ask=69 no_bid=31 no_ask=32 book_ready=True position=False pending=False dry_run=True trust=synced run_id=24270740-7c7c-4852-a36f-48d913955980
2026-05-05 12:46:38,845 | INFO | Heartbeat | watch=KXBTC15M-26MAY051300-00 yes_bid=69 yes_ask=70 no_bid=30 no_ask=31 book_ready=True position=False pending=False dry_run=True trust=synced run_id=24270740-7c7c-4852-a36f-48d913955980
2026-05-05 12:46:53,851 | INFO | Heartbeat | watch=KXBTC15M-26MAY051300-00 yes_bid=69 yes_ask=70 no_bid=30 no_ask=31 book_ready=True position=False pending=False dry_run=True trust=synced run_id=24270740-7c7c-4852-a36f-48d913955980
2026-05-05 12:47:08,886 | INFO | Heartbeat | watch=KXBTC15M-26MAY051300-00 yes_bid=74 yes_ask=75 no_bid=25 no_ask=26 book_ready=True position=False pending=False dry_run=True trust=synced run_id=24270740-7c7c-4852-a36f-48d913955980
2026-05-05 12:47:23,948 | INFO | Heartbeat | watch=KXBTC15M-26MAY051300-00 yes_bid=73 yes_ask=75 no_bid=25 no_ask=27 book_ready=True position=False pending=False dry_run=True trust=synced run_id=24270740-7c7c-4852-a36f-48d913955980
2026-05-05 12:47:38,965 | INFO | Heartbeat | watch=KXBTC15M-26MAY051300-00 yes_bid=74 yes_ask=75 no_bid=25 no_ask=26 book_ready=True position=False pending=False dry_run=True trust=synced run_id=24270740-7c7c-4852-a36f-48d913955980
2026-05-05 12:47:53,986 | INFO | Heartbeat | watch=KXBTC15M-26MAY051300-00 yes_bid=79 yes_ask=80 no_bid=20 no_ask=21 book_ready=True position=False pending=False dry_run=True trust=synced run_id=24270740-7c7c-4852-a36f-48d913955980
2026-05-05 12:48:09,030 | INFO | Heartbeat | watch=KXBTC15M-26MAY051300-00 yes_bid=77 yes_ask=78 no_bid=22 no_ask=23 book_ready=True position=False pending=False dry_run=True trust=synced run_id=24270740-7c7c-4852-a36f-48d913955980
2026-05-05 12:48:24,023 | INFO | Heartbeat | watch=KXBTC15M-26MAY051300-00 yes_bid=77 yes_ask=78 no_bid=22 no_ask=23 book_ready=True position=False pending=False dry_run=True trust=synced run_id=24270740-7c7c-4852-a36f-48d913955980
2026-05-05 12:48:39,039 | INFO | Heartbeat | watch=KXBTC15M-26MAY051300-00 yes_bid=80 yes_ask=81 no_bid=19 no_ask=20 book_ready=True position=False pending=False dry_run=True trust=synced run_id=24270740-7c7c-4852-a36f-48d913955980
2026-05-05 12:48:54,068 | INFO | Heartbeat | watch=KXBTC15M-26MAY051300-00 yes_bid=84 yes_ask=85 no_bid=15 no_ask=16 book_ready=True position=False pending=False dry_run=True trust=synced run_id=24270740-7c7c-4852-a36f-48d913955980
2026-05-05 12:49:09,089 | INFO | Heartbeat | watch=KXBTC15M-26MAY051300-00 yes_bid=83 yes_ask=84 no_bid=16 no_ask=17 book_ready=True position=False pending=False dry_run=True trust=synced run_id=24270740-7c7c-4852-a36f-48d913955980
2026-05-05 12:49:24,131 | INFO | Heartbeat | watch=KXBTC15M-26MAY051300-00 yes_bid=80 yes_ask=81 no_bid=19 no_ask=20 book_ready=True position=False pending=False dry_run=True trust=synced run_id=24270740-7c7c-4852-a36f-48d913955980
2026-05-05 12:49:39,163 | INFO | Heartbeat | watch=KXBTC15M-26MAY051300-00 yes_bid=80 yes_ask=81 no_bid=19 no_ask=20 book_ready=True position=False pending=False dry_run=True trust=synced run_id=24270740-7c7c-4852-a36f-48d913955980
2026-05-05 12:49:54,188 | INFO | Heartbeat | watch=KXBTC15M-26MAY051300-00 yes_bid=81 yes_ask=82 no_bid=18 no_ask=19 book_ready=True position=False pending=False dry_run=True trust=synced run_id=24270740-7c7c-4852-a36f-48d913955980
2026-05-05 12:50:05,753 | INFO | Mushroom v28 entry approved | market=KXBTC15M-26MAY051300-00 side=yes ask=81c max_buy=81c qty=2 p_side=0.8674 edge=2.238c depth=65 btc_age_ms=31.0 secs_to_close=594.25
2026-05-05 12:50:05,760 | INFO | Execution state | market=KXBTC15M-26MAY051300-00 side=yes state=eligible reason=pre_filters_disabled trust=synced run_id=24270740-7c7c-4852-a36f-48d913955980
2026-05-05 12:50:05,762 | INFO | Live fill policy approved | market=KXBTC15M-26MAY051300-00 side=yes trigger=81c tif=immediate_or_cancel limit=81c depth=65.00 required=3 book_age_ms=578.0 secs_to_close=594.25 reason=single_shot_abundant_depth
2026-05-05 12:50:05,762 | INFO | ENTRY signal | market=KXBTC15M-26MAY051300-00 action=buy side=yes trigger=81c limit=81c qty=2 book_ready=True
2026-05-05 12:50:05,762 | INFO | Execution state | market=KXBTC15M-26MAY051300-00 side=yes state=submitting reason=single_shot_abundant_depth trust=synced run_id=24270740-7c7c-4852-a36f-48d913955980
2026-05-05 12:50:05,762 | INFO | ENTRY immediate fill | market=KXBTC15M-26MAY051300-00 side=yes qty=2 limit=81c
2026-05-05 12:50:05,762 | INFO | Execution state | market=KXBTC15M-26MAY051300-00 side=yes state=filled reason=single_shot_abundant_depth trust=synced run_id=24270740-7c7c-4852-a36f-48d913955980
2026-05-05 12:50:09,231 | INFO | Heartbeat | watch=KXBTC15M-26MAY051300-00 yes_bid=80 yes_ask=81 no_bid=19 no_ask=20 book_ready=True position=True pending=False dry_run=True trust=synced run_id=24270740-7c7c-4852-a36f-48d913955980
2026-05-05 12:50:24,233 | INFO | Heartbeat | watch=KXBTC15M-26MAY051300-00 yes_bid=84 yes_ask=85 no_bid=15 no_ask=16 book_ready=True position=True pending=False dry_run=True trust=synced run_id=24270740-7c7c-4852-a36f-48d913955980
2026-05-05 12:50:39,230 | INFO | Heartbeat | watch=KXBTC15M-26MAY051300-00 yes_bid=87 yes_ask=88 no_bid=12 no_ask=13 book_ready=True position=True pending=False dry_run=True trust=synced run_id=24270740-7c7c-4852-a36f-48d913955980
2026-05-05 12:50:54,258 | INFO | Heartbeat | watch=KXBTC15M-26MAY051300-00 yes_bid=91 yes_ask=92 no_bid=8 no_ask=9 book_ready=True position=True pending=False dry_run=True trust=synced run_id=24270740-7c7c-4852-a36f-48d913955980
2026-05-05 12:51:09,296 | INFO | Heartbeat | watch=KXBTC15M-26MAY051300-00 yes_bid=94 yes_ask=95 no_bid=5 no_ask=6 book_ready=True position=True pending=False dry_run=True trust=synced run_id=24270740-7c7c-4852-a36f-48d913955980
2026-05-05 12:51:24,284 | INFO | Heartbeat | watch=KXBTC15M-26MAY051300-00 yes_bid=94 yes_ask=94 no_bid=6 no_ask=6 book_ready=True position=True pending=False dry_run=True trust=synced run_id=24270740-7c7c-4852-a36f-48d913955980
2026-05-05 12:51:39,287 | INFO | Heartbeat | watch=KXBTC15M-26MAY051300-00 yes_bid=94 yes_ask=95 no_bid=5 no_ask=6 book_ready=True position=True pending=False dry_run=True trust=synced run_id=24270740-7c7c-4852-a36f-48d913955980
2026-05-05 12:51:54,324 | INFO | Heartbeat | watch=KXBTC15M-26MAY051300-00 yes_bid=93 yes_ask=94 no_bid=6 no_ask=7 book_ready=True position=True pending=False dry_run=True trust=synced run_id=24270740-7c7c-4852-a36f-48d913955980
2026-05-05 12:52:09,329 | INFO | Heartbeat | watch=KXBTC15M-26MAY051300-00 yes_bid=95 yes_ask=96 no_bid=4 no_ask=5 book_ready=True position=True pending=False dry_run=True trust=synced run_id=24270740-7c7c-4852-a36f-48d913955980
2026-05-05 12:52:24,344 | INFO | Heartbeat | watch=KXBTC15M-26MAY051300-00 yes_bid=98 yes_ask=98 no_bid=2 no_ask=2 book_ready=True position=True pending=False dry_run=True trust=synced run_id=24270740-7c7c-4852-a36f-48d913955980
2026-05-05 12:52:39,376 | INFO | Heartbeat | watch=KXBTC15M-26MAY051300-00 yes_bid=98 yes_ask=98 no_bid=2 no_ask=2 book_ready=True position=True pending=False dry_run=True trust=synced run_id=24270740-7c7c-4852-a36f-48d913955980
2026-05-05 12:52:54,402 | INFO | Heartbeat | watch=KXBTC15M-26MAY051300-00 yes_bid=97 yes_ask=98 no_bid=2 no_ask=3 book_ready=True position=True pending=False dry_run=True trust=synced run_id=24270740-7c7c-4852-a36f-48d913955980
2026-05-05 12:53:09,428 | INFO | Heartbeat | watch=KXBTC15M-26MAY051300-00 yes_bid=98 yes_ask=99 no_bid=1 no_ask=2 book_ready=True position=True pending=False dry_run=True trust=synced run_id=24270740-7c7c-4852-a36f-48d913955980
2026-05-05 12:53:24,456 | INFO | Heartbeat | watch=KXBTC15M-26MAY051300-00 yes_bid=98 yes_ask=99 no_bid=1 no_ask=2 book_ready=True position=True pending=False dry_run=True trust=synced run_id=24270740-7c7c-4852-a36f-48d913955980
2026-05-05 12:53:34,182 | INFO | EXIT signal | market=KXBTC15M-26MAY051300-00 action=sell side=yes trigger=99c limit=99c qty=2 book_ready=True mode=single_shot_ioc slices=1 attempt=0
2026-05-05 12:53:34,182 | INFO | Latency | purpose=exit feed_age_ms=-13.6 local_reaction_ms=0.0 trigger_seen_at=2026-05-05T16:53:34.182686+00:00 market_msg_time=2026-05-05T16:53:34.196324Z
2026-05-05 12:53:34,182 | INFO | Exit plan approved | market=KXBTC15M-26MAY051300-00 side=yes trigger=99c limit=99c top_bid=99 depth=2302.14 required=2 book_age_ms=47.0 secs_to_close=385.82 reason=mushroom_v28_exit_value_over_hold_single_shot_visible_depth mode=single_shot_ioc attempt=0
2026-05-05 12:53:34,198 | INFO | EXIT fill | market=KXBTC15M-26MAY051300-00 side=yes slice=1/1 qty=2 fill=99c cumulative=2/2 remaining=0
2026-05-05 12:53:39,491 | INFO | Heartbeat | watch=KXBTC15M-26MAY051300-00 yes_bid=97 yes_ask=98 no_bid=2 no_ask=3 book_ready=True position=False pending=False dry_run=True trust=synced run_id=24270740-7c7c-4852-a36f-48d913955980
2026-05-05 12:53:54,517 | INFO | Heartbeat | watch=KXBTC15M-26MAY051300-00 yes_bid=96 yes_ask=96 no_bid=4 no_ask=4 book_ready=True position=False pending=False dry_run=True trust=synced run_id=24270740-7c7c-4852-a36f-48d913955980
2026-05-05 12:54:09,533 | INFO | Heartbeat | watch=KXBTC15M-26MAY051300-00 yes_bid=96 yes_ask=97 no_bid=3 no_ask=4 book_ready=True position=False pending=False dry_run=True trust=synced run_id=24270740-7c7c-4852-a36f-48d913955980
2026-05-05 12:54:24,548 | INFO | Heartbeat | watch=KXBTC15M-26MAY051300-00 yes_bid=97 yes_ask=98 no_bid=2 no_ask=3 book_ready=True position=False pending=False dry_run=True trust=synced run_id=24270740-7c7c-4852-a36f-48d913955980
2026-05-05 12:54:39,562 | INFO | Heartbeat | watch=KXBTC15M-26MAY051300-00 yes_bid=97 yes_ask=97 no_bid=3 no_ask=3 book_ready=True position=False pending=False dry_run=True trust=synced run_id=24270740-7c7c-4852-a36f-48d913955980
2026-05-05 12:54:54,614 | INFO | Heartbeat | watch=KXBTC15M-26MAY051300-00 yes_bid=98 yes_ask=98 no_bid=2 no_ask=2 book_ready=True position=False pending=False dry_run=True trust=synced run_id=24270740-7c7c-4852-a36f-48d913955980
2026-05-05 12:55:09,628 | INFO | Heartbeat | watch=KXBTC15M-26MAY051300-00 yes_bid=98 yes_ask=99 no_bid=1 no_ask=2 book_ready=True position=False pending=False dry_run=True trust=synced run_id=24270740-7c7c-4852-a36f-48d913955980
2026-05-05 12:55:24,687 | INFO | Heartbeat | watch=KXBTC15M-26MAY051300-00 yes_bid=99 yes_ask=99 no_bid=1 no_ask=1 book_ready=True position=False pending=False dry_run=True trust=synced run_id=24270740-7c7c-4852-a36f-48d913955980
2026-05-05 12:55:39,675 | INFO | Heartbeat | watch=KXBTC15M-26MAY051300-00 yes_bid=99 yes_ask=99 no_bid=1 no_ask=1 book_ready=True position=False pending=False dry_run=True trust=synced run_id=24270740-7c7c-4852-a36f-48d913955980
2026-05-05 12:55:54,699 | INFO | Heartbeat | watch=KXBTC15M-26MAY051300-00 yes_bid=99 yes_ask=99 no_bid=1 no_ask=1 book_ready=True position=False pending=False dry_run=True trust=synced run_id=24270740-7c7c-4852-a36f-48d913955980
2026-05-05 12:56:09,690 | INFO | Heartbeat | watch=KXBTC15M-26MAY051300-00 yes_bid=99 yes_ask=100 no_bid=0 no_ask=1 book_ready=True position=False pending=False dry_run=True trust=synced run_id=24270740-7c7c-4852-a36f-48d913955980
2026-05-05 12:56:24,726 | INFO | Heartbeat | watch=KXBTC15M-26MAY051300-00 yes_bid=100 yes_ask=100 no_bid=0 no_ask=0 book_ready=True position=False pending=False dry_run=True trust=synced run_id=24270740-7c7c-4852-a36f-48d913955980
2026-05-05 12:56:39,761 | INFO | Heartbeat | watch=KXBTC15M-26MAY051300-00 yes_bid=100 yes_ask=100 no_bid=0 no_ask=0 book_ready=True position=False pending=False dry_run=True trust=synced run_id=24270740-7c7c-4852-a36f-48d913955980
2026-05-05 12:56:54,755 | INFO | Heartbeat | watch=KXBTC15M-26MAY051300-00 yes_bid=100 yes_ask=100 no_bid=0 no_ask=0 book_ready=True position=False pending=False dry_run=True trust=synced run_id=24270740-7c7c-4852-a36f-48d913955980
2026-05-05 12:57:09,783 | INFO | Heartbeat | watch=KXBTC15M-26MAY051300-00 yes_bid=100 yes_ask=100 no_bid=0 no_ask=0 book_ready=True position=False pending=False dry_run=True trust=synced run_id=24270740-7c7c-4852-a36f-48d913955980
2026-05-05 12:57:24,801 | INFO | Heartbeat | watch=KXBTC15M-26MAY051300-00 yes_bid=100 yes_ask=100 no_bid=0 no_ask=0 book_ready=True position=False pending=False dry_run=True trust=synced run_id=24270740-7c7c-4852-a36f-48d913955980
2026-05-05 12:57:39,820 | INFO | Heartbeat | watch=KXBTC15M-26MAY051300-00 yes_bid=100 yes_ask=100 no_bid=0 no_ask=0 book_ready=True position=False pending=False dry_run=True trust=synced run_id=24270740-7c7c-4852-a36f-48d913955980
2026-05-05 12:57:54,868 | INFO | Heartbeat | watch=KXBTC15M-26MAY051300-00 yes_bid=100 yes_ask=100 no_bid=0 no_ask=0 book_ready=True position=False pending=False dry_run=True trust=synced run_id=24270740-7c7c-4852-a36f-48d913955980
2026-05-05 12:58:09,879 | INFO | Heartbeat | watch=KXBTC15M-26MAY051300-00 yes_bid=100 yes_ask=100 no_bid=0 no_ask=0 book_ready=True position=False pending=False dry_run=True trust=synced run_id=24270740-7c7c-4852-a36f-48d913955980
2026-05-05 12:58:24,881 | INFO | Heartbeat | watch=KXBTC15M-26MAY051300-00 yes_bid=100 yes_ask=100 no_bid=0 no_ask=0 book_ready=True position=False pending=False dry_run=True trust=synced run_id=24270740-7c7c-4852-a36f-48d913955980
2026-05-05 12:58:39,876 | INFO | Heartbeat | watch=KXBTC15M-26MAY051300-00 yes_bid=100 yes_ask=100 no_bid=0 no_ask=0 book_ready=True position=False pending=False dry_run=True trust=synced run_id=24270740-7c7c-4852-a36f-48d913955980
2026-05-05 12:58:54,877 | INFO | Heartbeat | watch=KXBTC15M-26MAY051300-00 yes_bid=100 yes_ask=100 no_bid=0 no_ask=0 book_ready=True position=False pending=False dry_run=True trust=synced run_id=24270740-7c7c-4852-a36f-48d913955980
2026-05-05 12:59:09,883 | INFO | Heartbeat | watch=KXBTC15M-26MAY051300-00 yes_bid=100 yes_ask=100 no_bid=0 no_ask=0 book_ready=True position=False pending=False dry_run=True trust=synced run_id=24270740-7c7c-4852-a36f-48d913955980
2026-05-05 12:59:24,922 | INFO | Heartbeat | watch=KXBTC15M-26MAY051300-00 yes_bid=100 yes_ask=100 no_bid=0 no_ask=0 book_ready=True position=False pending=False dry_run=True trust=synced run_id=24270740-7c7c-4852-a36f-48d913955980
2026-05-05 12:59:39,923 | INFO | Heartbeat | watch=KXBTC15M-26MAY051300-00 yes_bid=100 yes_ask=100 no_bid=0 no_ask=0 book_ready=True position=False pending=False dry_run=True trust=synced run_id=24270740-7c7c-4852-a36f-48d913955980
2026-05-05 12:59:54,972 | INFO | Heartbeat | watch=KXBTC15M-26MAY051300-00 yes_bid=100 yes_ask=100 no_bid=0 no_ask=0 book_ready=True position=False pending=False dry_run=True trust=synced run_id=24270740-7c7c-4852-a36f-48d913955980
2026-05-05 13:00:07,049 | INFO | Orderbook snapshot ready for KXBTC15M-26MAY051300-00
2026-05-05 13:00:10,029 | INFO | Heartbeat | watch=KXBTC15M-26MAY051300-00 yes_bid=0 yes_ask=100 no_bid=0 no_ask=100 book_ready=True position=False pending=False dry_run=True trust=synced run_id=24270740-7c7c-4852-a36f-48d913955980
2026-05-05 13:00:25,058 | INFO | Heartbeat | watch=KXBTC15M-26MAY051300-00 yes_bid=0 yes_ask=100 no_bid=0 no_ask=100 book_ready=True position=False pending=False dry_run=True trust=synced run_id=24270740-7c7c-4852-a36f-48d913955980
2026-05-05 13:00:30,466 | INFO | Watching market KXBTC15M-26MAY051315-15 close_time=2026-05-05T17:15:00Z status=active strike=81258.13 run_id=24270740-7c7c-4852-a36f-48d913955980
2026-05-05 13:00:30,646 | INFO | WS connected for KXBTC15M-26MAY051315-15
2026-05-05 13:00:30,679 | INFO | WS subscribed payload: {'type': 'subscribed', 'id': 3, 'msg': {'channel': 'ticker', 'sid': 1}}
2026-05-05 13:00:30,679 | INFO | WS subscribed payload: {'type': 'subscribed', 'id': 3, 'msg': {'channel': 'orderbook_delta', 'sid': 2}}
2026-05-05 13:00:30,682 | INFO | Orderbook snapshot ready for KXBTC15M-26MAY051315-15
2026-05-05 13:00:40,056 | INFO | Heartbeat | watch=KXBTC15M-26MAY051315-15 yes_bid=57 yes_ask=58 no_bid=42 no_ask=43 book_ready=True position=False pending=False dry_run=True trust=synced run_id=24270740-7c7c-4852-a36f-48d913955980
2026-05-05 13:00:55,098 | INFO | Heartbeat | watch=KXBTC15M-26MAY051315-15 yes_bid=59 yes_ask=61 no_bid=39 no_ask=41 book_ready=True position=False pending=False dry_run=True trust=synced run_id=24270740-7c7c-4852-a36f-48d913955980
2026-05-05 13:01:10,102 | INFO | Heartbeat | watch=KXBTC15M-26MAY051315-15 yes_bid=58 yes_ask=60 no_bid=40 no_ask=42 book_ready=True position=False pending=False dry_run=True trust=synced run_id=24270740-7c7c-4852-a36f-48d913955980
2026-05-05 13:01:25,114 | INFO | Heartbeat | watch=KXBTC15M-26MAY051315-15 yes_bid=49 yes_ask=50 no_bid=50 no_ask=51 book_ready=True position=False pending=False dry_run=True trust=synced run_id=24270740-7c7c-4852-a36f-48d913955980
2026-05-05 13:01:40,155 | INFO | Heartbeat | watch=KXBTC15M-26MAY051315-15 yes_bid=52 yes_ask=53 no_bid=47 no_ask=48 book_ready=True position=False pending=False dry_run=True trust=synced run_id=24270740-7c7c-4852-a36f-48d913955980
2026-05-05 13:01:55,150 | INFO | Heartbeat | watch=KXBTC15M-26MAY051315-15 yes_bid=42 yes_ask=44 no_bid=56 no_ask=58 book_ready=True position=False pending=False dry_run=True trust=synced run_id=24270740-7c7c-4852-a36f-48d913955980
2026-05-05 13:02:10,169 | INFO | Heartbeat | watch=KXBTC15M-26MAY051315-15 yes_bid=52 yes_ask=54 no_bid=46 no_ask=48 book_ready=True position=False pending=False dry_run=True trust=synced run_id=24270740-7c7c-4852-a36f-48d913955980
2026-05-05 13:02:25,200 | INFO | Heartbeat | watch=KXBTC15M-26MAY051315-15 yes_bid=64 yes_ask=65 no_bid=35 no_ask=36 book_ready=True position=False pending=False dry_run=True trust=synced run_id=24270740-7c7c-4852-a36f-48d913955980
2026-05-05 13:02:40,220 | INFO | Heartbeat | watch=KXBTC15M-26MAY051315-15 yes_bid=68 yes_ask=70 no_bid=30 no_ask=32 book_ready=True position=False pending=False dry_run=True trust=synced run_id=24270740-7c7c-4852-a36f-48d913955980
2026-05-05 13:02:55,267 | INFO | Heartbeat | watch=KXBTC15M-26MAY051315-15 yes_bid=67 yes_ask=68 no_bid=32 no_ask=33 book_ready=True position=False pending=False dry_run=True trust=synced run_id=24270740-7c7c-4852-a36f-48d913955980
2026-05-05 13:03:10,346 | INFO | Heartbeat | watch=KXBTC15M-26MAY051315-15 yes_bid=63 yes_ask=65 no_bid=35 no_ask=37 book_ready=True position=False pending=False dry_run=True trust=synced run_id=24270740-7c7c-4852-a36f-48d913955980
2026-05-05 13:03:25,370 | INFO | Heartbeat | watch=KXBTC15M-26MAY051315-15 yes_bid=63 yes_ask=64 no_bid=36 no_ask=37 book_ready=True position=False pending=False dry_run=True trust=synced run_id=24270740-7c7c-4852-a36f-48d913955980
2026-05-05 13:03:40,360 | INFO | Heartbeat | watch=KXBTC15M-26MAY051315-15 yes_bid=70 yes_ask=72 no_bid=28 no_ask=30 book_ready=True position=False pending=False dry_run=True trust=synced run_id=24270740-7c7c-4852-a36f-48d913955980
2026-05-05 13:03:55,378 | INFO | Heartbeat | watch=KXBTC15M-26MAY051315-15 yes_bid=77 yes_ask=78 no_bid=22 no_ask=23 book_ready=True position=False pending=False dry_run=True trust=synced run_id=24270740-7c7c-4852-a36f-48d913955980
2026-05-05 13:04:10,397 | INFO | Heartbeat | watch=KXBTC15M-26MAY051315-15 yes_bid=81 yes_ask=83 no_bid=17 no_ask=19 book_ready=True position=False pending=False dry_run=True trust=synced run_id=24270740-7c7c-4852-a36f-48d913955980
2026-05-05 13:04:25,397 | INFO | Heartbeat | watch=KXBTC15M-26MAY051315-15 yes_bid=79 yes_ask=80 no_bid=20 no_ask=21 book_ready=True position=False pending=False dry_run=True trust=synced run_id=24270740-7c7c-4852-a36f-48d913955980
2026-05-05 13:04:40,440 | INFO | Heartbeat | watch=KXBTC15M-26MAY051315-15 yes_bid=79 yes_ask=80 no_bid=20 no_ask=21 book_ready=True position=False pending=False dry_run=True trust=synced run_id=24270740-7c7c-4852-a36f-48d913955980
2026-05-05 13:04:55,443 | INFO | Heartbeat | watch=KXBTC15M-26MAY051315-15 yes_bid=79 yes_ask=81 no_bid=19 no_ask=21 book_ready=True position=False pending=False dry_run=True trust=synced run_id=24270740-7c7c-4852-a36f-48d913955980
2026-05-05 13:05:10,481 | INFO | Heartbeat | watch=KXBTC15M-26MAY051315-15 yes_bid=79 yes_ask=80 no_bid=20 no_ask=21 book_ready=True position=False pending=False dry_run=True trust=synced run_id=24270740-7c7c-4852-a36f-48d913955980
2026-05-05 13:05:25,502 | INFO | Heartbeat | watch=KXBTC15M-26MAY051315-15 yes_bid=77 yes_ask=78 no_bid=22 no_ask=23 book_ready=True position=False pending=False dry_run=True trust=synced run_id=24270740-7c7c-4852-a36f-48d913955980
2026-05-05 13:05:40,517 | INFO | Heartbeat | watch=KXBTC15M-26MAY051315-15 yes_bid=81 yes_ask=82 no_bid=18 no_ask=19 book_ready=True position=False pending=False dry_run=True trust=synced run_id=24270740-7c7c-4852-a36f-48d913955980
2026-05-05 13:05:55,528 | INFO | Heartbeat | watch=KXBTC15M-26MAY051315-15 yes_bid=81 yes_ask=82 no_bid=18 no_ask=19 book_ready=True position=False pending=False dry_run=True trust=synced run_id=24270740-7c7c-4852-a36f-48d913955980
2026-05-05 13:06:10,547 | INFO | Heartbeat | watch=KXBTC15M-26MAY051315-15 yes_bid=78 yes_ask=79 no_bid=21 no_ask=22 book_ready=True position=False pending=False dry_run=True trust=synced run_id=24270740-7c7c-4852-a36f-48d913955980
2026-05-05 13:06:25,575 | INFO | Heartbeat | watch=KXBTC15M-26MAY051315-15 yes_bid=80 yes_ask=81 no_bid=19 no_ask=20 book_ready=True position=False pending=False dry_run=True trust=synced run_id=24270740-7c7c-4852-a36f-48d913955980
2026-05-05 13:06:40,580 | INFO | Heartbeat | watch=KXBTC15M-26MAY051315-15 yes_bid=77 yes_ask=79 no_bid=21 no_ask=23 book_ready=True position=False pending=False dry_run=True trust=synced run_id=24270740-7c7c-4852-a36f-48d913955980
2026-05-05 13:06:55,637 | INFO | Heartbeat | watch=KXBTC15M-26MAY051315-15 yes_bid=70 yes_ask=71 no_bid=29 no_ask=30 book_ready=True position=False pending=False dry_run=True trust=synced run_id=24270740-7c7c-4852-a36f-48d913955980
2026-05-05 13:07:10,678 | INFO | Heartbeat | watch=KXBTC15M-26MAY051315-15 yes_bid=73 yes_ask=74 no_bid=26 no_ask=27 book_ready=True position=False pending=False dry_run=True trust=synced run_id=24270740-7c7c-4852-a36f-48d913955980
2026-05-05 13:07:25,699 | INFO | Heartbeat | watch=KXBTC15M-26MAY051315-15 yes_bid=68 yes_ask=69 no_bid=31 no_ask=32 book_ready=True position=False pending=False dry_run=True trust=synced run_id=24270740-7c7c-4852-a36f-48d913955980
2026-05-05 13:07:40,701 | INFO | Heartbeat | watch=KXBTC15M-26MAY051315-15 yes_bid=70 yes_ask=71 no_bid=29 no_ask=30 book_ready=True position=False pending=False dry_run=True trust=synced run_id=24270740-7c7c-4852-a36f-48d913955980
2026-05-05 13:07:55,722 | INFO | Heartbeat | watch=KXBTC15M-26MAY051315-15 yes_bid=56 yes_ask=59 no_bid=41 no_ask=44 book_ready=True position=False pending=False dry_run=True trust=synced run_id=24270740-7c7c-4852-a36f-48d913955980
2026-05-05 13:08:10,725 | INFO | Heartbeat | watch=KXBTC15M-26MAY051315-15 yes_bid=53 yes_ask=54 no_bid=46 no_ask=47 book_ready=True position=False pending=False dry_run=True trust=synced run_id=24270740-7c7c-4852-a36f-48d913955980
2026-05-05 13:08:25,751 | INFO | Heartbeat | watch=KXBTC15M-26MAY051315-15 yes_bid=49 yes_ask=50 no_bid=50 no_ask=51 book_ready=True position=False pending=False dry_run=True trust=synced run_id=24270740-7c7c-4852-a36f-48d913955980
2026-05-05 13:08:40,767 | INFO | Heartbeat | watch=KXBTC15M-26MAY051315-15 yes_bid=27 yes_ask=28 no_bid=72 no_ask=73 book_ready=True position=False pending=False dry_run=True trust=synced run_id=24270740-7c7c-4852-a36f-48d913955980
2026-05-05 13:08:55,792 | INFO | Heartbeat | watch=KXBTC15M-26MAY051315-15 yes_bid=26 yes_ask=27 no_bid=73 no_ask=74 book_ready=True position=False pending=False dry_run=True trust=synced run_id=24270740-7c7c-4852-a36f-48d913955980
2026-05-05 13:09:10,809 | INFO | Heartbeat | watch=KXBTC15M-26MAY051315-15 yes_bid=32 yes_ask=33 no_bid=67 no_ask=68 book_ready=True position=False pending=False dry_run=True trust=synced run_id=24270740-7c7c-4852-a36f-48d913955980
2026-05-05 13:09:25,831 | INFO | Heartbeat | watch=KXBTC15M-26MAY051315-15 yes_bid=30 yes_ask=32 no_bid=68 no_ask=70 book_ready=True position=False pending=False dry_run=True trust=synced run_id=24270740-7c7c-4852-a36f-48d913955980
2026-05-05 13:09:40,880 | INFO | Heartbeat | watch=KXBTC15M-26MAY051315-15 yes_bid=32 yes_ask=33 no_bid=67 no_ask=68 book_ready=True position=False pending=False dry_run=True trust=synced run_id=24270740-7c7c-4852-a36f-48d913955980
2026-05-05 13:09:55,912 | INFO | Heartbeat | watch=KXBTC15M-26MAY051315-15 yes_bid=38 yes_ask=39 no_bid=61 no_ask=62 book_ready=True position=False pending=False dry_run=True trust=synced run_id=24270740-7c7c-4852-a36f-48d913955980
2026-05-05 13:10:10,922 | INFO | Heartbeat | watch=KXBTC15M-26MAY051315-15 yes_bid=31 yes_ask=32 no_bid=68 no_ask=69 book_ready=True position=False pending=False dry_run=True trust=synced run_id=24270740-7c7c-4852-a36f-48d913955980
2026-05-05 13:10:25,927 | INFO | Heartbeat | watch=KXBTC15M-26MAY051315-15 yes_bid=27 yes_ask=28 no_bid=72 no_ask=73 book_ready=True position=False pending=False dry_run=True trust=synced run_id=24270740-7c7c-4852-a36f-48d913955980
2026-05-05 13:10:40,958 | INFO | Heartbeat | watch=KXBTC15M-26MAY051315-15 yes_bid=48 yes_ask=49 no_bid=51 no_ask=52 book_ready=True position=False pending=False dry_run=True trust=synced run_id=24270740-7c7c-4852-a36f-48d913955980
2026-05-05 13:10:56,009 | INFO | Heartbeat | watch=KXBTC15M-26MAY051315-15 yes_bid=58 yes_ask=59 no_bid=41 no_ask=42 book_ready=True position=False pending=False dry_run=True trust=synced run_id=24270740-7c7c-4852-a36f-48d913955980
2026-05-05 13:11:11,023 | INFO | Heartbeat | watch=KXBTC15M-26MAY051315-15 yes_bid=61 yes_ask=62 no_bid=38 no_ask=39 book_ready=True position=False pending=False dry_run=True trust=synced run_id=24270740-7c7c-4852-a36f-48d913955980
2026-05-05 13:11:26,054 | INFO | Heartbeat | watch=KXBTC15M-26MAY051315-15 yes_bid=67 yes_ask=68 no_bid=32 no_ask=33 book_ready=True position=False pending=False dry_run=True trust=synced run_id=24270740-7c7c-4852-a36f-48d913955980
2026-05-05 13:11:41,078 | INFO | Heartbeat | watch=KXBTC15M-26MAY051315-15 yes_bid=67 yes_ask=69 no_bid=31 no_ask=33 book_ready=True position=False pending=False dry_run=True trust=synced run_id=24270740-7c7c-4852-a36f-48d913955980
2026-05-05 13:11:56,090 | INFO | Heartbeat | watch=KXBTC15M-26MAY051315-15 yes_bid=78 yes_ask=79 no_bid=21 no_ask=22 book_ready=True position=False pending=False dry_run=True trust=synced run_id=24270740-7c7c-4852-a36f-48d913955980
2026-05-05 13:12:11,096 | INFO | Heartbeat | watch=KXBTC15M-26MAY051315-15 yes_bid=76 yes_ask=78 no_bid=22 no_ask=24 book_ready=True position=False pending=False dry_run=True trust=synced run_id=24270740-7c7c-4852-a36f-48d913955980
2026-05-05 13:12:26,113 | INFO | Heartbeat | watch=KXBTC15M-26MAY051315-15 yes_bid=91 yes_ask=92 no_bid=8 no_ask=9 book_ready=True position=False pending=False dry_run=True trust=synced run_id=24270740-7c7c-4852-a36f-48d913955980
2026-05-05 13:12:41,111 | INFO | Heartbeat | watch=KXBTC15M-26MAY051315-15 yes_bid=96 yes_ask=96 no_bid=4 no_ask=4 book_ready=True position=False pending=False dry_run=True trust=synced run_id=24270740-7c7c-4852-a36f-48d913955980
2026-05-05 13:12:56,111 | INFO | Heartbeat | watch=KXBTC15M-26MAY051315-15 yes_bid=97 yes_ask=97 no_bid=3 no_ask=3 book_ready=True position=False pending=False dry_run=True trust=synced run_id=24270740-7c7c-4852-a36f-48d913955980
2026-05-05 13:13:11,147 | INFO | Heartbeat | watch=KXBTC15M-26MAY051315-15 yes_bid=95 yes_ask=96 no_bid=4 no_ask=5 book_ready=True position=False pending=False dry_run=True trust=synced run_id=24270740-7c7c-4852-a36f-48d913955980
2026-05-05 13:13:26,174 | INFO | Heartbeat | watch=KXBTC15M-26MAY051315-15 yes_bid=96 yes_ask=97 no_bid=3 no_ask=4 book_ready=True position=False pending=False dry_run=True trust=synced run_id=24270740-7c7c-4852-a36f-48d913955980
2026-05-05 13:13:41,183 | INFO | Heartbeat | watch=KXBTC15M-26MAY051315-15 yes_bid=96 yes_ask=97 no_bid=3 no_ask=4 book_ready=True position=False pending=False dry_run=True trust=synced run_id=24270740-7c7c-4852-a36f-48d913955980
2026-05-05 13:13:56,210 | INFO | Heartbeat | watch=KXBTC15M-26MAY051315-15 yes_bid=98 yes_ask=98 no_bid=2 no_ask=2 book_ready=True position=False pending=False dry_run=True trust=synced run_id=24270740-7c7c-4852-a36f-48d913955980
2026-05-05 13:14:11,218 | INFO | Heartbeat | watch=KXBTC15M-26MAY051315-15 yes_bid=98 yes_ask=99 no_bid=1 no_ask=2 book_ready=True position=False pending=False dry_run=True trust=synced run_id=24270740-7c7c-4852-a36f-48d913955980
2026-05-05 13:14:26,205 | INFO | Heartbeat | watch=KXBTC15M-26MAY051315-15 yes_bid=100 yes_ask=100 no_bid=0 no_ask=0 book_ready=True position=False pending=False dry_run=True trust=synced run_id=24270740-7c7c-4852-a36f-48d913955980
2026-05-05 13:14:41,236 | INFO | Heartbeat | watch=KXBTC15M-26MAY051315-15 yes_bid=100 yes_ask=100 no_bid=0 no_ask=0 book_ready=True position=False pending=False dry_run=True trust=synced run_id=24270740-7c7c-4852-a36f-48d913955980
2026-05-05 13:14:56,275 | INFO | Heartbeat | watch=KXBTC15M-26MAY051315-15 yes_bid=100 yes_ask=100 no_bid=0 no_ask=0 book_ready=True position=False pending=False dry_run=True trust=synced run_id=24270740-7c7c-4852-a36f-48d913955980
2026-05-05 13:15:05,968 | INFO | Orderbook snapshot ready for KXBTC15M-26MAY051315-15
2026-05-05 13:15:11,319 | INFO | Heartbeat | watch=KXBTC15M-26MAY051315-15 yes_bid=100 yes_ask=100 no_bid=0 no_ask=0 book_ready=True position=False pending=False dry_run=True trust=synced run_id=24270740-7c7c-4852-a36f-48d913955980
2026-05-05 13:15:15,252 | INFO | Watching market KXBTC15M-26MAY051330-30 close_time=2026-05-05T17:30:00Z status=active strike=81318.34 run_id=24270740-7c7c-4852-a36f-48d913955980
2026-05-05 13:15:15,411 | INFO | WS connected for KXBTC15M-26MAY051330-30
2026-05-05 13:15:15,443 | INFO | WS subscribed payload: {'type': 'subscribed', 'id': 4, 'msg': {'channel': 'ticker', 'sid': 1}}
2026-05-05 13:15:15,443 | INFO | WS subscribed payload: {'type': 'subscribed', 'id': 4, 'msg': {'channel': 'orderbook_delta', 'sid': 2}}
2026-05-05 13:15:15,459 | INFO | Orderbook snapshot ready for KXBTC15M-26MAY051330-30
2026-05-05 13:15:26,384 | INFO | Heartbeat | watch=KXBTC15M-26MAY051330-30 yes_bid=47 yes_ask=48 no_bid=52 no_ask=53 book_ready=True position=False pending=False dry_run=True trust=synced run_id=24270740-7c7c-4852-a36f-48d913955980
2026-05-05 13:15:41,416 | INFO | Heartbeat | watch=KXBTC15M-26MAY051330-30 yes_bid=50 yes_ask=52 no_bid=48 no_ask=50 book_ready=True position=False pending=False dry_run=True trust=synced run_id=24270740-7c7c-4852-a36f-48d913955980
2026-05-05 13:15:56,457 | INFO | Heartbeat | watch=KXBTC15M-26MAY051330-30 yes_bid=53 yes_ask=54 no_bid=46 no_ask=47 book_ready=True position=False pending=False dry_run=True trust=synced run_id=24270740-7c7c-4852-a36f-48d913955980
2026-05-05 13:16:11,480 | INFO | Heartbeat | watch=KXBTC15M-26MAY051330-30 yes_bid=54 yes_ask=55 no_bid=45 no_ask=46 book_ready=True position=False pending=False dry_run=True trust=synced run_id=24270740-7c7c-4852-a36f-48d913955980
2026-05-05 13:16:26,486 | INFO | Heartbeat | watch=KXBTC15M-26MAY051330-30 yes_bid=55 yes_ask=56 no_bid=44 no_ask=45 book_ready=True position=False pending=False dry_run=True trust=synced run_id=24270740-7c7c-4852-a36f-48d913955980
2026-05-05 13:16:41,500 | INFO | Heartbeat | watch=KXBTC15M-26MAY051330-30 yes_bid=61 yes_ask=62 no_bid=38 no_ask=39 book_ready=True position=False pending=False dry_run=True trust=synced run_id=24270740-7c7c-4852-a36f-48d913955980
2026-05-05 13:16:56,542 | INFO | Heartbeat | watch=KXBTC15M-26MAY051330-30 yes_bid=68 yes_ask=70 no_bid=30 no_ask=32 book_ready=True position=False pending=False dry_run=True trust=synced run_id=24270740-7c7c-4852-a36f-48d913955980
2026-05-05 13:17:11,562 | INFO | Heartbeat | watch=KXBTC15M-26MAY051330-30 yes_bid=56 yes_ask=57 no_bid=43 no_ask=44 book_ready=True position=False pending=False dry_run=True trust=synced run_id=24270740-7c7c-4852-a36f-48d913955980
2026-05-05 13:17:26,592 | INFO | Heartbeat | watch=KXBTC15M-26MAY051330-30 yes_bid=63 yes_ask=64 no_bid=36 no_ask=37 book_ready=True position=False pending=False dry_run=True trust=synced run_id=24270740-7c7c-4852-a36f-48d913955980
2026-05-05 13:17:41,640 | INFO | Heartbeat | watch=KXBTC15M-26MAY051330-30 yes_bid=63 yes_ask=64 no_bid=36 no_ask=37 book_ready=True position=False pending=False dry_run=True trust=synced run_id=24270740-7c7c-4852-a36f-48d913955980
2026-05-05 13:17:56,668 | INFO | Heartbeat | watch=KXBTC15M-26MAY051330-30 yes_bid=66 yes_ask=67 no_bid=33 no_ask=34 book_ready=True position=False pending=False dry_run=True trust=synced run_id=24270740-7c7c-4852-a36f-48d913955980
2026-05-05 13:18:11,701 | INFO | Heartbeat | watch=KXBTC15M-26MAY051330-30 yes_bid=61 yes_ask=62 no_bid=38 no_ask=39 book_ready=True position=False pending=False dry_run=True trust=synced run_id=24270740-7c7c-4852-a36f-48d913955980
2026-05-05 13:18:26,723 | INFO | Heartbeat | watch=KXBTC15M-26MAY051330-30 yes_bid=64 yes_ask=65 no_bid=35 no_ask=36 book_ready=True position=False pending=False dry_run=True trust=synced run_id=24270740-7c7c-4852-a36f-48d913955980
2026-05-05 13:18:41,755 | INFO | Heartbeat | watch=KXBTC15M-26MAY051330-30 yes_bid=67 yes_ask=68 no_bid=32 no_ask=33 book_ready=True position=False pending=False dry_run=True trust=synced run_id=24270740-7c7c-4852-a36f-48d913955980
2026-05-05 13:18:56,774 | INFO | Heartbeat | watch=KXBTC15M-26MAY051330-30 yes_bid=68 yes_ask=70 no_bid=30 no_ask=32 book_ready=True position=False pending=False dry_run=True trust=synced run_id=24270740-7c7c-4852-a36f-48d913955980
2026-05-05 13:19:11,769 | INFO | Heartbeat | watch=KXBTC15M-26MAY051330-30 yes_bid=67 yes_ask=68 no_bid=32 no_ask=33 book_ready=True position=False pending=False dry_run=True trust=synced run_id=24270740-7c7c-4852-a36f-48d913955980
2026-05-05 13:19:26,791 | INFO | Heartbeat | watch=KXBTC15M-26MAY051330-30 yes_bid=70 yes_ask=72 no_bid=28 no_ask=30 book_ready=True position=False pending=False dry_run=True trust=synced run_id=24270740-7c7c-4852-a36f-48d913955980
2026-05-05 13:19:41,825 | INFO | Heartbeat | watch=KXBTC15M-26MAY051330-30 yes_bid=73 yes_ask=75 no_bid=25 no_ask=27 book_ready=True position=False pending=False dry_run=True trust=synced run_id=24270740-7c7c-4852-a36f-48d913955980
2026-05-05 13:19:56,878 | INFO | Heartbeat | watch=KXBTC15M-26MAY051330-30 yes_bid=74 yes_ask=75 no_bid=25 no_ask=26 book_ready=True position=False pending=False dry_run=True trust=synced run_id=24270740-7c7c-4852-a36f-48d913955980
2026-05-05 13:20:11,883 | INFO | Heartbeat | watch=KXBTC15M-26MAY051330-30 yes_bid=71 yes_ask=72 no_bid=28 no_ask=29 book_ready=True position=False pending=False dry_run=True trust=synced run_id=24270740-7c7c-4852-a36f-48d913955980
2026-05-05 13:20:26,891 | INFO | Heartbeat | watch=KXBTC15M-26MAY051330-30 yes_bid=69 yes_ask=70 no_bid=30 no_ask=31 book_ready=True position=False pending=False dry_run=True trust=synced run_id=24270740-7c7c-4852-a36f-48d913955980
2026-05-05 13:20:41,922 | INFO | Heartbeat | watch=KXBTC15M-26MAY051330-30 yes_bid=73 yes_ask=74 no_bid=26 no_ask=27 book_ready=True position=False pending=False dry_run=True trust=synced run_id=24270740-7c7c-4852-a36f-48d913955980
2026-05-05 13:20:56,908 | INFO | Heartbeat | watch=KXBTC15M-26MAY051330-30 yes_bid=77 yes_ask=78 no_bid=22 no_ask=23 book_ready=True position=False pending=False dry_run=True trust=synced run_id=24270740-7c7c-4852-a36f-48d913955980
2026-05-05 13:21:10,931 | INFO | Mushroom v28 entry approved | market=KXBTC15M-26MAY051330-30 side=yes ask=82c max_buy=82c qty=2 p_side=0.8794 edge=2.439c depth=7.02 btc_age_ms=0.0 secs_to_close=529.07
2026-05-05 13:21:10,952 | INFO | Execution state | market=KXBTC15M-26MAY051330-30 side=yes state=eligible reason=pre_filters_disabled trust=synced run_id=24270740-7c7c-4852-a36f-48d913955980
2026-05-05 13:21:10,953 | INFO | Live fill policy approved | market=KXBTC15M-26MAY051330-30 side=yes trigger=82c tif=immediate_or_cancel limit=82c depth=7.02 required=3 book_age_ms=469.0 secs_to_close=529.07 reason=single_shot_abundant_depth
2026-05-05 13:21:10,954 | INFO | ENTRY signal | market=KXBTC15M-26MAY051330-30 action=buy side=yes trigger=82c limit=82c qty=2 book_ready=True
2026-05-05 13:21:10,955 | INFO | Execution state | market=KXBTC15M-26MAY051330-30 side=yes state=submitting reason=single_shot_abundant_depth trust=synced run_id=24270740-7c7c-4852-a36f-48d913955980
2026-05-05 13:21:10,958 | INFO | ENTRY immediate fill | market=KXBTC15M-26MAY051330-30 side=yes qty=2 limit=82c
2026-05-05 13:21:10,958 | INFO | Execution state | market=KXBTC15M-26MAY051330-30 side=yes state=filled reason=single_shot_abundant_depth trust=synced run_id=24270740-7c7c-4852-a36f-48d913955980
2026-05-05 13:21:11,912 | INFO | Heartbeat | watch=KXBTC15M-26MAY051330-30 yes_bid=83 yes_ask=84 no_bid=16 no_ask=17 book_ready=True position=True pending=False dry_run=True trust=synced run_id=24270740-7c7c-4852-a36f-48d913955980
2026-05-05 13:21:26,931 | INFO | Heartbeat | watch=KXBTC15M-26MAY051330-30 yes_bid=86 yes_ask=87 no_bid=13 no_ask=14 book_ready=True position=True pending=False dry_run=True trust=synced run_id=24270740-7c7c-4852-a36f-48d913955980
2026-05-05 13:21:41,939 | INFO | Heartbeat | watch=KXBTC15M-26MAY051330-30 yes_bid=87 yes_ask=88 no_bid=12 no_ask=13 book_ready=True position=True pending=False dry_run=True trust=synced run_id=24270740-7c7c-4852-a36f-48d913955980
2026-05-05 13:21:56,963 | INFO | Heartbeat | watch=KXBTC15M-26MAY051330-30 yes_bid=88 yes_ask=89 no_bid=11 no_ask=12 book_ready=True position=True pending=False dry_run=True trust=synced run_id=24270740-7c7c-4852-a36f-48d913955980
2026-05-05 13:22:11,988 | INFO | Heartbeat | watch=KXBTC15M-26MAY051330-30 yes_bid=87 yes_ask=88 no_bid=12 no_ask=13 book_ready=True position=True pending=False dry_run=True trust=synced run_id=24270740-7c7c-4852-a36f-48d913955980
2026-05-05 13:22:26,995 | INFO | Heartbeat | watch=KXBTC15M-26MAY051330-30 yes_bid=89 yes_ask=90 no_bid=10 no_ask=11 book_ready=True position=True pending=False dry_run=True trust=synced run_id=24270740-7c7c-4852-a36f-48d913955980
2026-05-05 13:22:42,035 | INFO | Heartbeat | watch=KXBTC15M-26MAY051330-30 yes_bid=90 yes_ask=91 no_bid=9 no_ask=10 book_ready=True position=True pending=False dry_run=True trust=synced run_id=24270740-7c7c-4852-a36f-48d913955980
2026-05-05 13:22:57,065 | INFO | Heartbeat | watch=KXBTC15M-26MAY051330-30 yes_bid=86 yes_ask=88 no_bid=12 no_ask=14 book_ready=True position=True pending=False dry_run=True trust=synced run_id=24270740-7c7c-4852-a36f-48d913955980
2026-05-05 13:23:12,081 | INFO | Heartbeat | watch=KXBTC15M-26MAY051330-30 yes_bid=87 yes_ask=88 no_bid=12 no_ask=13 book_ready=True position=True pending=False dry_run=True trust=synced run_id=24270740-7c7c-4852-a36f-48d913955980
2026-05-05 13:23:27,116 | INFO | Heartbeat | watch=KXBTC15M-26MAY051330-30 yes_bid=88 yes_ask=89 no_bid=11 no_ask=12 book_ready=True position=True pending=False dry_run=True trust=synced run_id=24270740-7c7c-4852-a36f-48d913955980
2026-05-05 13:23:42,113 | INFO | Heartbeat | watch=KXBTC15M-26MAY051330-30 yes_bid=87 yes_ask=88 no_bid=12 no_ask=13 book_ready=True position=True pending=False dry_run=True trust=synced run_id=24270740-7c7c-4852-a36f-48d913955980
2026-05-05 13:23:57,130 | INFO | Heartbeat | watch=KXBTC15M-26MAY051330-30 yes_bid=85 yes_ask=86 no_bid=14 no_ask=15 book_ready=True position=True pending=False dry_run=True trust=synced run_id=24270740-7c7c-4852-a36f-48d913955980
2026-05-05 13:24:11,458 | INFO | EXIT signal | market=KXBTC15M-26MAY051330-30 action=sell side=yes trigger=82c limit=82c qty=2 book_ready=True mode=single_shot_ioc slices=1 attempt=0
2026-05-05 13:24:11,459 | INFO | Latency | purpose=exit feed_age_ms=-24.5 local_reaction_ms=0.0 trigger_seen_at=2026-05-05T17:24:11.459202+00:00 market_msg_time=2026-05-05T17:24:11.48371Z
2026-05-05 13:24:11,460 | INFO | Exit plan approved | market=KXBTC15M-26MAY051330-30 side=yes trigger=82c limit=82c top_bid=82 depth=110.00 required=2 book_age_ms=47.0 secs_to_close=348.55 reason=mushroom_v28_exit_value_over_hold_single_shot_visible_depth mode=single_shot_ioc attempt=0
2026-05-05 13:24:11,462 | INFO | EXIT fill | market=KXBTC15M-26MAY051330-30 side=yes slice=1/1 qty=2 fill=82c cumulative=2/2 remaining=0
2026-05-05 13:24:12,127 | INFO | Heartbeat | watch=KXBTC15M-26MAY051330-30 yes_bid=82 yes_ask=83 no_bid=17 no_ask=18 book_ready=True position=False pending=False dry_run=True trust=synced run_id=24270740-7c7c-4852-a36f-48d913955980
2026-05-05 13:24:27,127 | INFO | Heartbeat | watch=KXBTC15M-26MAY051330-30 yes_bid=81 yes_ask=82 no_bid=18 no_ask=19 book_ready=True position=False pending=False dry_run=True trust=synced run_id=24270740-7c7c-4852-a36f-48d913955980
2026-05-05 13:24:42,170 | INFO | Heartbeat | watch=KXBTC15M-26MAY051330-30 yes_bid=76 yes_ask=78 no_bid=22 no_ask=24 book_ready=True position=False pending=False dry_run=True trust=synced run_id=24270740-7c7c-4852-a36f-48d913955980
2026-05-05 13:24:57,164 | INFO | Heartbeat | watch=KXBTC15M-26MAY051330-30 yes_bid=75 yes_ask=76 no_bid=24 no_ask=25 book_ready=True position=False pending=False dry_run=True trust=synced run_id=24270740-7c7c-4852-a36f-48d913955980
2026-05-05 13:25:12,194 | INFO | Heartbeat | watch=KXBTC15M-26MAY051330-30 yes_bid=78 yes_ask=80 no_bid=20 no_ask=22 book_ready=True position=False pending=False dry_run=True trust=synced run_id=24270740-7c7c-4852-a36f-48d913955980
2026-05-05 13:25:27,221 | INFO | Heartbeat | watch=KXBTC15M-26MAY051330-30 yes_bid=79 yes_ask=81 no_bid=19 no_ask=21 book_ready=True position=False pending=False dry_run=True trust=synced run_id=24270740-7c7c-4852-a36f-48d913955980
2026-05-05 13:25:42,300 | INFO | Heartbeat | watch=KXBTC15M-26MAY051330-30 yes_bid=87 yes_ask=88 no_bid=12 no_ask=13 book_ready=True position=False pending=False dry_run=True trust=synced run_id=24270740-7c7c-4852-a36f-48d913955980
2026-05-05 13:25:57,307 | INFO | Heartbeat | watch=KXBTC15M-26MAY051330-30 yes_bid=91 yes_ask=93 no_bid=7 no_ask=9 book_ready=True position=False pending=False dry_run=True trust=synced run_id=24270740-7c7c-4852-a36f-48d913955980
2026-05-05 13:26:12,307 | INFO | Heartbeat | watch=KXBTC15M-26MAY051330-30 yes_bid=94 yes_ask=94 no_bid=6 no_ask=6 book_ready=True position=False pending=False dry_run=True trust=synced run_id=24270740-7c7c-4852-a36f-48d913955980
2026-05-05 13:26:27,300 | INFO | Heartbeat | watch=KXBTC15M-26MAY051330-30 yes_bid=95 yes_ask=96 no_bid=4 no_ask=5 book_ready=True position=False pending=False dry_run=True trust=synced run_id=24270740-7c7c-4852-a36f-48d913955980
2026-05-05 13:26:42,315 | INFO | Heartbeat | watch=KXBTC15M-26MAY051330-30 yes_bid=97 yes_ask=98 no_bid=2 no_ask=3 book_ready=True position=False pending=False dry_run=True trust=synced run_id=24270740-7c7c-4852-a36f-48d913955980
2026-05-05 13:26:57,357 | INFO | Heartbeat | watch=KXBTC15M-26MAY051330-30 yes_bid=98 yes_ask=98 no_bid=2 no_ask=2 book_ready=True position=False pending=False dry_run=True trust=synced run_id=24270740-7c7c-4852-a36f-48d913955980
2026-05-05 13:27:12,348 | INFO | Heartbeat | watch=KXBTC15M-26MAY051330-30 yes_bid=99 yes_ask=99 no_bid=1 no_ask=1 book_ready=True position=False pending=False dry_run=True trust=synced run_id=24270740-7c7c-4852-a36f-48d913955980
2026-05-05 13:27:27,360 | INFO | Heartbeat | watch=KXBTC15M-26MAY051330-30 yes_bid=99 yes_ask=99 no_bid=1 no_ask=1 book_ready=True position=False pending=False dry_run=True trust=synced run_id=24270740-7c7c-4852-a36f-48d913955980
2026-05-05 13:27:42,374 | INFO | Heartbeat | watch=KXBTC15M-26MAY051330-30 yes_bid=99 yes_ask=99 no_bid=1 no_ask=1 book_ready=True position=False pending=False dry_run=True trust=synced run_id=24270740-7c7c-4852-a36f-48d913955980
2026-05-05 13:27:57,408 | INFO | Heartbeat | watch=KXBTC15M-26MAY051330-30 yes_bid=99 yes_ask=100 no_bid=0 no_ask=1 book_ready=True position=False pending=False dry_run=True trust=synced run_id=24270740-7c7c-4852-a36f-48d913955980
2026-05-05 13:28:12,468 | INFO | Heartbeat | watch=KXBTC15M-26MAY051330-30 yes_bid=99 yes_ask=100 no_bid=0 no_ask=1 book_ready=True position=False pending=False dry_run=True trust=synced run_id=24270740-7c7c-4852-a36f-48d913955980
2026-05-05 13:28:27,501 | INFO | Heartbeat | watch=KXBTC15M-26MAY051330-30 yes_bid=100 yes_ask=100 no_bid=0 no_ask=0 book_ready=True position=False pending=False dry_run=True trust=synced run_id=24270740-7c7c-4852-a36f-48d913955980
2026-05-05 13:28:42,538 | INFO | Heartbeat | watch=KXBTC15M-26MAY051330-30 yes_bid=100 yes_ask=100 no_bid=0 no_ask=0 book_ready=True position=False pending=False dry_run=True trust=synced run_id=24270740-7c7c-4852-a36f-48d913955980
2026-05-05 13:28:57,544 | INFO | Heartbeat | watch=KXBTC15M-26MAY051330-30 yes_bid=100 yes_ask=100 no_bid=0 no_ask=0 book_ready=True position=False pending=False dry_run=True trust=synced run_id=24270740-7c7c-4852-a36f-48d913955980
2026-05-05 13:29:12,558 | INFO | Heartbeat | watch=KXBTC15M-26MAY051330-30 yes_bid=100 yes_ask=100 no_bid=0 no_ask=0 book_ready=True position=False pending=False dry_run=True trust=synced run_id=24270740-7c7c-4852-a36f-48d913955980
2026-05-05 13:29:27,582 | INFO | Heartbeat | watch=KXBTC15M-26MAY051330-30 yes_bid=100 yes_ask=100 no_bid=0 no_ask=0 book_ready=True position=False pending=False dry_run=True trust=synced run_id=24270740-7c7c-4852-a36f-48d913955980
2026-05-05 13:29:42,584 | INFO | Heartbeat | watch=KXBTC15M-26MAY051330-30 yes_bid=100 yes_ask=100 no_bid=0 no_ask=0 book_ready=True position=False pending=False dry_run=True trust=synced run_id=24270740-7c7c-4852-a36f-48d913955980
2026-05-05 13:29:57,584 | INFO | Heartbeat | watch=KXBTC15M-26MAY051330-30 yes_bid=100 yes_ask=100 no_bid=0 no_ask=0 book_ready=True position=False pending=False dry_run=True trust=synced run_id=24270740-7c7c-4852-a36f-48d913955980
2026-05-05 13:30:06,329 | INFO | Orderbook snapshot ready for KXBTC15M-26MAY051330-30
2026-05-05 13:30:12,639 | INFO | Heartbeat | watch=KXBTC15M-26MAY051330-30 yes_bid=0 yes_ask=100 no_bid=0 no_ask=100 book_ready=True position=False pending=False dry_run=True trust=synced run_id=24270740-7c7c-4852-a36f-48d913955980
2026-05-05 13:30:15,320 | INFO | Watching market KXBTC15M-26MAY051345-45 close_time=2026-05-05T17:45:00Z status=active strike=81415.01 run_id=24270740-7c7c-4852-a36f-48d913955980
2026-05-05 13:30:15,527 | INFO | WS connected for KXBTC15M-26MAY051345-45
2026-05-05 13:30:15,559 | INFO | WS subscribed payload: {'type': 'subscribed', 'id': 5, 'msg': {'channel': 'ticker', 'sid': 1}}
2026-05-05 13:30:15,559 | INFO | WS subscribed payload: {'type': 'subscribed', 'id': 5, 'msg': {'channel': 'orderbook_delta', 'sid': 2}}
2026-05-05 13:30:15,559 | INFO | Orderbook snapshot ready for KXBTC15M-26MAY051345-45
2026-05-05 13:30:27,670 | INFO | Heartbeat | watch=KXBTC15M-26MAY051345-45 yes_bid=45 yes_ask=47 no_bid=53 no_ask=55 book_ready=True position=False pending=False dry_run=True trust=synced run_id=24270740-7c7c-4852-a36f-48d913955980
2026-05-05 13:30:42,696 | INFO | Heartbeat | watch=KXBTC15M-26MAY051345-45 yes_bid=37 yes_ask=38 no_bid=62 no_ask=63 book_ready=True position=False pending=False dry_run=True trust=synced run_id=24270740-7c7c-4852-a36f-48d913955980
2026-05-05 13:30:57,703 | INFO | Heartbeat | watch=KXBTC15M-26MAY051345-45 yes_bid=33 yes_ask=34 no_bid=66 no_ask=67 book_ready=True position=False pending=False dry_run=True trust=synced run_id=24270740-7c7c-4852-a36f-48d913955980
2026-05-05 13:31:12,704 | INFO | Heartbeat | watch=KXBTC15M-26MAY051345-45 yes_bid=30 yes_ask=31 no_bid=69 no_ask=70 book_ready=True position=False pending=False dry_run=True trust=synced run_id=24270740-7c7c-4852-a36f-48d913955980
2026-05-05 13:31:27,728 | INFO | Heartbeat | watch=KXBTC15M-26MAY051345-45 yes_bid=27 yes_ask=28 no_bid=72 no_ask=73 book_ready=True position=False pending=False dry_run=True trust=synced run_id=24270740-7c7c-4852-a36f-48d913955980
2026-05-05 13:31:42,760 | INFO | Heartbeat | watch=KXBTC15M-26MAY051345-45 yes_bid=26 yes_ask=27 no_bid=73 no_ask=74 book_ready=True position=False pending=False dry_run=True trust=synced run_id=24270740-7c7c-4852-a36f-48d913955980
2026-05-05 13:31:57,792 | INFO | Heartbeat | watch=KXBTC15M-26MAY051345-45 yes_bid=19 yes_ask=20 no_bid=80 no_ask=81 book_ready=True position=False pending=False dry_run=True trust=synced run_id=24270740-7c7c-4852-a36f-48d913955980
2026-05-05 13:32:12,838 | INFO | Heartbeat | watch=KXBTC15M-26MAY051345-45 yes_bid=19 yes_ask=20 no_bid=80 no_ask=81 book_ready=True position=False pending=False dry_run=True trust=synced run_id=24270740-7c7c-4852-a36f-48d913955980
2026-05-05 13:32:27,859 | INFO | Heartbeat | watch=KXBTC15M-26MAY051345-45 yes_bid=15 yes_ask=16 no_bid=84 no_ask=85 book_ready=True position=False pending=False dry_run=True trust=synced run_id=24270740-7c7c-4852-a36f-48d913955980
2026-05-05 13:32:42,880 | INFO | Heartbeat | watch=KXBTC15M-26MAY051345-45 yes_bid=18 yes_ask=19 no_bid=81 no_ask=82 book_ready=True position=False pending=False dry_run=True trust=synced run_id=24270740-7c7c-4852-a36f-48d913955980
2026-05-05 13:32:57,935 | INFO | Heartbeat | watch=KXBTC15M-26MAY051345-45 yes_bid=23 yes_ask=24 no_bid=76 no_ask=77 book_ready=True position=False pending=False dry_run=True trust=synced run_id=24270740-7c7c-4852-a36f-48d913955980
2026-05-05 13:33:12,951 | INFO | Heartbeat | watch=KXBTC15M-26MAY051345-45 yes_bid=22 yes_ask=23 no_bid=77 no_ask=78 book_ready=True position=False pending=False dry_run=True trust=synced run_id=24270740-7c7c-4852-a36f-48d913955980
2026-05-05 13:33:27,993 | INFO | Heartbeat | watch=KXBTC15M-26MAY051345-45 yes_bid=18 yes_ask=19 no_bid=81 no_ask=82 book_ready=True position=False pending=False dry_run=True trust=synced run_id=24270740-7c7c-4852-a36f-48d913955980
2026-05-05 13:33:42,996 | INFO | Heartbeat | watch=KXBTC15M-26MAY051345-45 yes_bid=19 yes_ask=20 no_bid=80 no_ask=81 book_ready=True position=False pending=False dry_run=True trust=synced run_id=24270740-7c7c-4852-a36f-48d913955980
2026-05-05 13:33:58,003 | INFO | Heartbeat | watch=KXBTC15M-26MAY051345-45 yes_bid=15 yes_ask=16 no_bid=84 no_ask=85 book_ready=True position=False pending=False dry_run=True trust=synced run_id=24270740-7c7c-4852-a36f-48d913955980
2026-05-05 13:34:13,059 | INFO | Heartbeat | watch=KXBTC15M-26MAY051345-45 yes_bid=14 yes_ask=15 no_bid=85 no_ask=86 book_ready=True position=False pending=False dry_run=True trust=synced run_id=24270740-7c7c-4852-a36f-48d913955980
2026-05-05 13:34:28,070 | INFO | Heartbeat | watch=KXBTC15M-26MAY051345-45 yes_bid=15 yes_ask=16 no_bid=84 no_ask=85 book_ready=True position=False pending=False dry_run=True trust=synced run_id=24270740-7c7c-4852-a36f-48d913955980
2026-05-05 13:34:43,069 | INFO | Heartbeat | watch=KXBTC15M-26MAY051345-45 yes_bid=15 yes_ask=16 no_bid=84 no_ask=85 book_ready=True position=False pending=False dry_run=True trust=synced run_id=24270740-7c7c-4852-a36f-48d913955980
2026-05-05 13:34:58,093 | INFO | Heartbeat | watch=KXBTC15M-26MAY051345-45 yes_bid=18 yes_ask=19 no_bid=81 no_ask=82 book_ready=True position=False pending=False dry_run=True trust=synced run_id=24270740-7c7c-4852-a36f-48d913955980
2026-05-05 13:35:13,151 | INFO | Heartbeat | watch=KXBTC15M-26MAY051345-45 yes_bid=16 yes_ask=17 no_bid=83 no_ask=84 book_ready=True position=False pending=False dry_run=True trust=synced run_id=24270740-7c7c-4852-a36f-48d913955980
2026-05-05 13:35:28,174 | INFO | Heartbeat | watch=KXBTC15M-26MAY051345-45 yes_bid=20 yes_ask=21 no_bid=79 no_ask=80 book_ready=True position=False pending=False dry_run=True trust=synced run_id=24270740-7c7c-4852-a36f-48d913955980
2026-05-05 13:35:43,187 | INFO | Heartbeat | watch=KXBTC15M-26MAY051345-45 yes_bid=19 yes_ask=20 no_bid=80 no_ask=81 book_ready=True position=False pending=False dry_run=True trust=synced run_id=24270740-7c7c-4852-a36f-48d913955980
2026-05-05 13:35:58,217 | INFO | Heartbeat | watch=KXBTC15M-26MAY051345-45 yes_bid=10 yes_ask=11 no_bid=89 no_ask=90 book_ready=True position=False pending=False dry_run=True trust=synced run_id=24270740-7c7c-4852-a36f-48d913955980
2026-05-05 13:36:13,229 | INFO | Heartbeat | watch=KXBTC15M-26MAY051345-45 yes_bid=16 yes_ask=17 no_bid=83 no_ask=84 book_ready=True position=False pending=False dry_run=True trust=synced run_id=24270740-7c7c-4852-a36f-48d913955980
2026-05-05 13:36:28,224 | INFO | Heartbeat | watch=KXBTC15M-26MAY051345-45 yes_bid=15 yes_ask=17 no_bid=83 no_ask=85 book_ready=True position=False pending=False dry_run=True trust=synced run_id=24270740-7c7c-4852-a36f-48d913955980
2026-05-05 13:36:43,254 | INFO | Heartbeat | watch=KXBTC15M-26MAY051345-45 yes_bid=19 yes_ask=21 no_bid=79 no_ask=81 book_ready=True position=False pending=False dry_run=True trust=synced run_id=24270740-7c7c-4852-a36f-48d913955980
2026-05-05 13:36:58,270 | INFO | Heartbeat | watch=KXBTC15M-26MAY051345-45 yes_bid=20 yes_ask=21 no_bid=79 no_ask=80 book_ready=True position=False pending=False dry_run=True trust=synced run_id=24270740-7c7c-4852-a36f-48d913955980
2026-05-05 13:37:13,310 | INFO | Heartbeat | watch=KXBTC15M-26MAY051345-45 yes_bid=20 yes_ask=22 no_bid=78 no_ask=80 book_ready=True position=False pending=False dry_run=True trust=synced run_id=24270740-7c7c-4852-a36f-48d913955980
2026-05-05 13:37:28,334 | INFO | Heartbeat | watch=KXBTC15M-26MAY051345-45 yes_bid=17 yes_ask=19 no_bid=81 no_ask=83 book_ready=True position=False pending=False dry_run=True trust=synced run_id=24270740-7c7c-4852-a36f-48d913955980
2026-05-05 13:37:43,367 | INFO | Heartbeat | watch=KXBTC15M-26MAY051345-45 yes_bid=16 yes_ask=18 no_bid=82 no_ask=84 book_ready=True position=False pending=False dry_run=True trust=synced run_id=24270740-7c7c-4852-a36f-48d913955980
2026-05-05 13:37:58,392 | INFO | Heartbeat | watch=KXBTC15M-26MAY051345-45 yes_bid=16 yes_ask=17 no_bid=83 no_ask=84 book_ready=True position=False pending=False dry_run=True trust=synced run_id=24270740-7c7c-4852-a36f-48d913955980
2026-05-05 13:38:13,476 | INFO | Heartbeat | watch=KXBTC15M-26MAY051345-45 yes_bid=16 yes_ask=17 no_bid=83 no_ask=84 book_ready=True position=False pending=False dry_run=True trust=synced run_id=24270740-7c7c-4852-a36f-48d913955980
2026-05-05 13:38:28,493 | INFO | Heartbeat | watch=KXBTC15M-26MAY051345-45 yes_bid=15 yes_ask=16 no_bid=84 no_ask=85 book_ready=True position=False pending=False dry_run=True trust=synced run_id=24270740-7c7c-4852-a36f-48d913955980
2026-05-05 13:38:43,498 | INFO | Heartbeat | watch=KXBTC15M-26MAY051345-45 yes_bid=14 yes_ask=15 no_bid=85 no_ask=86 book_ready=True position=False pending=False dry_run=True trust=synced run_id=24270740-7c7c-4852-a36f-48d913955980
2026-05-05 13:38:58,494 | INFO | Heartbeat | watch=KXBTC15M-26MAY051345-45 yes_bid=11 yes_ask=12 no_bid=88 no_ask=89 book_ready=True position=False pending=False dry_run=True trust=synced run_id=24270740-7c7c-4852-a36f-48d913955980
2026-05-05 13:39:13,487 | INFO | Heartbeat | watch=KXBTC15M-26MAY051345-45 yes_bid=10 yes_ask=11 no_bid=89 no_ask=90 book_ready=True position=False pending=False dry_run=True trust=synced run_id=24270740-7c7c-4852-a36f-48d913955980
2026-05-05 13:39:28,540 | INFO | Heartbeat | watch=KXBTC15M-26MAY051345-45 yes_bid=8 yes_ask=8 no_bid=92 no_ask=92 book_ready=True position=False pending=False dry_run=True trust=synced run_id=24270740-7c7c-4852-a36f-48d913955980
2026-05-05 13:39:43,569 | INFO | Heartbeat | watch=KXBTC15M-26MAY051345-45 yes_bid=7 yes_ask=8 no_bid=92 no_ask=93 book_ready=True position=False pending=False dry_run=True trust=synced run_id=24270740-7c7c-4852-a36f-48d913955980
2026-05-05 13:39:58,595 | INFO | Heartbeat | watch=KXBTC15M-26MAY051345-45 yes_bid=3 yes_ask=3 no_bid=97 no_ask=97 book_ready=True position=False pending=False dry_run=True trust=synced run_id=24270740-7c7c-4852-a36f-48d913955980
2026-05-05 13:40:13,627 | INFO | Heartbeat | watch=KXBTC15M-26MAY051345-45 yes_bid=2 yes_ask=2 no_bid=98 no_ask=98 book_ready=True position=False pending=False dry_run=True trust=synced run_id=24270740-7c7c-4852-a36f-48d913955980
2026-05-05 13:40:28,626 | INFO | Heartbeat | watch=KXBTC15M-26MAY051345-45 yes_bid=2 yes_ask=2 no_bid=98 no_ask=98 book_ready=True position=False pending=False dry_run=True trust=synced run_id=24270740-7c7c-4852-a36f-48d913955980
2026-05-05 13:40:43,649 | INFO | Heartbeat | watch=KXBTC15M-26MAY051345-45 yes_bid=3 yes_ask=4 no_bid=96 no_ask=97 book_ready=True position=False pending=False dry_run=True trust=synced run_id=24270740-7c7c-4852-a36f-48d913955980
2026-05-05 13:40:58,652 | INFO | Heartbeat | watch=KXBTC15M-26MAY051345-45 yes_bid=2 yes_ask=3 no_bid=97 no_ask=98 book_ready=True position=False pending=False dry_run=True trust=synced run_id=24270740-7c7c-4852-a36f-48d913955980
2026-05-05 13:41:13,687 | INFO | Heartbeat | watch=KXBTC15M-26MAY051345-45 yes_bid=2 yes_ask=3 no_bid=97 no_ask=98 book_ready=True position=False pending=False dry_run=True trust=synced run_id=24270740-7c7c-4852-a36f-48d913955980
2026-05-05 13:41:28,689 | INFO | Heartbeat | watch=KXBTC15M-26MAY051345-45 yes_bid=2 yes_ask=3 no_bid=97 no_ask=98 book_ready=True position=False pending=False dry_run=True trust=synced run_id=24270740-7c7c-4852-a36f-48d913955980
2026-05-05 13:41:43,695 | INFO | Heartbeat | watch=KXBTC15M-26MAY051345-45 yes_bid=2 yes_ask=2 no_bid=98 no_ask=98 book_ready=True position=False pending=False dry_run=True trust=synced run_id=24270740-7c7c-4852-a36f-48d913955980
2026-05-05 13:41:58,701 | INFO | Heartbeat | watch=KXBTC15M-26MAY051345-45 yes_bid=2 yes_ask=2 no_bid=98 no_ask=98 book_ready=True position=False pending=False dry_run=True trust=synced run_id=24270740-7c7c-4852-a36f-48d913955980
2026-05-05 13:42:13,694 | INFO | Heartbeat | watch=KXBTC15M-26MAY051345-45 yes_bid=2 yes_ask=2 no_bid=98 no_ask=98 book_ready=True position=False pending=False dry_run=True trust=synced run_id=24270740-7c7c-4852-a36f-48d913955980
2026-05-05 13:42:28,741 | INFO | Heartbeat | watch=KXBTC15M-26MAY051345-45 yes_bid=1 yes_ask=1 no_bid=99 no_ask=99 book_ready=True position=False pending=False dry_run=True trust=synced run_id=24270740-7c7c-4852-a36f-48d913955980
2026-05-05 13:42:43,781 | INFO | Heartbeat | watch=KXBTC15M-26MAY051345-45 yes_bid=1 yes_ask=1 no_bid=99 no_ask=99 book_ready=True position=False pending=False dry_run=True trust=synced run_id=24270740-7c7c-4852-a36f-48d913955980
2026-05-05 13:42:58,795 | INFO | Heartbeat | watch=KXBTC15M-26MAY051345-45 yes_bid=0 yes_ask=1 no_bid=99 no_ask=100 book_ready=True position=False pending=False dry_run=True trust=synced run_id=24270740-7c7c-4852-a36f-48d913955980
2026-05-05 13:43:13,787 | INFO | Heartbeat | watch=KXBTC15M-26MAY051345-45 yes_bid=0 yes_ask=0 no_bid=100 no_ask=100 book_ready=True position=False pending=False dry_run=True trust=synced run_id=24270740-7c7c-4852-a36f-48d913955980
2026-05-05 13:43:28,840 | INFO | Heartbeat | watch=KXBTC15M-26MAY051345-45 yes_bid=0 yes_ask=0 no_bid=100 no_ask=100 book_ready=True position=False pending=False dry_run=True trust=synced run_id=24270740-7c7c-4852-a36f-48d913955980
2026-05-05 13:43:43,876 | INFO | Heartbeat | watch=KXBTC15M-26MAY051345-45 yes_bid=0 yes_ask=0 no_bid=100 no_ask=100 book_ready=True position=False pending=False dry_run=True trust=synced run_id=24270740-7c7c-4852-a36f-48d913955980
2026-05-05 13:43:58,917 | INFO | Heartbeat | watch=KXBTC15M-26MAY051345-45 yes_bid=0 yes_ask=0 no_bid=100 no_ask=100 book_ready=True position=False pending=False dry_run=True trust=synced run_id=24270740-7c7c-4852-a36f-48d913955980
2026-05-05 13:44:13,922 | INFO | Heartbeat | watch=KXBTC15M-26MAY051345-45 yes_bid=0 yes_ask=0 no_bid=100 no_ask=100 book_ready=True position=False pending=False dry_run=True trust=synced run_id=24270740-7c7c-4852-a36f-48d913955980
2026-05-05 13:44:28,943 | INFO | Heartbeat | watch=KXBTC15M-26MAY051345-45 yes_bid=0 yes_ask=0 no_bid=100 no_ask=100 book_ready=True position=False pending=False dry_run=True trust=synced run_id=24270740-7c7c-4852-a36f-48d913955980
2026-05-05 13:44:43,988 | INFO | Heartbeat | watch=KXBTC15M-26MAY051345-45 yes_bid=0 yes_ask=0 no_bid=100 no_ask=100 book_ready=True position=False pending=False dry_run=True trust=synced run_id=24270740-7c7c-4852-a36f-48d913955980
2026-05-05 13:44:59,020 | INFO | Heartbeat | watch=KXBTC15M-26MAY051345-45 yes_bid=0 yes_ask=0 no_bid=100 no_ask=100 book_ready=True position=False pending=False dry_run=True trust=synced run_id=24270740-7c7c-4852-a36f-48d913955980
2026-05-05 13:45:06,467 | INFO | Orderbook snapshot ready for KXBTC15M-26MAY051345-45
2026-05-05 13:45:14,023 | INFO | Heartbeat | watch=KXBTC15M-26MAY051345-45 yes_bid=0 yes_ask=100 no_bid=0 no_ask=100 book_ready=True position=False pending=False dry_run=True trust=synced run_id=24270740-7c7c-4852-a36f-48d913955980
2026-05-05 13:45:29,065 | INFO | Heartbeat | watch=KXBTC15M-26MAY051345-45 yes_bid=0 yes_ask=100 no_bid=0 no_ask=100 book_ready=True position=False pending=False dry_run=True trust=synced run_id=24270740-7c7c-4852-a36f-48d913955980
2026-05-05 13:45:30,166 | INFO | Watching market KXBTC15M-26MAY051400-00 close_time=2026-05-05T18:00:00Z status=active strike=81303.75 run_id=24270740-7c7c-4852-a36f-48d913955980
2026-05-05 13:45:30,321 | INFO | WS connected for KXBTC15M-26MAY051400-00
2026-05-05 13:45:30,350 | INFO | WS subscribed payload: {'type': 'subscribed', 'id': 6, 'msg': {'channel': 'ticker', 'sid': 1}}
2026-05-05 13:45:30,351 | INFO | WS subscribed payload: {'type': 'subscribed', 'id': 6, 'msg': {'channel': 'orderbook_delta', 'sid': 2}}
2026-05-05 13:45:30,352 | INFO | Orderbook snapshot ready for KXBTC15M-26MAY051400-00
2026-05-05 13:45:44,063 | INFO | Heartbeat | watch=KXBTC15M-26MAY051400-00 yes_bid=50 yes_ask=51 no_bid=49 no_ask=50 book_ready=True position=False pending=False dry_run=True trust=synced run_id=24270740-7c7c-4852-a36f-48d913955980
2026-05-05 13:45:59,118 | INFO | Heartbeat | watch=KXBTC15M-26MAY051400-00 yes_bid=45 yes_ask=46 no_bid=54 no_ask=55 book_ready=True position=False pending=False dry_run=True trust=synced run_id=24270740-7c7c-4852-a36f-48d913955980
2026-05-05 13:46:14,150 | INFO | Heartbeat | watch=KXBTC15M-26MAY051400-00 yes_bid=35 yes_ask=36 no_bid=64 no_ask=65 book_ready=True position=False pending=False dry_run=True trust=synced run_id=24270740-7c7c-4852-a36f-48d913955980
2026-05-05 13:46:29,149 | INFO | Heartbeat | watch=KXBTC15M-26MAY051400-00 yes_bid=32 yes_ask=34 no_bid=66 no_ask=68 book_ready=True position=False pending=False dry_run=True trust=synced run_id=24270740-7c7c-4852-a36f-48d913955980
2026-05-05 13:46:44,169 | INFO | Heartbeat | watch=KXBTC15M-26MAY051400-00 yes_bid=33 yes_ask=34 no_bid=66 no_ask=67 book_ready=True position=False pending=False dry_run=True trust=synced run_id=24270740-7c7c-4852-a36f-48d913955980
2026-05-05 13:46:59,199 | INFO | Heartbeat | watch=KXBTC15M-26MAY051400-00 yes_bid=36 yes_ask=37 no_bid=63 no_ask=64 book_ready=True position=False pending=False dry_run=True trust=synced run_id=24270740-7c7c-4852-a36f-48d913955980
2026-05-05 13:47:14,230 | INFO | Heartbeat | watch=KXBTC15M-26MAY051400-00 yes_bid=35 yes_ask=37 no_bid=63 no_ask=65 book_ready=True position=False pending=False dry_run=True trust=synced run_id=24270740-7c7c-4852-a36f-48d913955980
2026-05-05 13:47:29,274 | INFO | Heartbeat | watch=KXBTC15M-26MAY051400-00 yes_bid=34 yes_ask=36 no_bid=64 no_ask=66 book_ready=True position=False pending=False dry_run=True trust=synced run_id=24270740-7c7c-4852-a36f-48d913955980
2026-05-05 13:47:44,328 | INFO | Heartbeat | watch=KXBTC15M-26MAY051400-00 yes_bid=41 yes_ask=42 no_bid=58 no_ask=59 book_ready=True position=False pending=False dry_run=True trust=synced run_id=24270740-7c7c-4852-a36f-48d913955980
2026-05-05 13:47:59,370 | INFO | Heartbeat | watch=KXBTC15M-26MAY051400-00 yes_bid=42 yes_ask=43 no_bid=57 no_ask=58 book_ready=True position=False pending=False dry_run=True trust=synced run_id=24270740-7c7c-4852-a36f-48d913955980
2026-05-05 13:48:14,408 | INFO | Heartbeat | watch=KXBTC15M-26MAY051400-00 yes_bid=39 yes_ask=44 no_bid=56 no_ask=61 book_ready=True position=False pending=False dry_run=True trust=synced run_id=24270740-7c7c-4852-a36f-48d913955980
2026-05-05 13:48:29,463 | INFO | Heartbeat | watch=KXBTC15M-26MAY051400-00 yes_bid=42 yes_ask=43 no_bid=57 no_ask=58 book_ready=True position=False pending=False dry_run=True trust=synced run_id=24270740-7c7c-4852-a36f-48d913955980
2026-05-05 13:48:44,510 | INFO | Heartbeat | watch=KXBTC15M-26MAY051400-00 yes_bid=59 yes_ask=60 no_bid=40 no_ask=41 book_ready=True position=False pending=False dry_run=True trust=synced run_id=24270740-7c7c-4852-a36f-48d913955980
2026-05-05 13:48:59,512 | INFO | Heartbeat | watch=KXBTC15M-26MAY051400-00 yes_bid=66 yes_ask=67 no_bid=33 no_ask=34 book_ready=True position=False pending=False dry_run=True trust=synced run_id=24270740-7c7c-4852-a36f-48d913955980
2026-05-05 13:49:14,546 | INFO | Heartbeat | watch=KXBTC15M-26MAY051400-00 yes_bid=74 yes_ask=75 no_bid=25 no_ask=26 book_ready=True position=False pending=False dry_run=True trust=synced run_id=24270740-7c7c-4852-a36f-48d913955980
2026-05-05 13:49:29,573 | INFO | Heartbeat | watch=KXBTC15M-26MAY051400-00 yes_bid=67 yes_ask=69 no_bid=31 no_ask=33 book_ready=True position=False pending=False dry_run=True trust=synced run_id=24270740-7c7c-4852-a36f-48d913955980
2026-05-05 13:49:44,569 | INFO | Heartbeat | watch=KXBTC15M-26MAY051400-00 yes_bid=57 yes_ask=58 no_bid=42 no_ask=43 book_ready=True position=False pending=False dry_run=True trust=synced run_id=24270740-7c7c-4852-a36f-48d913955980
2026-05-05 13:49:59,565 | INFO | Heartbeat | watch=KXBTC15M-26MAY051400-00 yes_bid=47 yes_ask=48 no_bid=52 no_ask=53 book_ready=True position=False pending=False dry_run=True trust=synced run_id=24270740-7c7c-4852-a36f-48d913955980
2026-05-05 13:50:14,648 | INFO | Heartbeat | watch=KXBTC15M-26MAY051400-00 yes_bid=43 yes_ask=44 no_bid=56 no_ask=57 book_ready=True position=False pending=False dry_run=True trust=synced run_id=24270740-7c7c-4852-a36f-48d913955980
2026-05-05 13:50:29,663 | INFO | Heartbeat | watch=KXBTC15M-26MAY051400-00 yes_bid=46 yes_ask=47 no_bid=53 no_ask=54 book_ready=True position=False pending=False dry_run=True trust=synced run_id=24270740-7c7c-4852-a36f-48d913955980
2026-05-05 13:50:44,666 | INFO | Heartbeat | watch=KXBTC15M-26MAY051400-00 yes_bid=47 yes_ask=48 no_bid=52 no_ask=53 book_ready=True position=False pending=False dry_run=True trust=synced run_id=24270740-7c7c-4852-a36f-48d913955980
2026-05-05 13:50:59,675 | INFO | Heartbeat | watch=KXBTC15M-26MAY051400-00 yes_bid=61 yes_ask=63 no_bid=37 no_ask=39 book_ready=True position=False pending=False dry_run=True trust=synced run_id=24270740-7c7c-4852-a36f-48d913955980
2026-05-05 13:51:14,713 | INFO | Heartbeat | watch=KXBTC15M-26MAY051400-00 yes_bid=59 yes_ask=60 no_bid=40 no_ask=41 book_ready=True position=False pending=False dry_run=True trust=synced run_id=24270740-7c7c-4852-a36f-48d913955980
2026-05-05 13:51:29,717 | INFO | Heartbeat | watch=KXBTC15M-26MAY051400-00 yes_bid=59 yes_ask=60 no_bid=40 no_ask=41 book_ready=True position=False pending=False dry_run=True trust=synced run_id=24270740-7c7c-4852-a36f-48d913955980
2026-05-05 13:51:44,724 | INFO | Heartbeat | watch=KXBTC15M-26MAY051400-00 yes_bid=61 yes_ask=62 no_bid=38 no_ask=39 book_ready=True position=False pending=False dry_run=True trust=synced run_id=24270740-7c7c-4852-a36f-48d913955980
2026-05-05 13:51:59,754 | INFO | Heartbeat | watch=KXBTC15M-26MAY051400-00 yes_bid=58 yes_ask=59 no_bid=41 no_ask=42 book_ready=True position=False pending=False dry_run=True trust=synced run_id=24270740-7c7c-4852-a36f-48d913955980
2026-05-05 13:52:14,797 | INFO | Heartbeat | watch=KXBTC15M-26MAY051400-00 yes_bid=61 yes_ask=62 no_bid=38 no_ask=39 book_ready=True position=False pending=False dry_run=True trust=synced run_id=24270740-7c7c-4852-a36f-48d913955980
2026-05-05 13:52:29,809 | INFO | Heartbeat | watch=KXBTC15M-26MAY051400-00 yes_bid=62 yes_ask=63 no_bid=37 no_ask=38 book_ready=True position=False pending=False dry_run=True trust=synced run_id=24270740-7c7c-4852-a36f-48d913955980
2026-05-05 13:52:44,810 | INFO | Heartbeat | watch=KXBTC15M-26MAY051400-00 yes_bid=57 yes_ask=58 no_bid=42 no_ask=43 book_ready=True position=False pending=False dry_run=True trust=synced run_id=24270740-7c7c-4852-a36f-48d913955980
2026-05-05 13:52:59,852 | INFO | Heartbeat | watch=KXBTC15M-26MAY051400-00 yes_bid=41 yes_ask=42 no_bid=58 no_ask=59 book_ready=True position=False pending=False dry_run=True trust=synced run_id=24270740-7c7c-4852-a36f-48d913955980
2026-05-05 13:53:14,863 | INFO | Heartbeat | watch=KXBTC15M-26MAY051400-00 yes_bid=55 yes_ask=56 no_bid=44 no_ask=45 book_ready=True position=False pending=False dry_run=True trust=synced run_id=24270740-7c7c-4852-a36f-48d913955980
2026-05-05 13:53:29,879 | INFO | Heartbeat | watch=KXBTC15M-26MAY051400-00 yes_bid=51 yes_ask=52 no_bid=48 no_ask=49 book_ready=True position=False pending=False dry_run=True trust=synced run_id=24270740-7c7c-4852-a36f-48d913955980
2026-05-05 13:53:44,883 | INFO | Heartbeat | watch=KXBTC15M-26MAY051400-00 yes_bid=57 yes_ask=58 no_bid=42 no_ask=43 book_ready=True position=False pending=False dry_run=True trust=synced run_id=24270740-7c7c-4852-a36f-48d913955980
2026-05-05 13:53:59,931 | INFO | Heartbeat | watch=KXBTC15M-26MAY051400-00 yes_bid=56 yes_ask=57 no_bid=43 no_ask=44 book_ready=True position=False pending=False dry_run=True trust=synced run_id=24270740-7c7c-4852-a36f-48d913955980
2026-05-05 13:54:14,970 | INFO | Heartbeat | watch=KXBTC15M-26MAY051400-00 yes_bid=58 yes_ask=59 no_bid=41 no_ask=42 book_ready=True position=False pending=False dry_run=True trust=synced run_id=24270740-7c7c-4852-a36f-48d913955980
2026-05-05 13:54:30,009 | INFO | Heartbeat | watch=KXBTC15M-26MAY051400-00 yes_bid=38 yes_ask=39 no_bid=61 no_ask=62 book_ready=True position=False pending=False dry_run=True trust=synced run_id=24270740-7c7c-4852-a36f-48d913955980
2026-05-05 13:54:45,040 | INFO | Heartbeat | watch=KXBTC15M-26MAY051400-00 yes_bid=33 yes_ask=34 no_bid=66 no_ask=67 book_ready=True position=False pending=False dry_run=True trust=synced run_id=24270740-7c7c-4852-a36f-48d913955980
2026-05-05 13:55:00,040 | INFO | Heartbeat | watch=KXBTC15M-26MAY051400-00 yes_bid=34 yes_ask=36 no_bid=64 no_ask=66 book_ready=True position=False pending=False dry_run=True trust=synced run_id=24270740-7c7c-4852-a36f-48d913955980
2026-05-05 13:55:15,058 | INFO | Heartbeat | watch=KXBTC15M-26MAY051400-00 yes_bid=31 yes_ask=33 no_bid=67 no_ask=69 book_ready=True position=False pending=False dry_run=True trust=synced run_id=24270740-7c7c-4852-a36f-48d913955980
2026-05-05 13:55:30,063 | INFO | Heartbeat | watch=KXBTC15M-26MAY051400-00 yes_bid=39 yes_ask=41 no_bid=59 no_ask=61 book_ready=True position=False pending=False dry_run=True trust=synced run_id=24270740-7c7c-4852-a36f-48d913955980
2026-05-05 13:55:45,093 | INFO | Heartbeat | watch=KXBTC15M-26MAY051400-00 yes_bid=21 yes_ask=22 no_bid=78 no_ask=79 book_ready=True position=False pending=False dry_run=True trust=synced run_id=24270740-7c7c-4852-a36f-48d913955980
2026-05-05 13:56:00,101 | INFO | Heartbeat | watch=KXBTC15M-26MAY051400-00 yes_bid=20 yes_ask=21 no_bid=79 no_ask=80 book_ready=True position=False pending=False dry_run=True trust=synced run_id=24270740-7c7c-4852-a36f-48d913955980
2026-05-05 13:56:15,134 | INFO | Heartbeat | watch=KXBTC15M-26MAY051400-00 yes_bid=32 yes_ask=34 no_bid=66 no_ask=68 book_ready=True position=False pending=False dry_run=True trust=synced run_id=24270740-7c7c-4852-a36f-48d913955980
2026-05-05 13:56:30,172 | INFO | Heartbeat | watch=KXBTC15M-26MAY051400-00 yes_bid=34 yes_ask=35 no_bid=65 no_ask=66 book_ready=True position=False pending=False dry_run=True trust=synced run_id=24270740-7c7c-4852-a36f-48d913955980
2026-05-05 13:56:45,220 | INFO | Heartbeat | watch=KXBTC15M-26MAY051400-00 yes_bid=27 yes_ask=29 no_bid=71 no_ask=73 book_ready=True position=False pending=False dry_run=True trust=synced run_id=24270740-7c7c-4852-a36f-48d913955980
2026-05-05 13:57:00,231 | INFO | Heartbeat | watch=KXBTC15M-26MAY051400-00 yes_bid=38 yes_ask=39 no_bid=61 no_ask=62 book_ready=True position=False pending=False dry_run=True trust=synced run_id=24270740-7c7c-4852-a36f-48d913955980
2026-05-05 13:57:15,319 | INFO | Heartbeat | watch=KXBTC15M-26MAY051400-00 yes_bid=30 yes_ask=31 no_bid=69 no_ask=70 book_ready=True position=False pending=False dry_run=True trust=synced run_id=24270740-7c7c-4852-a36f-48d913955980
2026-05-05 13:57:30,323 | INFO | Heartbeat | watch=KXBTC15M-26MAY051400-00 yes_bid=10 yes_ask=11 no_bid=89 no_ask=90 book_ready=True position=False pending=False dry_run=True trust=synced run_id=24270740-7c7c-4852-a36f-48d913955980
2026-05-05 13:57:45,332 | INFO | Heartbeat | watch=KXBTC15M-26MAY051400-00 yes_bid=5 yes_ask=6 no_bid=94 no_ask=95 book_ready=True position=False pending=False dry_run=True trust=synced run_id=24270740-7c7c-4852-a36f-48d913955980
2026-05-05 13:58:00,332 | INFO | Heartbeat | watch=KXBTC15M-26MAY051400-00 yes_bid=5 yes_ask=5 no_bid=95 no_ask=95 book_ready=True position=False pending=False dry_run=True trust=synced run_id=24270740-7c7c-4852-a36f-48d913955980
2026-05-05 13:58:15,335 | INFO | Heartbeat | watch=KXBTC15M-26MAY051400-00 yes_bid=10 yes_ask=13 no_bid=87 no_ask=90 book_ready=True position=False pending=False dry_run=True trust=synced run_id=24270740-7c7c-4852-a36f-48d913955980
2026-05-05 13:58:30,349 | INFO | Heartbeat | watch=KXBTC15M-26MAY051400-00 yes_bid=8 yes_ask=8 no_bid=92 no_ask=92 book_ready=True position=False pending=False dry_run=True trust=synced run_id=24270740-7c7c-4852-a36f-48d913955980
2026-05-05 13:58:45,387 | INFO | Heartbeat | watch=KXBTC15M-26MAY051400-00 yes_bid=6 yes_ask=7 no_bid=93 no_ask=94 book_ready=True position=False pending=False dry_run=True trust=synced run_id=24270740-7c7c-4852-a36f-48d913955980
2026-05-05 13:59:00,418 | INFO | Heartbeat | watch=KXBTC15M-26MAY051400-00 yes_bid=1 yes_ask=2 no_bid=98 no_ask=99 book_ready=True position=False pending=False dry_run=True trust=synced run_id=24270740-7c7c-4852-a36f-48d913955980
2026-05-05 13:59:15,452 | INFO | Heartbeat | watch=KXBTC15M-26MAY051400-00 yes_bid=1 yes_ask=1 no_bid=99 no_ask=99 book_ready=True position=False pending=False dry_run=True trust=synced run_id=24270740-7c7c-4852-a36f-48d913955980
2026-05-05 13:59:30,485 | INFO | Heartbeat | watch=KXBTC15M-26MAY051400-00 yes_bid=0 yes_ask=1 no_bid=99 no_ask=100 book_ready=True position=False pending=False dry_run=True trust=synced run_id=24270740-7c7c-4852-a36f-48d913955980
2026-05-05 13:59:45,521 | INFO | Heartbeat | watch=KXBTC15M-26MAY051400-00 yes_bid=0 yes_ask=0 no_bid=100 no_ask=100 book_ready=True position=False pending=False dry_run=True trust=synced run_id=24270740-7c7c-4852-a36f-48d913955980
2026-05-05 14:00:00,519 | INFO | Heartbeat | watch=KXBTC15M-26MAY051400-00 yes_bid=0 yes_ask=0 no_bid=100 no_ask=100 book_ready=True position=False pending=False dry_run=True trust=synced run_id=24270740-7c7c-4852-a36f-48d913955980
2026-05-05 14:00:07,207 | INFO | Orderbook snapshot ready for KXBTC15M-26MAY051400-00
2026-05-05 14:00:15,513 | INFO | Heartbeat | watch=KXBTC15M-26MAY051400-00 yes_bid=0 yes_ask=100 no_bid=0 no_ask=100 book_ready=True position=False pending=False dry_run=True trust=synced run_id=24270740-7c7c-4852-a36f-48d913955980
2026-05-05 14:00:30,175 | INFO | Watching market KXBTC15M-26MAY051415-15 close_time=2026-05-05T18:15:00Z status=active strike=81273.97 run_id=24270740-7c7c-4852-a36f-48d913955980
2026-05-05 14:00:30,357 | INFO | WS connected for KXBTC15M-26MAY051415-15
2026-05-05 14:00:30,385 | INFO | WS subscribed payload: {'type': 'subscribed', 'id': 7, 'msg': {'channel': 'ticker', 'sid': 1}}
2026-05-05 14:00:30,386 | INFO | WS subscribed payload: {'type': 'subscribed', 'id': 7, 'msg': {'channel': 'orderbook_delta', 'sid': 2}}
2026-05-05 14:00:30,387 | INFO | Orderbook snapshot ready for KXBTC15M-26MAY051415-15
2026-05-05 14:00:30,563 | INFO | Heartbeat | watch=KXBTC15M-26MAY051415-15 yes_bid=None yes_ask=None no_bid=None no_ask=None book_ready=True position=False pending=False dry_run=True trust=synced run_id=24270740-7c7c-4852-a36f-48d913955980
2026-05-05 14:00:45,613 | INFO | Heartbeat | watch=KXBTC15M-26MAY051415-15 yes_bid=68 yes_ask=69 no_bid=31 no_ask=32 book_ready=True position=False pending=False dry_run=True trust=synced run_id=24270740-7c7c-4852-a36f-48d913955980
2026-05-05 14:01:00,616 | INFO | Heartbeat | watch=KXBTC15M-26MAY051415-15 yes_bid=71 yes_ask=72 no_bid=28 no_ask=29 book_ready=True position=False pending=False dry_run=True trust=synced run_id=24270740-7c7c-4852-a36f-48d913955980
2026-05-05 14:01:15,662 | INFO | Heartbeat | watch=KXBTC15M-26MAY051415-15 yes_bid=73 yes_ask=74 no_bid=26 no_ask=27 book_ready=True position=False pending=False dry_run=True trust=synced run_id=24270740-7c7c-4852-a36f-48d913955980
2026-05-05 14:01:30,692 | INFO | Heartbeat | watch=KXBTC15M-26MAY051415-15 yes_bid=71 yes_ask=72 no_bid=28 no_ask=29 book_ready=True position=False pending=False dry_run=True trust=synced run_id=24270740-7c7c-4852-a36f-48d913955980
