2026-04-30 20:56:28,259 | INFO | Starting WS bot. run_id=26681d20-b319-462d-a32d-cf9a6f76fdc9 dry_run=False base_url=https://api.elections.kalshi.com/trade-api/v2 ws_url=wss://api.elections.kalshi.com/trade-api/ws/v2 series=KXBTC15M
2026-04-30 20:56:29,481 | INFO | Watching market KXBTC15M-26APR302100-00 close_time=2026-05-01T01:00:00Z status=active strike=76499.14 run_id=26681d20-b319-462d-a32d-cf9a6f76fdc9
2026-04-30 20:56:29,550 | INFO | Heartbeat | watch=KXBTC15M-26APR302100-00 yes_bid=None yes_ask=None no_bid=None no_ask=None book_ready=False position=False pending=False dry_run=False trust=cold run_id=26681d20-b319-462d-a32d-cf9a6f76fdc9
2026-04-30 20:56:29,711 | INFO | WS connected for KXBTC15M-26APR302100-00
2026-04-30 20:56:29,773 | INFO | WS subscribed payload: {'type': 'subscribed', 'id': 1, 'msg': {'channel': 'ticker', 'sid': 1}}
2026-04-30 20:56:29,775 | INFO | WS subscribed payload: {'type': 'subscribed', 'id': 1, 'msg': {'channel': 'orderbook_delta', 'sid': 2}}
2026-04-30 20:56:29,777 | INFO | Orderbook snapshot ready for KXBTC15M-26APR302100-00
2026-04-30 20:56:30,269 | WARNING | Mushroom v28 BTC tick stream failed. reconnect_seconds=1.00 error=server rejected WebSocket connection: HTTP 451
2026-04-30 20:56:31,687 | INFO | Mushroom v28 BTC tick stream connected | url=wss://stream.binance.us:9443/ws/btcusdt@trade
2026-04-30 20:56:50,031 | INFO | Heartbeat | watch=KXBTC15M-26APR302100-00 yes_bid=2 yes_ask=2 no_bid=98 no_ask=98 book_ready=True position=False pending=False dry_run=False trust=synced run_id=26681d20-b319-462d-a32d-cf9a6f76fdc9
2026-04-30 20:57:05,026 | INFO | Heartbeat | watch=KXBTC15M-26APR302100-00 yes_bid=0 yes_ask=1 no_bid=99 no_ask=100 book_ready=True position=False pending=False dry_run=False trust=synced run_id=26681d20-b319-462d-a32d-cf9a6f76fdc9
2026-04-30 20:57:20,088 | INFO | Heartbeat | watch=KXBTC15M-26APR302100-00 yes_bid=0 yes_ask=0 no_bid=100 no_ask=100 book_ready=True position=False pending=False dry_run=False trust=synced run_id=26681d20-b319-462d-a32d-cf9a6f76fdc9
2026-04-30 20:57:35,095 | INFO | Heartbeat | watch=KXBTC15M-26APR302100-00 yes_bid=1 yes_ask=1 no_bid=99 no_ask=99 book_ready=True position=False pending=False dry_run=False trust=synced run_id=26681d20-b319-462d-a32d-cf9a6f76fdc9
2026-04-30 20:57:50,118 | INFO | Heartbeat | watch=KXBTC15M-26APR302100-00 yes_bid=1 yes_ask=1 no_bid=99 no_ask=99 book_ready=True position=False pending=False dry_run=False trust=synced run_id=26681d20-b319-462d-a32d-cf9a6f76fdc9
2026-04-30 20:58:05,129 | INFO | Heartbeat | watch=KXBTC15M-26APR302100-00 yes_bid=0 yes_ask=1 no_bid=99 no_ask=100 book_ready=True position=False pending=False dry_run=False trust=synced run_id=26681d20-b319-462d-a32d-cf9a6f76fdc9
2026-04-30 20:58:20,143 | INFO | Heartbeat | watch=KXBTC15M-26APR302100-00 yes_bid=0 yes_ask=0 no_bid=100 no_ask=100 book_ready=True position=False pending=False dry_run=False trust=synced run_id=26681d20-b319-462d-a32d-cf9a6f76fdc9
2026-04-30 20:58:35,197 | INFO | Heartbeat | watch=KXBTC15M-26APR302100-00 yes_bid=0 yes_ask=0 no_bid=100 no_ask=100 book_ready=True position=False pending=False dry_run=False trust=synced run_id=26681d20-b319-462d-a32d-cf9a6f76fdc9
2026-04-30 20:58:50,229 | INFO | Heartbeat | watch=KXBTC15M-26APR302100-00 yes_bid=0 yes_ask=0 no_bid=100 no_ask=100 book_ready=True position=False pending=False dry_run=False trust=synced run_id=26681d20-b319-462d-a32d-cf9a6f76fdc9
2026-04-30 20:59:05,285 | INFO | Heartbeat | watch=KXBTC15M-26APR302100-00 yes_bid=0 yes_ask=0 no_bid=100 no_ask=100 book_ready=True position=False pending=False dry_run=False trust=synced run_id=26681d20-b319-462d-a32d-cf9a6f76fdc9
2026-04-30 20:59:20,372 | INFO | Heartbeat | watch=KXBTC15M-26APR302100-00 yes_bid=0 yes_ask=0 no_bid=100 no_ask=100 book_ready=True position=False pending=False dry_run=False trust=synced run_id=26681d20-b319-462d-a32d-cf9a6f76fdc9
2026-04-30 20:59:35,364 | INFO | Heartbeat | watch=KXBTC15M-26APR302100-00 yes_bid=0 yes_ask=0 no_bid=100 no_ask=100 book_ready=True position=False pending=False dry_run=False trust=synced run_id=26681d20-b319-462d-a32d-cf9a6f76fdc9
2026-04-30 20:59:50,379 | INFO | Heartbeat | watch=KXBTC15M-26APR302100-00 yes_bid=0 yes_ask=0 no_bid=100 no_ask=100 book_ready=True position=False pending=False dry_run=False trust=synced run_id=26681d20-b319-462d-a32d-cf9a6f76fdc9
2026-04-30 21:00:05,379 | INFO | Heartbeat | watch=KXBTC15M-26APR302100-00 yes_bid=0 yes_ask=0 no_bid=100 no_ask=100 book_ready=True position=False pending=False dry_run=False trust=synced run_id=26681d20-b319-462d-a32d-cf9a6f76fdc9
2026-04-30 21:00:16,782 | INFO | Orderbook snapshot ready for KXBTC15M-26APR302100-00
2026-04-30 21:00:17,564 | INFO | Watching market KXBTC15M-26APR302115-15 close_time=2026-05-01T01:15:00Z status=active strike=76388.57 run_id=26681d20-b319-462d-a32d-cf9a6f76fdc9
2026-04-30 21:00:17,880 | INFO | WS connected for KXBTC15M-26APR302115-15
2026-04-30 21:00:17,943 | INFO | WS subscribed payload: {'type': 'subscribed', 'id': 2, 'msg': {'channel': 'ticker', 'sid': 1}}
2026-04-30 21:00:17,943 | INFO | WS subscribed payload: {'type': 'subscribed', 'id': 2, 'msg': {'channel': 'orderbook_delta', 'sid': 2}}
2026-04-30 21:00:17,946 | INFO | Orderbook snapshot ready for KXBTC15M-26APR302115-15
2026-04-30 21:00:20,414 | INFO | Heartbeat | watch=KXBTC15M-26APR302115-15 yes_bid=65 yes_ask=66 no_bid=34 no_ask=35 book_ready=True position=False pending=False dry_run=False trust=synced run_id=26681d20-b319-462d-a32d-cf9a6f76fdc9
2026-04-30 21:00:35,463 | INFO | Heartbeat | watch=KXBTC15M-26APR302115-15 yes_bid=68 yes_ask=69 no_bid=31 no_ask=32 book_ready=True position=False pending=False dry_run=False trust=synced run_id=26681d20-b319-462d-a32d-cf9a6f76fdc9
2026-04-30 21:00:50,492 | INFO | Heartbeat | watch=KXBTC15M-26APR302115-15 yes_bid=71 yes_ask=72 no_bid=28 no_ask=29 book_ready=True position=False pending=False dry_run=False trust=synced run_id=26681d20-b319-462d-a32d-cf9a6f76fdc9
2026-04-30 21:01:05,508 | INFO | Heartbeat | watch=KXBTC15M-26APR302115-15 yes_bid=76 yes_ask=77 no_bid=23 no_ask=24 book_ready=True position=False pending=False dry_run=False trust=synced run_id=26681d20-b319-462d-a32d-cf9a6f76fdc9
2026-04-30 21:01:05,671 | INFO | Mushroom v21 entry approved | market=KXBTC15M-26APR302115-15 side=yes ask=77c p_side=0.8435 edge=4.848c raw_edge=5.848c depth=217.54 secs_to_close=834.35
2026-04-30 21:01:05,696 | INFO | Execution state | market=KXBTC15M-26APR302115-15 side=yes state=eligible reason=pre_filters_disabled trust=synced run_id=26681d20-b319-462d-a32d-cf9a6f76fdc9
2026-04-30 21:01:05,696 | INFO | Live fill policy approved | market=KXBTC15M-26APR302115-15 side=yes trigger=77c tif=immediate_or_cancel limit=77c depth=217.54 required=3 book_age_ms=734.0 secs_to_close=834.35 reason=single_shot_abundant_depth
2026-04-30 21:01:05,704 | INFO | ENTRY signal | market=KXBTC15M-26APR302115-15 action=buy side=yes trigger=77c limit=77c qty=2 book_ready=True
2026-04-30 21:01:05,705 | INFO | Execution state | market=KXBTC15M-26APR302115-15 side=yes state=submitting reason=single_shot_abundant_depth trust=synced run_id=26681d20-b319-462d-a32d-cf9a6f76fdc9
2026-04-30 21:01:05,776 | INFO | ENTRY immediate fill | market=KXBTC15M-26APR302115-15 side=yes qty=2 limit=77c
2026-04-30 21:01:05,778 | INFO | Execution state | market=KXBTC15M-26APR302115-15 side=yes state=filled reason=single_shot_abundant_depth trust=synced run_id=26681d20-b319-462d-a32d-cf9a6f76fdc9
2026-04-30 21:01:20,540 | INFO | Heartbeat | watch=KXBTC15M-26APR302115-15 yes_bid=77 yes_ask=78 no_bid=22 no_ask=23 book_ready=True position=True pending=False dry_run=False trust=synced run_id=26681d20-b319-462d-a32d-cf9a6f76fdc9
2026-04-30 21:01:35,554 | INFO | Heartbeat | watch=KXBTC15M-26APR302115-15 yes_bid=79 yes_ask=80 no_bid=20 no_ask=21 book_ready=True position=True pending=False dry_run=False trust=synced run_id=26681d20-b319-462d-a32d-cf9a6f76fdc9
2026-04-30 21:01:50,569 | INFO | Heartbeat | watch=KXBTC15M-26APR302115-15 yes_bid=77 yes_ask=78 no_bid=22 no_ask=23 book_ready=True position=True pending=False dry_run=False trust=synced run_id=26681d20-b319-462d-a32d-cf9a6f76fdc9
2026-04-30 21:02:05,573 | INFO | Heartbeat | watch=KXBTC15M-26APR302115-15 yes_bid=75 yes_ask=76 no_bid=24 no_ask=25 book_ready=True position=True pending=False dry_run=False trust=synced run_id=26681d20-b319-462d-a32d-cf9a6f76fdc9
2026-04-30 21:02:20,575 | INFO | Heartbeat | watch=KXBTC15M-26APR302115-15 yes_bid=74 yes_ask=75 no_bid=25 no_ask=26 book_ready=True position=True pending=False dry_run=False trust=synced run_id=26681d20-b319-462d-a32d-cf9a6f76fdc9
2026-04-30 21:02:35,588 | INFO | Heartbeat | watch=KXBTC15M-26APR302115-15 yes_bid=73 yes_ask=74 no_bid=26 no_ask=27 book_ready=True position=True pending=False dry_run=False trust=synced run_id=26681d20-b319-462d-a32d-cf9a6f76fdc9
2026-04-30 21:02:50,602 | INFO | Heartbeat | watch=KXBTC15M-26APR302115-15 yes_bid=76 yes_ask=77 no_bid=23 no_ask=24 book_ready=True position=True pending=False dry_run=False trust=synced run_id=26681d20-b319-462d-a32d-cf9a6f76fdc9
2026-04-30 21:03:05,628 | INFO | Heartbeat | watch=KXBTC15M-26APR302115-15 yes_bid=73 yes_ask=74 no_bid=26 no_ask=27 book_ready=True position=True pending=False dry_run=False trust=synced run_id=26681d20-b319-462d-a32d-cf9a6f76fdc9
2026-04-30 21:03:05,777 | INFO | Mushroom v21 entry approved | market=KXBTC15M-26APR302115-15 side=yes ask=74c p_side=0.8714 edge=10.638c raw_edge=11.638c depth=1466.02 secs_to_close=714.23
2026-04-30 21:03:05,809 | INFO | Execution state | market=KXBTC15M-26APR302115-15 side=yes state=eligible reason=pre_filters_disabled trust=synced run_id=26681d20-b319-462d-a32d-cf9a6f76fdc9
2026-04-30 21:03:05,809 | INFO | Live fill policy approved | market=KXBTC15M-26APR302115-15 side=yes trigger=74c tif=immediate_or_cancel limit=74c depth=1466.02 required=3 book_age_ms=859.0 secs_to_close=714.23 reason=single_shot_abundant_depth
2026-04-30 21:03:05,815 | INFO | ENTRY signal | market=KXBTC15M-26APR302115-15 action=buy side=yes trigger=74c limit=74c qty=2 book_ready=True
2026-04-30 21:03:05,815 | INFO | Execution state | market=KXBTC15M-26APR302115-15 side=yes state=submitting reason=single_shot_abundant_depth trust=synced run_id=26681d20-b319-462d-a32d-cf9a6f76fdc9
2026-04-30 21:03:05,939 | INFO | ENTRY immediate fill | market=KXBTC15M-26APR302115-15 side=yes qty=2 limit=74c
2026-04-30 21:03:05,939 | INFO | Execution state | market=KXBTC15M-26APR302115-15 side=yes state=filled reason=single_shot_abundant_depth trust=synced run_id=26681d20-b319-462d-a32d-cf9a6f76fdc9
2026-04-30 21:03:20,652 | INFO | Heartbeat | watch=KXBTC15M-26APR302115-15 yes_bid=76 yes_ask=77 no_bid=23 no_ask=24 book_ready=True position=True pending=False dry_run=False trust=synced run_id=26681d20-b319-462d-a32d-cf9a6f76fdc9
2026-04-30 21:03:35,694 | INFO | Heartbeat | watch=KXBTC15M-26APR302115-15 yes_bid=74 yes_ask=76 no_bid=24 no_ask=26 book_ready=True position=True pending=False dry_run=False trust=synced run_id=26681d20-b319-462d-a32d-cf9a6f76fdc9
2026-04-30 21:03:50,697 | INFO | Heartbeat | watch=KXBTC15M-26APR302115-15 yes_bid=73 yes_ask=74 no_bid=26 no_ask=27 book_ready=True position=True pending=False dry_run=False trust=synced run_id=26681d20-b319-462d-a32d-cf9a6f76fdc9
2026-04-30 21:04:05,719 | INFO | Heartbeat | watch=KXBTC15M-26APR302115-15 yes_bid=74 yes_ask=75 no_bid=25 no_ask=26 book_ready=True position=True pending=False dry_run=False trust=synced run_id=26681d20-b319-462d-a32d-cf9a6f76fdc9
2026-04-30 21:04:20,746 | INFO | Heartbeat | watch=KXBTC15M-26APR302115-15 yes_bid=79 yes_ask=80 no_bid=20 no_ask=21 book_ready=True position=True pending=False dry_run=False trust=synced run_id=26681d20-b319-462d-a32d-cf9a6f76fdc9
2026-04-30 21:04:35,755 | INFO | Heartbeat | watch=KXBTC15M-26APR302115-15 yes_bid=82 yes_ask=83 no_bid=17 no_ask=18 book_ready=True position=True pending=False dry_run=False trust=synced run_id=26681d20-b319-462d-a32d-cf9a6f76fdc9
2026-04-30 21:04:50,802 | INFO | Heartbeat | watch=KXBTC15M-26APR302115-15 yes_bid=82 yes_ask=83 no_bid=17 no_ask=18 book_ready=True position=True pending=False dry_run=False trust=synced run_id=26681d20-b319-462d-a32d-cf9a6f76fdc9
2026-04-30 21:05:05,826 | INFO | Heartbeat | watch=KXBTC15M-26APR302115-15 yes_bid=88 yes_ask=89 no_bid=11 no_ask=12 book_ready=True position=True pending=False dry_run=False trust=synced run_id=26681d20-b319-462d-a32d-cf9a6f76fdc9
2026-04-30 21:05:20,885 | INFO | Heartbeat | watch=KXBTC15M-26APR302115-15 yes_bid=90 yes_ask=91 no_bid=9 no_ask=10 book_ready=True position=True pending=False dry_run=False trust=synced run_id=26681d20-b319-462d-a32d-cf9a6f76fdc9
2026-04-30 21:05:35,914 | INFO | Heartbeat | watch=KXBTC15M-26APR302115-15 yes_bid=89 yes_ask=90 no_bid=10 no_ask=11 book_ready=True position=True pending=False dry_run=False trust=synced run_id=26681d20-b319-462d-a32d-cf9a6f76fdc9
2026-04-30 21:05:50,965 | INFO | Heartbeat | watch=KXBTC15M-26APR302115-15 yes_bid=92 yes_ask=93 no_bid=7 no_ask=8 book_ready=True position=True pending=False dry_run=False trust=synced run_id=26681d20-b319-462d-a32d-cf9a6f76fdc9
2026-04-30 21:06:05,958 | INFO | Heartbeat | watch=KXBTC15M-26APR302115-15 yes_bid=93 yes_ask=94 no_bid=6 no_ask=7 book_ready=True position=True pending=False dry_run=False trust=synced run_id=26681d20-b319-462d-a32d-cf9a6f76fdc9
2026-04-30 21:06:20,988 | INFO | Heartbeat | watch=KXBTC15M-26APR302115-15 yes_bid=94 yes_ask=95 no_bid=5 no_ask=6 book_ready=True position=True pending=False dry_run=False trust=synced run_id=26681d20-b319-462d-a32d-cf9a6f76fdc9
2026-04-30 21:06:35,990 | INFO | Heartbeat | watch=KXBTC15M-26APR302115-15 yes_bid=93 yes_ask=94 no_bid=6 no_ask=7 book_ready=True position=True pending=False dry_run=False trust=synced run_id=26681d20-b319-462d-a32d-cf9a6f76fdc9
2026-04-30 21:06:51,013 | INFO | Heartbeat | watch=KXBTC15M-26APR302115-15 yes_bid=94 yes_ask=95 no_bid=5 no_ask=6 book_ready=True position=True pending=False dry_run=False trust=synced run_id=26681d20-b319-462d-a32d-cf9a6f76fdc9
2026-04-30 21:07:05,627 | INFO | Mushroom v21 entry approved | market=KXBTC15M-26APR302115-15 side=yes ask=94c p_side=0.9827 edge=2.769c raw_edge=3.769c depth=161 secs_to_close=474.39
2026-04-30 21:07:05,650 | INFO | Execution state | market=KXBTC15M-26APR302115-15 side=yes state=eligible reason=pre_filters_disabled trust=synced run_id=26681d20-b319-462d-a32d-cf9a6f76fdc9
2026-04-30 21:07:05,652 | INFO | Live fill policy approved | market=KXBTC15M-26APR302115-15 side=yes trigger=94c tif=immediate_or_cancel limit=94c depth=161.00 required=4 book_age_ms=687.0 secs_to_close=474.39 reason=single_shot_abundant_depth
2026-04-30 21:07:05,652 | INFO | ENTRY signal | market=KXBTC15M-26APR302115-15 action=buy side=yes trigger=94c limit=94c qty=2 book_ready=True
2026-04-30 21:07:05,652 | INFO | Execution state | market=KXBTC15M-26APR302115-15 side=yes state=submitting reason=single_shot_abundant_depth trust=synced run_id=26681d20-b319-462d-a32d-cf9a6f76fdc9
2026-04-30 21:07:05,785 | INFO | Execution state | market=KXBTC15M-26APR302115-15 side=yes state=abandoned reason=zero_fill trust=synced run_id=26681d20-b319-462d-a32d-cf9a6f76fdc9
2026-04-30 21:07:06,036 | INFO | Heartbeat | watch=KXBTC15M-26APR302115-15 yes_bid=94 yes_ask=94 no_bid=6 no_ask=6 book_ready=True position=True pending=False dry_run=False trust=synced run_id=26681d20-b319-462d-a32d-cf9a6f76fdc9
2026-04-30 21:07:21,061 | INFO | Heartbeat | watch=KXBTC15M-26APR302115-15 yes_bid=95 yes_ask=96 no_bid=4 no_ask=5 book_ready=True position=True pending=False dry_run=False trust=synced run_id=26681d20-b319-462d-a32d-cf9a6f76fdc9
2026-04-30 21:07:36,105 | INFO | Heartbeat | watch=KXBTC15M-26APR302115-15 yes_bid=96 yes_ask=97 no_bid=3 no_ask=4 book_ready=True position=True pending=False dry_run=False trust=synced run_id=26681d20-b319-462d-a32d-cf9a6f76fdc9
2026-04-30 21:07:51,114 | INFO | Heartbeat | watch=KXBTC15M-26APR302115-15 yes_bid=97 yes_ask=98 no_bid=2 no_ask=3 book_ready=True position=True pending=False dry_run=False trust=synced run_id=26681d20-b319-462d-a32d-cf9a6f76fdc9
2026-04-30 21:08:06,099 | INFO | Heartbeat | watch=KXBTC15M-26APR302115-15 yes_bid=99 yes_ask=99 no_bid=1 no_ask=1 book_ready=True position=True pending=False dry_run=False trust=synced run_id=26681d20-b319-462d-a32d-cf9a6f76fdc9
2026-04-30 21:08:21,143 | INFO | Heartbeat | watch=KXBTC15M-26APR302115-15 yes_bid=99 yes_ask=99 no_bid=1 no_ask=1 book_ready=True position=True pending=False dry_run=False trust=synced run_id=26681d20-b319-462d-a32d-cf9a6f76fdc9
2026-04-30 21:08:36,162 | INFO | Heartbeat | watch=KXBTC15M-26APR302115-15 yes_bid=98 yes_ask=99 no_bid=1 no_ask=2 book_ready=True position=True pending=False dry_run=False trust=synced run_id=26681d20-b319-462d-a32d-cf9a6f76fdc9
2026-04-30 21:08:51,173 | INFO | Heartbeat | watch=KXBTC15M-26APR302115-15 yes_bid=98 yes_ask=99 no_bid=1 no_ask=2 book_ready=True position=True pending=False dry_run=False trust=synced run_id=26681d20-b319-462d-a32d-cf9a6f76fdc9
2026-04-30 21:09:06,210 | INFO | Heartbeat | watch=KXBTC15M-26APR302115-15 yes_bid=98 yes_ask=99 no_bid=1 no_ask=2 book_ready=True position=True pending=False dry_run=False trust=synced run_id=26681d20-b319-462d-a32d-cf9a6f76fdc9
2026-04-30 21:09:21,235 | INFO | Heartbeat | watch=KXBTC15M-26APR302115-15 yes_bid=98 yes_ask=99 no_bid=1 no_ask=2 book_ready=True position=True pending=False dry_run=False trust=synced run_id=26681d20-b319-462d-a32d-cf9a6f76fdc9
2026-04-30 21:09:36,240 | INFO | Heartbeat | watch=KXBTC15M-26APR302115-15 yes_bid=99 yes_ask=99 no_bid=1 no_ask=1 book_ready=True position=True pending=False dry_run=False trust=synced run_id=26681d20-b319-462d-a32d-cf9a6f76fdc9
2026-04-30 21:09:51,308 | INFO | Heartbeat | watch=KXBTC15M-26APR302115-15 yes_bid=99 yes_ask=99 no_bid=1 no_ask=1 book_ready=True position=True pending=False dry_run=False trust=synced run_id=26681d20-b319-462d-a32d-cf9a6f76fdc9
2026-04-30 21:10:06,342 | INFO | Heartbeat | watch=KXBTC15M-26APR302115-15 yes_bid=99 yes_ask=99 no_bid=1 no_ask=1 book_ready=True position=True pending=False dry_run=False trust=synced run_id=26681d20-b319-462d-a32d-cf9a6f76fdc9
2026-04-30 21:10:21,354 | INFO | Heartbeat | watch=KXBTC15M-26APR302115-15 yes_bid=99 yes_ask=100 no_bid=0 no_ask=1 book_ready=True position=True pending=False dry_run=False trust=synced run_id=26681d20-b319-462d-a32d-cf9a6f76fdc9
2026-04-30 21:10:36,389 | INFO | Heartbeat | watch=KXBTC15M-26APR302115-15 yes_bid=99 yes_ask=100 no_bid=0 no_ask=1 book_ready=True position=True pending=False dry_run=False trust=synced run_id=26681d20-b319-462d-a32d-cf9a6f76fdc9
2026-04-30 21:10:51,444 | INFO | Heartbeat | watch=KXBTC15M-26APR302115-15 yes_bid=99 yes_ask=99 no_bid=1 no_ask=1 book_ready=True position=True pending=False dry_run=False trust=synced run_id=26681d20-b319-462d-a32d-cf9a6f76fdc9
2026-04-30 21:11:06,514 | INFO | Heartbeat | watch=KXBTC15M-26APR302115-15 yes_bid=99 yes_ask=99 no_bid=1 no_ask=1 book_ready=True position=True pending=False dry_run=False trust=synced run_id=26681d20-b319-462d-a32d-cf9a6f76fdc9
2026-04-30 21:11:21,549 | INFO | Heartbeat | watch=KXBTC15M-26APR302115-15 yes_bid=99 yes_ask=99 no_bid=1 no_ask=1 book_ready=True position=True pending=False dry_run=False trust=synced run_id=26681d20-b319-462d-a32d-cf9a6f76fdc9
2026-04-30 21:11:36,549 | INFO | Heartbeat | watch=KXBTC15M-26APR302115-15 yes_bid=99 yes_ask=100 no_bid=0 no_ask=1 book_ready=True position=True pending=False dry_run=False trust=synced run_id=26681d20-b319-462d-a32d-cf9a6f76fdc9
2026-04-30 21:11:51,580 | INFO | Heartbeat | watch=KXBTC15M-26APR302115-15 yes_bid=100 yes_ask=100 no_bid=0 no_ask=0 book_ready=True position=True pending=False dry_run=False trust=synced run_id=26681d20-b319-462d-a32d-cf9a6f76fdc9
2026-04-30 21:12:06,617 | INFO | Heartbeat | watch=KXBTC15M-26APR302115-15 yes_bid=100 yes_ask=100 no_bid=0 no_ask=0 book_ready=True position=True pending=False dry_run=False trust=synced run_id=26681d20-b319-462d-a32d-cf9a6f76fdc9
2026-04-30 21:12:21,667 | INFO | Heartbeat | watch=KXBTC15M-26APR302115-15 yes_bid=100 yes_ask=100 no_bid=0 no_ask=0 book_ready=True position=True pending=False dry_run=False trust=synced run_id=26681d20-b319-462d-a32d-cf9a6f76fdc9
2026-04-30 21:12:36,684 | INFO | Heartbeat | watch=KXBTC15M-26APR302115-15 yes_bid=100 yes_ask=100 no_bid=0 no_ask=0 book_ready=True position=True pending=False dry_run=False trust=synced run_id=26681d20-b319-462d-a32d-cf9a6f76fdc9
2026-04-30 21:12:51,715 | INFO | Heartbeat | watch=KXBTC15M-26APR302115-15 yes_bid=100 yes_ask=100 no_bid=0 no_ask=0 book_ready=True position=True pending=False dry_run=False trust=synced run_id=26681d20-b319-462d-a32d-cf9a6f76fdc9
2026-04-30 21:13:06,744 | INFO | Heartbeat | watch=KXBTC15M-26APR302115-15 yes_bid=100 yes_ask=100 no_bid=0 no_ask=0 book_ready=True position=True pending=False dry_run=False trust=synced run_id=26681d20-b319-462d-a32d-cf9a6f76fdc9
2026-04-30 21:13:21,794 | INFO | Heartbeat | watch=KXBTC15M-26APR302115-15 yes_bid=100 yes_ask=100 no_bid=0 no_ask=0 book_ready=True position=True pending=False dry_run=False trust=synced run_id=26681d20-b319-462d-a32d-cf9a6f76fdc9
2026-04-30 21:13:36,826 | INFO | Heartbeat | watch=KXBTC15M-26APR302115-15 yes_bid=100 yes_ask=100 no_bid=0 no_ask=0 book_ready=True position=True pending=False dry_run=False trust=synced run_id=26681d20-b319-462d-a32d-cf9a6f76fdc9
2026-04-30 21:13:51,875 | INFO | Heartbeat | watch=KXBTC15M-26APR302115-15 yes_bid=100 yes_ask=100 no_bid=0 no_ask=0 book_ready=True position=True pending=False dry_run=False trust=synced run_id=26681d20-b319-462d-a32d-cf9a6f76fdc9
2026-04-30 21:14:06,933 | INFO | Heartbeat | watch=KXBTC15M-26APR302115-15 yes_bid=100 yes_ask=100 no_bid=0 no_ask=0 book_ready=True position=True pending=False dry_run=False trust=synced run_id=26681d20-b319-462d-a32d-cf9a6f76fdc9
2026-04-30 21:14:21,987 | INFO | Heartbeat | watch=KXBTC15M-26APR302115-15 yes_bid=100 yes_ask=100 no_bid=0 no_ask=0 book_ready=True position=True pending=False dry_run=False trust=synced run_id=26681d20-b319-462d-a32d-cf9a6f76fdc9
2026-04-30 21:14:37,024 | INFO | Heartbeat | watch=KXBTC15M-26APR302115-15 yes_bid=100 yes_ask=100 no_bid=0 no_ask=0 book_ready=True position=True pending=False dry_run=False trust=synced run_id=26681d20-b319-462d-a32d-cf9a6f76fdc9
2026-04-30 21:14:52,065 | INFO | Heartbeat | watch=KXBTC15M-26APR302115-15 yes_bid=100 yes_ask=100 no_bid=0 no_ask=0 book_ready=True position=True pending=False dry_run=False trust=synced run_id=26681d20-b319-462d-a32d-cf9a6f76fdc9
2026-04-30 21:15:05,847 | WARNING | Closed market KXBTC15M-26APR302115-15 still reports a nonzero live account position, but the market is already past the settlement grace window. Clearing position state and advancing anyway.
2026-04-30 21:15:05,935 | INFO | Watching market KXBTC15M-26APR302115-15 close_time=2026-05-01T01:15:00Z status=closed strike=76388.57 run_id=26681d20-b319-462d-a32d-cf9a6f76fdc9
2026-04-30 21:15:06,133 | INFO | WS connected for KXBTC15M-26APR302115-15
2026-04-30 21:15:06,171 | INFO | WS subscribed payload: {'type': 'subscribed', 'id': 3, 'msg': {'channel': 'ticker', 'sid': 1}}
2026-04-30 21:15:06,174 | INFO | WS subscribed payload: {'type': 'subscribed', 'id': 3, 'msg': {'channel': 'orderbook_delta', 'sid': 2}}
2026-04-30 21:15:06,177 | INFO | Orderbook snapshot ready for KXBTC15M-26APR302115-15
2026-04-30 21:15:06,649 | INFO | Orderbook snapshot ready for KXBTC15M-26APR302115-15
2026-04-30 21:15:07,135 | INFO | Heartbeat | watch=KXBTC15M-26APR302115-15 yes_bid=None yes_ask=None no_bid=None no_ask=None book_ready=True position=False pending=False dry_run=False trust=synced run_id=26681d20-b319-462d-a32d-cf9a6f76fdc9
2026-04-30 21:15:17,457 | INFO | Watching market KXBTC15M-26APR302130-30 close_time=2026-05-01T01:30:00Z status=active strike=76555.07 run_id=26681d20-b319-462d-a32d-cf9a6f76fdc9
2026-04-30 21:15:17,744 | INFO | WS connected for KXBTC15M-26APR302130-30
2026-04-30 21:15:17,806 | INFO | WS subscribed payload: {'type': 'subscribed', 'id': 4, 'msg': {'channel': 'ticker', 'sid': 1}}
2026-04-30 21:15:17,808 | INFO | WS subscribed payload: {'type': 'subscribed', 'id': 4, 'msg': {'channel': 'orderbook_delta', 'sid': 2}}
2026-04-30 21:15:17,810 | INFO | Orderbook snapshot ready for KXBTC15M-26APR302130-30
2026-04-30 21:15:22,160 | INFO | Heartbeat | watch=KXBTC15M-26APR302130-30 yes_bid=50 yes_ask=51 no_bid=49 no_ask=50 book_ready=True position=False pending=False dry_run=False trust=synced run_id=26681d20-b319-462d-a32d-cf9a6f76fdc9
2026-04-30 21:15:37,203 | INFO | Heartbeat | watch=KXBTC15M-26APR302130-30 yes_bid=61 yes_ask=62 no_bid=38 no_ask=39 book_ready=True position=False pending=False dry_run=False trust=synced run_id=26681d20-b319-462d-a32d-cf9a6f76fdc9
2026-04-30 21:15:52,236 | INFO | Heartbeat | watch=KXBTC15M-26APR302130-30 yes_bid=65 yes_ask=66 no_bid=34 no_ask=35 book_ready=True position=False pending=False dry_run=False trust=synced run_id=26681d20-b319-462d-a32d-cf9a6f76fdc9
2026-04-30 21:16:07,227 | INFO | Heartbeat | watch=KXBTC15M-26APR302130-30 yes_bid=60 yes_ask=61 no_bid=39 no_ask=40 book_ready=True position=False pending=False dry_run=False trust=synced run_id=26681d20-b319-462d-a32d-cf9a6f76fdc9
2026-04-30 21:16:22,265 | INFO | Heartbeat | watch=KXBTC15M-26APR302130-30 yes_bid=62 yes_ask=63 no_bid=37 no_ask=38 book_ready=True position=False pending=False dry_run=False trust=synced run_id=26681d20-b319-462d-a32d-cf9a6f76fdc9
2026-04-30 21:16:37,308 | INFO | Heartbeat | watch=KXBTC15M-26APR302130-30 yes_bid=60 yes_ask=61 no_bid=39 no_ask=40 book_ready=True position=False pending=False dry_run=False trust=synced run_id=26681d20-b319-462d-a32d-cf9a6f76fdc9
2026-04-30 21:16:52,320 | INFO | Heartbeat | watch=KXBTC15M-26APR302130-30 yes_bid=60 yes_ask=61 no_bid=39 no_ask=40 book_ready=True position=False pending=False dry_run=False trust=synced run_id=26681d20-b319-462d-a32d-cf9a6f76fdc9
2026-04-30 21:17:07,352 | INFO | Heartbeat | watch=KXBTC15M-26APR302130-30 yes_bid=65 yes_ask=66 no_bid=34 no_ask=35 book_ready=True position=False pending=False dry_run=False trust=synced run_id=26681d20-b319-462d-a32d-cf9a6f76fdc9
2026-04-30 21:17:22,362 | INFO | Heartbeat | watch=KXBTC15M-26APR302130-30 yes_bid=58 yes_ask=59 no_bid=41 no_ask=42 book_ready=True position=False pending=False dry_run=False trust=synced run_id=26681d20-b319-462d-a32d-cf9a6f76fdc9
2026-04-30 21:17:37,370 | INFO | Heartbeat | watch=KXBTC15M-26APR302130-30 yes_bid=59 yes_ask=60 no_bid=40 no_ask=41 book_ready=True position=False pending=False dry_run=False trust=synced run_id=26681d20-b319-462d-a32d-cf9a6f76fdc9
2026-04-30 21:17:52,367 | INFO | Heartbeat | watch=KXBTC15M-26APR302130-30 yes_bid=60 yes_ask=61 no_bid=39 no_ask=40 book_ready=True position=False pending=False dry_run=False trust=synced run_id=26681d20-b319-462d-a32d-cf9a6f76fdc9
2026-04-30 21:18:07,390 | INFO | Heartbeat | watch=KXBTC15M-26APR302130-30 yes_bid=62 yes_ask=63 no_bid=37 no_ask=38 book_ready=True position=False pending=False dry_run=False trust=synced run_id=26681d20-b319-462d-a32d-cf9a6f76fdc9
2026-04-30 21:18:22,425 | INFO | Heartbeat | watch=KXBTC15M-26APR302130-30 yes_bid=65 yes_ask=66 no_bid=34 no_ask=35 book_ready=True position=False pending=False dry_run=False trust=synced run_id=26681d20-b319-462d-a32d-cf9a6f76fdc9
2026-04-30 21:18:37,436 | INFO | Heartbeat | watch=KXBTC15M-26APR302130-30 yes_bid=67 yes_ask=68 no_bid=32 no_ask=33 book_ready=True position=False pending=False dry_run=False trust=synced run_id=26681d20-b319-462d-a32d-cf9a6f76fdc9
2026-04-30 21:18:52,561 | INFO | Heartbeat | watch=KXBTC15M-26APR302130-30 yes_bid=68 yes_ask=69 no_bid=31 no_ask=32 book_ready=True position=False pending=False dry_run=False trust=synced run_id=26681d20-b319-462d-a32d-cf9a6f76fdc9
2026-04-30 21:19:07,612 | INFO | Heartbeat | watch=KXBTC15M-26APR302130-30 yes_bid=66 yes_ask=67 no_bid=33 no_ask=34 book_ready=True position=False pending=False dry_run=False trust=synced run_id=26681d20-b319-462d-a32d-cf9a6f76fdc9
2026-04-30 21:19:22,664 | INFO | Heartbeat | watch=KXBTC15M-26APR302130-30 yes_bid=65 yes_ask=66 no_bid=34 no_ask=35 book_ready=True position=False pending=False dry_run=False trust=synced run_id=26681d20-b319-462d-a32d-cf9a6f76fdc9
2026-04-30 21:19:30,038 | INFO | Mushroom v21 entry approved | market=KXBTC15M-26APR302130-30 side=yes ask=66c p_side=0.8042 edge=11.425c raw_edge=12.425c depth=183.26 secs_to_close=629.98
2026-04-30 21:19:30,055 | INFO | Execution state | market=KXBTC15M-26APR302130-30 side=yes state=eligible reason=pre_filters_disabled trust=synced run_id=26681d20-b319-462d-a32d-cf9a6f76fdc9
2026-04-30 21:19:30,055 | INFO | Live fill policy approved | market=KXBTC15M-26APR302130-30 side=yes trigger=66c tif=immediate_or_cancel limit=66c depth=183.26 required=3 book_age_ms=234.0 secs_to_close=629.98 reason=single_shot_abundant_depth
2026-04-30 21:19:30,063 | INFO | ENTRY signal | market=KXBTC15M-26APR302130-30 action=buy side=yes trigger=66c limit=66c qty=2 book_ready=True
2026-04-30 21:19:30,063 | INFO | Execution state | market=KXBTC15M-26APR302130-30 side=yes state=submitting reason=single_shot_abundant_depth trust=synced run_id=26681d20-b319-462d-a32d-cf9a6f76fdc9
2026-04-30 21:19:30,120 | INFO | ENTRY immediate fill | market=KXBTC15M-26APR302130-30 side=yes qty=2 limit=66c
2026-04-30 21:19:30,120 | INFO | Execution state | market=KXBTC15M-26APR302130-30 side=yes state=filled reason=single_shot_abundant_depth trust=synced run_id=26681d20-b319-462d-a32d-cf9a6f76fdc9
2026-04-30 21:19:37,695 | INFO | Heartbeat | watch=KXBTC15M-26APR302130-30 yes_bid=64 yes_ask=65 no_bid=35 no_ask=36 book_ready=True position=True pending=False dry_run=False trust=synced run_id=26681d20-b319-462d-a32d-cf9a6f76fdc9
2026-04-30 21:19:52,749 | INFO | Heartbeat | watch=KXBTC15M-26APR302130-30 yes_bid=67 yes_ask=68 no_bid=32 no_ask=33 book_ready=True position=True pending=False dry_run=False trust=synced run_id=26681d20-b319-462d-a32d-cf9a6f76fdc9
2026-04-30 21:20:07,775 | INFO | Heartbeat | watch=KXBTC15M-26APR302130-30 yes_bid=69 yes_ask=70 no_bid=30 no_ask=31 book_ready=True position=True pending=False dry_run=False trust=synced run_id=26681d20-b319-462d-a32d-cf9a6f76fdc9
2026-04-30 21:20:22,785 | INFO | Heartbeat | watch=KXBTC15M-26APR302130-30 yes_bid=70 yes_ask=72 no_bid=28 no_ask=30 book_ready=True position=True pending=False dry_run=False trust=synced run_id=26681d20-b319-462d-a32d-cf9a6f76fdc9
2026-04-30 21:20:37,798 | INFO | Heartbeat | watch=KXBTC15M-26APR302130-30 yes_bid=73 yes_ask=74 no_bid=26 no_ask=27 book_ready=True position=True pending=False dry_run=False trust=synced run_id=26681d20-b319-462d-a32d-cf9a6f76fdc9
2026-04-30 21:20:52,807 | INFO | Heartbeat | watch=KXBTC15M-26APR302130-30 yes_bid=73 yes_ask=74 no_bid=26 no_ask=27 book_ready=True position=True pending=False dry_run=False trust=synced run_id=26681d20-b319-462d-a32d-cf9a6f76fdc9
2026-04-30 21:21:07,824 | INFO | Heartbeat | watch=KXBTC15M-26APR302130-30 yes_bid=74 yes_ask=75 no_bid=25 no_ask=26 book_ready=True position=True pending=False dry_run=False trust=synced run_id=26681d20-b319-462d-a32d-cf9a6f76fdc9
2026-04-30 21:21:22,855 | INFO | Heartbeat | watch=KXBTC15M-26APR302130-30 yes_bid=76 yes_ask=78 no_bid=22 no_ask=24 book_ready=True position=True pending=False dry_run=False trust=synced run_id=26681d20-b319-462d-a32d-cf9a6f76fdc9
2026-04-30 21:21:30,165 | INFO | Mushroom v21 entry approved | market=KXBTC15M-26APR302130-30 side=yes ask=75c p_side=0.8634 edge=8.836c raw_edge=9.836c depth=43 secs_to_close=509.84
2026-04-30 21:21:30,187 | INFO | Execution state | market=KXBTC15M-26APR302130-30 side=yes state=eligible reason=pre_filters_disabled trust=synced run_id=26681d20-b319-462d-a32d-cf9a6f76fdc9
2026-04-30 21:21:30,187 | INFO | Live fill policy approved | market=KXBTC15M-26APR302130-30 side=yes trigger=75c tif=immediate_or_cancel limit=75c depth=43.00 required=3 book_age_ms=359.0 secs_to_close=509.84 reason=single_shot_abundant_depth
2026-04-30 21:21:30,190 | INFO | ENTRY signal | market=KXBTC15M-26APR302130-30 action=buy side=yes trigger=75c limit=75c qty=2 book_ready=True
2026-04-30 21:21:30,190 | INFO | Execution state | market=KXBTC15M-26APR302130-30 side=yes state=submitting reason=single_shot_abundant_depth trust=synced run_id=26681d20-b319-462d-a32d-cf9a6f76fdc9
2026-04-30 21:21:30,244 | INFO | ENTRY immediate fill | market=KXBTC15M-26APR302130-30 side=yes qty=2 limit=75c
2026-04-30 21:21:30,244 | INFO | Execution state | market=KXBTC15M-26APR302130-30 side=yes state=filled reason=single_shot_abundant_depth trust=synced run_id=26681d20-b319-462d-a32d-cf9a6f76fdc9
2026-04-30 21:21:37,873 | INFO | Heartbeat | watch=KXBTC15M-26APR302130-30 yes_bid=74 yes_ask=75 no_bid=25 no_ask=26 book_ready=True position=True pending=False dry_run=False trust=synced run_id=26681d20-b319-462d-a32d-cf9a6f76fdc9
2026-04-30 21:21:52,895 | INFO | Heartbeat | watch=KXBTC15M-26APR302130-30 yes_bid=75 yes_ask=76 no_bid=24 no_ask=25 book_ready=True position=True pending=False dry_run=False trust=synced run_id=26681d20-b319-462d-a32d-cf9a6f76fdc9
2026-04-30 21:22:07,928 | INFO | Heartbeat | watch=KXBTC15M-26APR302130-30 yes_bid=80 yes_ask=81 no_bid=19 no_ask=20 book_ready=True position=True pending=False dry_run=False trust=synced run_id=26681d20-b319-462d-a32d-cf9a6f76fdc9
2026-04-30 21:22:22,950 | INFO | Heartbeat | watch=KXBTC15M-26APR302130-30 yes_bid=81 yes_ask=82 no_bid=18 no_ask=19 book_ready=True position=True pending=False dry_run=False trust=synced run_id=26681d20-b319-462d-a32d-cf9a6f76fdc9
2026-04-30 21:22:37,984 | INFO | Heartbeat | watch=KXBTC15M-26APR302130-30 yes_bid=78 yes_ask=79 no_bid=21 no_ask=22 book_ready=True position=True pending=False dry_run=False trust=synced run_id=26681d20-b319-462d-a32d-cf9a6f76fdc9
2026-04-30 21:22:53,021 | INFO | Heartbeat | watch=KXBTC15M-26APR302130-30 yes_bid=74 yes_ask=75 no_bid=25 no_ask=26 book_ready=True position=True pending=False dry_run=False trust=synced run_id=26681d20-b319-462d-a32d-cf9a6f76fdc9
2026-04-30 21:23:08,060 | INFO | Heartbeat | watch=KXBTC15M-26APR302130-30 yes_bid=79 yes_ask=80 no_bid=20 no_ask=21 book_ready=True position=True pending=False dry_run=False trust=synced run_id=26681d20-b319-462d-a32d-cf9a6f76fdc9
2026-04-30 21:23:23,083 | INFO | Heartbeat | watch=KXBTC15M-26APR302130-30 yes_bid=68 yes_ask=69 no_bid=31 no_ask=32 book_ready=True position=True pending=False dry_run=False trust=synced run_id=26681d20-b319-462d-a32d-cf9a6f76fdc9
2026-04-30 21:23:30,249 | INFO | Mushroom v21 entry approved | market=KXBTC15M-26APR302130-30 side=yes ask=67c p_side=0.8759 edge=17.595c raw_edge=18.595c depth=1021 secs_to_close=389.75
2026-04-30 21:23:30,284 | INFO | Execution state | market=KXBTC15M-26APR302130-30 side=yes state=eligible reason=pre_filters_disabled trust=synced run_id=26681d20-b319-462d-a32d-cf9a6f76fdc9
2026-04-30 21:23:30,284 | INFO | Live fill policy approved | market=KXBTC15M-26APR302130-30 side=yes trigger=67c tif=immediate_or_cancel limit=67c depth=1021.00 required=3 book_age_ms=453.0 secs_to_close=389.75 reason=single_shot_abundant_depth
2026-04-30 21:23:30,284 | INFO | ENTRY signal | market=KXBTC15M-26APR302130-30 action=buy side=yes trigger=67c limit=67c qty=2 book_ready=True
2026-04-30 21:23:30,284 | INFO | Execution state | market=KXBTC15M-26APR302130-30 side=yes state=submitting reason=single_shot_abundant_depth trust=synced run_id=26681d20-b319-462d-a32d-cf9a6f76fdc9
2026-04-30 21:23:30,358 | INFO | ENTRY immediate fill | market=KXBTC15M-26APR302130-30 side=yes qty=2 limit=67c
2026-04-30 21:23:30,358 | INFO | Execution state | market=KXBTC15M-26APR302130-30 side=yes state=filled reason=single_shot_abundant_depth trust=synced run_id=26681d20-b319-462d-a32d-cf9a6f76fdc9
2026-04-30 21:23:38,086 | INFO | Heartbeat | watch=KXBTC15M-26APR302130-30 yes_bid=45 yes_ask=46 no_bid=54 no_ask=55 book_ready=True position=True pending=False dry_run=False trust=synced run_id=26681d20-b319-462d-a32d-cf9a6f76fdc9
2026-04-30 21:23:53,142 | INFO | Heartbeat | watch=KXBTC15M-26APR302130-30 yes_bid=56 yes_ask=57 no_bid=43 no_ask=44 book_ready=True position=True pending=False dry_run=False trust=synced run_id=26681d20-b319-462d-a32d-cf9a6f76fdc9
2026-04-30 21:24:08,178 | INFO | Heartbeat | watch=KXBTC15M-26APR302130-30 yes_bid=57 yes_ask=59 no_bid=41 no_ask=43 book_ready=True position=True pending=False dry_run=False trust=synced run_id=26681d20-b319-462d-a32d-cf9a6f76fdc9
2026-04-30 21:24:23,209 | INFO | Heartbeat | watch=KXBTC15M-26APR302130-30 yes_bid=56 yes_ask=57 no_bid=43 no_ask=44 book_ready=True position=True pending=False dry_run=False trust=synced run_id=26681d20-b319-462d-a32d-cf9a6f76fdc9
2026-04-30 21:24:38,202 | INFO | Heartbeat | watch=KXBTC15M-26APR302130-30 yes_bid=54 yes_ask=56 no_bid=44 no_ask=46 book_ready=True position=True pending=False dry_run=False trust=synced run_id=26681d20-b319-462d-a32d-cf9a6f76fdc9
2026-04-30 21:24:53,219 | INFO | Heartbeat | watch=KXBTC15M-26APR302130-30 yes_bid=43 yes_ask=44 no_bid=56 no_ask=57 book_ready=True position=True pending=False dry_run=False trust=synced run_id=26681d20-b319-462d-a32d-cf9a6f76fdc9
2026-04-30 21:25:08,213 | INFO | Heartbeat | watch=KXBTC15M-26APR302130-30 yes_bid=37 yes_ask=38 no_bid=62 no_ask=63 book_ready=True position=True pending=False dry_run=False trust=synced run_id=26681d20-b319-462d-a32d-cf9a6f76fdc9
2026-04-30 21:25:23,225 | INFO | Heartbeat | watch=KXBTC15M-26APR302130-30 yes_bid=16 yes_ask=17 no_bid=83 no_ask=84 book_ready=True position=True pending=False dry_run=False trust=synced run_id=26681d20-b319-462d-a32d-cf9a6f76fdc9
2026-04-30 21:25:38,212 | INFO | Heartbeat | watch=KXBTC15M-26APR302130-30 yes_bid=13 yes_ask=14 no_bid=86 no_ask=87 book_ready=True position=True pending=False dry_run=False trust=synced run_id=26681d20-b319-462d-a32d-cf9a6f76fdc9
2026-04-30 21:25:53,238 | INFO | Heartbeat | watch=KXBTC15M-26APR302130-30 yes_bid=11 yes_ask=12 no_bid=88 no_ask=89 book_ready=True position=True pending=False dry_run=False trust=synced run_id=26681d20-b319-462d-a32d-cf9a6f76fdc9
2026-04-30 21:26:08,280 | INFO | Heartbeat | watch=KXBTC15M-26APR302130-30 yes_bid=8 yes_ask=9 no_bid=91 no_ask=92 book_ready=True position=True pending=False dry_run=False trust=synced run_id=26681d20-b319-462d-a32d-cf9a6f76fdc9
2026-04-30 21:26:23,274 | INFO | Heartbeat | watch=KXBTC15M-26APR302130-30 yes_bid=8 yes_ask=9 no_bid=91 no_ask=92 book_ready=True position=True pending=False dry_run=False trust=synced run_id=26681d20-b319-462d-a32d-cf9a6f76fdc9
2026-04-30 21:26:38,274 | INFO | Heartbeat | watch=KXBTC15M-26APR302130-30 yes_bid=8 yes_ask=9 no_bid=91 no_ask=92 book_ready=True position=True pending=False dry_run=False trust=synced run_id=26681d20-b319-462d-a32d-cf9a6f76fdc9
2026-04-30 21:26:53,315 | INFO | Heartbeat | watch=KXBTC15M-26APR302130-30 yes_bid=5 yes_ask=5 no_bid=95 no_ask=95 book_ready=True position=True pending=False dry_run=False trust=synced run_id=26681d20-b319-462d-a32d-cf9a6f76fdc9
2026-04-30 21:27:08,319 | INFO | Heartbeat | watch=KXBTC15M-26APR302130-30 yes_bid=4 yes_ask=4 no_bid=96 no_ask=96 book_ready=True position=True pending=False dry_run=False trust=synced run_id=26681d20-b319-462d-a32d-cf9a6f76fdc9
2026-04-30 21:27:23,312 | INFO | Heartbeat | watch=KXBTC15M-26APR302130-30 yes_bid=3 yes_ask=4 no_bid=96 no_ask=97 book_ready=True position=True pending=False dry_run=False trust=synced run_id=26681d20-b319-462d-a32d-cf9a6f76fdc9
2026-04-30 21:27:38,361 | INFO | Heartbeat | watch=KXBTC15M-26APR302130-30 yes_bid=2 yes_ask=3 no_bid=97 no_ask=98 book_ready=True position=True pending=False dry_run=False trust=synced run_id=26681d20-b319-462d-a32d-cf9a6f76fdc9
2026-04-30 21:27:53,355 | INFO | Heartbeat | watch=KXBTC15M-26APR302130-30 yes_bid=5 yes_ask=5 no_bid=95 no_ask=95 book_ready=True position=True pending=False dry_run=False trust=synced run_id=26681d20-b319-462d-a32d-cf9a6f76fdc9
2026-04-30 21:28:08,398 | INFO | Heartbeat | watch=KXBTC15M-26APR302130-30 yes_bid=3 yes_ask=5 no_bid=95 no_ask=97 book_ready=True position=True pending=False dry_run=False trust=synced run_id=26681d20-b319-462d-a32d-cf9a6f76fdc9
2026-04-30 21:28:23,430 | INFO | Heartbeat | watch=KXBTC15M-26APR302130-30 yes_bid=2 yes_ask=3 no_bid=97 no_ask=98 book_ready=True position=True pending=False dry_run=False trust=synced run_id=26681d20-b319-462d-a32d-cf9a6f76fdc9
2026-04-30 21:28:38,440 | INFO | Heartbeat | watch=KXBTC15M-26APR302130-30 yes_bid=1 yes_ask=2 no_bid=98 no_ask=99 book_ready=True position=True pending=False dry_run=False trust=synced run_id=26681d20-b319-462d-a32d-cf9a6f76fdc9
2026-04-30 21:28:53,443 | INFO | Heartbeat | watch=KXBTC15M-26APR302130-30 yes_bid=1 yes_ask=1 no_bid=99 no_ask=99 book_ready=True position=True pending=False dry_run=False trust=synced run_id=26681d20-b319-462d-a32d-cf9a6f76fdc9
2026-04-30 21:29:08,460 | INFO | Heartbeat | watch=KXBTC15M-26APR302130-30 yes_bid=0 yes_ask=0 no_bid=100 no_ask=100 book_ready=True position=True pending=False dry_run=False trust=synced run_id=26681d20-b319-462d-a32d-cf9a6f76fdc9
2026-04-30 21:29:23,454 | INFO | Heartbeat | watch=KXBTC15M-26APR302130-30 yes_bid=0 yes_ask=0 no_bid=100 no_ask=100 book_ready=True position=True pending=False dry_run=False trust=synced run_id=26681d20-b319-462d-a32d-cf9a6f76fdc9
2026-04-30 21:29:38,474 | INFO | Heartbeat | watch=KXBTC15M-26APR302130-30 yes_bid=0 yes_ask=0 no_bid=100 no_ask=100 book_ready=True position=True pending=False dry_run=False trust=synced run_id=26681d20-b319-462d-a32d-cf9a6f76fdc9
2026-04-30 21:29:53,514 | INFO | Heartbeat | watch=KXBTC15M-26APR302130-30 yes_bid=0 yes_ask=0 no_bid=100 no_ask=100 book_ready=True position=True pending=False dry_run=False trust=synced run_id=26681d20-b319-462d-a32d-cf9a6f76fdc9
2026-04-30 21:30:05,111 | WARNING | Closed market KXBTC15M-26APR302130-30 still reports a nonzero live account position, but the market is already past the settlement grace window. Clearing position state and advancing anyway.
2026-04-30 21:30:05,180 | INFO | Watching market KXBTC15M-26APR302130-30 close_time=2026-05-01T01:30:00Z status=closed strike=76555.07 run_id=26681d20-b319-462d-a32d-cf9a6f76fdc9
2026-04-30 21:30:05,411 | INFO | WS connected for KXBTC15M-26APR302130-30
2026-04-30 21:30:05,451 | INFO | WS subscribed payload: {'type': 'subscribed', 'id': 5, 'msg': {'channel': 'ticker', 'sid': 1}}
2026-04-30 21:30:05,451 | INFO | WS subscribed payload: {'type': 'subscribed', 'id': 5, 'msg': {'channel': 'orderbook_delta', 'sid': 2}}
2026-04-30 21:30:05,451 | INFO | Orderbook snapshot ready for KXBTC15M-26APR302130-30
2026-04-30 21:30:08,524 | INFO | Heartbeat | watch=KXBTC15M-26APR302130-30 yes_bid=None yes_ask=None no_bid=None no_ask=None book_ready=True position=False pending=False dry_run=False trust=synced run_id=26681d20-b319-462d-a32d-cf9a6f76fdc9
2026-04-30 21:30:09,825 | INFO | Orderbook snapshot ready for KXBTC15M-26APR302130-30
2026-04-30 21:30:23,560 | INFO | Heartbeat | watch=KXBTC15M-26APR302130-30 yes_bid=0 yes_ask=0 no_bid=100 no_ask=100 book_ready=True position=False pending=False dry_run=False trust=synced run_id=26681d20-b319-462d-a32d-cf9a6f76fdc9
2026-04-30 21:30:32,570 | INFO | Watching market KXBTC15M-26APR302145-45 close_time=2026-05-01T01:45:00Z status=active strike=76514.06 run_id=26681d20-b319-462d-a32d-cf9a6f76fdc9
2026-04-30 21:30:32,804 | INFO | WS connected for KXBTC15M-26APR302145-45
2026-04-30 21:30:32,847 | INFO | WS subscribed payload: {'type': 'subscribed', 'id': 6, 'msg': {'channel': 'ticker', 'sid': 1}}
2026-04-30 21:30:32,847 | INFO | WS subscribed payload: {'type': 'subscribed', 'id': 6, 'msg': {'channel': 'orderbook_delta', 'sid': 2}}
2026-04-30 21:30:32,847 | INFO | Orderbook snapshot ready for KXBTC15M-26APR302145-45
2026-04-30 21:30:38,618 | INFO | Heartbeat | watch=KXBTC15M-26APR302145-45 yes_bid=49 yes_ask=50 no_bid=50 no_ask=51 book_ready=True position=False pending=False dry_run=False trust=synced run_id=26681d20-b319-462d-a32d-cf9a6f76fdc9
2026-04-30 21:30:53,640 | INFO | Heartbeat | watch=KXBTC15M-26APR302145-45 yes_bid=48 yes_ask=49 no_bid=51 no_ask=52 book_ready=True position=False pending=False dry_run=False trust=synced run_id=26681d20-b319-462d-a32d-cf9a6f76fdc9
