2026-04-30 21:31:38,255 | INFO | Starting WS bot. run_id=d3cfdc5b-2279-4513-a1f1-b8b0bc424610 dry_run=False base_url=https://api.elections.kalshi.com/trade-api/v2 ws_url=wss://api.elections.kalshi.com/trade-api/ws/v2 series=KXBTC15M
2026-04-30 21:31:39,429 | INFO | Watching market KXBTC15M-26APR302145-45 close_time=2026-05-01T01:45:00Z status=active strike=76514.06 run_id=d3cfdc5b-2279-4513-a1f1-b8b0bc424610
2026-04-30 21:31:39,448 | INFO | Heartbeat | watch=KXBTC15M-26APR302145-45 yes_bid=None yes_ask=None no_bid=None no_ask=None book_ready=False position=False pending=False dry_run=False trust=cold run_id=d3cfdc5b-2279-4513-a1f1-b8b0bc424610
2026-04-30 21:31:39,615 | INFO | WS connected for KXBTC15M-26APR302145-45
2026-04-30 21:31:39,640 | INFO | Mushroom v28 BTC tick stream connected | source=coinbase url=wss://ws-feed.exchange.coinbase.com
2026-04-30 21:31:39,652 | INFO | WS subscribed payload: {'type': 'subscribed', 'id': 1, 'msg': {'channel': 'ticker', 'sid': 1}}
2026-04-30 21:31:39,654 | INFO | WS subscribed payload: {'type': 'subscribed', 'id': 1, 'msg': {'channel': 'orderbook_delta', 'sid': 2}}
2026-04-30 21:31:39,656 | INFO | Orderbook snapshot ready for KXBTC15M-26APR302145-45
2026-04-30 21:31:57,919 | INFO | Heartbeat | watch=KXBTC15M-26APR302145-45 yes_bid=43 yes_ask=44 no_bid=56 no_ask=57 book_ready=True position=False pending=False dry_run=False trust=synced run_id=d3cfdc5b-2279-4513-a1f1-b8b0bc424610
2026-04-30 21:32:12,925 | INFO | Heartbeat | watch=KXBTC15M-26APR302145-45 yes_bid=57 yes_ask=59 no_bid=41 no_ask=43 book_ready=True position=False pending=False dry_run=False trust=synced run_id=d3cfdc5b-2279-4513-a1f1-b8b0bc424610
2026-04-30 21:32:27,948 | INFO | Heartbeat | watch=KXBTC15M-26APR302145-45 yes_bid=57 yes_ask=58 no_bid=42 no_ask=43 book_ready=True position=False pending=False dry_run=False trust=synced run_id=d3cfdc5b-2279-4513-a1f1-b8b0bc424610
2026-04-30 21:32:42,986 | INFO | Heartbeat | watch=KXBTC15M-26APR302145-45 yes_bid=54 yes_ask=55 no_bid=45 no_ask=46 book_ready=True position=False pending=False dry_run=False trust=synced run_id=d3cfdc5b-2279-4513-a1f1-b8b0bc424610
2026-04-30 21:32:58,004 | INFO | Heartbeat | watch=KXBTC15M-26APR302145-45 yes_bid=58 yes_ask=59 no_bid=41 no_ask=42 book_ready=True position=False pending=False dry_run=False trust=synced run_id=d3cfdc5b-2279-4513-a1f1-b8b0bc424610
2026-04-30 21:33:13,040 | INFO | Heartbeat | watch=KXBTC15M-26APR302145-45 yes_bid=59 yes_ask=60 no_bid=40 no_ask=41 book_ready=True position=False pending=False dry_run=False trust=synced run_id=d3cfdc5b-2279-4513-a1f1-b8b0bc424610
2026-04-30 21:33:28,064 | INFO | Heartbeat | watch=KXBTC15M-26APR302145-45 yes_bid=68 yes_ask=70 no_bid=30 no_ask=32 book_ready=True position=False pending=False dry_run=False trust=synced run_id=d3cfdc5b-2279-4513-a1f1-b8b0bc424610
2026-04-30 21:33:43,065 | INFO | Heartbeat | watch=KXBTC15M-26APR302145-45 yes_bid=67 yes_ask=68 no_bid=32 no_ask=33 book_ready=True position=False pending=False dry_run=False trust=synced run_id=d3cfdc5b-2279-4513-a1f1-b8b0bc424610
2026-04-30 21:33:58,061 | INFO | Heartbeat | watch=KXBTC15M-26APR302145-45 yes_bid=65 yes_ask=67 no_bid=33 no_ask=35 book_ready=True position=False pending=False dry_run=False trust=synced run_id=d3cfdc5b-2279-4513-a1f1-b8b0bc424610
2026-04-30 21:34:13,100 | INFO | Heartbeat | watch=KXBTC15M-26APR302145-45 yes_bid=63 yes_ask=64 no_bid=36 no_ask=37 book_ready=True position=False pending=False dry_run=False trust=synced run_id=d3cfdc5b-2279-4513-a1f1-b8b0bc424610
2026-04-30 21:34:28,132 | INFO | Heartbeat | watch=KXBTC15M-26APR302145-45 yes_bid=72 yes_ask=74 no_bid=26 no_ask=28 book_ready=True position=False pending=False dry_run=False trust=synced run_id=d3cfdc5b-2279-4513-a1f1-b8b0bc424610
2026-04-30 21:34:43,170 | INFO | Heartbeat | watch=KXBTC15M-26APR302145-45 yes_bid=72 yes_ask=73 no_bid=27 no_ask=28 book_ready=True position=False pending=False dry_run=False trust=synced run_id=d3cfdc5b-2279-4513-a1f1-b8b0bc424610
2026-04-30 21:34:58,219 | INFO | Heartbeat | watch=KXBTC15M-26APR302145-45 yes_bid=73 yes_ask=75 no_bid=25 no_ask=27 book_ready=True position=False pending=False dry_run=False trust=synced run_id=d3cfdc5b-2279-4513-a1f1-b8b0bc424610
2026-04-30 21:35:13,226 | INFO | Heartbeat | watch=KXBTC15M-26APR302145-45 yes_bid=80 yes_ask=81 no_bid=19 no_ask=20 book_ready=True position=False pending=False dry_run=False trust=synced run_id=d3cfdc5b-2279-4513-a1f1-b8b0bc424610
2026-04-30 21:35:28,233 | INFO | Heartbeat | watch=KXBTC15M-26APR302145-45 yes_bid=82 yes_ask=83 no_bid=17 no_ask=18 book_ready=True position=False pending=False dry_run=False trust=synced run_id=d3cfdc5b-2279-4513-a1f1-b8b0bc424610
2026-04-30 21:35:43,268 | INFO | Heartbeat | watch=KXBTC15M-26APR302145-45 yes_bid=76 yes_ask=77 no_bid=23 no_ask=24 book_ready=True position=False pending=False dry_run=False trust=synced run_id=d3cfdc5b-2279-4513-a1f1-b8b0bc424610
2026-04-30 21:35:58,289 | INFO | Heartbeat | watch=KXBTC15M-26APR302145-45 yes_bid=79 yes_ask=80 no_bid=20 no_ask=21 book_ready=True position=False pending=False dry_run=False trust=synced run_id=d3cfdc5b-2279-4513-a1f1-b8b0bc424610
2026-04-30 21:36:13,289 | INFO | Heartbeat | watch=KXBTC15M-26APR302145-45 yes_bid=81 yes_ask=82 no_bid=18 no_ask=19 book_ready=True position=False pending=False dry_run=False trust=synced run_id=d3cfdc5b-2279-4513-a1f1-b8b0bc424610
2026-04-30 21:36:22,276 | INFO | Mushroom v21 entry approved | market=KXBTC15M-26APR302145-45 side=yes ask=80c p_side=0.8511 edge=2.607c raw_edge=3.607c depth=503 secs_to_close=517.73
2026-04-30 21:36:22,300 | INFO | Execution state | market=KXBTC15M-26APR302145-45 side=yes state=eligible reason=pre_filters_disabled trust=synced run_id=d3cfdc5b-2279-4513-a1f1-b8b0bc424610
2026-04-30 21:36:22,306 | INFO | Live fill policy approved | market=KXBTC15M-26APR302145-45 side=yes trigger=80c tif=immediate_or_cancel limit=80c depth=503.00 required=3 book_age_ms=609.0 secs_to_close=517.73 reason=single_shot_abundant_depth
2026-04-30 21:36:22,308 | INFO | ENTRY signal | market=KXBTC15M-26APR302145-45 action=buy side=yes trigger=80c limit=80c qty=2 book_ready=True
2026-04-30 21:36:22,308 | INFO | Execution state | market=KXBTC15M-26APR302145-45 side=yes state=submitting reason=single_shot_abundant_depth trust=synced run_id=d3cfdc5b-2279-4513-a1f1-b8b0bc424610
2026-04-30 21:36:22,356 | INFO | ENTRY immediate fill | market=KXBTC15M-26APR302145-45 side=yes qty=2 limit=80c
2026-04-30 21:36:22,357 | INFO | Execution state | market=KXBTC15M-26APR302145-45 side=yes state=filled reason=single_shot_abundant_depth trust=synced run_id=d3cfdc5b-2279-4513-a1f1-b8b0bc424610
2026-04-30 21:36:28,308 | INFO | Heartbeat | watch=KXBTC15M-26APR302145-45 yes_bid=81 yes_ask=82 no_bid=18 no_ask=19 book_ready=True position=True pending=False dry_run=False trust=synced run_id=d3cfdc5b-2279-4513-a1f1-b8b0bc424610
2026-04-30 21:36:43,342 | INFO | Heartbeat | watch=KXBTC15M-26APR302145-45 yes_bid=81 yes_ask=82 no_bid=18 no_ask=19 book_ready=True position=True pending=False dry_run=False trust=synced run_id=d3cfdc5b-2279-4513-a1f1-b8b0bc424610
2026-04-30 21:36:58,338 | INFO | Heartbeat | watch=KXBTC15M-26APR302145-45 yes_bid=87 yes_ask=88 no_bid=12 no_ask=13 book_ready=True position=True pending=False dry_run=False trust=synced run_id=d3cfdc5b-2279-4513-a1f1-b8b0bc424610
2026-04-30 21:37:13,378 | INFO | Heartbeat | watch=KXBTC15M-26APR302145-45 yes_bid=87 yes_ask=88 no_bid=12 no_ask=13 book_ready=True position=True pending=False dry_run=False trust=synced run_id=d3cfdc5b-2279-4513-a1f1-b8b0bc424610
2026-04-30 21:37:28,385 | INFO | Heartbeat | watch=KXBTC15M-26APR302145-45 yes_bid=88 yes_ask=89 no_bid=11 no_ask=12 book_ready=True position=True pending=False dry_run=False trust=synced run_id=d3cfdc5b-2279-4513-a1f1-b8b0bc424610
2026-04-30 21:37:43,440 | INFO | Heartbeat | watch=KXBTC15M-26APR302145-45 yes_bid=90 yes_ask=91 no_bid=9 no_ask=10 book_ready=True position=True pending=False dry_run=False trust=synced run_id=d3cfdc5b-2279-4513-a1f1-b8b0bc424610
2026-04-30 21:37:58,456 | INFO | Heartbeat | watch=KXBTC15M-26APR302145-45 yes_bid=90 yes_ask=91 no_bid=9 no_ask=10 book_ready=True position=True pending=False dry_run=False trust=synced run_id=d3cfdc5b-2279-4513-a1f1-b8b0bc424610
2026-04-30 21:38:13,457 | INFO | Heartbeat | watch=KXBTC15M-26APR302145-45 yes_bid=91 yes_ask=92 no_bid=8 no_ask=9 book_ready=True position=True pending=False dry_run=False trust=synced run_id=d3cfdc5b-2279-4513-a1f1-b8b0bc424610
2026-04-30 21:38:22,365 | INFO | Mushroom v21 entry approved | market=KXBTC15M-26APR302145-45 side=yes ask=83c p_side=0.9310 edge=8.095c raw_edge=9.095c depth=33.36 secs_to_close=397.64
2026-04-30 21:38:22,387 | INFO | Execution state | market=KXBTC15M-26APR302145-45 side=yes state=eligible reason=pre_filters_disabled trust=synced run_id=d3cfdc5b-2279-4513-a1f1-b8b0bc424610
2026-04-30 21:38:22,387 | INFO | Live fill policy approved | market=KXBTC15M-26APR302145-45 side=yes trigger=83c tif=immediate_or_cancel limit=83c depth=33.36 required=3 book_age_ms=703.0 secs_to_close=397.64 reason=single_shot_abundant_depth
2026-04-30 21:38:22,392 | INFO | ENTRY signal | market=KXBTC15M-26APR302145-45 action=buy side=yes trigger=83c limit=83c qty=2 book_ready=True
2026-04-30 21:38:22,392 | INFO | Execution state | market=KXBTC15M-26APR302145-45 side=yes state=submitting reason=single_shot_abundant_depth trust=synced run_id=d3cfdc5b-2279-4513-a1f1-b8b0bc424610
2026-04-30 21:38:22,452 | INFO | ENTRY immediate fill | market=KXBTC15M-26APR302145-45 side=yes qty=2 limit=83c
2026-04-30 21:38:22,453 | INFO | Execution state | market=KXBTC15M-26APR302145-45 side=yes state=filled reason=single_shot_abundant_depth trust=synced run_id=d3cfdc5b-2279-4513-a1f1-b8b0bc424610
2026-04-30 21:38:28,471 | INFO | Heartbeat | watch=KXBTC15M-26APR302145-45 yes_bid=82 yes_ask=83 no_bid=17 no_ask=18 book_ready=True position=True pending=False dry_run=False trust=synced run_id=d3cfdc5b-2279-4513-a1f1-b8b0bc424610
2026-04-30 21:38:43,496 | INFO | Heartbeat | watch=KXBTC15M-26APR302145-45 yes_bid=82 yes_ask=83 no_bid=17 no_ask=18 book_ready=True position=True pending=False dry_run=False trust=synced run_id=d3cfdc5b-2279-4513-a1f1-b8b0bc424610
2026-04-30 21:38:58,512 | INFO | Heartbeat | watch=KXBTC15M-26APR302145-45 yes_bid=83 yes_ask=84 no_bid=16 no_ask=17 book_ready=True position=True pending=False dry_run=False trust=synced run_id=d3cfdc5b-2279-4513-a1f1-b8b0bc424610
2026-04-30 21:39:13,514 | INFO | Heartbeat | watch=KXBTC15M-26APR302145-45 yes_bid=85 yes_ask=86 no_bid=14 no_ask=15 book_ready=True position=True pending=False dry_run=False trust=synced run_id=d3cfdc5b-2279-4513-a1f1-b8b0bc424610
2026-04-30 21:39:28,534 | INFO | Heartbeat | watch=KXBTC15M-26APR302145-45 yes_bid=88 yes_ask=89 no_bid=11 no_ask=12 book_ready=True position=True pending=False dry_run=False trust=synced run_id=d3cfdc5b-2279-4513-a1f1-b8b0bc424610
2026-04-30 21:39:43,578 | INFO | Heartbeat | watch=KXBTC15M-26APR302145-45 yes_bid=91 yes_ask=92 no_bid=8 no_ask=9 book_ready=True position=True pending=False dry_run=False trust=synced run_id=d3cfdc5b-2279-4513-a1f1-b8b0bc424610
2026-04-30 21:39:58,595 | INFO | Heartbeat | watch=KXBTC15M-26APR302145-45 yes_bid=91 yes_ask=92 no_bid=8 no_ask=9 book_ready=True position=True pending=False dry_run=False trust=synced run_id=d3cfdc5b-2279-4513-a1f1-b8b0bc424610
2026-04-30 21:40:13,609 | INFO | Heartbeat | watch=KXBTC15M-26APR302145-45 yes_bid=93 yes_ask=94 no_bid=6 no_ask=7 book_ready=True position=True pending=False dry_run=False trust=synced run_id=d3cfdc5b-2279-4513-a1f1-b8b0bc424610
2026-04-30 21:40:28,642 | INFO | Heartbeat | watch=KXBTC15M-26APR302145-45 yes_bid=93 yes_ask=93 no_bid=7 no_ask=7 book_ready=True position=True pending=False dry_run=False trust=synced run_id=d3cfdc5b-2279-4513-a1f1-b8b0bc424610
2026-04-30 21:40:43,644 | INFO | Heartbeat | watch=KXBTC15M-26APR302145-45 yes_bid=92 yes_ask=93 no_bid=7 no_ask=8 book_ready=True position=True pending=False dry_run=False trust=synced run_id=d3cfdc5b-2279-4513-a1f1-b8b0bc424610
2026-04-30 21:40:58,683 | INFO | Heartbeat | watch=KXBTC15M-26APR302145-45 yes_bid=95 yes_ask=95 no_bid=5 no_ask=5 book_ready=True position=True pending=False dry_run=False trust=synced run_id=d3cfdc5b-2279-4513-a1f1-b8b0bc424610
2026-04-30 21:41:13,718 | INFO | Heartbeat | watch=KXBTC15M-26APR302145-45 yes_bid=95 yes_ask=95 no_bid=5 no_ask=5 book_ready=True position=True pending=False dry_run=False trust=synced run_id=d3cfdc5b-2279-4513-a1f1-b8b0bc424610
2026-04-30 21:41:28,730 | INFO | Heartbeat | watch=KXBTC15M-26APR302145-45 yes_bid=96 yes_ask=96 no_bid=4 no_ask=4 book_ready=True position=True pending=False dry_run=False trust=synced run_id=d3cfdc5b-2279-4513-a1f1-b8b0bc424610
2026-04-30 21:41:43,757 | INFO | Heartbeat | watch=KXBTC15M-26APR302145-45 yes_bid=97 yes_ask=97 no_bid=3 no_ask=3 book_ready=True position=True pending=False dry_run=False trust=synced run_id=d3cfdc5b-2279-4513-a1f1-b8b0bc424610
2026-04-30 21:41:58,797 | INFO | Heartbeat | watch=KXBTC15M-26APR302145-45 yes_bid=99 yes_ask=99 no_bid=1 no_ask=1 book_ready=True position=True pending=False dry_run=False trust=synced run_id=d3cfdc5b-2279-4513-a1f1-b8b0bc424610
2026-04-30 21:42:13,798 | INFO | Heartbeat | watch=KXBTC15M-26APR302145-45 yes_bid=99 yes_ask=99 no_bid=1 no_ask=1 book_ready=True position=True pending=False dry_run=False trust=synced run_id=d3cfdc5b-2279-4513-a1f1-b8b0bc424610
2026-04-30 21:42:28,803 | INFO | Heartbeat | watch=KXBTC15M-26APR302145-45 yes_bid=99 yes_ask=99 no_bid=1 no_ask=1 book_ready=True position=True pending=False dry_run=False trust=synced run_id=d3cfdc5b-2279-4513-a1f1-b8b0bc424610
2026-04-30 21:42:43,813 | INFO | Heartbeat | watch=KXBTC15M-26APR302145-45 yes_bid=99 yes_ask=99 no_bid=1 no_ask=1 book_ready=True position=True pending=False dry_run=False trust=synced run_id=d3cfdc5b-2279-4513-a1f1-b8b0bc424610
2026-04-30 21:42:58,834 | INFO | Heartbeat | watch=KXBTC15M-26APR302145-45 yes_bid=100 yes_ask=100 no_bid=0 no_ask=0 book_ready=True position=True pending=False dry_run=False trust=synced run_id=d3cfdc5b-2279-4513-a1f1-b8b0bc424610
2026-04-30 21:43:13,847 | INFO | Heartbeat | watch=KXBTC15M-26APR302145-45 yes_bid=100 yes_ask=100 no_bid=0 no_ask=0 book_ready=True position=True pending=False dry_run=False trust=synced run_id=d3cfdc5b-2279-4513-a1f1-b8b0bc424610
2026-04-30 21:43:28,886 | INFO | Heartbeat | watch=KXBTC15M-26APR302145-45 yes_bid=100 yes_ask=100 no_bid=0 no_ask=0 book_ready=True position=True pending=False dry_run=False trust=synced run_id=d3cfdc5b-2279-4513-a1f1-b8b0bc424610
2026-04-30 21:43:43,936 | INFO | Heartbeat | watch=KXBTC15M-26APR302145-45 yes_bid=100 yes_ask=100 no_bid=0 no_ask=0 book_ready=True position=True pending=False dry_run=False trust=synced run_id=d3cfdc5b-2279-4513-a1f1-b8b0bc424610
2026-04-30 21:43:58,939 | INFO | Heartbeat | watch=KXBTC15M-26APR302145-45 yes_bid=100 yes_ask=100 no_bid=0 no_ask=0 book_ready=True position=True pending=False dry_run=False trust=synced run_id=d3cfdc5b-2279-4513-a1f1-b8b0bc424610
2026-04-30 21:44:13,988 | INFO | Heartbeat | watch=KXBTC15M-26APR302145-45 yes_bid=100 yes_ask=100 no_bid=0 no_ask=0 book_ready=True position=True pending=False dry_run=False trust=synced run_id=d3cfdc5b-2279-4513-a1f1-b8b0bc424610
2026-04-30 21:44:29,030 | INFO | Heartbeat | watch=KXBTC15M-26APR302145-45 yes_bid=100 yes_ask=100 no_bid=0 no_ask=0 book_ready=True position=True pending=False dry_run=False trust=synced run_id=d3cfdc5b-2279-4513-a1f1-b8b0bc424610
2026-04-30 21:44:44,046 | INFO | Heartbeat | watch=KXBTC15M-26APR302145-45 yes_bid=100 yes_ask=100 no_bid=0 no_ask=0 book_ready=True position=True pending=False dry_run=False trust=synced run_id=d3cfdc5b-2279-4513-a1f1-b8b0bc424610
2026-04-30 21:44:59,072 | INFO | Heartbeat | watch=KXBTC15M-26APR302145-45 yes_bid=100 yes_ask=100 no_bid=0 no_ask=0 book_ready=True position=True pending=False dry_run=False trust=synced run_id=d3cfdc5b-2279-4513-a1f1-b8b0bc424610
2026-04-30 21:45:05,133 | WARNING | Closed market KXBTC15M-26APR302145-45 still reports a nonzero live account position, but the market is already past the settlement grace window. Clearing position state and advancing anyway.
2026-04-30 21:45:05,223 | INFO | Watching market KXBTC15M-26APR302145-45 close_time=2026-05-01T01:45:00Z status=closed strike=76514.06 run_id=d3cfdc5b-2279-4513-a1f1-b8b0bc424610
2026-04-30 21:45:05,460 | INFO | WS connected for KXBTC15M-26APR302145-45
2026-04-30 21:45:05,508 | INFO | WS subscribed payload: {'type': 'subscribed', 'id': 2, 'msg': {'channel': 'ticker', 'sid': 1}}
2026-04-30 21:45:05,510 | INFO | WS subscribed payload: {'type': 'subscribed', 'id': 2, 'msg': {'channel': 'orderbook_delta', 'sid': 2}}
2026-04-30 21:45:05,512 | INFO | Orderbook snapshot ready for KXBTC15M-26APR302145-45
2026-04-30 21:45:07,575 | INFO | Orderbook snapshot ready for KXBTC15M-26APR302145-45
2026-04-30 21:45:14,062 | INFO | Heartbeat | watch=KXBTC15M-26APR302145-45 yes_bid=None yes_ask=None no_bid=None no_ask=None book_ready=True position=False pending=False dry_run=False trust=synced run_id=d3cfdc5b-2279-4513-a1f1-b8b0bc424610
2026-04-30 21:45:29,094 | INFO | Heartbeat | watch=KXBTC15M-26APR302145-45 yes_bid=100 yes_ask=100 no_bid=0 no_ask=0 book_ready=True position=False pending=False dry_run=False trust=synced run_id=d3cfdc5b-2279-4513-a1f1-b8b0bc424610
2026-04-30 21:45:32,493 | INFO | Watching market KXBTC15M-26APR302200-00 close_time=2026-05-01T02:00:00Z status=active strike=76590.46 run_id=d3cfdc5b-2279-4513-a1f1-b8b0bc424610
2026-04-30 21:45:32,764 | INFO | WS connected for KXBTC15M-26APR302200-00
2026-04-30 21:45:32,814 | INFO | WS subscribed payload: {'type': 'subscribed', 'id': 3, 'msg': {'channel': 'ticker', 'sid': 1}}
2026-04-30 21:45:32,814 | INFO | WS subscribed payload: {'type': 'subscribed', 'id': 3, 'msg': {'channel': 'orderbook_delta', 'sid': 2}}
2026-04-30 21:45:32,823 | INFO | Orderbook snapshot ready for KXBTC15M-26APR302200-00
2026-04-30 21:45:44,109 | INFO | Heartbeat | watch=KXBTC15M-26APR302200-00 yes_bid=45 yes_ask=46 no_bid=54 no_ask=55 book_ready=True position=False pending=False dry_run=False trust=synced run_id=d3cfdc5b-2279-4513-a1f1-b8b0bc424610
2026-04-30 21:45:59,127 | INFO | Heartbeat | watch=KXBTC15M-26APR302200-00 yes_bid=47 yes_ask=48 no_bid=52 no_ask=53 book_ready=True position=False pending=False dry_run=False trust=synced run_id=d3cfdc5b-2279-4513-a1f1-b8b0bc424610
2026-04-30 21:46:14,165 | INFO | Heartbeat | watch=KXBTC15M-26APR302200-00 yes_bid=53 yes_ask=54 no_bid=46 no_ask=47 book_ready=True position=False pending=False dry_run=False trust=synced run_id=d3cfdc5b-2279-4513-a1f1-b8b0bc424610
2026-04-30 21:46:29,201 | INFO | Heartbeat | watch=KXBTC15M-26APR302200-00 yes_bid=52 yes_ask=53 no_bid=47 no_ask=48 book_ready=True position=False pending=False dry_run=False trust=synced run_id=d3cfdc5b-2279-4513-a1f1-b8b0bc424610
2026-04-30 21:46:44,203 | INFO | Heartbeat | watch=KXBTC15M-26APR302200-00 yes_bid=58 yes_ask=60 no_bid=40 no_ask=42 book_ready=True position=False pending=False dry_run=False trust=synced run_id=d3cfdc5b-2279-4513-a1f1-b8b0bc424610
2026-04-30 21:46:59,215 | INFO | Heartbeat | watch=KXBTC15M-26APR302200-00 yes_bid=60 yes_ask=61 no_bid=39 no_ask=40 book_ready=True position=False pending=False dry_run=False trust=synced run_id=d3cfdc5b-2279-4513-a1f1-b8b0bc424610
2026-04-30 21:47:14,218 | INFO | Heartbeat | watch=KXBTC15M-26APR302200-00 yes_bid=59 yes_ask=60 no_bid=40 no_ask=41 book_ready=True position=False pending=False dry_run=False trust=synced run_id=d3cfdc5b-2279-4513-a1f1-b8b0bc424610
2026-04-30 21:47:29,257 | INFO | Heartbeat | watch=KXBTC15M-26APR302200-00 yes_bid=61 yes_ask=63 no_bid=37 no_ask=39 book_ready=True position=False pending=False dry_run=False trust=synced run_id=d3cfdc5b-2279-4513-a1f1-b8b0bc424610
2026-04-30 21:47:44,268 | INFO | Heartbeat | watch=KXBTC15M-26APR302200-00 yes_bid=64 yes_ask=66 no_bid=34 no_ask=36 book_ready=True position=False pending=False dry_run=False trust=synced run_id=d3cfdc5b-2279-4513-a1f1-b8b0bc424610
2026-04-30 21:47:59,344 | INFO | Heartbeat | watch=KXBTC15M-26APR302200-00 yes_bid=62 yes_ask=63 no_bid=37 no_ask=38 book_ready=True position=False pending=False dry_run=False trust=synced run_id=d3cfdc5b-2279-4513-a1f1-b8b0bc424610
2026-04-30 21:48:14,399 | INFO | Heartbeat | watch=KXBTC15M-26APR302200-00 yes_bid=62 yes_ask=63 no_bid=37 no_ask=38 book_ready=True position=False pending=False dry_run=False trust=synced run_id=d3cfdc5b-2279-4513-a1f1-b8b0bc424610
2026-04-30 21:48:29,450 | INFO | Heartbeat | watch=KXBTC15M-26APR302200-00 yes_bid=92 yes_ask=93 no_bid=7 no_ask=8 book_ready=True position=False pending=False dry_run=False trust=synced run_id=d3cfdc5b-2279-4513-a1f1-b8b0bc424610
2026-04-30 21:48:44,478 | INFO | Heartbeat | watch=KXBTC15M-26APR302200-00 yes_bid=85 yes_ask=87 no_bid=13 no_ask=15 book_ready=True position=False pending=False dry_run=False trust=synced run_id=d3cfdc5b-2279-4513-a1f1-b8b0bc424610
2026-04-30 21:48:59,504 | INFO | Heartbeat | watch=KXBTC15M-26APR302200-00 yes_bid=86 yes_ask=88 no_bid=12 no_ask=14 book_ready=True position=False pending=False dry_run=False trust=synced run_id=d3cfdc5b-2279-4513-a1f1-b8b0bc424610
2026-04-30 21:49:07,871 | INFO | Mushroom v21 entry approved | market=KXBTC15M-26APR302200-00 side=yes ask=89c p_side=0.9331 edge=2.313c raw_edge=3.313c depth=27.39 secs_to_close=652.14
2026-04-30 21:49:07,911 | INFO | Execution state | market=KXBTC15M-26APR302200-00 side=yes state=eligible reason=pre_filters_disabled trust=synced run_id=d3cfdc5b-2279-4513-a1f1-b8b0bc424610
2026-04-30 21:49:07,914 | INFO | Live fill policy approved | market=KXBTC15M-26APR302200-00 side=yes trigger=89c tif=immediate_or_cancel limit=89c depth=27.39 required=4 book_age_ms=156.0 secs_to_close=652.14 reason=single_shot_abundant_depth
2026-04-30 21:49:07,914 | INFO | ENTRY signal | market=KXBTC15M-26APR302200-00 action=buy side=yes trigger=89c limit=89c qty=2 book_ready=True
2026-04-30 21:49:07,914 | INFO | Execution state | market=KXBTC15M-26APR302200-00 side=yes state=submitting reason=single_shot_abundant_depth trust=synced run_id=d3cfdc5b-2279-4513-a1f1-b8b0bc424610
2026-04-30 21:49:07,976 | INFO | ENTRY immediate fill | market=KXBTC15M-26APR302200-00 side=yes qty=2 limit=89c
2026-04-30 21:49:07,976 | INFO | Execution state | market=KXBTC15M-26APR302200-00 side=yes state=filled reason=single_shot_abundant_depth trust=synced run_id=d3cfdc5b-2279-4513-a1f1-b8b0bc424610
2026-04-30 21:49:14,532 | INFO | Heartbeat | watch=KXBTC15M-26APR302200-00 yes_bid=90 yes_ask=91 no_bid=9 no_ask=10 book_ready=True position=True pending=False dry_run=False trust=synced run_id=d3cfdc5b-2279-4513-a1f1-b8b0bc424610
2026-04-30 21:49:29,554 | INFO | Heartbeat | watch=KXBTC15M-26APR302200-00 yes_bid=93 yes_ask=93 no_bid=7 no_ask=7 book_ready=True position=True pending=False dry_run=False trust=synced run_id=d3cfdc5b-2279-4513-a1f1-b8b0bc424610
2026-04-30 21:49:44,553 | INFO | Heartbeat | watch=KXBTC15M-26APR302200-00 yes_bid=92 yes_ask=93 no_bid=7 no_ask=8 book_ready=True position=True pending=False dry_run=False trust=synced run_id=d3cfdc5b-2279-4513-a1f1-b8b0bc424610
2026-04-30 21:49:59,600 | INFO | Heartbeat | watch=KXBTC15M-26APR302200-00 yes_bid=88 yes_ask=89 no_bid=11 no_ask=12 book_ready=True position=True pending=False dry_run=False trust=synced run_id=d3cfdc5b-2279-4513-a1f1-b8b0bc424610
2026-04-30 21:50:14,644 | INFO | Heartbeat | watch=KXBTC15M-26APR302200-00 yes_bid=89 yes_ask=90 no_bid=10 no_ask=11 book_ready=True position=True pending=False dry_run=False trust=synced run_id=d3cfdc5b-2279-4513-a1f1-b8b0bc424610
2026-04-30 21:50:29,647 | INFO | Heartbeat | watch=KXBTC15M-26APR302200-00 yes_bid=89 yes_ask=90 no_bid=10 no_ask=11 book_ready=True position=True pending=False dry_run=False trust=synced run_id=d3cfdc5b-2279-4513-a1f1-b8b0bc424610
2026-04-30 21:50:44,680 | INFO | Heartbeat | watch=KXBTC15M-26APR302200-00 yes_bid=91 yes_ask=91 no_bid=9 no_ask=9 book_ready=True position=True pending=False dry_run=False trust=synced run_id=d3cfdc5b-2279-4513-a1f1-b8b0bc424610
2026-04-30 21:50:59,685 | INFO | Heartbeat | watch=KXBTC15M-26APR302200-00 yes_bid=90 yes_ask=91 no_bid=9 no_ask=10 book_ready=True position=True pending=False dry_run=False trust=synced run_id=d3cfdc5b-2279-4513-a1f1-b8b0bc424610
2026-04-30 21:51:07,993 | INFO | Mushroom v21 entry approved | market=KXBTC15M-26APR302200-00 side=yes ask=92c p_side=0.9630 edge=2.296c raw_edge=3.296c depth=1099 secs_to_close=532.02
2026-04-30 21:51:08,020 | INFO | Execution state | market=KXBTC15M-26APR302200-00 side=yes state=eligible reason=pre_filters_disabled trust=synced run_id=d3cfdc5b-2279-4513-a1f1-b8b0bc424610
2026-04-30 21:51:08,020 | INFO | Live fill policy approved | market=KXBTC15M-26APR302200-00 side=yes trigger=92c tif=immediate_or_cancel limit=92c depth=1099.00 required=4 book_age_ms=172.0 secs_to_close=532.02 reason=single_shot_abundant_depth
2026-04-30 21:51:08,028 | INFO | ENTRY signal | market=KXBTC15M-26APR302200-00 action=buy side=yes trigger=92c limit=92c qty=2 book_ready=True
2026-04-30 21:51:08,028 | INFO | Execution state | market=KXBTC15M-26APR302200-00 side=yes state=submitting reason=single_shot_abundant_depth trust=synced run_id=d3cfdc5b-2279-4513-a1f1-b8b0bc424610
2026-04-30 21:51:08,095 | INFO | ENTRY immediate fill | market=KXBTC15M-26APR302200-00 side=yes qty=2 limit=92c
2026-04-30 21:51:08,095 | INFO | Execution state | market=KXBTC15M-26APR302200-00 side=yes state=filled reason=single_shot_abundant_depth trust=synced run_id=d3cfdc5b-2279-4513-a1f1-b8b0bc424610
2026-04-30 21:51:14,736 | INFO | Heartbeat | watch=KXBTC15M-26APR302200-00 yes_bid=90 yes_ask=90 no_bid=10 no_ask=10 book_ready=True position=True pending=False dry_run=False trust=synced run_id=d3cfdc5b-2279-4513-a1f1-b8b0bc424610
2026-04-30 21:51:29,732 | INFO | Heartbeat | watch=KXBTC15M-26APR302200-00 yes_bid=92 yes_ask=92 no_bid=8 no_ask=8 book_ready=True position=True pending=False dry_run=False trust=synced run_id=d3cfdc5b-2279-4513-a1f1-b8b0bc424610
2026-04-30 21:51:44,745 | INFO | Heartbeat | watch=KXBTC15M-26APR302200-00 yes_bid=91 yes_ask=92 no_bid=8 no_ask=9 book_ready=True position=True pending=False dry_run=False trust=synced run_id=d3cfdc5b-2279-4513-a1f1-b8b0bc424610
2026-04-30 21:51:59,774 | INFO | Heartbeat | watch=KXBTC15M-26APR302200-00 yes_bid=93 yes_ask=93 no_bid=7 no_ask=7 book_ready=True position=True pending=False dry_run=False trust=synced run_id=d3cfdc5b-2279-4513-a1f1-b8b0bc424610
2026-04-30 21:52:14,810 | INFO | Heartbeat | watch=KXBTC15M-26APR302200-00 yes_bid=94 yes_ask=94 no_bid=6 no_ask=6 book_ready=True position=True pending=False dry_run=False trust=synced run_id=d3cfdc5b-2279-4513-a1f1-b8b0bc424610
2026-04-30 21:52:29,839 | INFO | Heartbeat | watch=KXBTC15M-26APR302200-00 yes_bid=94 yes_ask=94 no_bid=6 no_ask=6 book_ready=True position=True pending=False dry_run=False trust=synced run_id=d3cfdc5b-2279-4513-a1f1-b8b0bc424610
2026-04-30 21:52:44,860 | INFO | Heartbeat | watch=KXBTC15M-26APR302200-00 yes_bid=93 yes_ask=94 no_bid=6 no_ask=7 book_ready=True position=True pending=False dry_run=False trust=synced run_id=d3cfdc5b-2279-4513-a1f1-b8b0bc424610
2026-04-30 21:52:59,861 | INFO | Heartbeat | watch=KXBTC15M-26APR302200-00 yes_bid=94 yes_ask=95 no_bid=5 no_ask=6 book_ready=True position=True pending=False dry_run=False trust=synced run_id=d3cfdc5b-2279-4513-a1f1-b8b0bc424610
2026-04-30 21:53:14,871 | INFO | Heartbeat | watch=KXBTC15M-26APR302200-00 yes_bid=97 yes_ask=97 no_bid=3 no_ask=3 book_ready=True position=True pending=False dry_run=False trust=synced run_id=d3cfdc5b-2279-4513-a1f1-b8b0bc424610
2026-04-30 21:53:29,895 | INFO | Heartbeat | watch=KXBTC15M-26APR302200-00 yes_bid=97 yes_ask=98 no_bid=2 no_ask=3 book_ready=True position=True pending=False dry_run=False trust=synced run_id=d3cfdc5b-2279-4513-a1f1-b8b0bc424610
2026-04-30 21:53:44,934 | INFO | Heartbeat | watch=KXBTC15M-26APR302200-00 yes_bid=98 yes_ask=98 no_bid=2 no_ask=2 book_ready=True position=True pending=False dry_run=False trust=synced run_id=d3cfdc5b-2279-4513-a1f1-b8b0bc424610
2026-04-30 21:53:59,931 | INFO | Heartbeat | watch=KXBTC15M-26APR302200-00 yes_bid=98 yes_ask=98 no_bid=2 no_ask=2 book_ready=True position=True pending=False dry_run=False trust=synced run_id=d3cfdc5b-2279-4513-a1f1-b8b0bc424610
2026-04-30 21:54:14,971 | INFO | Heartbeat | watch=KXBTC15M-26APR302200-00 yes_bid=99 yes_ask=99 no_bid=1 no_ask=1 book_ready=True position=True pending=False dry_run=False trust=synced run_id=d3cfdc5b-2279-4513-a1f1-b8b0bc424610
2026-04-30 21:54:29,975 | INFO | Heartbeat | watch=KXBTC15M-26APR302200-00 yes_bid=99 yes_ask=99 no_bid=1 no_ask=1 book_ready=True position=True pending=False dry_run=False trust=synced run_id=d3cfdc5b-2279-4513-a1f1-b8b0bc424610
2026-04-30 21:54:45,010 | INFO | Heartbeat | watch=KXBTC15M-26APR302200-00 yes_bid=99 yes_ask=99 no_bid=1 no_ask=1 book_ready=True position=True pending=False dry_run=False trust=synced run_id=d3cfdc5b-2279-4513-a1f1-b8b0bc424610
2026-04-30 21:55:00,016 | INFO | Heartbeat | watch=KXBTC15M-26APR302200-00 yes_bid=99 yes_ask=99 no_bid=1 no_ask=1 book_ready=True position=True pending=False dry_run=False trust=synced run_id=d3cfdc5b-2279-4513-a1f1-b8b0bc424610
2026-04-30 21:55:15,019 | INFO | Heartbeat | watch=KXBTC15M-26APR302200-00 yes_bid=99 yes_ask=99 no_bid=1 no_ask=1 book_ready=True position=True pending=False dry_run=False trust=synced run_id=d3cfdc5b-2279-4513-a1f1-b8b0bc424610
2026-04-30 21:55:30,047 | INFO | Heartbeat | watch=KXBTC15M-26APR302200-00 yes_bid=99 yes_ask=99 no_bid=1 no_ask=1 book_ready=True position=True pending=False dry_run=False trust=synced run_id=d3cfdc5b-2279-4513-a1f1-b8b0bc424610
2026-04-30 21:55:45,046 | INFO | Heartbeat | watch=KXBTC15M-26APR302200-00 yes_bid=99 yes_ask=99 no_bid=1 no_ask=1 book_ready=True position=True pending=False dry_run=False trust=synced run_id=d3cfdc5b-2279-4513-a1f1-b8b0bc424610
2026-04-30 21:56:00,093 | INFO | Heartbeat | watch=KXBTC15M-26APR302200-00 yes_bid=99 yes_ask=99 no_bid=1 no_ask=1 book_ready=True position=True pending=False dry_run=False trust=synced run_id=d3cfdc5b-2279-4513-a1f1-b8b0bc424610
2026-04-30 21:56:15,140 | INFO | Heartbeat | watch=KXBTC15M-26APR302200-00 yes_bid=99 yes_ask=99 no_bid=1 no_ask=1 book_ready=True position=True pending=False dry_run=False trust=synced run_id=d3cfdc5b-2279-4513-a1f1-b8b0bc424610
2026-04-30 21:56:30,149 | INFO | Heartbeat | watch=KXBTC15M-26APR302200-00 yes_bid=100 yes_ask=100 no_bid=0 no_ask=0 book_ready=True position=True pending=False dry_run=False trust=synced run_id=d3cfdc5b-2279-4513-a1f1-b8b0bc424610
2026-04-30 21:56:45,173 | INFO | Heartbeat | watch=KXBTC15M-26APR302200-00 yes_bid=100 yes_ask=100 no_bid=0 no_ask=0 book_ready=True position=True pending=False dry_run=False trust=synced run_id=d3cfdc5b-2279-4513-a1f1-b8b0bc424610
2026-04-30 21:57:00,200 | INFO | Heartbeat | watch=KXBTC15M-26APR302200-00 yes_bid=100 yes_ask=100 no_bid=0 no_ask=0 book_ready=True position=True pending=False dry_run=False trust=synced run_id=d3cfdc5b-2279-4513-a1f1-b8b0bc424610
2026-04-30 21:57:15,246 | INFO | Heartbeat | watch=KXBTC15M-26APR302200-00 yes_bid=100 yes_ask=100 no_bid=0 no_ask=0 book_ready=True position=True pending=False dry_run=False trust=synced run_id=d3cfdc5b-2279-4513-a1f1-b8b0bc424610
2026-04-30 21:57:30,281 | INFO | Heartbeat | watch=KXBTC15M-26APR302200-00 yes_bid=100 yes_ask=100 no_bid=0 no_ask=0 book_ready=True position=True pending=False dry_run=False trust=synced run_id=d3cfdc5b-2279-4513-a1f1-b8b0bc424610
2026-04-30 21:57:45,338 | INFO | Heartbeat | watch=KXBTC15M-26APR302200-00 yes_bid=100 yes_ask=100 no_bid=0 no_ask=0 book_ready=True position=True pending=False dry_run=False trust=synced run_id=d3cfdc5b-2279-4513-a1f1-b8b0bc424610
2026-04-30 21:58:00,379 | INFO | Heartbeat | watch=KXBTC15M-26APR302200-00 yes_bid=100 yes_ask=100 no_bid=0 no_ask=0 book_ready=True position=True pending=False dry_run=False trust=synced run_id=d3cfdc5b-2279-4513-a1f1-b8b0bc424610
2026-04-30 21:58:15,399 | INFO | Heartbeat | watch=KXBTC15M-26APR302200-00 yes_bid=100 yes_ask=100 no_bid=0 no_ask=0 book_ready=True position=True pending=False dry_run=False trust=synced run_id=d3cfdc5b-2279-4513-a1f1-b8b0bc424610
2026-04-30 21:58:30,398 | INFO | Heartbeat | watch=KXBTC15M-26APR302200-00 yes_bid=100 yes_ask=100 no_bid=0 no_ask=0 book_ready=True position=True pending=False dry_run=False trust=synced run_id=d3cfdc5b-2279-4513-a1f1-b8b0bc424610
2026-04-30 21:58:45,428 | INFO | Heartbeat | watch=KXBTC15M-26APR302200-00 yes_bid=100 yes_ask=100 no_bid=0 no_ask=0 book_ready=True position=True pending=False dry_run=False trust=synced run_id=d3cfdc5b-2279-4513-a1f1-b8b0bc424610
2026-04-30 21:59:00,425 | INFO | Heartbeat | watch=KXBTC15M-26APR302200-00 yes_bid=100 yes_ask=100 no_bid=0 no_ask=0 book_ready=True position=True pending=False dry_run=False trust=synced run_id=d3cfdc5b-2279-4513-a1f1-b8b0bc424610
2026-04-30 21:59:15,467 | INFO | Heartbeat | watch=KXBTC15M-26APR302200-00 yes_bid=100 yes_ask=100 no_bid=0 no_ask=0 book_ready=True position=True pending=False dry_run=False trust=synced run_id=d3cfdc5b-2279-4513-a1f1-b8b0bc424610
2026-04-30 21:59:30,512 | INFO | Heartbeat | watch=KXBTC15M-26APR302200-00 yes_bid=100 yes_ask=100 no_bid=0 no_ask=0 book_ready=True position=True pending=False dry_run=False trust=synced run_id=d3cfdc5b-2279-4513-a1f1-b8b0bc424610
2026-04-30 21:59:45,557 | INFO | Heartbeat | watch=KXBTC15M-26APR302200-00 yes_bid=100 yes_ask=100 no_bid=0 no_ask=0 book_ready=True position=True pending=False dry_run=False trust=synced run_id=d3cfdc5b-2279-4513-a1f1-b8b0bc424610
2026-04-30 22:00:00,567 | INFO | Heartbeat | watch=KXBTC15M-26APR302200-00 yes_bid=100 yes_ask=100 no_bid=0 no_ask=0 book_ready=True position=True pending=False dry_run=False trust=synced run_id=d3cfdc5b-2279-4513-a1f1-b8b0bc424610
2026-04-30 22:00:05,095 | WARNING | Closed market KXBTC15M-26APR302200-00 still reports a nonzero live account position, but the market is already past the settlement grace window. Clearing position state and advancing anyway.
2026-04-30 22:00:05,186 | INFO | Watching market KXBTC15M-26APR302215-15 close_time=2026-05-01T02:15:00Z status=active strike=76659.01 run_id=d3cfdc5b-2279-4513-a1f1-b8b0bc424610
2026-04-30 22:00:05,411 | INFO | WS connected for KXBTC15M-26APR302215-15
2026-04-30 22:00:05,454 | INFO | WS subscribed payload: {'type': 'subscribed', 'id': 4, 'msg': {'channel': 'ticker', 'sid': 1}}
2026-04-30 22:00:05,454 | INFO | WS subscribed payload: {'type': 'subscribed', 'id': 4, 'msg': {'channel': 'orderbook_delta', 'sid': 2}}
2026-04-30 22:00:05,454 | INFO | Orderbook snapshot ready for KXBTC15M-26APR302215-15
2026-04-30 22:00:15,604 | INFO | Heartbeat | watch=KXBTC15M-26APR302215-15 yes_bid=51 yes_ask=52 no_bid=48 no_ask=49 book_ready=True position=False pending=False dry_run=False trust=synced run_id=d3cfdc5b-2279-4513-a1f1-b8b0bc424610
2026-04-30 22:00:30,595 | INFO | Heartbeat | watch=KXBTC15M-26APR302215-15 yes_bid=51 yes_ask=52 no_bid=48 no_ask=49 book_ready=True position=False pending=False dry_run=False trust=synced run_id=d3cfdc5b-2279-4513-a1f1-b8b0bc424610
2026-04-30 22:00:45,613 | INFO | Heartbeat | watch=KXBTC15M-26APR302215-15 yes_bid=50 yes_ask=51 no_bid=49 no_ask=50 book_ready=True position=False pending=False dry_run=False trust=synced run_id=d3cfdc5b-2279-4513-a1f1-b8b0bc424610
2026-04-30 22:01:00,612 | INFO | Heartbeat | watch=KXBTC15M-26APR302215-15 yes_bid=51 yes_ask=52 no_bid=48 no_ask=49 book_ready=True position=False pending=False dry_run=False trust=synced run_id=d3cfdc5b-2279-4513-a1f1-b8b0bc424610
2026-04-30 22:01:15,653 | INFO | Heartbeat | watch=KXBTC15M-26APR302215-15 yes_bid=47 yes_ask=48 no_bid=52 no_ask=53 book_ready=True position=False pending=False dry_run=False trust=synced run_id=d3cfdc5b-2279-4513-a1f1-b8b0bc424610
2026-04-30 22:01:30,713 | INFO | Heartbeat | watch=KXBTC15M-26APR302215-15 yes_bid=45 yes_ask=46 no_bid=54 no_ask=55 book_ready=True position=False pending=False dry_run=False trust=synced run_id=d3cfdc5b-2279-4513-a1f1-b8b0bc424610
2026-04-30 22:01:45,763 | INFO | Heartbeat | watch=KXBTC15M-26APR302215-15 yes_bid=41 yes_ask=42 no_bid=58 no_ask=59 book_ready=True position=False pending=False dry_run=False trust=synced run_id=d3cfdc5b-2279-4513-a1f1-b8b0bc424610
2026-04-30 22:02:00,811 | INFO | Heartbeat | watch=KXBTC15M-26APR302215-15 yes_bid=41 yes_ask=42 no_bid=58 no_ask=59 book_ready=True position=False pending=False dry_run=False trust=synced run_id=d3cfdc5b-2279-4513-a1f1-b8b0bc424610
2026-04-30 22:02:15,851 | INFO | Heartbeat | watch=KXBTC15M-26APR302215-15 yes_bid=31 yes_ask=32 no_bid=68 no_ask=69 book_ready=True position=False pending=False dry_run=False trust=synced run_id=d3cfdc5b-2279-4513-a1f1-b8b0bc424610
2026-04-30 22:02:30,901 | INFO | Heartbeat | watch=KXBTC15M-26APR302215-15 yes_bid=29 yes_ask=30 no_bid=70 no_ask=71 book_ready=True position=False pending=False dry_run=False trust=synced run_id=d3cfdc5b-2279-4513-a1f1-b8b0bc424610
2026-04-30 22:02:45,935 | INFO | Heartbeat | watch=KXBTC15M-26APR302215-15 yes_bid=20 yes_ask=21 no_bid=79 no_ask=80 book_ready=True position=False pending=False dry_run=False trust=synced run_id=d3cfdc5b-2279-4513-a1f1-b8b0bc424610
2026-04-30 22:03:00,945 | INFO | Heartbeat | watch=KXBTC15M-26APR302215-15 yes_bid=19 yes_ask=20 no_bid=80 no_ask=81 book_ready=True position=False pending=False dry_run=False trust=synced run_id=d3cfdc5b-2279-4513-a1f1-b8b0bc424610
2026-04-30 22:03:15,986 | INFO | Heartbeat | watch=KXBTC15M-26APR302215-15 yes_bid=25 yes_ask=26 no_bid=74 no_ask=75 book_ready=True position=False pending=False dry_run=False trust=synced run_id=d3cfdc5b-2279-4513-a1f1-b8b0bc424610
2026-04-30 22:03:30,996 | INFO | Heartbeat | watch=KXBTC15M-26APR302215-15 yes_bid=30 yes_ask=31 no_bid=69 no_ask=70 book_ready=True position=False pending=False dry_run=False trust=synced run_id=d3cfdc5b-2279-4513-a1f1-b8b0bc424610
2026-04-30 22:03:45,985 | INFO | Heartbeat | watch=KXBTC15M-26APR302215-15 yes_bid=25 yes_ask=26 no_bid=74 no_ask=75 book_ready=True position=False pending=False dry_run=False trust=synced run_id=d3cfdc5b-2279-4513-a1f1-b8b0bc424610
2026-04-30 22:04:00,988 | INFO | Heartbeat | watch=KXBTC15M-26APR302215-15 yes_bid=31 yes_ask=32 no_bid=68 no_ask=69 book_ready=True position=False pending=False dry_run=False trust=synced run_id=d3cfdc5b-2279-4513-a1f1-b8b0bc424610
2026-04-30 22:04:15,989 | INFO | Heartbeat | watch=KXBTC15M-26APR302215-15 yes_bid=39 yes_ask=40 no_bid=60 no_ask=61 book_ready=True position=False pending=False dry_run=False trust=synced run_id=d3cfdc5b-2279-4513-a1f1-b8b0bc424610
2026-04-30 22:04:31,027 | INFO | Heartbeat | watch=KXBTC15M-26APR302215-15 yes_bid=45 yes_ask=47 no_bid=53 no_ask=55 book_ready=True position=False pending=False dry_run=False trust=synced run_id=d3cfdc5b-2279-4513-a1f1-b8b0bc424610
2026-04-30 22:04:46,022 | INFO | Heartbeat | watch=KXBTC15M-26APR302215-15 yes_bid=45 yes_ask=46 no_bid=54 no_ask=55 book_ready=True position=False pending=False dry_run=False trust=synced run_id=d3cfdc5b-2279-4513-a1f1-b8b0bc424610
2026-04-30 22:05:01,108 | INFO | Heartbeat | watch=KXBTC15M-26APR302215-15 yes_bid=44 yes_ask=45 no_bid=55 no_ask=56 book_ready=True position=False pending=False dry_run=False trust=synced run_id=d3cfdc5b-2279-4513-a1f1-b8b0bc424610
2026-04-30 22:05:16,094 | INFO | Heartbeat | watch=KXBTC15M-26APR302215-15 yes_bid=28 yes_ask=29 no_bid=71 no_ask=72 book_ready=True position=False pending=False dry_run=False trust=synced run_id=d3cfdc5b-2279-4513-a1f1-b8b0bc424610
2026-04-30 22:05:31,143 | INFO | Heartbeat | watch=KXBTC15M-26APR302215-15 yes_bid=24 yes_ask=25 no_bid=75 no_ask=76 book_ready=True position=False pending=False dry_run=False trust=synced run_id=d3cfdc5b-2279-4513-a1f1-b8b0bc424610
2026-04-30 22:05:46,191 | INFO | Heartbeat | watch=KXBTC15M-26APR302215-15 yes_bid=30 yes_ask=32 no_bid=68 no_ask=70 book_ready=True position=False pending=False dry_run=False trust=synced run_id=d3cfdc5b-2279-4513-a1f1-b8b0bc424610
2026-04-30 22:06:01,213 | INFO | Heartbeat | watch=KXBTC15M-26APR302215-15 yes_bid=28 yes_ask=30 no_bid=70 no_ask=72 book_ready=True position=False pending=False dry_run=False trust=synced run_id=d3cfdc5b-2279-4513-a1f1-b8b0bc424610
2026-04-30 22:06:16,245 | INFO | Heartbeat | watch=KXBTC15M-26APR302215-15 yes_bid=29 yes_ask=31 no_bid=69 no_ask=71 book_ready=True position=False pending=False dry_run=False trust=synced run_id=d3cfdc5b-2279-4513-a1f1-b8b0bc424610
2026-04-30 22:06:31,280 | INFO | Heartbeat | watch=KXBTC15M-26APR302215-15 yes_bid=30 yes_ask=31 no_bid=69 no_ask=70 book_ready=True position=False pending=False dry_run=False trust=synced run_id=d3cfdc5b-2279-4513-a1f1-b8b0bc424610
2026-04-30 22:06:46,303 | INFO | Heartbeat | watch=KXBTC15M-26APR302215-15 yes_bid=30 yes_ask=32 no_bid=68 no_ask=70 book_ready=True position=False pending=False dry_run=False trust=synced run_id=d3cfdc5b-2279-4513-a1f1-b8b0bc424610
2026-04-30 22:07:01,355 | INFO | Heartbeat | watch=KXBTC15M-26APR302215-15 yes_bid=40 yes_ask=41 no_bid=59 no_ask=60 book_ready=True position=False pending=False dry_run=False trust=synced run_id=d3cfdc5b-2279-4513-a1f1-b8b0bc424610
2026-04-30 22:07:16,352 | INFO | Heartbeat | watch=KXBTC15M-26APR302215-15 yes_bid=42 yes_ask=43 no_bid=57 no_ask=58 book_ready=True position=False pending=False dry_run=False trust=synced run_id=d3cfdc5b-2279-4513-a1f1-b8b0bc424610
2026-04-30 22:07:31,368 | INFO | Heartbeat | watch=KXBTC15M-26APR302215-15 yes_bid=42 yes_ask=43 no_bid=57 no_ask=58 book_ready=True position=False pending=False dry_run=False trust=synced run_id=d3cfdc5b-2279-4513-a1f1-b8b0bc424610
2026-04-30 22:07:46,402 | INFO | Heartbeat | watch=KXBTC15M-26APR302215-15 yes_bid=35 yes_ask=36 no_bid=64 no_ask=65 book_ready=True position=False pending=False dry_run=False trust=synced run_id=d3cfdc5b-2279-4513-a1f1-b8b0bc424610
2026-04-30 22:08:01,397 | INFO | Heartbeat | watch=KXBTC15M-26APR302215-15 yes_bid=27 yes_ask=28 no_bid=72 no_ask=73 book_ready=True position=False pending=False dry_run=False trust=synced run_id=d3cfdc5b-2279-4513-a1f1-b8b0bc424610
2026-04-30 22:08:16,433 | INFO | Heartbeat | watch=KXBTC15M-26APR302215-15 yes_bid=30 yes_ask=31 no_bid=69 no_ask=70 book_ready=True position=False pending=False dry_run=False trust=synced run_id=d3cfdc5b-2279-4513-a1f1-b8b0bc424610
2026-04-30 22:08:31,449 | INFO | Heartbeat | watch=KXBTC15M-26APR302215-15 yes_bid=55 yes_ask=56 no_bid=44 no_ask=45 book_ready=True position=False pending=False dry_run=False trust=synced run_id=d3cfdc5b-2279-4513-a1f1-b8b0bc424610
2026-04-30 22:08:46,459 | INFO | Heartbeat | watch=KXBTC15M-26APR302215-15 yes_bid=44 yes_ask=45 no_bid=55 no_ask=56 book_ready=True position=False pending=False dry_run=False trust=synced run_id=d3cfdc5b-2279-4513-a1f1-b8b0bc424610
2026-04-30 22:09:01,508 | INFO | Heartbeat | watch=KXBTC15M-26APR302215-15 yes_bid=62 yes_ask=63 no_bid=37 no_ask=38 book_ready=True position=False pending=False dry_run=False trust=synced run_id=d3cfdc5b-2279-4513-a1f1-b8b0bc424610
2026-04-30 22:09:16,559 | INFO | Heartbeat | watch=KXBTC15M-26APR302215-15 yes_bid=69 yes_ask=70 no_bid=30 no_ask=31 book_ready=True position=False pending=False dry_run=False trust=synced run_id=d3cfdc5b-2279-4513-a1f1-b8b0bc424610
2026-04-30 22:09:31,586 | INFO | Heartbeat | watch=KXBTC15M-26APR302215-15 yes_bid=85 yes_ask=86 no_bid=14 no_ask=15 book_ready=True position=False pending=False dry_run=False trust=synced run_id=d3cfdc5b-2279-4513-a1f1-b8b0bc424610
2026-04-30 22:09:46,623 | INFO | Heartbeat | watch=KXBTC15M-26APR302215-15 yes_bid=76 yes_ask=77 no_bid=23 no_ask=24 book_ready=True position=False pending=False dry_run=False trust=synced run_id=d3cfdc5b-2279-4513-a1f1-b8b0bc424610
2026-04-30 22:10:01,705 | INFO | Heartbeat | watch=KXBTC15M-26APR302215-15 yes_bid=80 yes_ask=81 no_bid=19 no_ask=20 book_ready=True position=False pending=False dry_run=False trust=synced run_id=d3cfdc5b-2279-4513-a1f1-b8b0bc424610
2026-04-30 22:10:07,299 | INFO | Mushroom v21 entry approved | market=KXBTC15M-26APR302215-15 side=yes ask=81c p_side=0.8993 edge=6.426c raw_edge=7.426c depth=726.08 secs_to_close=292.72
2026-04-30 22:10:07,325 | INFO | Execution state | market=KXBTC15M-26APR302215-15 side=yes state=eligible reason=pre_filters_disabled trust=synced run_id=d3cfdc5b-2279-4513-a1f1-b8b0bc424610
2026-04-30 22:10:07,326 | INFO | Live fill policy approved | market=KXBTC15M-26APR302215-15 side=yes trigger=81c tif=immediate_or_cancel limit=81c depth=726.08 required=3 book_age_ms=828.0 secs_to_close=292.72 reason=single_shot_abundant_depth
2026-04-30 22:10:07,326 | INFO | ENTRY signal | market=KXBTC15M-26APR302215-15 action=buy side=yes trigger=81c limit=81c qty=2 book_ready=True
2026-04-30 22:10:07,326 | INFO | Execution state | market=KXBTC15M-26APR302215-15 side=yes state=submitting reason=single_shot_abundant_depth trust=synced run_id=d3cfdc5b-2279-4513-a1f1-b8b0bc424610
2026-04-30 22:10:07,380 | INFO | ENTRY immediate fill | market=KXBTC15M-26APR302215-15 side=yes qty=2 limit=81c
2026-04-30 22:10:07,380 | INFO | Execution state | market=KXBTC15M-26APR302215-15 side=yes state=filled reason=single_shot_abundant_depth trust=synced run_id=d3cfdc5b-2279-4513-a1f1-b8b0bc424610
2026-04-30 22:10:16,738 | INFO | Heartbeat | watch=KXBTC15M-26APR302215-15 yes_bid=66 yes_ask=67 no_bid=33 no_ask=34 book_ready=True position=True pending=False dry_run=False trust=synced run_id=d3cfdc5b-2279-4513-a1f1-b8b0bc424610
2026-04-30 22:10:31,774 | INFO | Heartbeat | watch=KXBTC15M-26APR302215-15 yes_bid=51 yes_ask=52 no_bid=48 no_ask=49 book_ready=True position=True pending=False dry_run=False trust=synced run_id=d3cfdc5b-2279-4513-a1f1-b8b0bc424610
2026-04-30 22:10:46,819 | INFO | Heartbeat | watch=KXBTC15M-26APR302215-15 yes_bid=47 yes_ask=48 no_bid=52 no_ask=53 book_ready=True position=True pending=False dry_run=False trust=synced run_id=d3cfdc5b-2279-4513-a1f1-b8b0bc424610
2026-04-30 22:11:01,844 | INFO | Heartbeat | watch=KXBTC15M-26APR302215-15 yes_bid=50 yes_ask=51 no_bid=49 no_ask=50 book_ready=True position=True pending=False dry_run=False trust=synced run_id=d3cfdc5b-2279-4513-a1f1-b8b0bc424610
2026-04-30 22:11:16,843 | INFO | Heartbeat | watch=KXBTC15M-26APR302215-15 yes_bid=57 yes_ask=58 no_bid=42 no_ask=43 book_ready=True position=True pending=False dry_run=False trust=synced run_id=d3cfdc5b-2279-4513-a1f1-b8b0bc424610
2026-04-30 22:11:31,854 | INFO | Heartbeat | watch=KXBTC15M-26APR302215-15 yes_bid=67 yes_ask=68 no_bid=32 no_ask=33 book_ready=True position=True pending=False dry_run=False trust=synced run_id=d3cfdc5b-2279-4513-a1f1-b8b0bc424610
2026-04-30 22:11:46,869 | INFO | Heartbeat | watch=KXBTC15M-26APR302215-15 yes_bid=69 yes_ask=70 no_bid=30 no_ask=31 book_ready=True position=True pending=False dry_run=False trust=synced run_id=d3cfdc5b-2279-4513-a1f1-b8b0bc424610
2026-04-30 22:12:01,905 | INFO | Heartbeat | watch=KXBTC15M-26APR302215-15 yes_bid=62 yes_ask=63 no_bid=37 no_ask=38 book_ready=True position=True pending=False dry_run=False trust=synced run_id=d3cfdc5b-2279-4513-a1f1-b8b0bc424610
2026-04-30 22:12:07,400 | INFO | Mushroom v21 entry approved | market=KXBTC15M-26APR302215-15 side=yes ask=65c p_side=0.8503 edge=17.026c raw_edge=18.026c depth=40 secs_to_close=172.62
2026-04-30 22:12:07,441 | INFO | Execution state | market=KXBTC15M-26APR302215-15 side=yes state=eligible reason=pre_filters_disabled trust=synced run_id=d3cfdc5b-2279-4513-a1f1-b8b0bc424610
2026-04-30 22:12:07,444 | INFO | Live fill policy approved | market=KXBTC15M-26APR302215-15 side=yes trigger=65c tif=immediate_or_cancel limit=65c depth=40.00 required=3 book_age_ms=938.0 secs_to_close=172.62 reason=single_shot_abundant_depth
2026-04-30 22:12:07,445 | INFO | ENTRY signal | market=KXBTC15M-26APR302215-15 action=buy side=yes trigger=65c limit=65c qty=2 book_ready=True
2026-04-30 22:12:07,447 | INFO | Execution state | market=KXBTC15M-26APR302215-15 side=yes state=submitting reason=single_shot_abundant_depth trust=synced run_id=d3cfdc5b-2279-4513-a1f1-b8b0bc424610
2026-04-30 22:12:07,515 | INFO | ENTRY immediate fill | market=KXBTC15M-26APR302215-15 side=yes qty=2 limit=65c
2026-04-30 22:12:07,515 | INFO | Execution state | market=KXBTC15M-26APR302215-15 side=yes state=filled reason=single_shot_abundant_depth trust=synced run_id=d3cfdc5b-2279-4513-a1f1-b8b0bc424610
2026-04-30 22:12:16,933 | INFO | Heartbeat | watch=KXBTC15M-26APR302215-15 yes_bid=72 yes_ask=73 no_bid=27 no_ask=28 book_ready=True position=True pending=False dry_run=False trust=synced run_id=d3cfdc5b-2279-4513-a1f1-b8b0bc424610
2026-04-30 22:12:31,929 | INFO | Heartbeat | watch=KXBTC15M-26APR302215-15 yes_bid=75 yes_ask=77 no_bid=23 no_ask=25 book_ready=True position=True pending=False dry_run=False trust=synced run_id=d3cfdc5b-2279-4513-a1f1-b8b0bc424610
2026-04-30 22:12:46,971 | INFO | Heartbeat | watch=KXBTC15M-26APR302215-15 yes_bid=79 yes_ask=80 no_bid=20 no_ask=21 book_ready=True position=True pending=False dry_run=False trust=synced run_id=d3cfdc5b-2279-4513-a1f1-b8b0bc424610
2026-04-30 22:13:02,009 | INFO | Heartbeat | watch=KXBTC15M-26APR302215-15 yes_bid=80 yes_ask=82 no_bid=18 no_ask=20 book_ready=True position=True pending=False dry_run=False trust=synced run_id=d3cfdc5b-2279-4513-a1f1-b8b0bc424610
2026-04-30 22:13:17,047 | INFO | Heartbeat | watch=KXBTC15M-26APR302215-15 yes_bid=91 yes_ask=92 no_bid=8 no_ask=9 book_ready=True position=True pending=False dry_run=False trust=synced run_id=d3cfdc5b-2279-4513-a1f1-b8b0bc424610
2026-04-30 22:13:32,081 | INFO | Heartbeat | watch=KXBTC15M-26APR302215-15 yes_bid=95 yes_ask=95 no_bid=5 no_ask=5 book_ready=True position=True pending=False dry_run=False trust=synced run_id=d3cfdc5b-2279-4513-a1f1-b8b0bc424610
2026-04-30 22:13:47,098 | INFO | Heartbeat | watch=KXBTC15M-26APR302215-15 yes_bid=97 yes_ask=97 no_bid=3 no_ask=3 book_ready=True position=True pending=False dry_run=False trust=synced run_id=d3cfdc5b-2279-4513-a1f1-b8b0bc424610
2026-04-30 22:14:02,110 | INFO | Heartbeat | watch=KXBTC15M-26APR302215-15 yes_bid=99 yes_ask=99 no_bid=1 no_ask=1 book_ready=True position=True pending=False dry_run=False trust=synced run_id=d3cfdc5b-2279-4513-a1f1-b8b0bc424610
2026-04-30 22:14:07,525 | INFO | Mushroom v21 entry approved | market=KXBTC15M-26APR302215-15 side=yes ask=77c p_side=0.9688 edge=17.383c raw_edge=18.383c depth=40 secs_to_close=52.49
2026-04-30 22:14:07,563 | INFO | Execution state | market=KXBTC15M-26APR302215-15 side=yes state=eligible reason=pre_filters_disabled trust=synced run_id=d3cfdc5b-2279-4513-a1f1-b8b0bc424610
2026-04-30 22:14:07,563 | INFO | Live fill policy approved | market=KXBTC15M-26APR302215-15 side=yes trigger=77c tif=immediate_or_cancel limit=77c depth=40.00 required=4 book_age_ms=63.0 secs_to_close=52.49 reason=single_shot_abundant_depth
2026-04-30 22:14:07,568 | INFO | ENTRY signal | market=KXBTC15M-26APR302215-15 action=buy side=yes trigger=77c limit=77c qty=2 book_ready=True
2026-04-30 22:14:07,568 | INFO | Execution state | market=KXBTC15M-26APR302215-15 side=yes state=submitting reason=single_shot_abundant_depth trust=synced run_id=d3cfdc5b-2279-4513-a1f1-b8b0bc424610
2026-04-30 22:14:07,675 | INFO | Execution state | market=KXBTC15M-26APR302215-15 side=yes state=abandoned reason=zero_fill trust=synced run_id=d3cfdc5b-2279-4513-a1f1-b8b0bc424610
2026-04-30 22:14:17,147 | INFO | Heartbeat | watch=KXBTC15M-26APR302215-15 yes_bid=21 yes_ask=22 no_bid=78 no_ask=79 book_ready=True position=True pending=False dry_run=False trust=synced run_id=d3cfdc5b-2279-4513-a1f1-b8b0bc424610
2026-04-30 22:14:32,161 | INFO | Heartbeat | watch=KXBTC15M-26APR302215-15 yes_bid=5 yes_ask=6 no_bid=94 no_ask=95 book_ready=True position=True pending=False dry_run=False trust=synced run_id=d3cfdc5b-2279-4513-a1f1-b8b0bc424610
2026-04-30 22:14:47,180 | INFO | Heartbeat | watch=KXBTC15M-26APR302215-15 yes_bid=1 yes_ask=2 no_bid=98 no_ask=99 book_ready=True position=True pending=False dry_run=False trust=synced run_id=d3cfdc5b-2279-4513-a1f1-b8b0bc424610
2026-04-30 22:15:02,174 | INFO | Heartbeat | watch=KXBTC15M-26APR302215-15 yes_bid=0 yes_ask=0 no_bid=100 no_ask=100 book_ready=True position=True pending=False dry_run=False trust=synced run_id=d3cfdc5b-2279-4513-a1f1-b8b0bc424610
2026-04-30 22:15:05,103 | WARNING | Closed market KXBTC15M-26APR302215-15 still reports a nonzero live account position, but the market is already past the settlement grace window. Clearing position state and advancing anyway.
2026-04-30 22:15:05,218 | INFO | Watching market KXBTC15M-26APR302215-15 close_time=2026-05-01T02:15:00Z status=closed strike=76659.01 run_id=d3cfdc5b-2279-4513-a1f1-b8b0bc424610
2026-04-30 22:15:05,516 | INFO | WS connected for KXBTC15M-26APR302215-15
2026-04-30 22:15:05,543 | INFO | WS subscribed payload: {'type': 'subscribed', 'id': 5, 'msg': {'channel': 'ticker', 'sid': 1}}
2026-04-30 22:15:05,549 | INFO | WS subscribed payload: {'type': 'subscribed', 'id': 5, 'msg': {'channel': 'orderbook_delta', 'sid': 2}}
2026-04-30 22:15:05,549 | INFO | Orderbook snapshot ready for KXBTC15M-26APR302215-15
2026-04-30 22:15:07,415 | INFO | Orderbook snapshot ready for KXBTC15M-26APR302215-15
2026-04-30 22:15:17,208 | INFO | Heartbeat | watch=KXBTC15M-26APR302215-15 yes_bid=None yes_ask=None no_bid=None no_ask=None book_ready=True position=False pending=False dry_run=False trust=synced run_id=d3cfdc5b-2279-4513-a1f1-b8b0bc424610
2026-04-30 22:15:17,419 | INFO | Watching market KXBTC15M-26APR302230-30 close_time=2026-05-01T02:30:00Z status=active strike=76652.00 run_id=d3cfdc5b-2279-4513-a1f1-b8b0bc424610
2026-04-30 22:15:17,680 | INFO | WS connected for KXBTC15M-26APR302230-30
2026-04-30 22:15:17,721 | INFO | WS subscribed payload: {'type': 'subscribed', 'id': 6, 'msg': {'channel': 'ticker', 'sid': 1}}
2026-04-30 22:15:17,729 | INFO | WS subscribed payload: {'type': 'subscribed', 'id': 6, 'msg': {'channel': 'orderbook_delta', 'sid': 2}}
2026-04-30 22:15:17,729 | INFO | Orderbook snapshot ready for KXBTC15M-26APR302230-30
2026-04-30 22:15:32,268 | INFO | Heartbeat | watch=KXBTC15M-26APR302230-30 yes_bid=51 yes_ask=52 no_bid=48 no_ask=49 book_ready=True position=False pending=False dry_run=False trust=synced run_id=d3cfdc5b-2279-4513-a1f1-b8b0bc424610
2026-04-30 22:15:47,299 | INFO | Heartbeat | watch=KXBTC15M-26APR302230-30 yes_bid=51 yes_ask=52 no_bid=48 no_ask=49 book_ready=True position=False pending=False dry_run=False trust=synced run_id=d3cfdc5b-2279-4513-a1f1-b8b0bc424610
2026-04-30 22:16:02,303 | INFO | Heartbeat | watch=KXBTC15M-26APR302230-30 yes_bid=55 yes_ask=56 no_bid=44 no_ask=45 book_ready=True position=False pending=False dry_run=False trust=synced run_id=d3cfdc5b-2279-4513-a1f1-b8b0bc424610
