2026-05-07 13:25:57,887 | INFO | Starting WS bot. run_id=c25a309d-6127-44a7-ac53-b6380b963401 dry_run=False base_url=https://api.elections.kalshi.com/trade-api/v2 ws_url=wss://api.elections.kalshi.com/trade-api/ws/v2 series=KXBTC15M
2026-05-07 13:25:58,976 | INFO | Watching market KXBTC15M-26MAY071330-30 close_time=2026-05-07T17:30:00Z status=active strike=79868.92 run_id=c25a309d-6127-44a7-ac53-b6380b963401
2026-05-07 13:25:58,992 | INFO | Heartbeat | watch=KXBTC15M-26MAY071330-30 yes_bid=None yes_ask=None no_bid=None no_ask=None book_ready=False position=False pending=False dry_run=False trust=cold run_id=c25a309d-6127-44a7-ac53-b6380b963401
2026-05-07 13:25:59,217 | INFO | WS connected for KXBTC15M-26MAY071330-30
2026-05-07 13:25:59,259 | INFO | WS subscribed payload: {'type': 'subscribed', 'id': 1, 'msg': {'channel': 'ticker', 'sid': 1}}
2026-05-07 13:25:59,261 | INFO | WS subscribed payload: {'type': 'subscribed', 'id': 1, 'msg': {'channel': 'orderbook_delta', 'sid': 2}}
2026-05-07 13:25:59,262 | INFO | Orderbook snapshot ready for KXBTC15M-26MAY071330-30
2026-05-07 13:26:17,793 | INFO | Heartbeat | watch=KXBTC15M-26MAY071330-30 yes_bid=2 yes_ask=4 no_bid=96 no_ask=98 book_ready=True position=False pending=False dry_run=False trust=synced run_id=c25a309d-6127-44a7-ac53-b6380b963401
2026-05-07 13:26:32,791 | INFO | Heartbeat | watch=KXBTC15M-26MAY071330-30 yes_bid=1 yes_ask=2 no_bid=98 no_ask=99 book_ready=True position=False pending=False dry_run=False trust=synced run_id=c25a309d-6127-44a7-ac53-b6380b963401
2026-05-07 13:26:47,820 | INFO | Heartbeat | watch=KXBTC15M-26MAY071330-30 yes_bid=0 yes_ask=1 no_bid=99 no_ask=100 book_ready=True position=False pending=False dry_run=False trust=synced run_id=c25a309d-6127-44a7-ac53-b6380b963401
2026-05-07 13:27:02,833 | INFO | Heartbeat | watch=KXBTC15M-26MAY071330-30 yes_bid=0 yes_ask=0 no_bid=100 no_ask=100 book_ready=True position=False pending=False dry_run=False trust=synced run_id=c25a309d-6127-44a7-ac53-b6380b963401
2026-05-07 13:27:17,847 | INFO | Heartbeat | watch=KXBTC15M-26MAY071330-30 yes_bid=0 yes_ask=0 no_bid=100 no_ask=100 book_ready=True position=False pending=False dry_run=False trust=synced run_id=c25a309d-6127-44a7-ac53-b6380b963401
2026-05-07 13:27:32,874 | INFO | Heartbeat | watch=KXBTC15M-26MAY071330-30 yes_bid=0 yes_ask=0 no_bid=100 no_ask=100 book_ready=True position=False pending=False dry_run=False trust=synced run_id=c25a309d-6127-44a7-ac53-b6380b963401
2026-05-07 13:27:47,878 | INFO | Heartbeat | watch=KXBTC15M-26MAY071330-30 yes_bid=1 yes_ask=1 no_bid=99 no_ask=99 book_ready=True position=False pending=False dry_run=False trust=synced run_id=c25a309d-6127-44a7-ac53-b6380b963401
2026-05-07 13:28:02,897 | INFO | Heartbeat | watch=KXBTC15M-26MAY071330-30 yes_bid=0 yes_ask=1 no_bid=99 no_ask=100 book_ready=True position=False pending=False dry_run=False trust=synced run_id=c25a309d-6127-44a7-ac53-b6380b963401
2026-05-07 13:28:17,894 | INFO | Heartbeat | watch=KXBTC15M-26MAY071330-30 yes_bid=0 yes_ask=0 no_bid=100 no_ask=100 book_ready=True position=False pending=False dry_run=False trust=synced run_id=c25a309d-6127-44a7-ac53-b6380b963401
2026-05-07 13:28:32,896 | INFO | Heartbeat | watch=KXBTC15M-26MAY071330-30 yes_bid=0 yes_ask=1 no_bid=99 no_ask=100 book_ready=True position=False pending=False dry_run=False trust=synced run_id=c25a309d-6127-44a7-ac53-b6380b963401
2026-05-07 13:28:47,964 | INFO | Heartbeat | watch=KXBTC15M-26MAY071330-30 yes_bid=1 yes_ask=1 no_bid=99 no_ask=99 book_ready=True position=False pending=False dry_run=False trust=synced run_id=c25a309d-6127-44a7-ac53-b6380b963401
2026-05-07 13:29:03,024 | INFO | Heartbeat | watch=KXBTC15M-26MAY071330-30 yes_bid=1 yes_ask=1 no_bid=99 no_ask=99 book_ready=True position=False pending=False dry_run=False trust=synced run_id=c25a309d-6127-44a7-ac53-b6380b963401
2026-05-07 13:29:18,067 | INFO | Heartbeat | watch=KXBTC15M-26MAY071330-30 yes_bid=0 yes_ask=1 no_bid=99 no_ask=100 book_ready=True position=False pending=False dry_run=False trust=synced run_id=c25a309d-6127-44a7-ac53-b6380b963401
2026-05-07 13:29:33,097 | INFO | Heartbeat | watch=KXBTC15M-26MAY071330-30 yes_bid=0 yes_ask=1 no_bid=99 no_ask=100 book_ready=True position=False pending=False dry_run=False trust=synced run_id=c25a309d-6127-44a7-ac53-b6380b963401
2026-05-07 13:29:48,100 | INFO | Heartbeat | watch=KXBTC15M-26MAY071330-30 yes_bid=0 yes_ask=0 no_bid=100 no_ask=100 book_ready=True position=False pending=False dry_run=False trust=synced run_id=c25a309d-6127-44a7-ac53-b6380b963401
2026-05-07 13:30:03,159 | INFO | Heartbeat | watch=KXBTC15M-26MAY071330-30 yes_bid=0 yes_ask=100 no_bid=0 no_ask=100 book_ready=True position=False pending=False dry_run=False trust=synced run_id=c25a309d-6127-44a7-ac53-b6380b963401
2026-05-07 13:30:06,940 | INFO | Orderbook snapshot ready for KXBTC15M-26MAY071330-30
2026-05-07 13:30:18,215 | INFO | Heartbeat | watch=KXBTC15M-26MAY071330-30 yes_bid=0 yes_ask=100 no_bid=0 no_ask=100 book_ready=True position=False pending=False dry_run=False trust=synced run_id=c25a309d-6127-44a7-ac53-b6380b963401
2026-05-07 13:30:23,967 | WARNING | Market refresh failed. Keeping current watch. Error: 429 Too Many Requests: {"error":{"code":"too_many_requests","message":"too many requests"}}
2026-05-07 13:30:24,960 | WARNING | Market refresh failed. Keeping current watch. Error: 429 Too Many Requests: {"error":{"code":"too_many_requests","message":"too many requests"}}
2026-05-07 13:30:26,006 | WARNING | Market refresh failed. Keeping current watch. Error: 429 Too Many Requests: {"error":{"code":"too_many_requests","message":"too many requests"}}
2026-05-07 13:30:27,020 | WARNING | Market refresh failed. Keeping current watch. Error: 429 Too Many Requests: {"error":{"code":"too_many_requests","message":"too many requests"}}
2026-05-07 13:30:28,020 | WARNING | Market refresh failed. Keeping current watch. Error: 429 Too Many Requests: {"error":{"code":"too_many_requests","message":"too many requests"}}
2026-05-07 13:30:29,016 | WARNING | Market refresh failed. Keeping current watch. Error: 429 Too Many Requests: {"error":{"code":"too_many_requests","message":"too many requests"}}
2026-05-07 13:30:30,047 | WARNING | Market refresh failed. Keeping current watch. Error: 429 Too Many Requests: {"error":{"code":"too_many_requests","message":"too many requests"}}
2026-05-07 13:30:31,124 | INFO | Watching market KXBTC15M-26MAY071345-45 close_time=2026-05-07T17:45:00Z status=active strike=79720.09 run_id=c25a309d-6127-44a7-ac53-b6380b963401
2026-05-07 13:30:31,326 | INFO | WS connected for KXBTC15M-26MAY071345-45
2026-05-07 13:30:31,375 | INFO | WS subscribed payload: {'type': 'subscribed', 'id': 2, 'msg': {'channel': 'ticker', 'sid': 1}}
2026-05-07 13:30:31,377 | INFO | WS subscribed payload: {'type': 'subscribed', 'id': 2, 'msg': {'channel': 'orderbook_delta', 'sid': 2}}
2026-05-07 13:30:31,377 | INFO | Orderbook snapshot ready for KXBTC15M-26MAY071345-45
2026-05-07 13:30:33,646 | INFO | Heartbeat | watch=KXBTC15M-26MAY071345-45 yes_bid=35 yes_ask=36 no_bid=64 no_ask=65 book_ready=True position=False pending=False dry_run=False trust=synced run_id=c25a309d-6127-44a7-ac53-b6380b963401
2026-05-07 13:30:36,266 | WARNING | Market refresh failed. Keeping current watch. Error: 429 Too Many Requests: {"error":{"code":"too_many_requests","message":"too many requests"}}
2026-05-07 13:30:37,263 | WARNING | Market refresh failed. Keeping current watch. Error: 429 Too Many Requests: {"error":{"code":"too_many_requests","message":"too many requests"}}
2026-05-07 13:30:38,264 | WARNING | Market refresh failed. Keeping current watch. Error: 429 Too Many Requests: {"error":{"code":"too_many_requests","message":"too many requests"}}
2026-05-07 13:30:39,320 | WARNING | Market refresh failed. Keeping current watch. Error: 429 Too Many Requests: {"error":{"code":"too_many_requests","message":"too many requests"}}
2026-05-07 13:30:40,314 | WARNING | Market refresh failed. Keeping current watch. Error: 429 Too Many Requests: {"error":{"code":"too_many_requests","message":"too many requests"}}
2026-05-07 13:30:41,333 | WARNING | Market refresh failed. Keeping current watch. Error: 429 Too Many Requests: {"error":{"code":"too_many_requests","message":"too many requests"}}
2026-05-07 13:30:42,333 | WARNING | Market refresh failed. Keeping current watch. Error: 429 Too Many Requests: {"error":{"code":"too_many_requests","message":"too many requests"}}
2026-05-07 13:30:43,388 | WARNING | Market refresh failed. Keeping current watch. Error: 429 Too Many Requests: {"error":{"code":"too_many_requests","message":"too many requests"}}
2026-05-07 13:30:44,435 | WARNING | Market refresh failed. Keeping current watch. Error: 429 Too Many Requests: {"error":{"code":"too_many_requests","message":"too many requests"}}
2026-05-07 13:30:45,413 | WARNING | Market refresh failed. Keeping current watch. Error: 429 Too Many Requests: {"error":{"code":"too_many_requests","message":"too many requests"}}
2026-05-07 13:30:46,459 | WARNING | Market refresh failed. Keeping current watch. Error: 429 Too Many Requests: {"error":{"code":"too_many_requests","message":"too many requests"}}
2026-05-07 13:30:47,450 | WARNING | Market refresh failed. Keeping current watch. Error: 429 Too Many Requests: {"error":{"code":"too_many_requests","message":"too many requests"}}
2026-05-07 13:30:48,474 | WARNING | Market refresh failed. Keeping current watch. Error: 429 Too Many Requests: {"error":{"code":"too_many_requests","message":"too many requests"}}
2026-05-07 13:30:48,691 | INFO | Heartbeat | watch=KXBTC15M-26MAY071345-45 yes_bid=47 yes_ask=48 no_bid=52 no_ask=53 book_ready=True position=False pending=False dry_run=False trust=synced run_id=c25a309d-6127-44a7-ac53-b6380b963401
2026-05-07 13:30:49,484 | WARNING | Market refresh failed. Keeping current watch. Error: 429 Too Many Requests: {"error":{"code":"too_many_requests","message":"too many requests"}}
2026-05-07 13:30:50,549 | WARNING | Market refresh failed. Keeping current watch. Error: 429 Too Many Requests: {"error":{"code":"too_many_requests","message":"too many requests"}}
2026-05-07 13:30:51,542 | WARNING | Market refresh failed. Keeping current watch. Error: 429 Too Many Requests: {"error":{"code":"too_many_requests","message":"too many requests"}}
2026-05-07 13:30:52,559 | WARNING | Market refresh failed. Keeping current watch. Error: 429 Too Many Requests: {"error":{"code":"too_many_requests","message":"too many requests"}}
2026-05-07 13:30:53,590 | WARNING | Market refresh failed. Keeping current watch. Error: 429 Too Many Requests: {"error":{"code":"too_many_requests","message":"too many requests"}}
2026-05-07 13:30:54,661 | WARNING | Market refresh failed. Keeping current watch. Error: 429 Too Many Requests: {"error":{"code":"too_many_requests","message":"too many requests"}}
2026-05-07 13:30:55,614 | WARNING | Market refresh failed. Keeping current watch. Error: 429 Too Many Requests: {"error":{"code":"too_many_requests","message":"too many requests"}}
2026-05-07 13:30:56,619 | WARNING | Market refresh failed. Keeping current watch. Error: 429 Too Many Requests: {"error":{"code":"too_many_requests","message":"too many requests"}}
2026-05-07 13:30:57,599 | WARNING | Market refresh failed. Keeping current watch. Error: 429 Too Many Requests: {"error":{"code":"too_many_requests","message":"too many requests"}}
2026-05-07 13:30:58,651 | WARNING | Market refresh failed. Keeping current watch. Error: 429 Too Many Requests: {"error":{"code":"too_many_requests","message":"too many requests"}}
2026-05-07 13:30:59,617 | WARNING | Market refresh failed. Keeping current watch. Error: 429 Too Many Requests: {"error":{"code":"too_many_requests","message":"too many requests"}}
2026-05-07 13:31:00,649 | WARNING | Market refresh failed. Keeping current watch. Error: 429 Too Many Requests: {"error":{"code":"too_many_requests","message":"too many requests"}}
2026-05-07 13:31:01,668 | WARNING | Market refresh failed. Keeping current watch. Error: 429 Too Many Requests: {"error":{"code":"too_many_requests","message":"too many requests"}}
2026-05-07 13:31:02,691 | WARNING | Market refresh failed. Keeping current watch. Error: 429 Too Many Requests: {"error":{"code":"too_many_requests","message":"too many requests"}}
2026-05-07 13:31:03,715 | WARNING | Market refresh failed. Keeping current watch. Error: 429 Too Many Requests: {"error":{"code":"too_many_requests","message":"too many requests"}}
2026-05-07 13:31:03,737 | INFO | Heartbeat | watch=KXBTC15M-26MAY071345-45 yes_bid=50 yes_ask=51 no_bid=49 no_ask=50 book_ready=True position=False pending=False dry_run=False trust=synced run_id=c25a309d-6127-44a7-ac53-b6380b963401
2026-05-07 13:31:04,731 | WARNING | Market refresh failed. Keeping current watch. Error: 429 Too Many Requests: {"error":{"code":"too_many_requests","message":"too many requests"}}
2026-05-07 13:31:05,773 | WARNING | Market refresh failed. Keeping current watch. Error: 429 Too Many Requests: {"error":{"code":"too_many_requests","message":"too many requests"}}
2026-05-07 13:31:09,929 | WARNING | Market refresh failed. Keeping current watch. Error: 429 Too Many Requests: {"error":{"code":"too_many_requests","message":"too many requests"}}
2026-05-07 13:31:10,950 | WARNING | Market refresh failed. Keeping current watch. Error: 429 Too Many Requests: {"error":{"code":"too_many_requests","message":"too many requests"}}
2026-05-07 13:31:11,956 | WARNING | Market refresh failed. Keeping current watch. Error: 429 Too Many Requests: {"error":{"code":"too_many_requests","message":"too many requests"}}
2026-05-07 13:31:12,969 | WARNING | Market refresh failed. Keeping current watch. Error: 429 Too Many Requests: {"error":{"code":"too_many_requests","message":"too many requests"}}
2026-05-07 13:31:13,991 | WARNING | Market refresh failed. Keeping current watch. Error: 429 Too Many Requests: {"error":{"code":"too_many_requests","message":"too many requests"}}
2026-05-07 13:31:15,037 | WARNING | Market refresh failed. Keeping current watch. Error: 429 Too Many Requests: {"error":{"code":"too_many_requests","message":"too many requests"}}
2026-05-07 13:31:16,060 | WARNING | Market refresh failed. Keeping current watch. Error: 429 Too Many Requests: {"error":{"code":"too_many_requests","message":"too many requests"}}
2026-05-07 13:31:18,758 | INFO | Heartbeat | watch=KXBTC15M-26MAY071345-45 yes_bid=53 yes_ask=54 no_bid=46 no_ask=47 book_ready=True position=False pending=False dry_run=False trust=synced run_id=c25a309d-6127-44a7-ac53-b6380b963401
2026-05-07 13:31:22,189 | WARNING | Market refresh failed. Keeping current watch. Error: 429 Too Many Requests: {"error":{"code":"too_many_requests","message":"too many requests"}}
2026-05-07 13:31:23,218 | WARNING | Market refresh failed. Keeping current watch. Error: 429 Too Many Requests: {"error":{"code":"too_many_requests","message":"too many requests"}}
2026-05-07 13:31:24,253 | WARNING | Market refresh failed. Keeping current watch. Error: 429 Too Many Requests: {"error":{"code":"too_many_requests","message":"too many requests"}}
2026-05-07 13:31:25,259 | WARNING | Market refresh failed. Keeping current watch. Error: 429 Too Many Requests: {"error":{"code":"too_many_requests","message":"too many requests"}}
2026-05-07 13:31:26,268 | WARNING | Market refresh failed. Keeping current watch. Error: 429 Too Many Requests: {"error":{"code":"too_many_requests","message":"too many requests"}}
2026-05-07 13:31:27,302 | WARNING | Market refresh failed. Keeping current watch. Error: 429 Too Many Requests: {"error":{"code":"too_many_requests","message":"too many requests"}}
2026-05-07 13:31:33,760 | INFO | Heartbeat | watch=KXBTC15M-26MAY071345-45 yes_bid=54 yes_ask=55 no_bid=45 no_ask=46 book_ready=True position=False pending=False dry_run=False trust=synced run_id=c25a309d-6127-44a7-ac53-b6380b963401
2026-05-07 13:31:35,424 | WARNING | Market refresh failed. Keeping current watch. Error: 429 Too Many Requests: {"error":{"code":"too_many_requests","message":"too many requests"}}
2026-05-07 13:31:36,449 | WARNING | Market refresh failed. Keeping current watch. Error: 429 Too Many Requests: {"error":{"code":"too_many_requests","message":"too many requests"}}
2026-05-07 13:31:37,478 | WARNING | Market refresh failed. Keeping current watch. Error: 429 Too Many Requests: {"error":{"code":"too_many_requests","message":"too many requests"}}
2026-05-07 13:31:38,487 | WARNING | Market refresh failed. Keeping current watch. Error: 429 Too Many Requests: {"error":{"code":"too_many_requests","message":"too many requests"}}
2026-05-07 13:31:39,492 | WARNING | Market refresh failed. Keeping current watch. Error: 429 Too Many Requests: {"error":{"code":"too_many_requests","message":"too many requests"}}
2026-05-07 13:31:40,563 | WARNING | Market refresh failed. Keeping current watch. Error: 429 Too Many Requests: {"error":{"code":"too_many_requests","message":"too many requests"}}
2026-05-07 13:31:41,570 | WARNING | Market refresh failed. Keeping current watch. Error: 429 Too Many Requests: {"error":{"code":"too_many_requests","message":"too many requests"}}
2026-05-07 13:31:44,647 | WARNING | Market refresh failed. Keeping current watch. Error: 429 Too Many Requests: {"error":{"code":"too_many_requests","message":"too many requests"}}
2026-05-07 13:31:45,651 | WARNING | Market refresh failed. Keeping current watch. Error: 429 Too Many Requests: {"error":{"code":"too_many_requests","message":"too many requests"}}
2026-05-07 13:31:46,668 | WARNING | Market refresh failed. Keeping current watch. Error: 429 Too Many Requests: {"error":{"code":"too_many_requests","message":"too many requests"}}
2026-05-07 13:31:47,668 | WARNING | Market refresh failed. Keeping current watch. Error: 429 Too Many Requests: {"error":{"code":"too_many_requests","message":"too many requests"}}
2026-05-07 13:31:48,795 | INFO | Heartbeat | watch=KXBTC15M-26MAY071345-45 yes_bid=48 yes_ask=49 no_bid=51 no_ask=52 book_ready=True position=False pending=False dry_run=False trust=synced run_id=c25a309d-6127-44a7-ac53-b6380b963401
2026-05-07 13:31:51,805 | WARNING | Market refresh failed. Keeping current watch. Error: 429 Too Many Requests: {"error":{"code":"too_many_requests","message":"too many requests"}}
2026-05-07 13:31:52,858 | WARNING | Market refresh failed. Keeping current watch. Error: 429 Too Many Requests: {"error":{"code":"too_many_requests","message":"too many requests"}}
2026-05-07 13:31:53,860 | WARNING | Market refresh failed. Keeping current watch. Error: 429 Too Many Requests: {"error":{"code":"too_many_requests","message":"too many requests"}}
2026-05-07 13:31:54,899 | WARNING | Market refresh failed. Keeping current watch. Error: 429 Too Many Requests: {"error":{"code":"too_many_requests","message":"too many requests"}}
2026-05-07 13:31:55,959 | WARNING | Market refresh failed. Keeping current watch. Error: 429 Too Many Requests: {"error":{"code":"too_many_requests","message":"too many requests"}}
2026-05-07 13:31:58,057 | WARNING | Market refresh failed. Keeping current watch. Error: 429 Too Many Requests: {"error":{"code":"too_many_requests","message":"too many requests"}}
2026-05-07 13:31:59,120 | WARNING | Market refresh failed. Keeping current watch. Error: 429 Too Many Requests: {"error":{"code":"too_many_requests","message":"too many requests"}}
2026-05-07 13:32:03,817 | INFO | Heartbeat | watch=KXBTC15M-26MAY071345-45 yes_bid=57 yes_ask=58 no_bid=42 no_ask=43 book_ready=True position=False pending=False dry_run=False trust=synced run_id=c25a309d-6127-44a7-ac53-b6380b963401
2026-05-07 13:32:06,175 | WARNING | Market refresh failed. Keeping current watch. Error: 429 Too Many Requests: {"error":{"code":"too_many_requests","message":"too many requests"}}
2026-05-07 13:32:07,209 | WARNING | Market refresh failed. Keeping current watch. Error: 429 Too Many Requests: {"error":{"code":"too_many_requests","message":"too many requests"}}
2026-05-07 13:32:08,261 | WARNING | Market refresh failed. Keeping current watch. Error: 429 Too Many Requests: {"error":{"code":"too_many_requests","message":"too many requests"}}
2026-05-07 13:32:09,289 | WARNING | Market refresh failed. Keeping current watch. Error: 429 Too Many Requests: {"error":{"code":"too_many_requests","message":"too many requests"}}
2026-05-07 13:32:10,356 | WARNING | Market refresh failed. Keeping current watch. Error: 429 Too Many Requests: {"error":{"code":"too_many_requests","message":"too many requests"}}
2026-05-07 13:32:11,330 | WARNING | Market refresh failed. Keeping current watch. Error: 429 Too Many Requests: {"error":{"code":"too_many_requests","message":"too many requests"}}
2026-05-07 13:32:15,387 | WARNING | Market refresh failed. Keeping current watch. Error: 429 Too Many Requests: {"error":{"code":"too_many_requests","message":"too many requests"}}
2026-05-07 13:32:16,387 | WARNING | Market refresh failed. Keeping current watch. Error: 429 Too Many Requests: {"error":{"code":"too_many_requests","message":"too many requests"}}
2026-05-07 13:32:17,469 | WARNING | Market refresh failed. Keeping current watch. Error: 429 Too Many Requests: {"error":{"code":"too_many_requests","message":"too many requests"}}
2026-05-07 13:32:18,485 | WARNING | Market refresh failed. Keeping current watch. Error: 429 Too Many Requests: {"error":{"code":"too_many_requests","message":"too many requests"}}
2026-05-07 13:32:18,826 | INFO | Heartbeat | watch=KXBTC15M-26MAY071345-45 yes_bid=58 yes_ask=59 no_bid=41 no_ask=42 book_ready=True position=False pending=False dry_run=False trust=synced run_id=c25a309d-6127-44a7-ac53-b6380b963401
2026-05-07 13:32:19,511 | WARNING | Market refresh failed. Keeping current watch. Error: 429 Too Many Requests: {"error":{"code":"too_many_requests","message":"too many requests"}}
2026-05-07 13:32:20,512 | WARNING | Market refresh failed. Keeping current watch. Error: 429 Too Many Requests: {"error":{"code":"too_many_requests","message":"too many requests"}}
2026-05-07 13:32:21,530 | WARNING | Market refresh failed. Keeping current watch. Error: 429 Too Many Requests: {"error":{"code":"too_many_requests","message":"too many requests"}}
2026-05-07 13:32:22,521 | WARNING | Market refresh failed. Keeping current watch. Error: 429 Too Many Requests: {"error":{"code":"too_many_requests","message":"too many requests"}}
2026-05-07 13:32:23,557 | WARNING | Market refresh failed. Keeping current watch. Error: 429 Too Many Requests: {"error":{"code":"too_many_requests","message":"too many requests"}}
2026-05-07 13:32:24,587 | WARNING | Market refresh failed. Keeping current watch. Error: 429 Too Many Requests: {"error":{"code":"too_many_requests","message":"too many requests"}}
2026-05-07 13:32:25,595 | WARNING | Market refresh failed. Keeping current watch. Error: 429 Too Many Requests: {"error":{"code":"too_many_requests","message":"too many requests"}}
2026-05-07 13:32:26,620 | WARNING | Market refresh failed. Keeping current watch. Error: 429 Too Many Requests: {"error":{"code":"too_many_requests","message":"too many requests"}}
2026-05-07 13:32:27,623 | WARNING | Market refresh failed. Keeping current watch. Error: 429 Too Many Requests: {"error":{"code":"too_many_requests","message":"too many requests"}}
2026-05-07 13:32:28,673 | WARNING | Market refresh failed. Keeping current watch. Error: 429 Too Many Requests: {"error":{"code":"too_many_requests","message":"too many requests"}}
2026-05-07 13:32:29,725 | WARNING | Market refresh failed. Keeping current watch. Error: 429 Too Many Requests: {"error":{"code":"too_many_requests","message":"too many requests"}}
2026-05-07 13:32:33,796 | WARNING | Market refresh failed. Keeping current watch. Error: 429 Too Many Requests: {"error":{"code":"too_many_requests","message":"too many requests"}}
2026-05-07 13:32:33,861 | INFO | Heartbeat | watch=KXBTC15M-26MAY071345-45 yes_bid=59 yes_ask=60 no_bid=40 no_ask=41 book_ready=True position=False pending=False dry_run=False trust=synced run_id=c25a309d-6127-44a7-ac53-b6380b963401
2026-05-07 13:32:37,916 | WARNING | Market refresh failed. Keeping current watch. Error: 429 Too Many Requests: {"error":{"code":"too_many_requests","message":"too many requests"}}
2026-05-07 13:32:38,989 | WARNING | Market refresh failed. Keeping current watch. Error: 429 Too Many Requests: {"error":{"code":"too_many_requests","message":"too many requests"}}
2026-05-07 13:32:39,966 | WARNING | Market refresh failed. Keeping current watch. Error: 429 Too Many Requests: {"error":{"code":"too_many_requests","message":"too many requests"}}
2026-05-07 13:32:41,032 | WARNING | Market refresh failed. Keeping current watch. Error: 429 Too Many Requests: {"error":{"code":"too_many_requests","message":"too many requests"}}
2026-05-07 13:32:42,058 | WARNING | Market refresh failed. Keeping current watch. Error: 429 Too Many Requests: {"error":{"code":"too_many_requests","message":"too many requests"}}
2026-05-07 13:32:43,061 | WARNING | Market refresh failed. Keeping current watch. Error: 429 Too Many Requests: {"error":{"code":"too_many_requests","message":"too many requests"}}
2026-05-07 13:32:45,118 | WARNING | Market refresh failed. Keeping current watch. Error: 429 Too Many Requests: {"error":{"code":"too_many_requests","message":"too many requests"}}
2026-05-07 13:32:46,086 | WARNING | Market refresh failed. Keeping current watch. Error: 429 Too Many Requests: {"error":{"code":"too_many_requests","message":"too many requests"}}
2026-05-07 13:32:47,125 | WARNING | Market refresh failed. Keeping current watch. Error: 429 Too Many Requests: {"error":{"code":"too_many_requests","message":"too many requests"}}
2026-05-07 13:32:48,216 | WARNING | Market refresh failed. Keeping current watch. Error: 429 Too Many Requests: {"error":{"code":"too_many_requests","message":"too many requests"}}
2026-05-07 13:32:48,868 | INFO | Heartbeat | watch=KXBTC15M-26MAY071345-45 yes_bid=70 yes_ask=71 no_bid=29 no_ask=30 book_ready=True position=False pending=False dry_run=False trust=synced run_id=c25a309d-6127-44a7-ac53-b6380b963401
2026-05-07 13:32:49,241 | WARNING | Market refresh failed. Keeping current watch. Error: 429 Too Many Requests: {"error":{"code":"too_many_requests","message":"too many requests"}}
2026-05-07 13:32:50,273 | WARNING | Market refresh failed. Keeping current watch. Error: 429 Too Many Requests: {"error":{"code":"too_many_requests","message":"too many requests"}}
2026-05-07 13:32:51,273 | WARNING | Market refresh failed. Keeping current watch. Error: 429 Too Many Requests: {"error":{"code":"too_many_requests","message":"too many requests"}}
2026-05-07 13:32:52,300 | WARNING | Market refresh failed. Keeping current watch. Error: 429 Too Many Requests: {"error":{"code":"too_many_requests","message":"too many requests"}}
2026-05-07 13:32:57,374 | WARNING | Market refresh failed. Keeping current watch. Error: 429 Too Many Requests: {"error":{"code":"too_many_requests","message":"too many requests"}}
2026-05-07 13:32:58,402 | WARNING | Market refresh failed. Keeping current watch. Error: 429 Too Many Requests: {"error":{"code":"too_many_requests","message":"too many requests"}}
2026-05-07 13:32:59,388 | WARNING | Market refresh failed. Keeping current watch. Error: 429 Too Many Requests: {"error":{"code":"too_many_requests","message":"too many requests"}}
2026-05-07 13:33:00,403 | WARNING | Market refresh failed. Keeping current watch. Error: 429 Too Many Requests: {"error":{"code":"too_many_requests","message":"too many requests"}}
2026-05-07 13:33:01,429 | WARNING | Market refresh failed. Keeping current watch. Error: 429 Too Many Requests: {"error":{"code":"too_many_requests","message":"too many requests"}}
2026-05-07 13:33:02,421 | WARNING | Market refresh failed. Keeping current watch. Error: 429 Too Many Requests: {"error":{"code":"too_many_requests","message":"too many requests"}}
2026-05-07 13:33:03,460 | WARNING | Market refresh failed. Keeping current watch. Error: 429 Too Many Requests: {"error":{"code":"too_many_requests","message":"too many requests"}}
2026-05-07 13:33:03,907 | INFO | Heartbeat | watch=KXBTC15M-26MAY071345-45 yes_bid=62 yes_ask=64 no_bid=36 no_ask=38 book_ready=True position=False pending=False dry_run=False trust=synced run_id=c25a309d-6127-44a7-ac53-b6380b963401
2026-05-07 13:33:04,460 | WARNING | Market refresh failed. Keeping current watch. Error: 429 Too Many Requests: {"error":{"code":"too_many_requests","message":"too many requests"}}
2026-05-07 13:33:09,611 | WARNING | Market refresh failed. Keeping current watch. Error: 429 Too Many Requests: {"error":{"code":"too_many_requests","message":"too many requests"}}
2026-05-07 13:33:11,672 | WARNING | Market refresh failed. Keeping current watch. Error: 429 Too Many Requests: {"error":{"code":"too_many_requests","message":"too many requests"}}
2026-05-07 13:33:12,712 | WARNING | Market refresh failed. Keeping current watch. Error: 429 Too Many Requests: {"error":{"code":"too_many_requests","message":"too many requests"}}
2026-05-07 13:33:13,702 | WARNING | Market refresh failed. Keeping current watch. Error: 429 Too Many Requests: {"error":{"code":"too_many_requests","message":"too many requests"}}
2026-05-07 13:33:14,734 | WARNING | Market refresh failed. Keeping current watch. Error: 429 Too Many Requests: {"error":{"code":"too_many_requests","message":"too many requests"}}
2026-05-07 13:33:15,768 | WARNING | Market refresh failed. Keeping current watch. Error: 429 Too Many Requests: {"error":{"code":"too_many_requests","message":"too many requests"}}
2026-05-07 13:33:16,804 | WARNING | Market refresh failed. Keeping current watch. Error: 429 Too Many Requests: {"error":{"code":"too_many_requests","message":"too many requests"}}
2026-05-07 13:33:17,828 | WARNING | Market refresh failed. Keeping current watch. Error: 429 Too Many Requests: {"error":{"code":"too_many_requests","message":"too many requests"}}
2026-05-07 13:33:18,958 | INFO | Heartbeat | watch=KXBTC15M-26MAY071345-45 yes_bid=50 yes_ask=51 no_bid=49 no_ask=50 book_ready=True position=False pending=False dry_run=False trust=synced run_id=c25a309d-6127-44a7-ac53-b6380b963401
2026-05-07 13:33:20,852 | WARNING | Market refresh failed. Keeping current watch. Error: 429 Too Many Requests: {"error":{"code":"too_many_requests","message":"too many requests"}}
2026-05-07 13:33:21,921 | WARNING | Market refresh failed. Keeping current watch. Error: 429 Too Many Requests: {"error":{"code":"too_many_requests","message":"too many requests"}}
2026-05-07 13:33:22,899 | WARNING | Market refresh failed. Keeping current watch. Error: 429 Too Many Requests: {"error":{"code":"too_many_requests","message":"too many requests"}}
2026-05-07 13:33:23,976 | WARNING | Market refresh failed. Keeping current watch. Error: 429 Too Many Requests: {"error":{"code":"too_many_requests","message":"too many requests"}}
2026-05-07 13:33:24,957 | WARNING | Market refresh failed. Keeping current watch. Error: 429 Too Many Requests: {"error":{"code":"too_many_requests","message":"too many requests"}}
2026-05-07 13:33:25,942 | WARNING | Market refresh failed. Keeping current watch. Error: 429 Too Many Requests: {"error":{"code":"too_many_requests","message":"too many requests"}}
2026-05-07 13:33:26,972 | WARNING | Market refresh failed. Keeping current watch. Error: 429 Too Many Requests: {"error":{"code":"too_many_requests","message":"too many requests"}}
2026-05-07 13:33:27,996 | WARNING | Market refresh failed. Keeping current watch. Error: 429 Too Many Requests: {"error":{"code":"too_many_requests","message":"too many requests"}}
2026-05-07 13:33:28,985 | WARNING | Market refresh failed. Keeping current watch. Error: 429 Too Many Requests: {"error":{"code":"too_many_requests","message":"too many requests"}}
2026-05-07 13:33:30,058 | WARNING | Market refresh failed. Keeping current watch. Error: 429 Too Many Requests: {"error":{"code":"too_many_requests","message":"too many requests"}}
2026-05-07 13:33:31,102 | WARNING | Market refresh failed. Keeping current watch. Error: 429 Too Many Requests: {"error":{"code":"too_many_requests","message":"too many requests"}}
2026-05-07 13:33:32,106 | WARNING | Market refresh failed. Keeping current watch. Error: 429 Too Many Requests: {"error":{"code":"too_many_requests","message":"too many requests"}}
2026-05-07 13:33:33,154 | WARNING | Market refresh failed. Keeping current watch. Error: 429 Too Many Requests: {"error":{"code":"too_many_requests","message":"too many requests"}}
2026-05-07 13:33:33,978 | INFO | Heartbeat | watch=KXBTC15M-26MAY071345-45 yes_bid=40 yes_ask=41 no_bid=59 no_ask=60 book_ready=True position=False pending=False dry_run=False trust=synced run_id=c25a309d-6127-44a7-ac53-b6380b963401
2026-05-07 13:33:34,185 | WARNING | Market refresh failed. Keeping current watch. Error: 429 Too Many Requests: {"error":{"code":"too_many_requests","message":"too many requests"}}
2026-05-07 13:33:35,139 | WARNING | Market refresh failed. Keeping current watch. Error: 429 Too Many Requests: {"error":{"code":"too_many_requests","message":"too many requests"}}
2026-05-07 13:33:36,164 | WARNING | Market refresh failed. Keeping current watch. Error: 429 Too Many Requests: {"error":{"code":"too_many_requests","message":"too many requests"}}
2026-05-07 13:33:37,193 | WARNING | Market refresh failed. Keeping current watch. Error: 429 Too Many Requests: {"error":{"code":"too_many_requests","message":"too many requests"}}
2026-05-07 13:33:38,214 | WARNING | Market refresh failed. Keeping current watch. Error: 429 Too Many Requests: {"error":{"code":"too_many_requests","message":"too many requests"}}
2026-05-07 13:33:43,320 | WARNING | Market refresh failed. Keeping current watch. Error: 429 Too Many Requests: {"error":{"code":"too_many_requests","message":"too many requests"}}
2026-05-07 13:33:44,338 | WARNING | Market refresh failed. Keeping current watch. Error: 429 Too Many Requests: {"error":{"code":"too_many_requests","message":"too many requests"}}
2026-05-07 13:33:45,407 | WARNING | Market refresh failed. Keeping current watch. Error: 429 Too Many Requests: {"error":{"code":"too_many_requests","message":"too many requests"}}
2026-05-07 13:33:46,395 | WARNING | Market refresh failed. Keeping current watch. Error: 429 Too Many Requests: {"error":{"code":"too_many_requests","message":"too many requests"}}
2026-05-07 13:33:47,405 | WARNING | Market refresh failed. Keeping current watch. Error: 429 Too Many Requests: {"error":{"code":"too_many_requests","message":"too many requests"}}
2026-05-07 13:33:48,430 | WARNING | Market refresh failed. Keeping current watch. Error: 429 Too Many Requests: {"error":{"code":"too_many_requests","message":"too many requests"}}
2026-05-07 13:33:48,995 | INFO | Heartbeat | watch=KXBTC15M-26MAY071345-45 yes_bid=40 yes_ask=41 no_bid=59 no_ask=60 book_ready=True position=False pending=False dry_run=False trust=synced run_id=c25a309d-6127-44a7-ac53-b6380b963401
2026-05-07 13:33:49,466 | WARNING | Market refresh failed. Keeping current watch. Error: 429 Too Many Requests: {"error":{"code":"too_many_requests","message":"too many requests"}}
2026-05-07 13:33:50,515 | WARNING | Market refresh failed. Keeping current watch. Error: 429 Too Many Requests: {"error":{"code":"too_many_requests","message":"too many requests"}}
2026-05-07 13:33:51,544 | WARNING | Market refresh failed. Keeping current watch. Error: 429 Too Many Requests: {"error":{"code":"too_many_requests","message":"too many requests"}}
2026-05-07 13:33:52,560 | WARNING | Market refresh failed. Keeping current watch. Error: 429 Too Many Requests: {"error":{"code":"too_many_requests","message":"too many requests"}}
2026-05-07 13:33:53,607 | WARNING | Market refresh failed. Keeping current watch. Error: 429 Too Many Requests: {"error":{"code":"too_many_requests","message":"too many requests"}}
2026-05-07 13:33:54,612 | WARNING | Market refresh failed. Keeping current watch. Error: 429 Too Many Requests: {"error":{"code":"too_many_requests","message":"too many requests"}}
2026-05-07 13:33:55,624 | WARNING | Market refresh failed. Keeping current watch. Error: 429 Too Many Requests: {"error":{"code":"too_many_requests","message":"too many requests"}}
2026-05-07 13:33:56,678 | WARNING | Market refresh failed. Keeping current watch. Error: 429 Too Many Requests: {"error":{"code":"too_many_requests","message":"too many requests"}}
2026-05-07 13:33:57,712 | WARNING | Market refresh failed. Keeping current watch. Error: 429 Too Many Requests: {"error":{"code":"too_many_requests","message":"too many requests"}}
2026-05-07 13:33:58,711 | WARNING | Market refresh failed. Keeping current watch. Error: 429 Too Many Requests: {"error":{"code":"too_many_requests","message":"too many requests"}}
2026-05-07 13:33:59,763 | WARNING | Market refresh failed. Keeping current watch. Error: 429 Too Many Requests: {"error":{"code":"too_many_requests","message":"too many requests"}}
2026-05-07 13:34:00,732 | WARNING | Market refresh failed. Keeping current watch. Error: 429 Too Many Requests: {"error":{"code":"too_many_requests","message":"too many requests"}}
2026-05-07 13:34:03,796 | WARNING | Market refresh failed. Keeping current watch. Error: 429 Too Many Requests: {"error":{"code":"too_many_requests","message":"too many requests"}}
2026-05-07 13:34:03,992 | INFO | Heartbeat | watch=KXBTC15M-26MAY071345-45 yes_bid=38 yes_ask=39 no_bid=61 no_ask=62 book_ready=True position=False pending=False dry_run=False trust=synced run_id=c25a309d-6127-44a7-ac53-b6380b963401
2026-05-07 13:34:04,778 | WARNING | Market refresh failed. Keeping current watch. Error: 429 Too Many Requests: {"error":{"code":"too_many_requests","message":"too many requests"}}
2026-05-07 13:34:05,844 | WARNING | Market refresh failed. Keeping current watch. Error: 429 Too Many Requests: {"error":{"code":"too_many_requests","message":"too many requests"}}
2026-05-07 13:34:06,802 | WARNING | Market refresh failed. Keeping current watch. Error: 429 Too Many Requests: {"error":{"code":"too_many_requests","message":"too many requests"}}
2026-05-07 13:34:07,793 | WARNING | Market refresh failed. Keeping current watch. Error: 429 Too Many Requests: {"error":{"code":"too_many_requests","message":"too many requests"}}
2026-05-07 13:34:08,817 | WARNING | Market refresh failed. Keeping current watch. Error: 429 Too Many Requests: {"error":{"code":"too_many_requests","message":"too many requests"}}
2026-05-07 13:34:09,822 | WARNING | Market refresh failed. Keeping current watch. Error: 429 Too Many Requests: {"error":{"code":"too_many_requests","message":"too many requests"}}
2026-05-07 13:34:10,853 | WARNING | Market refresh failed. Keeping current watch. Error: 429 Too Many Requests: {"error":{"code":"too_many_requests","message":"too many requests"}}
2026-05-07 13:34:11,832 | WARNING | Market refresh failed. Keeping current watch. Error: 429 Too Many Requests: {"error":{"code":"too_many_requests","message":"too many requests"}}
2026-05-07 13:34:15,945 | WARNING | Market refresh failed. Keeping current watch. Error: 429 Too Many Requests: {"error":{"code":"too_many_requests","message":"too many requests"}}
2026-05-07 13:34:17,004 | WARNING | Market refresh failed. Keeping current watch. Error: 429 Too Many Requests: {"error":{"code":"too_many_requests","message":"too many requests"}}
2026-05-07 13:34:17,994 | WARNING | Market refresh failed. Keeping current watch. Error: 429 Too Many Requests: {"error":{"code":"too_many_requests","message":"too many requests"}}
2026-05-07 13:34:19,026 | WARNING | Market refresh failed. Keeping current watch. Error: 429 Too Many Requests: {"error":{"code":"too_many_requests","message":"too many requests"}}
2026-05-07 13:34:19,057 | INFO | Heartbeat | watch=KXBTC15M-26MAY071345-45 yes_bid=51 yes_ask=52 no_bid=48 no_ask=49 book_ready=True position=False pending=False dry_run=False trust=synced run_id=c25a309d-6127-44a7-ac53-b6380b963401
2026-05-07 13:34:20,053 | WARNING | Market refresh failed. Keeping current watch. Error: 429 Too Many Requests: {"error":{"code":"too_many_requests","message":"too many requests"}}
2026-05-07 13:34:21,101 | WARNING | Market refresh failed. Keeping current watch. Error: 429 Too Many Requests: {"error":{"code":"too_many_requests","message":"too many requests"}}
2026-05-07 13:34:22,125 | WARNING | Market refresh failed. Keeping current watch. Error: 429 Too Many Requests: {"error":{"code":"too_many_requests","message":"too many requests"}}
2026-05-07 13:34:23,167 | WARNING | Market refresh failed. Keeping current watch. Error: 429 Too Many Requests: {"error":{"code":"too_many_requests","message":"too many requests"}}
2026-05-07 13:34:28,258 | WARNING | Market refresh failed. Keeping current watch. Error: 429 Too Many Requests: {"error":{"code":"too_many_requests","message":"too many requests"}}
2026-05-07 13:34:29,327 | WARNING | Market refresh failed. Keeping current watch. Error: 429 Too Many Requests: {"error":{"code":"too_many_requests","message":"too many requests"}}
2026-05-07 13:34:30,367 | WARNING | Market refresh failed. Keeping current watch. Error: 429 Too Many Requests: {"error":{"code":"too_many_requests","message":"too many requests"}}
2026-05-07 13:34:31,443 | WARNING | Market refresh failed. Keeping current watch. Error: 429 Too Many Requests: {"error":{"code":"too_many_requests","message":"too many requests"}}
2026-05-07 13:34:32,462 | WARNING | Market refresh failed. Keeping current watch. Error: 429 Too Many Requests: {"error":{"code":"too_many_requests","message":"too many requests"}}
2026-05-07 13:34:33,496 | WARNING | Market refresh failed. Keeping current watch. Error: 429 Too Many Requests: {"error":{"code":"too_many_requests","message":"too many requests"}}
2026-05-07 13:34:34,066 | INFO | Heartbeat | watch=KXBTC15M-26MAY071345-45 yes_bid=55 yes_ask=56 no_bid=44 no_ask=45 book_ready=True position=False pending=False dry_run=False trust=synced run_id=c25a309d-6127-44a7-ac53-b6380b963401
2026-05-07 13:34:34,494 | WARNING | Market refresh failed. Keeping current watch. Error: 429 Too Many Requests: {"error":{"code":"too_many_requests","message":"too many requests"}}
2026-05-07 13:34:38,600 | WARNING | Market refresh failed. Keeping current watch. Error: 429 Too Many Requests: {"error":{"code":"too_many_requests","message":"too many requests"}}
2026-05-07 13:34:39,594 | WARNING | Market refresh failed. Keeping current watch. Error: 429 Too Many Requests: {"error":{"code":"too_many_requests","message":"too many requests"}}
2026-05-07 13:34:40,571 | WARNING | Market refresh failed. Keeping current watch. Error: 429 Too Many Requests: {"error":{"code":"too_many_requests","message":"too many requests"}}
2026-05-07 13:34:41,624 | WARNING | Market refresh failed. Keeping current watch. Error: 429 Too Many Requests: {"error":{"code":"too_many_requests","message":"too many requests"}}
2026-05-07 13:34:42,633 | WARNING | Market refresh failed. Keeping current watch. Error: 429 Too Many Requests: {"error":{"code":"too_many_requests","message":"too many requests"}}
2026-05-07 13:34:43,663 | WARNING | Market refresh failed. Keeping current watch. Error: 429 Too Many Requests: {"error":{"code":"too_many_requests","message":"too many requests"}}
2026-05-07 13:34:44,721 | WARNING | Market refresh failed. Keeping current watch. Error: 429 Too Many Requests: {"error":{"code":"too_many_requests","message":"too many requests"}}
2026-05-07 13:34:45,756 | WARNING | Market refresh failed. Keeping current watch. Error: 429 Too Many Requests: {"error":{"code":"too_many_requests","message":"too many requests"}}
2026-05-07 13:34:49,094 | INFO | Heartbeat | watch=KXBTC15M-26MAY071345-45 yes_bid=59 yes_ask=60 no_bid=40 no_ask=41 book_ready=True position=False pending=False dry_run=False trust=synced run_id=c25a309d-6127-44a7-ac53-b6380b963401
2026-05-07 13:34:49,857 | WARNING | Market refresh failed. Keeping current watch. Error: 429 Too Many Requests: {"error":{"code":"too_many_requests","message":"too many requests"}}
2026-05-07 13:34:50,862 | WARNING | Market refresh failed. Keeping current watch. Error: 429 Too Many Requests: {"error":{"code":"too_many_requests","message":"too many requests"}}
2026-05-07 13:34:51,888 | WARNING | Market refresh failed. Keeping current watch. Error: 429 Too Many Requests: {"error":{"code":"too_many_requests","message":"too many requests"}}
2026-05-07 13:34:52,946 | WARNING | Market refresh failed. Keeping current watch. Error: 429 Too Many Requests: {"error":{"code":"too_many_requests","message":"too many requests"}}
2026-05-07 13:34:53,970 | WARNING | Market refresh failed. Keeping current watch. Error: 429 Too Many Requests: {"error":{"code":"too_many_requests","message":"too many requests"}}
2026-05-07 13:34:54,986 | WARNING | Market refresh failed. Keeping current watch. Error: 429 Too Many Requests: {"error":{"code":"too_many_requests","message":"too many requests"}}
2026-05-07 13:34:56,012 | WARNING | Market refresh failed. Keeping current watch. Error: 429 Too Many Requests: {"error":{"code":"too_many_requests","message":"too many requests"}}
2026-05-07 13:34:57,032 | WARNING | Market refresh failed. Keeping current watch. Error: 429 Too Many Requests: {"error":{"code":"too_many_requests","message":"too many requests"}}
2026-05-07 13:34:58,023 | WARNING | Market refresh failed. Keeping current watch. Error: 429 Too Many Requests: {"error":{"code":"too_many_requests","message":"too many requests"}}
2026-05-07 13:35:00,098 | WARNING | Market refresh failed. Keeping current watch. Error: 429 Too Many Requests: {"error":{"code":"too_many_requests","message":"too many requests"}}
2026-05-07 13:35:01,143 | WARNING | Market refresh failed. Keeping current watch. Error: 429 Too Many Requests: {"error":{"code":"too_many_requests","message":"too many requests"}}
2026-05-07 13:35:02,179 | WARNING | Market refresh failed. Keeping current watch. Error: 429 Too Many Requests: {"error":{"code":"too_many_requests","message":"too many requests"}}
2026-05-07 13:35:03,220 | WARNING | Market refresh failed. Keeping current watch. Error: 429 Too Many Requests: {"error":{"code":"too_many_requests","message":"too many requests"}}
2026-05-07 13:35:04,122 | INFO | Heartbeat | watch=KXBTC15M-26MAY071345-45 yes_bid=56 yes_ask=57 no_bid=43 no_ask=44 book_ready=True position=False pending=False dry_run=False trust=synced run_id=c25a309d-6127-44a7-ac53-b6380b963401
2026-05-07 13:35:04,233 | WARNING | Market refresh failed. Keeping current watch. Error: 429 Too Many Requests: {"error":{"code":"too_many_requests","message":"too many requests"}}
2026-05-07 13:35:06,242 | WARNING | Market refresh failed. Keeping current watch. Error: 429 Too Many Requests: {"error":{"code":"too_many_requests","message":"too many requests"}}
2026-05-07 13:35:07,275 | WARNING | Market refresh failed. Keeping current watch. Error: 429 Too Many Requests: {"error":{"code":"too_many_requests","message":"too many requests"}}
2026-05-07 13:35:08,327 | WARNING | Market refresh failed. Keeping current watch. Error: 429 Too Many Requests: {"error":{"code":"too_many_requests","message":"too many requests"}}
2026-05-07 13:35:09,368 | WARNING | Market refresh failed. Keeping current watch. Error: 429 Too Many Requests: {"error":{"code":"too_many_requests","message":"too many requests"}}
2026-05-07 13:35:10,417 | WARNING | Market refresh failed. Keeping current watch. Error: 429 Too Many Requests: {"error":{"code":"too_many_requests","message":"too many requests"}}
2026-05-07 13:35:11,433 | WARNING | Market refresh failed. Keeping current watch. Error: 429 Too Many Requests: {"error":{"code":"too_many_requests","message":"too many requests"}}
2026-05-07 13:35:12,440 | WARNING | Market refresh failed. Keeping current watch. Error: 429 Too Many Requests: {"error":{"code":"too_many_requests","message":"too many requests"}}
2026-05-07 13:35:13,490 | WARNING | Market refresh failed. Keeping current watch. Error: 429 Too Many Requests: {"error":{"code":"too_many_requests","message":"too many requests"}}
2026-05-07 13:35:14,530 | WARNING | Market refresh failed. Keeping current watch. Error: 429 Too Many Requests: {"error":{"code":"too_many_requests","message":"too many requests"}}
2026-05-07 13:35:15,540 | WARNING | Market refresh failed. Keeping current watch. Error: 429 Too Many Requests: {"error":{"code":"too_many_requests","message":"too many requests"}}
2026-05-07 13:35:16,559 | WARNING | Market refresh failed. Keeping current watch. Error: 429 Too Many Requests: {"error":{"code":"too_many_requests","message":"too many requests"}}
2026-05-07 13:35:17,664 | WARNING | Market refresh failed. Keeping current watch. Error: 429 Too Many Requests: {"error":{"code":"too_many_requests","message":"too many requests"}}
2026-05-07 13:35:18,642 | WARNING | Market refresh failed. Keeping current watch. Error: 429 Too Many Requests: {"error":{"code":"too_many_requests","message":"too many requests"}}
2026-05-07 13:35:19,143 | INFO | Heartbeat | watch=KXBTC15M-26MAY071345-45 yes_bid=52 yes_ask=53 no_bid=47 no_ask=48 book_ready=True position=False pending=False dry_run=False trust=synced run_id=c25a309d-6127-44a7-ac53-b6380b963401
2026-05-07 13:35:19,689 | WARNING | Market refresh failed. Keeping current watch. Error: 429 Too Many Requests: {"error":{"code":"too_many_requests","message":"too many requests"}}
2026-05-07 13:35:20,727 | WARNING | Market refresh failed. Keeping current watch. Error: 429 Too Many Requests: {"error":{"code":"too_many_requests","message":"too many requests"}}
2026-05-07 13:35:21,789 | WARNING | Market refresh failed. Keeping current watch. Error: 429 Too Many Requests: {"error":{"code":"too_many_requests","message":"too many requests"}}
2026-05-07 13:35:22,827 | WARNING | Market refresh failed. Keeping current watch. Error: 429 Too Many Requests: {"error":{"code":"too_many_requests","message":"too many requests"}}
2026-05-07 13:35:23,808 | WARNING | Market refresh failed. Keeping current watch. Error: 429 Too Many Requests: {"error":{"code":"too_many_requests","message":"too many requests"}}
2026-05-07 13:35:24,864 | WARNING | Market refresh failed. Keeping current watch. Error: 429 Too Many Requests: {"error":{"code":"too_many_requests","message":"too many requests"}}
2026-05-07 13:35:27,886 | WARNING | Market refresh failed. Keeping current watch. Error: 429 Too Many Requests: {"error":{"code":"too_many_requests","message":"too many requests"}}
2026-05-07 13:35:29,021 | WARNING | Market refresh failed. Keeping current watch. Error: 429 Too Many Requests: {"error":{"code":"too_many_requests","message":"too many requests"}}
2026-05-07 13:35:29,920 | WARNING | Market refresh failed. Keeping current watch. Error: 429 Too Many Requests: {"error":{"code":"too_many_requests","message":"too many requests"}}
2026-05-07 13:35:30,926 | WARNING | Market refresh failed. Keeping current watch. Error: 429 Too Many Requests: {"error":{"code":"too_many_requests","message":"too many requests"}}
2026-05-07 13:35:31,945 | WARNING | Market refresh failed. Keeping current watch. Error: 429 Too Many Requests: {"error":{"code":"too_many_requests","message":"too many requests"}}
2026-05-07 13:35:32,988 | WARNING | Market refresh failed. Keeping current watch. Error: 429 Too Many Requests: {"error":{"code":"too_many_requests","message":"too many requests"}}
2026-05-07 13:35:34,006 | WARNING | Market refresh failed. Keeping current watch. Error: 429 Too Many Requests: {"error":{"code":"too_many_requests","message":"too many requests"}}
2026-05-07 13:35:34,146 | INFO | Heartbeat | watch=KXBTC15M-26MAY071345-45 yes_bid=54 yes_ask=55 no_bid=45 no_ask=46 book_ready=True position=False pending=False dry_run=False trust=synced run_id=c25a309d-6127-44a7-ac53-b6380b963401
2026-05-07 13:35:35,062 | WARNING | Market refresh failed. Keeping current watch. Error: 429 Too Many Requests: {"error":{"code":"too_many_requests","message":"too many requests"}}
2026-05-07 13:35:40,158 | WARNING | Market refresh failed. Keeping current watch. Error: 429 Too Many Requests: {"error":{"code":"too_many_requests","message":"too many requests"}}
2026-05-07 13:35:41,196 | WARNING | Market refresh failed. Keeping current watch. Error: 429 Too Many Requests: {"error":{"code":"too_many_requests","message":"too many requests"}}
2026-05-07 13:35:42,207 | WARNING | Market refresh failed. Keeping current watch. Error: 429 Too Many Requests: {"error":{"code":"too_many_requests","message":"too many requests"}}
2026-05-07 13:35:43,230 | WARNING | Market refresh failed. Keeping current watch. Error: 429 Too Many Requests: {"error":{"code":"too_many_requests","message":"too many requests"}}
2026-05-07 13:35:44,268 | WARNING | Market refresh failed. Keeping current watch. Error: 429 Too Many Requests: {"error":{"code":"too_many_requests","message":"too many requests"}}
2026-05-07 13:35:45,280 | WARNING | Market refresh failed. Keeping current watch. Error: 429 Too Many Requests: {"error":{"code":"too_many_requests","message":"too many requests"}}
2026-05-07 13:35:46,344 | WARNING | Market refresh failed. Keeping current watch. Error: 429 Too Many Requests: {"error":{"code":"too_many_requests","message":"too many requests"}}
2026-05-07 13:35:49,162 | INFO | Heartbeat | watch=KXBTC15M-26MAY071345-45 yes_bid=64 yes_ask=65 no_bid=35 no_ask=36 book_ready=True position=False pending=False dry_run=False trust=synced run_id=c25a309d-6127-44a7-ac53-b6380b963401
2026-05-07 13:35:50,515 | WARNING | Market refresh failed. Keeping current watch. Error: 429 Too Many Requests: {"error":{"code":"too_many_requests","message":"too many requests"}}
2026-05-07 13:35:51,520 | WARNING | Market refresh failed. Keeping current watch. Error: 429 Too Many Requests: {"error":{"code":"too_many_requests","message":"too many requests"}}
2026-05-07 13:35:52,610 | WARNING | Market refresh failed. Keeping current watch. Error: 429 Too Many Requests: {"error":{"code":"too_many_requests","message":"too many requests"}}
2026-05-07 13:35:53,605 | WARNING | Market refresh failed. Keeping current watch. Error: 429 Too Many Requests: {"error":{"code":"too_many_requests","message":"too many requests"}}
2026-05-07 13:36:00,793 | WARNING | Market refresh failed. Keeping current watch. Error: 429 Too Many Requests: {"error":{"code":"too_many_requests","message":"too many requests"}}
2026-05-07 13:36:01,813 | WARNING | Market refresh failed. Keeping current watch. Error: 429 Too Many Requests: {"error":{"code":"too_many_requests","message":"too many requests"}}
2026-05-07 13:36:02,896 | WARNING | Market refresh failed. Keeping current watch. Error: 429 Too Many Requests: {"error":{"code":"too_many_requests","message":"too many requests"}}
2026-05-07 13:36:03,893 | WARNING | Market refresh failed. Keeping current watch. Error: 429 Too Many Requests: {"error":{"code":"too_many_requests","message":"too many requests"}}
2026-05-07 13:36:04,187 | INFO | Heartbeat | watch=KXBTC15M-26MAY071345-45 yes_bid=70 yes_ask=71 no_bid=29 no_ask=30 book_ready=True position=False pending=False dry_run=False trust=synced run_id=c25a309d-6127-44a7-ac53-b6380b963401
2026-05-07 13:36:04,940 | WARNING | Market refresh failed. Keeping current watch. Error: 429 Too Many Requests: {"error":{"code":"too_many_requests","message":"too many requests"}}
2026-05-07 13:36:05,923 | WARNING | Market refresh failed. Keeping current watch. Error: 429 Too Many Requests: {"error":{"code":"too_many_requests","message":"too many requests"}}
2026-05-07 13:36:06,947 | WARNING | Market refresh failed. Keeping current watch. Error: 429 Too Many Requests: {"error":{"code":"too_many_requests","message":"too many requests"}}
2026-05-07 13:36:09,943 | WARNING | Market refresh failed. Keeping current watch. Error: 429 Too Many Requests: {"error":{"code":"too_many_requests","message":"too many requests"}}
2026-05-07 13:36:10,946 | WARNING | Market refresh failed. Keeping current watch. Error: 429 Too Many Requests: {"error":{"code":"too_many_requests","message":"too many requests"}}
2026-05-07 13:36:11,982 | WARNING | Market refresh failed. Keeping current watch. Error: 429 Too Many Requests: {"error":{"code":"too_many_requests","message":"too many requests"}}
2026-05-07 13:36:13,005 | WARNING | Market refresh failed. Keeping current watch. Error: 429 Too Many Requests: {"error":{"code":"too_many_requests","message":"too many requests"}}
2026-05-07 13:36:14,045 | WARNING | Market refresh failed. Keeping current watch. Error: 429 Too Many Requests: {"error":{"code":"too_many_requests","message":"too many requests"}}
2026-05-07 13:36:15,027 | WARNING | Market refresh failed. Keeping current watch. Error: 429 Too Many Requests: {"error":{"code":"too_many_requests","message":"too many requests"}}
2026-05-07 13:36:16,083 | WARNING | Market refresh failed. Keeping current watch. Error: 429 Too Many Requests: {"error":{"code":"too_many_requests","message":"too many requests"}}
2026-05-07 13:36:17,102 | WARNING | Market refresh failed. Keeping current watch. Error: 429 Too Many Requests: {"error":{"code":"too_many_requests","message":"too many requests"}}
2026-05-07 13:36:19,109 | WARNING | Market refresh failed. Keeping current watch. Error: 429 Too Many Requests: {"error":{"code":"too_many_requests","message":"too many requests"}}
2026-05-07 13:36:19,191 | INFO | Heartbeat | watch=KXBTC15M-26MAY071345-45 yes_bid=74 yes_ask=75 no_bid=25 no_ask=26 book_ready=True position=False pending=False dry_run=False trust=synced run_id=c25a309d-6127-44a7-ac53-b6380b963401
2026-05-07 13:36:20,151 | WARNING | Market refresh failed. Keeping current watch. Error: 429 Too Many Requests: {"error":{"code":"too_many_requests","message":"too many requests"}}
2026-05-07 13:36:21,187 | WARNING | Market refresh failed. Keeping current watch. Error: 429 Too Many Requests: {"error":{"code":"too_many_requests","message":"too many requests"}}
2026-05-07 13:36:22,184 | WARNING | Market refresh failed. Keeping current watch. Error: 429 Too Many Requests: {"error":{"code":"too_many_requests","message":"too many requests"}}
2026-05-07 13:36:23,195 | WARNING | Market refresh failed. Keeping current watch. Error: 429 Too Many Requests: {"error":{"code":"too_many_requests","message":"too many requests"}}
2026-05-07 13:36:24,217 | WARNING | Market refresh failed. Keeping current watch. Error: 429 Too Many Requests: {"error":{"code":"too_many_requests","message":"too many requests"}}
2026-05-07 13:36:25,226 | WARNING | Market refresh failed. Keeping current watch. Error: 429 Too Many Requests: {"error":{"code":"too_many_requests","message":"too many requests"}}
2026-05-07 13:36:26,264 | WARNING | Market refresh failed. Keeping current watch. Error: 429 Too Many Requests: {"error":{"code":"too_many_requests","message":"too many requests"}}
2026-05-07 13:36:27,265 | WARNING | Market refresh failed. Keeping current watch. Error: 429 Too Many Requests: {"error":{"code":"too_many_requests","message":"too many requests"}}
2026-05-07 13:36:28,299 | WARNING | Market refresh failed. Keeping current watch. Error: 429 Too Many Requests: {"error":{"code":"too_many_requests","message":"too many requests"}}
2026-05-07 13:36:29,314 | WARNING | Market refresh failed. Keeping current watch. Error: 429 Too Many Requests: {"error":{"code":"too_many_requests","message":"too many requests"}}
2026-05-07 13:36:30,324 | WARNING | Market refresh failed. Keeping current watch. Error: 429 Too Many Requests: {"error":{"code":"too_many_requests","message":"too many requests"}}
2026-05-07 13:36:31,365 | WARNING | Market refresh failed. Keeping current watch. Error: 429 Too Many Requests: {"error":{"code":"too_many_requests","message":"too many requests"}}
2026-05-07 13:36:32,358 | WARNING | Market refresh failed. Keeping current watch. Error: 429 Too Many Requests: {"error":{"code":"too_many_requests","message":"too many requests"}}
2026-05-07 13:36:33,370 | WARNING | Market refresh failed. Keeping current watch. Error: 429 Too Many Requests: {"error":{"code":"too_many_requests","message":"too many requests"}}
2026-05-07 13:36:34,221 | INFO | Heartbeat | watch=KXBTC15M-26MAY071345-45 yes_bid=70 yes_ask=71 no_bid=29 no_ask=30 book_ready=True position=False pending=False dry_run=False trust=synced run_id=c25a309d-6127-44a7-ac53-b6380b963401
2026-05-07 13:36:34,415 | WARNING | Market refresh failed. Keeping current watch. Error: 429 Too Many Requests: {"error":{"code":"too_many_requests","message":"too many requests"}}
2026-05-07 13:36:35,406 | WARNING | Market refresh failed. Keeping current watch. Error: 429 Too Many Requests: {"error":{"code":"too_many_requests","message":"too many requests"}}
2026-05-07 13:36:36,438 | WARNING | Market refresh failed. Keeping current watch. Error: 429 Too Many Requests: {"error":{"code":"too_many_requests","message":"too many requests"}}
2026-05-07 13:36:42,533 | WARNING | Market refresh failed. Keeping current watch. Error: 429 Too Many Requests: {"error":{"code":"too_many_requests","message":"too many requests"}}
2026-05-07 13:36:43,582 | WARNING | Market refresh failed. Keeping current watch. Error: 429 Too Many Requests: {"error":{"code":"too_many_requests","message":"too many requests"}}
2026-05-07 13:36:44,626 | WARNING | Market refresh failed. Keeping current watch. Error: 429 Too Many Requests: {"error":{"code":"too_many_requests","message":"too many requests"}}
2026-05-07 13:36:45,648 | WARNING | Market refresh failed. Keeping current watch. Error: 429 Too Many Requests: {"error":{"code":"too_many_requests","message":"too many requests"}}
2026-05-07 13:36:46,690 | WARNING | Market refresh failed. Keeping current watch. Error: 429 Too Many Requests: {"error":{"code":"too_many_requests","message":"too many requests"}}
2026-05-07 13:36:47,691 | WARNING | Market refresh failed. Keeping current watch. Error: 429 Too Many Requests: {"error":{"code":"too_many_requests","message":"too many requests"}}
2026-05-07 13:36:48,748 | WARNING | Market refresh failed. Keeping current watch. Error: 429 Too Many Requests: {"error":{"code":"too_many_requests","message":"too many requests"}}
2026-05-07 13:36:49,215 | INFO | Heartbeat | watch=KXBTC15M-26MAY071345-45 yes_bid=73 yes_ask=74 no_bid=26 no_ask=27 book_ready=True position=False pending=False dry_run=False trust=synced run_id=c25a309d-6127-44a7-ac53-b6380b963401
2026-05-07 13:36:52,841 | WARNING | Market refresh failed. Keeping current watch. Error: 429 Too Many Requests: {"error":{"code":"too_many_requests","message":"too many requests"}}
2026-05-07 13:36:53,850 | WARNING | Market refresh failed. Keeping current watch. Error: 429 Too Many Requests: {"error":{"code":"too_many_requests","message":"too many requests"}}
2026-05-07 13:36:54,851 | WARNING | Market refresh failed. Keeping current watch. Error: 429 Too Many Requests: {"error":{"code":"too_many_requests","message":"too many requests"}}
2026-05-07 13:36:55,950 | WARNING | Market refresh failed. Keeping current watch. Error: 429 Too Many Requests: {"error":{"code":"too_many_requests","message":"too many requests"}}
2026-05-07 13:36:56,951 | WARNING | Market refresh failed. Keeping current watch. Error: 429 Too Many Requests: {"error":{"code":"too_many_requests","message":"too many requests"}}
2026-05-07 13:37:04,218 | INFO | Heartbeat | watch=KXBTC15M-26MAY071345-45 yes_bid=78 yes_ask=79 no_bid=21 no_ask=22 book_ready=True position=False pending=False dry_run=False trust=synced run_id=c25a309d-6127-44a7-ac53-b6380b963401
2026-05-07 13:37:06,217 | WARNING | Market refresh failed. Keeping current watch. Error: 429 Too Many Requests: {"error":{"code":"too_many_requests","message":"too many requests"}}
2026-05-07 13:37:07,234 | WARNING | Market refresh failed. Keeping current watch. Error: 429 Too Many Requests: {"error":{"code":"too_many_requests","message":"too many requests"}}
2026-05-07 13:37:08,248 | WARNING | Market refresh failed. Keeping current watch. Error: 429 Too Many Requests: {"error":{"code":"too_many_requests","message":"too many requests"}}
2026-05-07 13:37:09,244 | WARNING | Market refresh failed. Keeping current watch. Error: 429 Too Many Requests: {"error":{"code":"too_many_requests","message":"too many requests"}}
2026-05-07 13:37:10,248 | WARNING | Market refresh failed. Keeping current watch. Error: 429 Too Many Requests: {"error":{"code":"too_many_requests","message":"too many requests"}}
2026-05-07 13:37:11,321 | WARNING | Market refresh failed. Keeping current watch. Error: 429 Too Many Requests: {"error":{"code":"too_many_requests","message":"too many requests"}}
2026-05-07 13:37:16,478 | WARNING | Market refresh failed. Keeping current watch. Error: 429 Too Many Requests: {"error":{"code":"too_many_requests","message":"too many requests"}}
2026-05-07 13:37:17,540 | WARNING | Market refresh failed. Keeping current watch. Error: 429 Too Many Requests: {"error":{"code":"too_many_requests","message":"too many requests"}}
2026-05-07 13:37:18,576 | WARNING | Market refresh failed. Keeping current watch. Error: 429 Too Many Requests: {"error":{"code":"too_many_requests","message":"too many requests"}}
2026-05-07 13:37:19,252 | INFO | Heartbeat | watch=KXBTC15M-26MAY071345-45 yes_bid=77 yes_ask=79 no_bid=21 no_ask=23 book_ready=True position=False pending=False dry_run=False trust=synced run_id=c25a309d-6127-44a7-ac53-b6380b963401
2026-05-07 13:37:19,589 | WARNING | Market refresh failed. Keeping current watch. Error: 429 Too Many Requests: {"error":{"code":"too_many_requests","message":"too many requests"}}
2026-05-07 13:37:20,581 | WARNING | Market refresh failed. Keeping current watch. Error: 429 Too Many Requests: {"error":{"code":"too_many_requests","message":"too many requests"}}
2026-05-07 13:37:21,569 | WARNING | Market refresh failed. Keeping current watch. Error: 429 Too Many Requests: {"error":{"code":"too_many_requests","message":"too many requests"}}
2026-05-07 13:37:22,580 | WARNING | Market refresh failed. Keeping current watch. Error: 429 Too Many Requests: {"error":{"code":"too_many_requests","message":"too many requests"}}
2026-05-07 13:37:23,599 | WARNING | Market refresh failed. Keeping current watch. Error: 429 Too Many Requests: {"error":{"code":"too_many_requests","message":"too many requests"}}
2026-05-07 13:37:24,606 | WARNING | Market refresh failed. Keeping current watch. Error: 429 Too Many Requests: {"error":{"code":"too_many_requests","message":"too many requests"}}
2026-05-07 13:37:25,627 | WARNING | Market refresh failed. Keeping current watch. Error: 429 Too Many Requests: {"error":{"code":"too_many_requests","message":"too many requests"}}
2026-05-07 13:37:26,647 | WARNING | Market refresh failed. Keeping current watch. Error: 429 Too Many Requests: {"error":{"code":"too_many_requests","message":"too many requests"}}
2026-05-07 13:37:27,639 | WARNING | Market refresh failed. Keeping current watch. Error: 429 Too Many Requests: {"error":{"code":"too_many_requests","message":"too many requests"}}
2026-05-07 13:37:28,678 | WARNING | Market refresh failed. Keeping current watch. Error: 429 Too Many Requests: {"error":{"code":"too_many_requests","message":"too many requests"}}
2026-05-07 13:37:29,700 | WARNING | Market refresh failed. Keeping current watch. Error: 429 Too Many Requests: {"error":{"code":"too_many_requests","message":"too many requests"}}
2026-05-07 13:37:30,741 | WARNING | Market refresh failed. Keeping current watch. Error: 429 Too Many Requests: {"error":{"code":"too_many_requests","message":"too many requests"}}
2026-05-07 13:37:31,741 | WARNING | Market refresh failed. Keeping current watch. Error: 429 Too Many Requests: {"error":{"code":"too_many_requests","message":"too many requests"}}
2026-05-07 13:37:33,818 | WARNING | Market refresh failed. Keeping current watch. Error: 429 Too Many Requests: {"error":{"code":"too_many_requests","message":"too many requests"}}
2026-05-07 13:37:34,281 | INFO | Heartbeat | watch=KXBTC15M-26MAY071345-45 yes_bid=77 yes_ask=78 no_bid=22 no_ask=23 book_ready=True position=False pending=False dry_run=False trust=synced run_id=c25a309d-6127-44a7-ac53-b6380b963401
2026-05-07 13:37:34,864 | WARNING | Market refresh failed. Keeping current watch. Error: 429 Too Many Requests: {"error":{"code":"too_many_requests","message":"too many requests"}}
2026-05-07 13:37:39,929 | WARNING | Market refresh failed. Keeping current watch. Error: 429 Too Many Requests: {"error":{"code":"too_many_requests","message":"too many requests"}}
2026-05-07 13:37:40,915 | WARNING | Market refresh failed. Keeping current watch. Error: 429 Too Many Requests: {"error":{"code":"too_many_requests","message":"too many requests"}}
2026-05-07 13:37:41,926 | WARNING | Market refresh failed. Keeping current watch. Error: 429 Too Many Requests: {"error":{"code":"too_many_requests","message":"too many requests"}}
2026-05-07 13:37:42,955 | WARNING | Market refresh failed. Keeping current watch. Error: 429 Too Many Requests: {"error":{"code":"too_many_requests","message":"too many requests"}}
2026-05-07 13:37:43,971 | WARNING | Market refresh failed. Keeping current watch. Error: 429 Too Many Requests: {"error":{"code":"too_many_requests","message":"too many requests"}}
2026-05-07 13:37:45,005 | WARNING | Market refresh failed. Keeping current watch. Error: 429 Too Many Requests: {"error":{"code":"too_many_requests","message":"too many requests"}}
2026-05-07 13:37:46,025 | WARNING | Market refresh failed. Keeping current watch. Error: 429 Too Many Requests: {"error":{"code":"too_many_requests","message":"too many requests"}}
2026-05-07 13:37:47,081 | WARNING | Market refresh failed. Keeping current watch. Error: 429 Too Many Requests: {"error":{"code":"too_many_requests","message":"too many requests"}}
2026-05-07 13:37:48,071 | WARNING | Market refresh failed. Keeping current watch. Error: 429 Too Many Requests: {"error":{"code":"too_many_requests","message":"too many requests"}}
2026-05-07 13:37:49,094 | WARNING | Market refresh failed. Keeping current watch. Error: 429 Too Many Requests: {"error":{"code":"too_many_requests","message":"too many requests"}}
2026-05-07 13:37:49,293 | INFO | Heartbeat | watch=KXBTC15M-26MAY071345-45 yes_bid=77 yes_ask=78 no_bid=22 no_ask=23 book_ready=True position=False pending=False dry_run=False trust=synced run_id=c25a309d-6127-44a7-ac53-b6380b963401
2026-05-07 13:37:50,158 | WARNING | Market refresh failed. Keeping current watch. Error: 429 Too Many Requests: {"error":{"code":"too_many_requests","message":"too many requests"}}
2026-05-07 13:37:51,147 | WARNING | Market refresh failed. Keeping current watch. Error: 429 Too Many Requests: {"error":{"code":"too_many_requests","message":"too many requests"}}
2026-05-07 13:37:52,171 | WARNING | Market refresh failed. Keeping current watch. Error: 429 Too Many Requests: {"error":{"code":"too_many_requests","message":"too many requests"}}
2026-05-07 13:37:53,219 | WARNING | Market refresh failed. Keeping current watch. Error: 429 Too Many Requests: {"error":{"code":"too_many_requests","message":"too many requests"}}
2026-05-07 13:37:54,263 | WARNING | Market refresh failed. Keeping current watch. Error: 429 Too Many Requests: {"error":{"code":"too_many_requests","message":"too many requests"}}
2026-05-07 13:37:55,293 | WARNING | Market refresh failed. Keeping current watch. Error: 429 Too Many Requests: {"error":{"code":"too_many_requests","message":"too many requests"}}
2026-05-07 13:37:56,326 | WARNING | Market refresh failed. Keeping current watch. Error: 429 Too Many Requests: {"error":{"code":"too_many_requests","message":"too many requests"}}
2026-05-07 13:37:57,387 | WARNING | Market refresh failed. Keeping current watch. Error: 429 Too Many Requests: {"error":{"code":"too_many_requests","message":"too many requests"}}
2026-05-07 13:37:58,374 | WARNING | Market refresh failed. Keeping current watch. Error: 429 Too Many Requests: {"error":{"code":"too_many_requests","message":"too many requests"}}
2026-05-07 13:37:59,421 | WARNING | Market refresh failed. Keeping current watch. Error: 429 Too Many Requests: {"error":{"code":"too_many_requests","message":"too many requests"}}
2026-05-07 13:38:00,400 | WARNING | Market refresh failed. Keeping current watch. Error: 429 Too Many Requests: {"error":{"code":"too_many_requests","message":"too many requests"}}
2026-05-07 13:38:01,424 | WARNING | Market refresh failed. Keeping current watch. Error: 429 Too Many Requests: {"error":{"code":"too_many_requests","message":"too many requests"}}
2026-05-07 13:38:02,358 | INFO | Mushroom v21 entry approved | market=KXBTC15M-26MAY071345-45 side=yes ask=85c p_side=0.8955 edge=2.554c raw_edge=3.554c depth=959.58 secs_to_close=417.65
2026-05-07 13:38:02,383 | INFO | Execution state | market=KXBTC15M-26MAY071345-45 side=yes state=eligible reason=pre_filters_disabled trust=synced run_id=c25a309d-6127-44a7-ac53-b6380b963401
2026-05-07 13:38:02,383 | INFO | Live fill policy approved | market=KXBTC15M-26MAY071345-45 side=yes trigger=85c tif=immediate_or_cancel limit=85c depth=959.58 required=2 book_age_ms=968.0 secs_to_close=417.65 reason=single_shot_abundant_depth
2026-05-07 13:38:02,383 | INFO | ENTRY signal | market=KXBTC15M-26MAY071345-45 action=buy side=yes trigger=85c limit=85c qty=1 book_ready=True
2026-05-07 13:38:02,383 | INFO | Execution state | market=KXBTC15M-26MAY071345-45 side=yes state=submitting reason=single_shot_abundant_depth trust=synced run_id=c25a309d-6127-44a7-ac53-b6380b963401
2026-05-07 13:38:02,440 | INFO | ENTRY immediate fill | market=KXBTC15M-26MAY071345-45 side=yes qty=1 limit=85c
2026-05-07 13:38:02,443 | INFO | Execution state | market=KXBTC15M-26MAY071345-45 side=yes state=filled reason=single_shot_abundant_depth trust=synced run_id=c25a309d-6127-44a7-ac53-b6380b963401
2026-05-07 13:38:04,321 | INFO | Heartbeat | watch=KXBTC15M-26MAY071345-45 yes_bid=83 yes_ask=84 no_bid=16 no_ask=17 book_ready=True position=True pending=False dry_run=False trust=synced run_id=c25a309d-6127-44a7-ac53-b6380b963401
2026-05-07 13:38:19,334 | INFO | Heartbeat | watch=KXBTC15M-26MAY071345-45 yes_bid=84 yes_ask=85 no_bid=15 no_ask=16 book_ready=True position=True pending=False dry_run=False trust=synced run_id=c25a309d-6127-44a7-ac53-b6380b963401
2026-05-07 13:38:34,365 | INFO | Heartbeat | watch=KXBTC15M-26MAY071345-45 yes_bid=85 yes_ask=86 no_bid=14 no_ask=15 book_ready=True position=True pending=False dry_run=False trust=synced run_id=c25a309d-6127-44a7-ac53-b6380b963401
2026-05-07 13:38:49,370 | INFO | Heartbeat | watch=KXBTC15M-26MAY071345-45 yes_bid=84 yes_ask=85 no_bid=15 no_ask=16 book_ready=True position=True pending=False dry_run=False trust=synced run_id=c25a309d-6127-44a7-ac53-b6380b963401
2026-05-07 13:39:04,378 | INFO | Heartbeat | watch=KXBTC15M-26MAY071345-45 yes_bid=88 yes_ask=89 no_bid=11 no_ask=12 book_ready=True position=True pending=False dry_run=False trust=synced run_id=c25a309d-6127-44a7-ac53-b6380b963401
2026-05-07 13:39:19,388 | INFO | Heartbeat | watch=KXBTC15M-26MAY071345-45 yes_bid=91 yes_ask=91 no_bid=9 no_ask=9 book_ready=True position=True pending=False dry_run=False trust=synced run_id=c25a309d-6127-44a7-ac53-b6380b963401
2026-05-07 13:39:34,396 | INFO | Heartbeat | watch=KXBTC15M-26MAY071345-45 yes_bid=93 yes_ask=94 no_bid=6 no_ask=7 book_ready=True position=True pending=False dry_run=False trust=synced run_id=c25a309d-6127-44a7-ac53-b6380b963401
2026-05-07 13:39:49,403 | INFO | Heartbeat | watch=KXBTC15M-26MAY071345-45 yes_bid=93 yes_ask=93 no_bid=7 no_ask=7 book_ready=True position=True pending=False dry_run=False trust=synced run_id=c25a309d-6127-44a7-ac53-b6380b963401
2026-05-07 13:40:04,397 | INFO | Heartbeat | watch=KXBTC15M-26MAY071345-45 yes_bid=93 yes_ask=94 no_bid=6 no_ask=7 book_ready=True position=True pending=False dry_run=False trust=synced run_id=c25a309d-6127-44a7-ac53-b6380b963401
2026-05-07 13:40:19,433 | INFO | Heartbeat | watch=KXBTC15M-26MAY071345-45 yes_bid=96 yes_ask=96 no_bid=4 no_ask=4 book_ready=True position=True pending=False dry_run=False trust=synced run_id=c25a309d-6127-44a7-ac53-b6380b963401
2026-05-07 13:40:34,454 | INFO | Heartbeat | watch=KXBTC15M-26MAY071345-45 yes_bid=97 yes_ask=97 no_bid=3 no_ask=3 book_ready=True position=True pending=False dry_run=False trust=synced run_id=c25a309d-6127-44a7-ac53-b6380b963401
2026-05-07 13:40:49,482 | INFO | Heartbeat | watch=KXBTC15M-26MAY071345-45 yes_bid=96 yes_ask=96 no_bid=4 no_ask=4 book_ready=True position=True pending=False dry_run=False trust=synced run_id=c25a309d-6127-44a7-ac53-b6380b963401
2026-05-07 13:41:04,490 | INFO | Heartbeat | watch=KXBTC15M-26MAY071345-45 yes_bid=97 yes_ask=98 no_bid=2 no_ask=3 book_ready=True position=True pending=False dry_run=False trust=synced run_id=c25a309d-6127-44a7-ac53-b6380b963401
2026-05-07 13:41:19,529 | INFO | Heartbeat | watch=KXBTC15M-26MAY071345-45 yes_bid=99 yes_ask=99 no_bid=1 no_ask=1 book_ready=True position=True pending=False dry_run=False trust=synced run_id=c25a309d-6127-44a7-ac53-b6380b963401
2026-05-07 13:41:34,567 | INFO | Heartbeat | watch=KXBTC15M-26MAY071345-45 yes_bid=98 yes_ask=99 no_bid=1 no_ask=2 book_ready=True position=True pending=False dry_run=False trust=synced run_id=c25a309d-6127-44a7-ac53-b6380b963401
2026-05-07 13:41:49,603 | INFO | Heartbeat | watch=KXBTC15M-26MAY071345-45 yes_bid=99 yes_ask=100 no_bid=0 no_ask=1 book_ready=True position=True pending=False dry_run=False trust=synced run_id=c25a309d-6127-44a7-ac53-b6380b963401
2026-05-07 13:42:04,655 | INFO | Heartbeat | watch=KXBTC15M-26MAY071345-45 yes_bid=99 yes_ask=100 no_bid=0 no_ask=1 book_ready=True position=True pending=False dry_run=False trust=synced run_id=c25a309d-6127-44a7-ac53-b6380b963401
2026-05-07 13:42:19,696 | INFO | Heartbeat | watch=KXBTC15M-26MAY071345-45 yes_bid=100 yes_ask=100 no_bid=0 no_ask=0 book_ready=True position=True pending=False dry_run=False trust=synced run_id=c25a309d-6127-44a7-ac53-b6380b963401
2026-05-07 13:42:34,715 | INFO | Heartbeat | watch=KXBTC15M-26MAY071345-45 yes_bid=100 yes_ask=100 no_bid=0 no_ask=0 book_ready=True position=True pending=False dry_run=False trust=synced run_id=c25a309d-6127-44a7-ac53-b6380b963401
2026-05-07 13:42:49,712 | INFO | Heartbeat | watch=KXBTC15M-26MAY071345-45 yes_bid=100 yes_ask=100 no_bid=0 no_ask=0 book_ready=True position=True pending=False dry_run=False trust=synced run_id=c25a309d-6127-44a7-ac53-b6380b963401
2026-05-07 13:43:04,725 | INFO | Heartbeat | watch=KXBTC15M-26MAY071345-45 yes_bid=100 yes_ask=100 no_bid=0 no_ask=0 book_ready=True position=True pending=False dry_run=False trust=synced run_id=c25a309d-6127-44a7-ac53-b6380b963401
2026-05-07 13:43:19,713 | INFO | Heartbeat | watch=KXBTC15M-26MAY071345-45 yes_bid=100 yes_ask=100 no_bid=0 no_ask=0 book_ready=True position=True pending=False dry_run=False trust=synced run_id=c25a309d-6127-44a7-ac53-b6380b963401
2026-05-07 13:43:34,725 | INFO | Heartbeat | watch=KXBTC15M-26MAY071345-45 yes_bid=100 yes_ask=100 no_bid=0 no_ask=0 book_ready=True position=True pending=False dry_run=False trust=synced run_id=c25a309d-6127-44a7-ac53-b6380b963401
2026-05-07 13:43:49,770 | INFO | Heartbeat | watch=KXBTC15M-26MAY071345-45 yes_bid=100 yes_ask=100 no_bid=0 no_ask=0 book_ready=True position=True pending=False dry_run=False trust=synced run_id=c25a309d-6127-44a7-ac53-b6380b963401
2026-05-07 13:44:04,781 | INFO | Heartbeat | watch=KXBTC15M-26MAY071345-45 yes_bid=100 yes_ask=100 no_bid=0 no_ask=0 book_ready=True position=True pending=False dry_run=False trust=synced run_id=c25a309d-6127-44a7-ac53-b6380b963401
2026-05-07 13:44:19,788 | INFO | Heartbeat | watch=KXBTC15M-26MAY071345-45 yes_bid=100 yes_ask=100 no_bid=0 no_ask=0 book_ready=True position=True pending=False dry_run=False trust=synced run_id=c25a309d-6127-44a7-ac53-b6380b963401
2026-05-07 13:44:34,793 | INFO | Heartbeat | watch=KXBTC15M-26MAY071345-45 yes_bid=100 yes_ask=100 no_bid=0 no_ask=0 book_ready=True position=True pending=False dry_run=False trust=synced run_id=c25a309d-6127-44a7-ac53-b6380b963401
2026-05-07 13:44:49,834 | INFO | Heartbeat | watch=KXBTC15M-26MAY071345-45 yes_bid=100 yes_ask=100 no_bid=0 no_ask=0 book_ready=True position=True pending=False dry_run=False trust=synced run_id=c25a309d-6127-44a7-ac53-b6380b963401
2026-05-07 13:45:04,860 | INFO | Heartbeat | watch=KXBTC15M-26MAY071345-45 yes_bid=0 yes_ask=100 no_bid=0 no_ask=100 book_ready=True position=True pending=False dry_run=False trust=synced run_id=c25a309d-6127-44a7-ac53-b6380b963401
2026-05-07 13:45:05,130 | WARNING | Closed market KXBTC15M-26MAY071345-45 still reports a nonzero live account position, but the market is already past the settlement grace window. Clearing position state and advancing anyway.
2026-05-07 13:45:05,209 | INFO | Watching market KXBTC15M-26MAY071345-45 close_time=2026-05-07T17:45:00Z status=closed strike=79720.09 run_id=c25a309d-6127-44a7-ac53-b6380b963401
2026-05-07 13:45:05,376 | INFO | WS connected for KXBTC15M-26MAY071345-45
2026-05-07 13:45:05,442 | INFO | WS subscribed payload: {'type': 'subscribed', 'id': 3, 'msg': {'channel': 'ticker', 'sid': 1}}
2026-05-07 13:45:05,444 | INFO | WS subscribed payload: {'type': 'subscribed', 'id': 3, 'msg': {'channel': 'orderbook_delta', 'sid': 2}}
2026-05-07 13:45:05,444 | INFO | Orderbook snapshot ready for KXBTC15M-26MAY071345-45
2026-05-07 13:45:06,546 | INFO | Orderbook snapshot ready for KXBTC15M-26MAY071345-45
2026-05-07 13:45:15,394 | INFO | Watching market KXBTC15M-26MAY071400-00 close_time=2026-05-07T18:00:00Z status=active strike=79883.81 run_id=c25a309d-6127-44a7-ac53-b6380b963401
2026-05-07 13:45:15,595 | INFO | WS connected for KXBTC15M-26MAY071400-00
2026-05-07 13:45:15,625 | INFO | WS subscribed payload: {'type': 'subscribed', 'id': 4, 'msg': {'channel': 'ticker', 'sid': 1}}
2026-05-07 13:45:15,626 | INFO | WS subscribed payload: {'type': 'subscribed', 'id': 4, 'msg': {'channel': 'orderbook_delta', 'sid': 2}}
2026-05-07 13:45:15,627 | INFO | Orderbook snapshot ready for KXBTC15M-26MAY071400-00
2026-05-07 13:45:19,879 | INFO | Heartbeat | watch=KXBTC15M-26MAY071400-00 yes_bid=56 yes_ask=57 no_bid=43 no_ask=44 book_ready=True position=False pending=False dry_run=False trust=synced run_id=c25a309d-6127-44a7-ac53-b6380b963401
2026-05-07 13:45:34,919 | INFO | Heartbeat | watch=KXBTC15M-26MAY071400-00 yes_bid=53 yes_ask=54 no_bid=46 no_ask=47 book_ready=True position=False pending=False dry_run=False trust=synced run_id=c25a309d-6127-44a7-ac53-b6380b963401
2026-05-07 13:45:49,958 | INFO | Heartbeat | watch=KXBTC15M-26MAY071400-00 yes_bid=52 yes_ask=53 no_bid=47 no_ask=48 book_ready=True position=False pending=False dry_run=False trust=synced run_id=c25a309d-6127-44a7-ac53-b6380b963401
