2026-05-08 16:19:58,439 | INFO | Starting WS bot. run_id=fbc1c69f-a397-4a61-8c0b-0e47b37c9732 dry_run=False base_url=https://api.elections.kalshi.com/trade-api/v2 ws_url=wss://api.elections.kalshi.com/trade-api/ws/v2 series=KXBTC15M
2026-05-08 16:19:59,326 | INFO | Watching market KXBTC15M-26MAY081630-30 close_time=2026-05-08T20:30:00Z status=active strike=80220.90 run_id=fbc1c69f-a397-4a61-8c0b-0e47b37c9732
2026-05-08 16:19:59,329 | INFO | Heartbeat | watch=KXBTC15M-26MAY081630-30 yes_bid=None yes_ask=None no_bid=None no_ask=None book_ready=False position=False pending=False dry_run=False trust=cold run_id=fbc1c69f-a397-4a61-8c0b-0e47b37c9732
2026-05-08 16:19:59,476 | INFO | WS connected for KXBTC15M-26MAY081630-30
2026-05-08 16:19:59,505 | INFO | WS subscribed payload: {'type': 'subscribed', 'id': 1, 'msg': {'channel': 'ticker', 'sid': 1}}
2026-05-08 16:19:59,506 | INFO | WS subscribed payload: {'type': 'subscribed', 'id': 1, 'msg': {'channel': 'orderbook_delta', 'sid': 2}}
2026-05-08 16:19:59,507 | INFO | Orderbook snapshot ready for KXBTC15M-26MAY081630-30
2026-05-08 16:19:59,513 | INFO | Mushroom v28 BTC tick stream connected | source=coinbase url=wss://ws-feed.exchange.coinbase.com
2026-05-08 16:20:14,325 | INFO | Heartbeat | watch=KXBTC15M-26MAY081630-30 yes_bid=41 yes_ask=43 no_bid=57 no_ask=59 book_ready=True position=False pending=False dry_run=False trust=synced run_id=fbc1c69f-a397-4a61-8c0b-0e47b37c9732
2026-05-08 16:20:29,360 | INFO | Heartbeat | watch=KXBTC15M-26MAY081630-30 yes_bid=23 yes_ask=24 no_bid=76 no_ask=77 book_ready=True position=False pending=False dry_run=False trust=synced run_id=fbc1c69f-a397-4a61-8c0b-0e47b37c9732
2026-05-08 16:20:44,353 | INFO | Heartbeat | watch=KXBTC15M-26MAY081630-30 yes_bid=28 yes_ask=30 no_bid=70 no_ask=72 book_ready=True position=False pending=False dry_run=False trust=synced run_id=fbc1c69f-a397-4a61-8c0b-0e47b37c9732
2026-05-08 16:20:59,354 | INFO | Heartbeat | watch=KXBTC15M-26MAY081630-30 yes_bid=33 yes_ask=34 no_bid=66 no_ask=67 book_ready=True position=False pending=False dry_run=False trust=synced run_id=fbc1c69f-a397-4a61-8c0b-0e47b37c9732
2026-05-08 16:21:14,397 | INFO | Heartbeat | watch=KXBTC15M-26MAY081630-30 yes_bid=34 yes_ask=35 no_bid=65 no_ask=66 book_ready=True position=False pending=False dry_run=False trust=synced run_id=fbc1c69f-a397-4a61-8c0b-0e47b37c9732
2026-05-08 16:21:29,406 | INFO | Heartbeat | watch=KXBTC15M-26MAY081630-30 yes_bid=55 yes_ask=56 no_bid=44 no_ask=45 book_ready=True position=False pending=False dry_run=False trust=synced run_id=fbc1c69f-a397-4a61-8c0b-0e47b37c9732
2026-05-08 16:21:44,397 | INFO | Heartbeat | watch=KXBTC15M-26MAY081630-30 yes_bid=70 yes_ask=71 no_bid=29 no_ask=30 book_ready=True position=False pending=False dry_run=False trust=synced run_id=fbc1c69f-a397-4a61-8c0b-0e47b37c9732
2026-05-08 16:21:59,404 | INFO | Heartbeat | watch=KXBTC15M-26MAY081630-30 yes_bid=68 yes_ask=69 no_bid=31 no_ask=32 book_ready=True position=False pending=False dry_run=False trust=synced run_id=fbc1c69f-a397-4a61-8c0b-0e47b37c9732
2026-05-08 16:22:14,419 | INFO | Heartbeat | watch=KXBTC15M-26MAY081630-30 yes_bid=63 yes_ask=65 no_bid=35 no_ask=37 book_ready=True position=False pending=False dry_run=False trust=synced run_id=fbc1c69f-a397-4a61-8c0b-0e47b37c9732
2026-05-08 16:22:29,434 | INFO | Heartbeat | watch=KXBTC15M-26MAY081630-30 yes_bid=69 yes_ask=70 no_bid=30 no_ask=31 book_ready=True position=False pending=False dry_run=False trust=synced run_id=fbc1c69f-a397-4a61-8c0b-0e47b37c9732
2026-05-08 16:22:44,433 | INFO | Heartbeat | watch=KXBTC15M-26MAY081630-30 yes_bid=67 yes_ask=68 no_bid=32 no_ask=33 book_ready=True position=False pending=False dry_run=False trust=synced run_id=fbc1c69f-a397-4a61-8c0b-0e47b37c9732
2026-05-08 16:22:59,468 | INFO | Heartbeat | watch=KXBTC15M-26MAY081630-30 yes_bid=67 yes_ask=68 no_bid=32 no_ask=33 book_ready=True position=False pending=False dry_run=False trust=synced run_id=fbc1c69f-a397-4a61-8c0b-0e47b37c9732
2026-05-08 16:23:14,481 | INFO | Heartbeat | watch=KXBTC15M-26MAY081630-30 yes_bid=70 yes_ask=71 no_bid=29 no_ask=30 book_ready=True position=False pending=False dry_run=False trust=synced run_id=fbc1c69f-a397-4a61-8c0b-0e47b37c9732
2026-05-08 16:23:29,485 | INFO | Heartbeat | watch=KXBTC15M-26MAY081630-30 yes_bid=74 yes_ask=75 no_bid=25 no_ask=26 book_ready=True position=False pending=False dry_run=False trust=synced run_id=fbc1c69f-a397-4a61-8c0b-0e47b37c9732
2026-05-08 16:23:44,508 | INFO | Heartbeat | watch=KXBTC15M-26MAY081630-30 yes_bid=75 yes_ask=76 no_bid=24 no_ask=25 book_ready=True position=False pending=False dry_run=False trust=synced run_id=fbc1c69f-a397-4a61-8c0b-0e47b37c9732
2026-05-08 16:23:59,570 | INFO | Heartbeat | watch=KXBTC15M-26MAY081630-30 yes_bid=74 yes_ask=75 no_bid=25 no_ask=26 book_ready=True position=False pending=False dry_run=False trust=synced run_id=fbc1c69f-a397-4a61-8c0b-0e47b37c9732
2026-05-08 16:24:14,581 | INFO | Heartbeat | watch=KXBTC15M-26MAY081630-30 yes_bid=74 yes_ask=75 no_bid=25 no_ask=26 book_ready=True position=False pending=False dry_run=False trust=synced run_id=fbc1c69f-a397-4a61-8c0b-0e47b37c9732
2026-05-08 16:24:32,985 | INFO | Starting WS bot. run_id=80617a9e-f878-4e73-b781-63c5df575929 dry_run=False base_url=https://api.elections.kalshi.com/trade-api/v2 ws_url=wss://api.elections.kalshi.com/trade-api/ws/v2 series=KXBTC15M
2026-05-08 16:24:33,829 | INFO | Watching market KXBTC15M-26MAY081630-30 close_time=2026-05-08T20:30:00Z status=active strike=80220.90 run_id=80617a9e-f878-4e73-b781-63c5df575929
2026-05-08 16:24:33,830 | INFO | Heartbeat | watch=KXBTC15M-26MAY081630-30 yes_bid=None yes_ask=None no_bid=None no_ask=None book_ready=False position=False pending=False dry_run=False trust=cold run_id=80617a9e-f878-4e73-b781-63c5df575929
2026-05-08 16:24:33,954 | INFO | Mushroom v28 BTC tick stream connected | source=coinbase url=wss://ws-feed.exchange.coinbase.com
2026-05-08 16:24:33,956 | INFO | WS connected for KXBTC15M-26MAY081630-30
2026-05-08 16:24:33,982 | INFO | WS subscribed payload: {'type': 'subscribed', 'id': 1, 'msg': {'channel': 'ticker', 'sid': 1}}
2026-05-08 16:24:33,982 | INFO | WS subscribed payload: {'type': 'subscribed', 'id': 1, 'msg': {'channel': 'orderbook_delta', 'sid': 2}}
2026-05-08 16:24:33,984 | INFO | Orderbook snapshot ready for KXBTC15M-26MAY081630-30
2026-05-08 16:24:48,854 | INFO | Heartbeat | watch=KXBTC15M-26MAY081630-30 yes_bid=84 yes_ask=85 no_bid=15 no_ask=16 book_ready=True position=False pending=False dry_run=False trust=synced run_id=80617a9e-f878-4e73-b781-63c5df575929
2026-05-08 16:25:03,895 | INFO | Heartbeat | watch=KXBTC15M-26MAY081630-30 yes_bid=89 yes_ask=90 no_bid=10 no_ask=11 book_ready=True position=False pending=False dry_run=False trust=synced run_id=80617a9e-f878-4e73-b781-63c5df575929
2026-05-08 16:25:18,955 | INFO | Heartbeat | watch=KXBTC15M-26MAY081630-30 yes_bid=87 yes_ask=88 no_bid=12 no_ask=13 book_ready=True position=False pending=False dry_run=False trust=synced run_id=80617a9e-f878-4e73-b781-63c5df575929
2026-05-08 16:25:33,945 | INFO | Heartbeat | watch=KXBTC15M-26MAY081630-30 yes_bid=81 yes_ask=82 no_bid=18 no_ask=19 book_ready=True position=False pending=False dry_run=False trust=synced run_id=80617a9e-f878-4e73-b781-63c5df575929
2026-05-08 16:25:48,969 | INFO | Heartbeat | watch=KXBTC15M-26MAY081630-30 yes_bid=82 yes_ask=83 no_bid=17 no_ask=18 book_ready=True position=False pending=False dry_run=False trust=synced run_id=80617a9e-f878-4e73-b781-63c5df575929
