2026-05-01 06:43:57 -04:00 | OK | pids=43068 heartbeat_age_min=0.19
2026-05-01 06:45:10 -04:00 | OK | pids=43068 heartbeat_age_min=0.06
2026-05-01 19:42:36 -04:00 | OK | pid=43068 process=running heartbeat_age_min=0.19
2026-05-01 19:43:03 -04:00 | OK | pid=43068 process=running heartbeat_age_min=0.14
2026-05-01 19:56:25 -04:00 | OK | pid=43068 process=running heartbeat_age_min=0.24
2026-05-01 19:58:09 -04:00 | OK | pid=43068 process=running heartbeat_age_min=0.23
2026-05-01 20:59:04 -04:00 | OK | pid=43068 process=running heartbeat_age_min=0.04
2026-05-01 21:59:51 -04:00 | OK | pid=43068 process=running heartbeat_age_min=0.24
2026-05-01 23:01:25 -04:00 | OK | pid=43068 process=running heartbeat_age_min=0.21
2026-05-02 00:02:19 -04:00 | OK | pid=43068 process=running heartbeat_age_min=0.02
2026-05-02 01:03:48 -04:00 | OK | pid=43068 process=running heartbeat_age_min=0.16
2026-05-02 02:05:47 -04:00 | OK | pid=43068 process=running heartbeat_age_min=0.04
2026-05-02 02:37:02 -04:00 | OK | pid=43068 process=running heartbeat_age_min=0.25
2026-05-02 03:07:52 -04:00 | OK | pid=43068 process=running heartbeat_age_min=0.03
2026-05-02 04:08:21 -04:00 | OK | pid=43068 process=running heartbeat_age_min=0.18
2026-05-02 05:09:49 -04:00 | OK | pid=43068 process=running heartbeat_age_min=0.07
2026-05-02 06:10:25 -04:00 | OK | pid=43068 process=running heartbeat_age_min=0.08
2026-05-02 07:11:22 -04:00 | OK | pid=43068 process=running heartbeat_age_min=0.18
2026-05-02 08:13:21 -04:00 | OK | pid=43068 process=running heartbeat_age_min=0.07
2026-05-02 09:13:57 -04:00 | OK | pid=43068 process=running heartbeat_age_min=0.06
2026-05-02 10:14:17 -04:00 | OK | pid=43068 process=running heartbeat_age_min=0.01
2026-05-02 11:15:34 -04:00 | OK | pid=43068 process=running heartbeat_age_min=0.13
2026-05-02 13:03:27 -04:00 | OK | pid=43068 process=running heartbeat_age_min=0.07
2026-05-02 13:17:42 -04:00 | OK | pid=43068 process=running heartbeat_age_min=0.04
2026-05-02 14:18:04 -04:00 | OK | pid=43068 process=running heartbeat_age_min=0.08
2026-05-02 15:20:04 -04:00 | OK | pid=43068 process=running heartbeat_age_min=0.23
2026-05-02 16:21:08 -04:00 | OK | pid=43068 process=running heartbeat_age_min=0.19
2026-05-02 17:21:37 -04:00 | OK | pid=43068 process=running heartbeat_age_min=0.06
2026-05-02 18:22:11 -04:00 | OK | pid=43068 process=running heartbeat_age_min=0.03
2026-05-02 19:23:08 -04:00 | OK | pid=43068 process=running heartbeat_age_min=0.15
2026-05-02 22:18:01 -04:00 | OK | pid=43068 process=running heartbeat_age_min=0.06
2026-05-02 23:14:18 -04:00 | OK | pid=43068 process=running heartbeat_age_min=0.03
2026-05-03 00:16:11 -04:00 | OK | pid=43068 process=running heartbeat_age_min=0.06
2026-05-03 01:16:42 -04:00 | OK | pid=43068 process=running heartbeat_age_min=0.22
2026-05-03 02:17:59 -04:00 | OK | pid=43068 process=running heartbeat_age_min=0.17
2026-05-03 03:18:15 -04:00 | OK | pid=43068 process=running heartbeat_age_min=0.08
2026-05-03 04:19:16 -04:00 | OK | pid=43068 process=running heartbeat_age_min=0.00
2026-05-03 05:20:54 -04:00 | OK | pid=43068 process=running heartbeat_age_min=0.03
2026-05-03 06:22:17 -04:00 | OK | pid=43068 process=running heartbeat_age_min=0.06
2026-05-03 07:24:18 -04:00 | OK | pid=43068 process=running heartbeat_age_min=0.24
2026-05-03 08:26:20 -04:00 | OK | pid=43068 process=running heartbeat_age_min=0.18
2026-05-03 09:28:18 -04:00 | OK | pid=43068 process=running heartbeat_age_min=0.04
2026-05-03 10:30:17 -04:00 | OK | pid=43068 process=running heartbeat_age_min=0.18
2026-05-03 11:32:27 -04:00 | OK | pid=43068 process=running heartbeat_age_min=0.24
2026-05-03 12:32:53 -04:00 | OK | pid=43068 process=running heartbeat_age_min=0.08
2026-05-03 13:34:52 -04:00 | OK | pid=43068 process=running heartbeat_age_min=0.22
2026-05-03 14:36:32 -04:00 | OK | pid=43068 process=running heartbeat_age_min=0.05
2026-05-03 15:37:53 -04:00 | OK | pid=43068 process=running heartbeat_age_min=0.05
2026-05-03 16:37:57 -04:00 | OK | pid=32904 process=running heartbeat_age_min=0.13
2026-05-03 17:39:57 -04:00 | OK | pid=32904 process=running heartbeat_age_min=0.03
2026-05-03 18:41:53 -04:00 | OK | pid=32904 process=running heartbeat_age_min=0.13
2026-05-03 19:43:59 -04:00 | OK | pid=32904 process=running heartbeat_age_min=0.13
2026-05-03 20:44:33 -04:00 | OK | pid=32904 process=running heartbeat_age_min=0.10
2026-05-03 21:45:32 -04:00 | OK | pid=32904 process=running heartbeat_age_min=0.00
2026-05-03 22:46:59 -04:00 | OK | pid=32904 process=running heartbeat_age_min=0.10
2026-05-03 23:48:17 -04:00 | OK | pid=32904 process=running heartbeat_age_min=0.06
2026-05-04 00:48:32 -04:00 | OK | pid=32904 process=running heartbeat_age_min=0.21
2026-05-04 01:50:09 -04:00 | OK | pid=32904 process=running heartbeat_age_min=0.00
2026-05-04 02:50:34 -04:00 | OK | pid=32904 process=running heartbeat_age_min=0.08
2026-05-04 03:52:09 -04:00 | OK | pid=32904 process=running heartbeat_age_min=0.05
2026-05-04 04:52:40 -04:00 | OK | pid=32904 process=running heartbeat_age_min=0.24
2026-05-04 05:53:43 -04:00 | OK | pid=32904 process=running heartbeat_age_min=0.19
2026-05-04 06:54:44 -04:00 | OK | pid=32904 process=running heartbeat_age_min=0.10
2026-05-04 08:58:05 -04:00 | OK | pid=32904 process=running heartbeat_age_min=0.05
2026-05-04 09:59:06 -04:00 | OK | pid=32904 process=running heartbeat_age_min=0.23
2026-05-04 11:00:49 -04:00 | OK | pid=32904 process=running heartbeat_age_min=0.11
2026-05-04 12:01:18 -04:00 | OK | pid=32904 process=running heartbeat_age_min=0.25
2026-05-04 13:02:43 -04:00 | OK | pid=32904 process=running heartbeat_age_min=0.05
2026-05-04 14:03:44 -04:00 | OK | pid=32904 process=running heartbeat_age_min=0.21
2026-05-04 15:05:29 -04:00 | OK | pid=32904 process=running heartbeat_age_min=0.18
2026-05-04 16:07:02 -04:00 | OK | pid=32904 process=running heartbeat_age_min=0.15
2026-05-04 17:08:23 -04:00 | OK | pid=32904 process=running heartbeat_age_min=0.15
2026-05-04 18:10:23 -04:00 | OK | pid=32904 process=running heartbeat_age_min=0.08
2026-05-04 19:12:12 -04:00 | OK | pid=32904 process=running heartbeat_age_min=0.05
2026-05-04 20:12:53 -04:00 | OK | pid=32904 process=running heartbeat_age_min=0.14
2026-05-04 22:14:08 -04:00 | OK | pid=32904 process=running heartbeat_age_min=0.04
2026-05-04 23:15:28 -04:00 | OK | pid=32904 process=running heartbeat_age_min=0.03
2026-05-05 00:16:43 -04:00 | OK | pid=32904 process=running heartbeat_age_min=0.19
2026-05-05 01:17:33 -04:00 | OK | pid=32904 process=running heartbeat_age_min=0.17
2026-05-05 02:18:13 -04:00 | OK | pid=32904 process=running heartbeat_age_min=0.01
2026-05-05 03:20:23 -04:00 | OK | pid=32904 process=running heartbeat_age_min=0.08
2026-05-05 04:21:27 -04:00 | OK | pid=32904 process=running heartbeat_age_min=0.06
2026-05-05 05:22:03 -04:00 | OK | pid=32904 process=running heartbeat_age_min=0.07
2026-05-05 06:22:43 -04:00 | OK | pid=32904 process=running heartbeat_age_min=0.15
2026-05-05 07:24:01 -04:00 | OK | pid=32904 process=running heartbeat_age_min=0.10
2026-05-05 08:26:06 -04:00 | OK | pid=32904 process=running heartbeat_age_min=0.11
2026-05-05 09:27:33 -04:00 | OK | pid=32904 process=running heartbeat_age_min=0.21
2026-05-05 10:28:34 -04:00 | UNHEALTHY | reason=missing_live_lock,missing_lock_pid,stale_bot_log_16.67min pid=0
2026-05-05 10:28:34 -04:00 | START requested | launcher=C:\Users\organ\Desktop\KALSHI PROBABILITY MODEL BOT\scripts\run_probability_lab_bot_live_size2.ps1 source_workspace=C:\Users\organ\Desktop\KALSHI PROBABILITY MODEL BOT
2026-05-05 10:28:42 -04:00 | RESTART_FAILED | no live bot process detected after launch
2026-05-05 11:29:39 -04:00 | UNHEALTHY | reason=missing_live_lock,missing_lock_pid,stale_bot_log_77.76min pid=0
2026-05-05 11:29:39 -04:00 | START requested | launcher=C:\Users\organ\Desktop\KALSHI PROBABILITY MODEL BOT\scripts\run_probability_lab_bot_live_size2.ps1 source_workspace=C:\Users\organ\Desktop\KALSHI PROBABILITY MODEL BOT
2026-05-05 11:29:47 -04:00 | RESTART_FAILED | no live bot process detected after launch
2026-05-05 12:31:15 -04:00 | UNHEALTHY | reason=missing_live_lock,missing_lock_pid,stale_bot_log_139.36min pid=0
2026-05-05 12:31:15 -04:00 | START requested | launcher=C:\Users\organ\Desktop\KALSHI PROBABILITY MODEL BOT\scripts\run_probability_lab_bot_live_size2.ps1 source_workspace=C:\Users\organ\Desktop\KALSHI PROBABILITY MODEL BOT
2026-05-05 12:31:23 -04:00 | RESTART_FAILED | no live bot process detected after launch
2026-05-05 13:32:29 -04:00 | UNHEALTHY | reason=missing_live_lock,missing_lock_pid,stale_bot_log_200.59min pid=0
2026-05-05 13:32:29 -04:00 | START requested | launcher=C:\Users\organ\Desktop\KALSHI PROBABILITY MODEL BOT\scripts\run_probability_lab_bot_live_size2.ps1 source_workspace=C:\Users\organ\Desktop\KALSHI PROBABILITY MODEL BOT
2026-05-05 13:32:37 -04:00 | RESTART_FAILED | no live bot process detected after launch
2026-05-05 14:09:51 -04:00 | UNHEALTHY | reason=missing_live_lock,missing_lock_pid,stale_bot_log_237.95min pid=0
2026-05-05 14:09:51 -04:00 | START requested | launcher=C:\Users\organ\Desktop\KALSHI PROBABILITY MODEL BOT\scripts\run_probability_lab_bot_live_size2.ps1 source_workspace=C:\Users\organ\Desktop\KALSHI PROBABILITY MODEL BOT
2026-05-05 14:09:59 -04:00 | RESTART_FAILED | no live bot process detected after launch
2026-05-05 14:11:32 -04:00 | OK | pid=10128 process=running heartbeat_age_min=0.13
2026-05-05 14:33:50 -04:00 | UNHEALTHY | reason=pid_not_running_10128,stale_bot_log_22.43min pid=10128
2026-05-05 14:33:50 -04:00 | STOP stale bot process | pid=10128
2026-05-05 14:33:50 -04:00 | STOP failed | pid=10128 error=Cannot find a process with the process identifier 10128.
2026-05-05 14:33:50 -04:00 | START requested | launcher=C:\Users\organ\Desktop\KALSHI PROBABILITY MODEL BOT\scripts\run_probability_lab_bot_live_size2.ps1 source_workspace=C:\Users\organ\Desktop\KALSHI PROBABILITY MODEL BOT
2026-05-05 14:33:58 -04:00 | RESTART_FAILED | no live bot process detected after launch
2026-05-05 15:31:35 -04:00 | OK | pid=3356 process=running heartbeat_age_min=0.05
2026-05-05 15:34:29 -04:00 | OK | pid=3356 process=running heartbeat_age_min=0.19
2026-05-05 16:35:39 -04:00 | OK | pid=3356 process=running heartbeat_age_min=0.01
2026-05-05 17:37:22 -04:00 | OK | pid=3356 process=running heartbeat_age_min=0.13
2026-05-05 18:38:12 -04:00 | OK | pid=3356 process=running heartbeat_age_min=0.04
2026-05-05 19:39:43 -04:00 | OK | pid=3356 process=running heartbeat_age_min=0.21
2026-05-05 20:41:02 -04:00 | OK | pid=3356 process=running heartbeat_age_min=0.20
2026-05-05 21:41:39 -04:00 | OK | pid=3356 process=running heartbeat_age_min=0.24
2026-05-05 22:42:19 -04:00 | OK | pid=3356 process=running heartbeat_age_min=0.05
2026-05-05 23:43:08 -04:00 | OK | pid=3356 process=running heartbeat_age_min=0.04
2026-05-06 00:44:29 -04:00 | OK | pid=3356 process=running heartbeat_age_min=0.04
2026-05-06 01:46:18 -04:00 | OK | pid=3356 process=running heartbeat_age_min=0.24
2026-05-06 02:48:03 -04:00 | OK | pid=3356 process=running heartbeat_age_min=0.16
2026-05-06 04:51:30 -04:00 | OK | pid=3356 process=running heartbeat_age_min=0.12
2026-05-06 05:53:35 -04:00 | OK | pid=3356 process=running heartbeat_age_min=0.13
2026-05-06 06:54:47 -04:00 | OK | pid=3356 process=running heartbeat_age_min=0.24
2026-05-06 07:55:30 -04:00 | OK | pid=3356 process=running heartbeat_age_min=0.10
2026-05-06 08:57:39 -04:00 | OK | pid=3356 process=running heartbeat_age_min=0.16
2026-05-06 09:58:55 -04:00 | OK | pid=3356 process=running heartbeat_age_min=0.05
2026-05-06 11:00:48 -04:00 | OK | pid=3356 process=running heartbeat_age_min=0.11
2026-05-06 12:01:36 -04:00 | OK | pid=3356 process=running heartbeat_age_min=0.06
2026-05-06 13:56:37 -04:00 | OK | pid=3356 process=running heartbeat_age_min=0.05
2026-05-06 14:58:38 -04:00 | OK | pid=3356 process=running heartbeat_age_min=0.20
2026-05-06 15:59:04 -04:00 | OK | pid=3356 process=running heartbeat_age_min=0.04
2026-05-06 17:00:48 -04:00 | OK | pid=3356 process=running heartbeat_age_min=0.17
2026-05-06 18:01:12 -04:00 | OK | pid=3356 process=running heartbeat_age_min=0.23
2026-05-06 19:03:23 -04:00 | OK | pid=3356 process=running heartbeat_age_min=0.08
2026-05-06 20:05:25 -04:00 | OK | pid=3356 process=running heartbeat_age_min=0.02
2026-05-06 21:06:53 -04:00 | OK | pid=3356 process=running heartbeat_age_min=0.14
2026-05-06 22:08:25 -04:00 | OK | pid=3356 process=running heartbeat_age_min=0.09
2026-05-06 23:10:00 -04:00 | OK | pid=3356 process=running heartbeat_age_min=0.00
2026-05-07 00:11:06 -04:00 | OK | pid=3356 process=running heartbeat_age_min=0.01
2026-05-07 01:11:36 -04:00 | OK | pid=3356 process=running heartbeat_age_min=0.02
2026-05-07 02:12:18 -04:00 | OK | pid=3356 process=running heartbeat_age_min=0.01
2026-05-07 03:12:28 -04:00 | OK | pid=3356 process=running heartbeat_age_min=0.09
2026-05-07 04:13:50 -04:00 | OK | pid=3356 process=running heartbeat_age_min=0.01
2026-05-07 05:15:04 -04:00 | OK | pid=3356 process=running heartbeat_age_min=0.00
2026-05-07 06:16:09 -04:00 | OK | pid=3356 process=running heartbeat_age_min=0.00
2026-05-07 07:16:52 -04:00 | OK | pid=3356 process=running heartbeat_age_min=0.01
2026-05-07 08:17:42 -04:00 | OK | pid=3356 process=running heartbeat_age_min=0.12
2026-05-07 09:18:01 -04:00 | OK | pid=3356 process=running heartbeat_age_min=0.05
2026-05-07 11:19:58 -04:00 | OK | pid=3356 process=running heartbeat_age_min=0.13
2026-05-07 12:21:46 -04:00 | OK | pid=3356 process=running heartbeat_age_min=0.01
2026-05-07 13:22:21 -04:00 | UNHEALTHY | reason=pid_not_running_3356 pid=3356
2026-05-07 13:22:21 -04:00 | STOP stale bot process | pid=3356
2026-05-07 13:22:21 -04:00 | STOP failed | pid=3356 error=Cannot find a process with the process identifier 3356.
2026-05-07 13:22:21 -04:00 | START requested | launcher=C:\Users\organ\Desktop\KALSHI PROBABILITY MODEL BOT\scripts\run_probability_lab_bot_live_size2.ps1 source_workspace=C:\Users\organ\Desktop\KALSHI PROBABILITY MODEL BOT
2026-05-07 13:22:29 -04:00 | RESTART_FAILED | no live bot process detected after launch
2026-05-07 16:57:16 -04:00 | UNHEALTHY | reason=wrong_live_lock_strategy_mushroom_v28_feature_gate_raw05_recross60_abs085_ask65_size1_live,stale_bot_log_215.26min pid=4972
2026-05-07 16:57:16 -04:00 | CHECK_ONLY | restart skipped
