2026-05-07 21:57:47,103 | INFO | Starting WS bot. run_id=f1d3be96-3a48-4e0d-854c-1ac7e4fc3b6f dry_run=False base_url=https://api.elections.kalshi.com/trade-api/v2 ws_url=wss://api.elections.kalshi.com/trade-api/ws/v2 series=KXBTC15M
2026-05-07 21:57:48,253 | INFO | Watching market KXBTC15M-26MAY072200-00 close_time=2026-05-08T02:00:00Z status=active strike=79778.73 run_id=f1d3be96-3a48-4e0d-854c-1ac7e4fc3b6f
2026-05-07 21:57:48,256 | INFO | Heartbeat | watch=KXBTC15M-26MAY072200-00 yes_bid=None yes_ask=None no_bid=None no_ask=None book_ready=False position=False pending=False dry_run=False trust=cold run_id=f1d3be96-3a48-4e0d-854c-1ac7e4fc3b6f
2026-05-07 21:57:48,404 | INFO | WS connected for KXBTC15M-26MAY072200-00
2026-05-07 21:57:48,436 | INFO | WS subscribed payload: {'type': 'subscribed', 'id': 1, 'msg': {'channel': 'ticker', 'sid': 1}}
2026-05-07 21:57:48,437 | INFO | WS subscribed payload: {'type': 'subscribed', 'id': 1, 'msg': {'channel': 'orderbook_delta', 'sid': 2}}
2026-05-07 21:57:48,439 | INFO | Orderbook snapshot ready for KXBTC15M-26MAY072200-00
2026-05-07 21:57:48,627 | INFO | Mushroom v28 BTC tick stream connected | source=binance_book_ticker url=wss://stream.binance.us:9443/ws/btcusdt@bookTicker
2026-05-07 21:58:01,000 | WARNING | Mushroom v28 BTC tick stream stale. Restarting | age_ms=3062.0 threshold_ms=3000.0 source=binance_book_ticker next_source=binance_trade next_url=wss://stream.binance.us:9443/ws/btcusdt@trade
2026-05-07 21:58:06,015 | INFO | Heartbeat | watch=KXBTC15M-26MAY072200-00 yes_bid=1 yes_ask=2 no_bid=98 no_ask=99 book_ready=True position=False pending=False dry_run=False trust=synced run_id=f1d3be96-3a48-4e0d-854c-1ac7e4fc3b6f
2026-05-07 21:58:06,118 | WARNING | Mushroom v28 BTC tick stream stale. Restarting | age_ms=8187.0 threshold_ms=3000.0 source=binance_book_ticker next_source=coinbase next_url=wss://ws-feed.exchange.coinbase.com
2026-05-07 21:58:06,290 | INFO | Mushroom v28 BTC tick stream connected | source=coinbase url=wss://ws-feed.exchange.coinbase.com
2026-05-07 21:58:09,371 | WARNING | Mushroom v28 BTC tick stream stale. Restarting | age_ms=3046.0 threshold_ms=3000.0 source=coinbase next_source=binance_book_ticker next_url=wss://stream.binance.us:9443/ws/btcusdt@bookTicker
2026-05-07 21:58:09,781 | INFO | Mushroom v28 BTC tick stream connected | source=binance_book_ticker url=wss://stream.binance.us:9443/ws/btcusdt@bookTicker
2026-05-07 21:58:13,136 | WARNING | Mushroom v28 BTC tick stream stale. Restarting | age_ms=3062.0 threshold_ms=3000.0 source=binance_book_ticker next_source=binance_trade next_url=wss://stream.binance.us:9443/ws/btcusdt@trade
2026-05-07 21:58:18,263 | WARNING | Mushroom v28 BTC tick stream stale. Restarting | age_ms=8187.0 threshold_ms=3000.0 source=binance_book_ticker next_source=coinbase next_url=wss://ws-feed.exchange.coinbase.com
2026-05-07 21:58:18,420 | INFO | Mushroom v28 BTC tick stream connected | source=coinbase url=wss://ws-feed.exchange.coinbase.com
2026-05-07 21:58:21,065 | INFO | Heartbeat | watch=KXBTC15M-26MAY072200-00 yes_bid=1 yes_ask=2 no_bid=98 no_ask=99 book_ready=True position=False pending=False dry_run=False trust=synced run_id=f1d3be96-3a48-4e0d-854c-1ac7e4fc3b6f
2026-05-07 21:58:21,578 | WARNING | Mushroom v28 BTC tick stream stale. Restarting | age_ms=3047.0 threshold_ms=3000.0 source=coinbase next_source=binance_book_ticker next_url=wss://stream.binance.us:9443/ws/btcusdt@bookTicker
2026-05-07 21:58:21,920 | INFO | Mushroom v28 BTC tick stream connected | source=binance_book_ticker url=wss://stream.binance.us:9443/ws/btcusdt@bookTicker
2026-05-07 21:58:24,615 | WARNING | Mushroom v28 BTC tick stream stale. Restarting | age_ms=6078.0 threshold_ms=3000.0 source=coinbase next_source=binance_trade next_url=wss://stream.binance.us:9443/ws/btcusdt@trade
2026-05-07 21:58:29,766 | WARNING | Mushroom v28 BTC tick stream stale. Restarting | age_ms=11234.0 threshold_ms=3000.0 source=coinbase next_source=coinbase next_url=wss://ws-feed.exchange.coinbase.com
2026-05-07 21:58:29,943 | INFO | Mushroom v28 BTC tick stream connected | source=coinbase url=wss://ws-feed.exchange.coinbase.com
2026-05-07 21:58:33,014 | WARNING | Mushroom v28 BTC tick stream stale. Restarting | age_ms=3016.0 threshold_ms=3000.0 source=coinbase next_source=binance_book_ticker next_url=wss://stream.binance.us:9443/ws/btcusdt@bookTicker
2026-05-07 21:58:33,416 | INFO | Mushroom v28 BTC tick stream connected | source=binance_book_ticker url=wss://stream.binance.us:9443/ws/btcusdt@bookTicker
2026-05-07 21:58:36,028 | WARNING | Mushroom v28 BTC tick stream stale. Restarting | age_ms=6032.0 threshold_ms=3000.0 source=coinbase next_source=binance_trade next_url=wss://stream.binance.us:9443/ws/btcusdt@trade
2026-05-07 21:58:41,027 | INFO | Heartbeat | watch=KXBTC15M-26MAY072200-00 yes_bid=0 yes_ask=1 no_bid=99 no_ask=100 book_ready=True position=False pending=False dry_run=False trust=synced run_id=f1d3be96-3a48-4e0d-854c-1ac7e4fc3b6f
2026-05-07 21:58:41,327 | WARNING | Mushroom v28 BTC tick stream stale. Restarting | age_ms=11329.0 threshold_ms=3000.0 source=coinbase next_source=coinbase next_url=wss://ws-feed.exchange.coinbase.com
2026-05-07 21:58:41,487 | INFO | Mushroom v28 BTC tick stream connected | source=coinbase url=wss://ws-feed.exchange.coinbase.com
2026-05-07 21:58:44,585 | WARNING | Mushroom v28 BTC tick stream stale. Restarting | age_ms=3015.0 threshold_ms=3000.0 source=coinbase next_source=binance_book_ticker next_url=wss://stream.binance.us:9443/ws/btcusdt@bookTicker
2026-05-07 21:58:44,962 | INFO | Mushroom v28 BTC tick stream connected | source=binance_book_ticker url=wss://stream.binance.us:9443/ws/btcusdt@bookTicker
2026-05-07 21:58:47,630 | WARNING | Mushroom v28 BTC tick stream stale. Restarting | age_ms=6046.0 threshold_ms=3000.0 source=coinbase next_source=binance_trade next_url=wss://stream.binance.us:9443/ws/btcusdt@trade
2026-05-07 21:58:52,729 | WARNING | Mushroom v28 BTC tick stream stale. Restarting | age_ms=11156.0 threshold_ms=3000.0 source=coinbase next_source=coinbase next_url=wss://ws-feed.exchange.coinbase.com
2026-05-07 21:58:52,893 | INFO | Mushroom v28 BTC tick stream connected | source=coinbase url=wss://ws-feed.exchange.coinbase.com
2026-05-07 21:58:56,013 | WARNING | Mushroom v28 BTC tick stream stale. Restarting | age_ms=3047.0 threshold_ms=3000.0 source=coinbase next_source=binance_book_ticker next_url=wss://stream.binance.us:9443/ws/btcusdt@bookTicker
2026-05-07 21:58:56,037 | INFO | Heartbeat | watch=KXBTC15M-26MAY072200-00 yes_bid=0 yes_ask=1 no_bid=99 no_ask=100 book_ready=True position=False pending=False dry_run=False trust=synced run_id=f1d3be96-3a48-4e0d-854c-1ac7e4fc3b6f
2026-05-07 21:58:56,382 | INFO | Mushroom v28 BTC tick stream connected | source=binance_book_ticker url=wss://stream.binance.us:9443/ws/btcusdt@bookTicker
2026-05-07 21:58:59,016 | WARNING | Mushroom v28 BTC tick stream stale. Restarting | age_ms=6047.0 threshold_ms=3000.0 source=coinbase next_source=binance_trade next_url=wss://stream.binance.us:9443/ws/btcusdt@trade
2026-05-07 21:59:04,136 | WARNING | Mushroom v28 BTC tick stream stale. Restarting | age_ms=11172.0 threshold_ms=3000.0 source=coinbase next_source=coinbase next_url=wss://ws-feed.exchange.coinbase.com
2026-05-07 21:59:04,295 | INFO | Mushroom v28 BTC tick stream connected | source=coinbase url=wss://ws-feed.exchange.coinbase.com
2026-05-07 21:59:07,407 | WARNING | Mushroom v28 BTC tick stream stale. Restarting | age_ms=3063.0 threshold_ms=3000.0 source=coinbase next_source=binance_book_ticker next_url=wss://stream.binance.us:9443/ws/btcusdt@bookTicker
2026-05-07 21:59:07,762 | INFO | Mushroom v28 BTC tick stream connected | source=binance_book_ticker url=wss://stream.binance.us:9443/ws/btcusdt@bookTicker
2026-05-07 21:59:10,433 | WARNING | Mushroom v28 BTC tick stream stale. Restarting | age_ms=6094.0 threshold_ms=3000.0 source=coinbase next_source=binance_trade next_url=wss://stream.binance.us:9443/ws/btcusdt@trade
2026-05-07 21:59:15,437 | INFO | Heartbeat | watch=KXBTC15M-26MAY072200-00 yes_bid=0 yes_ask=0 no_bid=100 no_ask=100 book_ready=True position=False pending=False dry_run=False trust=synced run_id=f1d3be96-3a48-4e0d-854c-1ac7e4fc3b6f
2026-05-07 21:59:15,543 | WARNING | Mushroom v28 BTC tick stream stale. Restarting | age_ms=11203.0 threshold_ms=3000.0 source=coinbase next_source=coinbase next_url=wss://ws-feed.exchange.coinbase.com
2026-05-07 21:59:15,715 | INFO | Mushroom v28 BTC tick stream connected | source=coinbase url=wss://ws-feed.exchange.coinbase.com
2026-05-07 21:59:18,882 | WARNING | Mushroom v28 BTC tick stream stale. Restarting | age_ms=3078.0 threshold_ms=3000.0 source=coinbase next_source=binance_book_ticker next_url=wss://stream.binance.us:9443/ws/btcusdt@bookTicker
2026-05-07 21:59:19,306 | INFO | Mushroom v28 BTC tick stream connected | source=binance_book_ticker url=wss://stream.binance.us:9443/ws/btcusdt@bookTicker
2026-05-07 21:59:21,923 | WARNING | Mushroom v28 BTC tick stream stale. Restarting | age_ms=6109.0 threshold_ms=3000.0 source=coinbase next_source=binance_trade next_url=wss://stream.binance.us:9443/ws/btcusdt@trade
2026-05-07 21:59:27,023 | WARNING | Mushroom v28 BTC tick stream stale. Restarting | age_ms=11219.0 threshold_ms=3000.0 source=coinbase next_source=coinbase next_url=wss://ws-feed.exchange.coinbase.com
2026-05-07 21:59:27,180 | INFO | Mushroom v28 BTC tick stream connected | source=coinbase url=wss://ws-feed.exchange.coinbase.com
2026-05-07 21:59:30,303 | WARNING | Mushroom v28 BTC tick stream stale. Restarting | age_ms=3031.0 threshold_ms=3000.0 source=coinbase next_source=binance_book_ticker next_url=wss://stream.binance.us:9443/ws/btcusdt@bookTicker
2026-05-07 21:59:30,432 | INFO | Heartbeat | watch=KXBTC15M-26MAY072200-00 yes_bid=0 yes_ask=0 no_bid=100 no_ask=100 book_ready=True position=False pending=False dry_run=False trust=synced run_id=f1d3be96-3a48-4e0d-854c-1ac7e4fc3b6f
2026-05-07 21:59:30,679 | INFO | Mushroom v28 BTC tick stream connected | source=binance_book_ticker url=wss://stream.binance.us:9443/ws/btcusdt@bookTicker
2026-05-07 21:59:33,336 | WARNING | Mushroom v28 BTC tick stream stale. Restarting | age_ms=6063.0 threshold_ms=3000.0 source=coinbase next_source=binance_trade next_url=wss://stream.binance.us:9443/ws/btcusdt@trade
2026-05-07 21:59:38,435 | WARNING | Mushroom v28 BTC tick stream stale. Restarting | age_ms=11172.0 threshold_ms=3000.0 source=coinbase next_source=coinbase next_url=wss://ws-feed.exchange.coinbase.com
2026-05-07 21:59:38,618 | INFO | Mushroom v28 BTC tick stream connected | source=coinbase url=wss://ws-feed.exchange.coinbase.com
2026-05-07 21:59:41,749 | WARNING | Mushroom v28 BTC tick stream stale. Restarting | age_ms=3031.0 threshold_ms=3000.0 source=coinbase next_source=binance_book_ticker next_url=wss://stream.binance.us:9443/ws/btcusdt@bookTicker
2026-05-07 21:59:42,131 | INFO | Mushroom v28 BTC tick stream connected | source=binance_book_ticker url=wss://stream.binance.us:9443/ws/btcusdt@bookTicker
2026-05-07 21:59:44,792 | WARNING | Mushroom v28 BTC tick stream stale. Restarting | age_ms=6078.0 threshold_ms=3000.0 source=coinbase next_source=binance_trade next_url=wss://stream.binance.us:9443/ws/btcusdt@trade
2026-05-07 21:59:49,814 | INFO | Heartbeat | watch=KXBTC15M-26MAY072200-00 yes_bid=0 yes_ask=0 no_bid=100 no_ask=100 book_ready=True position=False pending=False dry_run=False trust=synced run_id=f1d3be96-3a48-4e0d-854c-1ac7e4fc3b6f
2026-05-07 21:59:49,904 | WARNING | Mushroom v28 BTC tick stream stale. Restarting | age_ms=11188.0 threshold_ms=3000.0 source=coinbase next_source=coinbase next_url=wss://ws-feed.exchange.coinbase.com
2026-05-07 21:59:50,096 | INFO | Mushroom v28 BTC tick stream connected | source=coinbase url=wss://ws-feed.exchange.coinbase.com
2026-05-07 21:59:53,210 | WARNING | Mushroom v28 BTC tick stream stale. Restarting | age_ms=3047.0 threshold_ms=3000.0 source=coinbase next_source=binance_book_ticker next_url=wss://stream.binance.us:9443/ws/btcusdt@bookTicker
2026-05-07 21:59:53,637 | INFO | Mushroom v28 BTC tick stream connected | source=binance_book_ticker url=wss://stream.binance.us:9443/ws/btcusdt@bookTicker
2026-05-07 21:59:56,234 | WARNING | Mushroom v28 BTC tick stream stale. Restarting | age_ms=6078.0 threshold_ms=3000.0 source=coinbase next_source=binance_trade next_url=wss://stream.binance.us:9443/ws/btcusdt@trade
2026-05-07 22:00:01,410 | WARNING | Mushroom v28 BTC tick stream stale. Restarting | age_ms=11250.0 threshold_ms=3000.0 source=coinbase next_source=coinbase next_url=wss://ws-feed.exchange.coinbase.com
2026-05-07 22:00:01,583 | INFO | Mushroom v28 BTC tick stream connected | source=coinbase url=wss://ws-feed.exchange.coinbase.com
2026-05-07 22:00:04,633 | WARNING | Mushroom v28 BTC tick stream stale. Restarting | age_ms=3031.0 threshold_ms=3000.0 source=coinbase next_source=binance_book_ticker next_url=wss://stream.binance.us:9443/ws/btcusdt@bookTicker
2026-05-07 22:00:04,831 | INFO | Heartbeat | watch=KXBTC15M-26MAY072200-00 yes_bid=0 yes_ask=100 no_bid=0 no_ask=100 book_ready=True position=False pending=False dry_run=False trust=synced run_id=f1d3be96-3a48-4e0d-854c-1ac7e4fc3b6f
2026-05-07 22:00:04,980 | INFO | Mushroom v28 BTC tick stream connected | source=binance_book_ticker url=wss://stream.binance.us:9443/ws/btcusdt@bookTicker
2026-05-07 22:00:10,593 | WARNING | Mushroom v28 BTC tick stream stale. Restarting | age_ms=3015.0 threshold_ms=3000.0 source=binance_book_ticker next_source=binance_trade next_url=wss://stream.binance.us:9443/ws/btcusdt@trade
2026-05-07 22:00:12,772 | INFO | Orderbook snapshot ready for KXBTC15M-26MAY072200-00
2026-05-07 22:00:15,715 | INFO | Watching market KXBTC15M-26MAY072215-15 close_time=2026-05-08T02:15:00Z status=active strike=79728.40 run_id=f1d3be96-3a48-4e0d-854c-1ac7e4fc3b6f
2026-05-07 22:00:15,746 | WARNING | Mushroom v28 BTC tick stream stale. Restarting | age_ms=8171.0 threshold_ms=3000.0 source=binance_book_ticker next_source=coinbase next_url=wss://ws-feed.exchange.coinbase.com
2026-05-07 22:00:15,885 | INFO | WS connected for KXBTC15M-26MAY072215-15
2026-05-07 22:00:15,913 | INFO | Mushroom v28 BTC tick stream connected | source=coinbase url=wss://ws-feed.exchange.coinbase.com
2026-05-07 22:00:15,915 | INFO | WS subscribed payload: {'type': 'subscribed', 'id': 2, 'msg': {'channel': 'ticker', 'sid': 1}}
2026-05-07 22:00:15,916 | INFO | WS subscribed payload: {'type': 'subscribed', 'id': 2, 'msg': {'channel': 'orderbook_delta', 'sid': 2}}
2026-05-07 22:00:15,917 | INFO | Orderbook snapshot ready for KXBTC15M-26MAY072215-15
2026-05-07 22:00:18,971 | WARNING | Mushroom v28 BTC tick stream stale. Restarting | age_ms=3015.0 threshold_ms=3000.0 source=coinbase next_source=binance_book_ticker next_url=wss://stream.binance.us:9443/ws/btcusdt@bookTicker
2026-05-07 22:00:19,319 | INFO | Mushroom v28 BTC tick stream connected | source=binance_book_ticker url=wss://stream.binance.us:9443/ws/btcusdt@bookTicker
2026-05-07 22:00:19,835 | INFO | Heartbeat | watch=KXBTC15M-26MAY072215-15 yes_bid=52 yes_ask=54 no_bid=46 no_ask=48 book_ready=True position=False pending=False dry_run=False trust=synced run_id=f1d3be96-3a48-4e0d-854c-1ac7e4fc3b6f
2026-05-07 22:00:21,973 | WARNING | Mushroom v28 BTC tick stream stale. Restarting | age_ms=6015.0 threshold_ms=3000.0 source=coinbase next_source=binance_trade next_url=wss://stream.binance.us:9443/ws/btcusdt@trade
2026-05-07 22:00:27,056 | WARNING | Mushroom v28 BTC tick stream stale. Restarting | age_ms=11093.0 threshold_ms=3000.0 source=coinbase next_source=coinbase next_url=wss://ws-feed.exchange.coinbase.com
2026-05-07 22:00:27,242 | INFO | Mushroom v28 BTC tick stream connected | source=coinbase url=wss://ws-feed.exchange.coinbase.com
2026-05-07 22:00:30,368 | WARNING | Mushroom v28 BTC tick stream stale. Restarting | age_ms=3046.0 threshold_ms=3000.0 source=coinbase next_source=binance_book_ticker next_url=wss://stream.binance.us:9443/ws/btcusdt@bookTicker
2026-05-07 22:00:30,729 | INFO | Mushroom v28 BTC tick stream connected | source=binance_book_ticker url=wss://stream.binance.us:9443/ws/btcusdt@bookTicker
2026-05-07 22:00:33,403 | WARNING | Mushroom v28 BTC tick stream stale. Restarting | age_ms=6078.0 threshold_ms=3000.0 source=coinbase next_source=binance_trade next_url=wss://stream.binance.us:9443/ws/btcusdt@trade
2026-05-07 22:00:38,418 | INFO | Heartbeat | watch=KXBTC15M-26MAY072215-15 yes_bid=52 yes_ask=53 no_bid=47 no_ask=48 book_ready=True position=False pending=False dry_run=False trust=synced run_id=f1d3be96-3a48-4e0d-854c-1ac7e4fc3b6f
