2026-05-09 15:59:56,104 | INFO | Starting WS bot. run_id=76de9d64-4cd4-49c0-9c8b-87d1dd0f88d1 dry_run=False base_url=https://api.elections.kalshi.com/trade-api/v2 ws_url=wss://api.elections.kalshi.com/trade-api/ws/v2 series=KXBTC15M
2026-05-09 15:59:57,284 | INFO | Watching market KXBTC15M-26MAY091600-00 close_time=2026-05-09T20:00:00Z status=active strike=80830.75 run_id=76de9d64-4cd4-49c0-9c8b-87d1dd0f88d1
2026-05-09 15:59:57,399 | INFO | Mushroom v28 phi memory reward update | market=KXBTC15M-26MAY091330-30 result=yes decisions=0 reward_delta=0.00c actual_pnl=-0.51
2026-05-09 15:59:57,496 | INFO | Mushroom v28 phi memory reward update | market=KXBTC15M-26MAY091345-45 result=yes decisions=0 reward_delta=0.00c actual_pnl=0.26
2026-05-09 15:59:57,496 | INFO | Mushroom v28 BTC tick stream connected | source=coinbase url=wss://ws-feed.exchange.coinbase.com
2026-05-09 15:59:57,570 | INFO | Mushroom v28 phi memory reward update | market=KXBTC15M-26MAY091400-00 result=no decisions=0 reward_delta=0.00c actual_pnl=0.32
2026-05-09 15:59:57,652 | INFO | Mushroom v28 phi memory reward update | market=KXBTC15M-26MAY091415-15 result=no decisions=0 reward_delta=0.00c actual_pnl=-1.12
2026-05-09 15:59:57,807 | INFO | Mushroom v28 phi memory reward update | market=KXBTC15M-26MAY091530-30 result=no decisions=0 reward_delta=0.00c actual_pnl=0.17
2026-05-09 15:59:57,856 | INFO | Heartbeat | watch=KXBTC15M-26MAY091600-00 yes_bid=None yes_ask=None no_bid=None no_ask=None book_ready=False position=False pending=False dry_run=False trust=cold run_id=76de9d64-4cd4-49c0-9c8b-87d1dd0f88d1
2026-05-09 15:59:58,000 | INFO | WS connected for KXBTC15M-26MAY091600-00
2026-05-09 15:59:58,028 | INFO | WS subscribed payload: {'type': 'subscribed', 'id': 1, 'msg': {'channel': 'ticker', 'sid': 1}}
2026-05-09 15:59:58,028 | INFO | WS subscribed payload: {'type': 'subscribed', 'id': 1, 'msg': {'channel': 'orderbook_delta', 'sid': 2}}
2026-05-09 15:59:58,028 | INFO | Orderbook snapshot ready for KXBTC15M-26MAY091600-00
2026-05-09 16:00:09,677 | INFO | Orderbook snapshot ready for KXBTC15M-26MAY091600-00
2026-05-09 16:00:12,864 | INFO | Heartbeat | watch=KXBTC15M-26MAY091600-00 yes_bid=0 yes_ask=100 no_bid=0 no_ask=100 book_ready=True position=False pending=False dry_run=False trust=synced run_id=76de9d64-4cd4-49c0-9c8b-87d1dd0f88d1
2026-05-09 16:00:27,865 | INFO | Heartbeat | watch=KXBTC15M-26MAY091600-00 yes_bid=0 yes_ask=100 no_bid=0 no_ask=100 book_ready=True position=False pending=False dry_run=False trust=synced run_id=76de9d64-4cd4-49c0-9c8b-87d1dd0f88d1
2026-05-09 16:00:33,236 | INFO | Watching market KXBTC15M-26MAY091615-15 close_time=2026-05-09T20:15:00Z status=active strike=80903.64 run_id=76de9d64-4cd4-49c0-9c8b-87d1dd0f88d1
2026-05-09 16:00:33,310 | INFO | Mushroom v28 phi memory reward update | market=KXBTC15M-26MAY091600-00 result=yes decisions=0 reward_delta=0.00c actual_pnl=0.0
2026-05-09 16:00:33,375 | INFO | Mushroom v28 phi memory reward update | market=KXBTC15M-26MAY091430-30 result=yes decisions=0 reward_delta=0.00c actual_pnl=-0.54
2026-05-09 16:00:33,433 | INFO | Mushroom v28 phi memory reward update | market=KXBTC15M-26MAY091445-45 result=no decisions=0 reward_delta=0.00c actual_pnl=0.21
2026-05-09 16:00:33,482 | INFO | Mushroom v28 phi memory reward update | market=KXBTC15M-26MAY091545-45 result=yes decisions=0 reward_delta=0.00c actual_pnl=-0.02
2026-05-09 16:00:33,638 | INFO | WS connected for KXBTC15M-26MAY091615-15
2026-05-09 16:00:33,662 | INFO | WS subscribed payload: {'type': 'subscribed', 'id': 2, 'msg': {'channel': 'ticker', 'sid': 1}}
2026-05-09 16:00:33,662 | INFO | WS subscribed payload: {'type': 'subscribed', 'id': 2, 'msg': {'channel': 'orderbook_delta', 'sid': 2}}
2026-05-09 16:00:33,662 | INFO | Orderbook snapshot ready for KXBTC15M-26MAY091615-15
2026-05-09 16:00:41,064 | ERROR | Main loop recoverable error | watch=KXBTC15M-26MAY091615-15 trust=synced run_id=76de9d64-4cd4-49c0-9c8b-87d1dd0f88d1 error=[WinError 5] Access is denied: 'C:\\Users\\organ\\Desktop\\KALSHI PROBABILITY MODEL BOT\\state\\live_mushroom_v28_common_clock_phi_reward_memory_size2_live\\tmp_q9_eiyr' -> 'C:\\Users\\organ\\Desktop\\KALSHI PROBABILITY MODEL BOT\\state\\live_mushroom_v28_common_clock_phi_reward_memory_size2_live\\v28_phi_reward_memory_state.json'
Traceback (most recent call last):
  File "C:\Users\organ\Desktop\KALSHI PROBABILITY MODEL BOT\kalshi_btc15m_bot_ws.py", line 2531, in run
    await self.maybe_check_entry()
  File "C:\Users\organ\Desktop\KALSHI PROBABILITY MODEL BOT\kalshi_btc15m_bot_ws.py", line 3740, in maybe_check_entry
    signal = self.detect_entry_signal()
             ^^^^^^^^^^^^^^^^^^^^^^^^^^
  File "C:\Users\organ\Desktop\KALSHI PROBABILITY MODEL BOT\kalshi_btc15m_bot_ws.py", line 5167, in detect_entry_signal
    return self.detect_mushroom_v28_entry_signal()
           ^^^^^^^^^^^^^^^^^^^^^^^^^^^^^^^^^^^^^^^
  File "C:\Users\organ\Desktop\KALSHI PROBABILITY MODEL BOT\kalshi_btc15m_bot_ws.py", line 4778, in detect_mushroom_v28_entry_signal
    fields = self.build_mushroom_v28_decision_fields(
             ^^^^^^^^^^^^^^^^^^^^^^^^^^^^^^^^^^^^^^^^
  File "C:\Users\organ\Desktop\KALSHI PROBABILITY MODEL BOT\kalshi_btc15m_bot_ws.py", line 4681, in build_mushroom_v28_decision_fields
    fields = self.mushroom_v28_phi_memory.apply_entry(
             ^^^^^^^^^^^^^^^^^^^^^^^^^^^^^^^^^^^^^^^^^
  File "C:\Users\organ\Desktop\KALSHI PROBABILITY MODEL BOT\v28_phi_reward_memory.py", line 508, in apply_entry
    self._record_pending_decision(
  File "C:\Users\organ\Desktop\KALSHI PROBABILITY MODEL BOT\v28_phi_reward_memory.py", line 652, in _record_pending_decision
    self.save()
  File "C:\Users\organ\Desktop\KALSHI PROBABILITY MODEL BOT\v28_phi_reward_memory.py", line 202, in save
    os.replace(tmp_path, self.state_path)
PermissionError: [WinError 5] Access is denied: 'C:\\Users\\organ\\Desktop\\KALSHI PROBABILITY MODEL BOT\\state\\live_mushroom_v28_common_clock_phi_reward_memory_size2_live\\tmp_q9_eiyr' -> 'C:\\Users\\organ\\Desktop\\KALSHI PROBABILITY MODEL BOT\\state\\live_mushroom_v28_common_clock_phi_reward_memory_size2_live\\v28_phi_reward_memory_state.json'
2026-05-09 16:00:42,905 | INFO | Heartbeat | watch=KXBTC15M-26MAY091615-15 yes_bid=59 yes_ask=60 no_bid=40 no_ask=41 book_ready=True position=False pending=False dry_run=False trust=synced run_id=76de9d64-4cd4-49c0-9c8b-87d1dd0f88d1
2026-05-09 16:00:57,950 | INFO | Heartbeat | watch=KXBTC15M-26MAY091615-15 yes_bid=56 yes_ask=57 no_bid=43 no_ask=44 book_ready=True position=False pending=False dry_run=False trust=synced run_id=76de9d64-4cd4-49c0-9c8b-87d1dd0f88d1
2026-05-09 16:01:12,972 | INFO | Heartbeat | watch=KXBTC15M-26MAY091615-15 yes_bid=50 yes_ask=51 no_bid=49 no_ask=50 book_ready=True position=False pending=False dry_run=False trust=synced run_id=76de9d64-4cd4-49c0-9c8b-87d1dd0f88d1
2026-05-09 16:01:28,041 | INFO | Heartbeat | watch=KXBTC15M-26MAY091615-15 yes_bid=47 yes_ask=48 no_bid=52 no_ask=53 book_ready=True position=False pending=False dry_run=False trust=synced run_id=76de9d64-4cd4-49c0-9c8b-87d1dd0f88d1
2026-05-09 16:01:43,072 | INFO | Heartbeat | watch=KXBTC15M-26MAY091615-15 yes_bid=49 yes_ask=50 no_bid=50 no_ask=51 book_ready=True position=False pending=False dry_run=False trust=synced run_id=76de9d64-4cd4-49c0-9c8b-87d1dd0f88d1
2026-05-09 16:01:58,074 | INFO | Heartbeat | watch=KXBTC15M-26MAY091615-15 yes_bid=48 yes_ask=49 no_bid=51 no_ask=52 book_ready=True position=False pending=False dry_run=False trust=synced run_id=76de9d64-4cd4-49c0-9c8b-87d1dd0f88d1
2026-05-09 16:02:13,083 | INFO | Heartbeat | watch=KXBTC15M-26MAY091615-15 yes_bid=49 yes_ask=50 no_bid=50 no_ask=51 book_ready=True position=False pending=False dry_run=False trust=synced run_id=76de9d64-4cd4-49c0-9c8b-87d1dd0f88d1
2026-05-09 16:02:28,110 | INFO | Heartbeat | watch=KXBTC15M-26MAY091615-15 yes_bid=57 yes_ask=58 no_bid=42 no_ask=43 book_ready=True position=False pending=False dry_run=False trust=synced run_id=76de9d64-4cd4-49c0-9c8b-87d1dd0f88d1
2026-05-09 16:02:43,127 | INFO | Heartbeat | watch=KXBTC15M-26MAY091615-15 yes_bid=50 yes_ask=51 no_bid=49 no_ask=50 book_ready=True position=False pending=False dry_run=False trust=synced run_id=76de9d64-4cd4-49c0-9c8b-87d1dd0f88d1
2026-05-09 16:02:58,135 | INFO | Heartbeat | watch=KXBTC15M-26MAY091615-15 yes_bid=48 yes_ask=50 no_bid=50 no_ask=52 book_ready=True position=False pending=False dry_run=False trust=synced run_id=76de9d64-4cd4-49c0-9c8b-87d1dd0f88d1
2026-05-09 16:03:00,875 | INFO | Mushroom v28 BTC REST fallback refreshed stale tick | previous_age_ms=3062.0 threshold_ms=3000.0 source=coinbase_spot_rest
2026-05-09 16:03:01,825 | WARNING | Market reaction error for KXBTC15M-26MAY091615-15: [WinError 5] Access is denied: 'C:\\Users\\organ\\Desktop\\KALSHI PROBABILITY MODEL BOT\\state\\live_mushroom_v28_common_clock_phi_reward_memory_size2_live\\tmppl3f8mcq' -> 'C:\\Users\\organ\\Desktop\\KALSHI PROBABILITY MODEL BOT\\state\\live_mushroom_v28_common_clock_phi_reward_memory_size2_live\\v28_phi_reward_memory_state.json'
2026-05-09 16:03:07,678 | WARNING | Market reaction error for KXBTC15M-26MAY091615-15: [WinError 5] Access is denied: 'C:\\Users\\organ\\Desktop\\KALSHI PROBABILITY MODEL BOT\\state\\live_mushroom_v28_common_clock_phi_reward_memory_size2_live\\tmp_e6d62d0' -> 'C:\\Users\\organ\\Desktop\\KALSHI PROBABILITY MODEL BOT\\state\\live_mushroom_v28_common_clock_phi_reward_memory_size2_live\\v28_phi_reward_memory_state.json'
2026-05-09 16:03:13,173 | INFO | Heartbeat | watch=KXBTC15M-26MAY091615-15 yes_bid=42 yes_ask=43 no_bid=57 no_ask=58 book_ready=True position=False pending=False dry_run=False trust=synced run_id=76de9d64-4cd4-49c0-9c8b-87d1dd0f88d1
2026-05-09 16:03:28,167 | INFO | Heartbeat | watch=KXBTC15M-26MAY091615-15 yes_bid=38 yes_ask=39 no_bid=61 no_ask=62 book_ready=True position=False pending=False dry_run=False trust=synced run_id=76de9d64-4cd4-49c0-9c8b-87d1dd0f88d1
2026-05-09 16:03:33,890 | WARNING | Market reaction error for KXBTC15M-26MAY091615-15: [WinError 5] Access is denied: 'C:\\Users\\organ\\Desktop\\KALSHI PROBABILITY MODEL BOT\\state\\live_mushroom_v28_common_clock_phi_reward_memory_size2_live\\tmpa1pby484' -> 'C:\\Users\\organ\\Desktop\\KALSHI PROBABILITY MODEL BOT\\state\\live_mushroom_v28_common_clock_phi_reward_memory_size2_live\\v28_phi_reward_memory_state.json'
2026-05-09 16:03:33,906 | WARNING | Market reaction error for KXBTC15M-26MAY091615-15: [WinError 5] Access is denied: 'C:\\Users\\organ\\Desktop\\KALSHI PROBABILITY MODEL BOT\\state\\live_mushroom_v28_common_clock_phi_reward_memory_size2_live\\tmpyezwa4hi' -> 'C:\\Users\\organ\\Desktop\\KALSHI PROBABILITY MODEL BOT\\state\\live_mushroom_v28_common_clock_phi_reward_memory_size2_live\\v28_phi_reward_memory_state.json'
2026-05-09 16:03:43,175 | INFO | Heartbeat | watch=KXBTC15M-26MAY091615-15 yes_bid=39 yes_ask=40 no_bid=60 no_ask=61 book_ready=True position=False pending=False dry_run=False trust=synced run_id=76de9d64-4cd4-49c0-9c8b-87d1dd0f88d1
2026-05-09 16:03:58,215 | INFO | Heartbeat | watch=KXBTC15M-26MAY091615-15 yes_bid=30 yes_ask=31 no_bid=69 no_ask=70 book_ready=True position=False pending=False dry_run=False trust=synced run_id=76de9d64-4cd4-49c0-9c8b-87d1dd0f88d1
2026-05-09 16:04:13,237 | INFO | Heartbeat | watch=KXBTC15M-26MAY091615-15 yes_bid=31 yes_ask=32 no_bid=68 no_ask=69 book_ready=True position=False pending=False dry_run=False trust=synced run_id=76de9d64-4cd4-49c0-9c8b-87d1dd0f88d1
2026-05-09 16:04:21,031 | WARNING | Market reaction error for KXBTC15M-26MAY091615-15: [WinError 5] Access is denied: 'C:\\Users\\organ\\Desktop\\KALSHI PROBABILITY MODEL BOT\\state\\live_mushroom_v28_common_clock_phi_reward_memory_size2_live\\tmpxx446f8q' -> 'C:\\Users\\organ\\Desktop\\KALSHI PROBABILITY MODEL BOT\\state\\live_mushroom_v28_common_clock_phi_reward_memory_size2_live\\v28_phi_reward_memory_state.json'
2026-05-09 16:04:28,276 | INFO | Heartbeat | watch=KXBTC15M-26MAY091615-15 yes_bid=38 yes_ask=40 no_bid=60 no_ask=62 book_ready=True position=False pending=False dry_run=False trust=synced run_id=76de9d64-4cd4-49c0-9c8b-87d1dd0f88d1
2026-05-09 16:04:43,270 | INFO | Heartbeat | watch=KXBTC15M-26MAY091615-15 yes_bid=35 yes_ask=36 no_bid=64 no_ask=65 book_ready=True position=False pending=False dry_run=False trust=synced run_id=76de9d64-4cd4-49c0-9c8b-87d1dd0f88d1
2026-05-09 16:04:58,302 | INFO | Heartbeat | watch=KXBTC15M-26MAY091615-15 yes_bid=29 yes_ask=30 no_bid=70 no_ask=71 book_ready=True position=False pending=False dry_run=False trust=synced run_id=76de9d64-4cd4-49c0-9c8b-87d1dd0f88d1
2026-05-09 16:05:13,347 | INFO | Heartbeat | watch=KXBTC15M-26MAY091615-15 yes_bid=28 yes_ask=29 no_bid=71 no_ask=72 book_ready=True position=False pending=False dry_run=False trust=synced run_id=76de9d64-4cd4-49c0-9c8b-87d1dd0f88d1
2026-05-09 16:05:28,353 | INFO | Heartbeat | watch=KXBTC15M-26MAY091615-15 yes_bid=29 yes_ask=30 no_bid=70 no_ask=71 book_ready=True position=False pending=False dry_run=False trust=synced run_id=76de9d64-4cd4-49c0-9c8b-87d1dd0f88d1
2026-05-09 16:05:43,353 | INFO | Heartbeat | watch=KXBTC15M-26MAY091615-15 yes_bid=26 yes_ask=27 no_bid=73 no_ask=74 book_ready=True position=False pending=False dry_run=False trust=synced run_id=76de9d64-4cd4-49c0-9c8b-87d1dd0f88d1
2026-05-09 16:05:54,028 | INFO | Mushroom v28 entry approved | market=KXBTC15M-26MAY091615-15 side=no ask=78c max_buy=78c qty=2 p_side=0.8356 edge=3.062c depth=65 btc_age_ms=141.0 secs_to_close=546.00
2026-05-09 16:05:54,048 | INFO | Execution state | market=KXBTC15M-26MAY091615-15 side=no state=eligible reason=pre_filters_disabled trust=synced run_id=76de9d64-4cd4-49c0-9c8b-87d1dd0f88d1
2026-05-09 16:05:54,056 | INFO | Live fill policy approved | market=KXBTC15M-26MAY091615-15 side=no trigger=78c tif=immediate_or_cancel limit=78c depth=65.00 required=3 book_age_ms=344.0 secs_to_close=546.00 reason=single_shot_abundant_depth
2026-05-09 16:05:54,056 | INFO | ENTRY signal | market=KXBTC15M-26MAY091615-15 action=buy side=no trigger=78c limit=78c qty=2 book_ready=True
2026-05-09 16:05:54,056 | INFO | Execution state | market=KXBTC15M-26MAY091615-15 side=no state=submitting reason=single_shot_abundant_depth trust=synced run_id=76de9d64-4cd4-49c0-9c8b-87d1dd0f88d1
2026-05-09 16:05:54,109 | INFO | ENTRY immediate fill | market=KXBTC15M-26MAY091615-15 side=no qty=2 limit=78c
2026-05-09 16:05:54,109 | INFO | Execution state | market=KXBTC15M-26MAY091615-15 side=no state=filled reason=single_shot_abundant_depth trust=synced run_id=76de9d64-4cd4-49c0-9c8b-87d1dd0f88d1
2026-05-09 16:05:58,351 | INFO | Heartbeat | watch=KXBTC15M-26MAY091615-15 yes_bid=21 yes_ask=22 no_bid=78 no_ask=79 book_ready=True position=True pending=False dry_run=False trust=synced run_id=76de9d64-4cd4-49c0-9c8b-87d1dd0f88d1
2026-05-09 16:06:00,676 | INFO | Mushroom v28 entry approved | market=KXBTC15M-26MAY091615-15 side=no ask=76c max_buy=77c qty=1 p_side=0.8345 edge=4.453c depth=80 btc_age_ms=766.0 secs_to_close=539.34
2026-05-09 16:06:00,700 | INFO | Execution state | market=KXBTC15M-26MAY091615-15 side=no state=eligible reason=pre_filters_disabled trust=synced run_id=76de9d64-4cd4-49c0-9c8b-87d1dd0f88d1
2026-05-09 16:06:00,700 | INFO | Live fill policy approved | market=KXBTC15M-26MAY091615-15 side=no trigger=76c tif=immediate_or_cancel limit=76c depth=80.00 required=2 book_age_ms=31.0 secs_to_close=539.34 reason=single_shot_abundant_depth
2026-05-09 16:06:00,703 | INFO | ENTRY signal | market=KXBTC15M-26MAY091615-15 action=buy side=no trigger=76c limit=76c qty=1 book_ready=True
2026-05-09 16:06:00,703 | INFO | Execution state | market=KXBTC15M-26MAY091615-15 side=no state=submitting reason=single_shot_abundant_depth trust=synced run_id=76de9d64-4cd4-49c0-9c8b-87d1dd0f88d1
2026-05-09 16:06:00,756 | INFO | ENTRY immediate fill | market=KXBTC15M-26MAY091615-15 side=no qty=1 limit=76c
2026-05-09 16:06:00,758 | INFO | Execution state | market=KXBTC15M-26MAY091615-15 side=no state=filled reason=single_shot_abundant_depth trust=synced run_id=76de9d64-4cd4-49c0-9c8b-87d1dd0f88d1
2026-05-09 16:06:13,380 | INFO | Heartbeat | watch=KXBTC15M-26MAY091615-15 yes_bid=21 yes_ask=22 no_bid=78 no_ask=79 book_ready=True position=True pending=False dry_run=False trust=synced run_id=76de9d64-4cd4-49c0-9c8b-87d1dd0f88d1
2026-05-09 16:06:28,419 | INFO | Heartbeat | watch=KXBTC15M-26MAY091615-15 yes_bid=16 yes_ask=17 no_bid=83 no_ask=84 book_ready=True position=True pending=False dry_run=False trust=synced run_id=76de9d64-4cd4-49c0-9c8b-87d1dd0f88d1
2026-05-09 16:06:43,438 | INFO | Heartbeat | watch=KXBTC15M-26MAY091615-15 yes_bid=20 yes_ask=21 no_bid=79 no_ask=80 book_ready=True position=True pending=False dry_run=False trust=synced run_id=76de9d64-4cd4-49c0-9c8b-87d1dd0f88d1
2026-05-09 16:06:44,678 | INFO | EXIT signal | market=KXBTC15M-26MAY091615-15 action=sell side=no trigger=76c limit=76c qty=2 book_ready=True mode=single_shot_ioc slices=1 attempt=0
2026-05-09 16:06:44,687 | INFO | Latency | purpose=exit feed_age_ms=-230.5 local_reaction_ms=16.0 trigger_seen_at=2026-05-09T20:06:44.687470+00:00 market_msg_time=2026-05-09T20:06:44.917988Z
2026-05-09 16:06:44,687 | INFO | Exit plan approved | market=KXBTC15M-26MAY091615-15 side=no trigger=76c limit=76c top_bid=76 depth=90.00 required=2 book_age_ms=16.0 secs_to_close=495.34 reason=mushroom_v28_probability_reduce_single_shot_visible_depth mode=single_shot_ioc attempt=0
2026-05-09 16:06:44,740 | INFO | EXIT fill | market=KXBTC15M-26MAY091615-15 side=no slice=1/1 qty=2 cumulative=2/2 remaining=1
2026-05-09 16:06:44,764 | INFO | EXIT signal | market=KXBTC15M-26MAY091615-15 action=sell side=no trigger=76c limit=76c qty=1 book_ready=True mode=single_shot_ioc slices=1 attempt=0
2026-05-09 16:06:44,766 | INFO | Latency | purpose=exit feed_age_ms=-151.9 local_reaction_ms=94.0 trigger_seen_at=2026-05-09T20:06:44.766128+00:00 market_msg_time=2026-05-09T20:06:44.917988Z
2026-05-09 16:06:44,766 | INFO | Exit plan approved | market=KXBTC15M-26MAY091615-15 side=no trigger=76c limit=76c top_bid=76 depth=90.00 required=1 book_age_ms=78.0 secs_to_close=495.25 reason=mushroom_v28_probability_reduce_single_shot_visible_depth mode=single_shot_ioc attempt=0
2026-05-09 16:06:44,813 | INFO | EXIT fill | market=KXBTC15M-26MAY091615-15 side=no slice=1/1 qty=1 cumulative=1/1 remaining=0
2026-05-09 16:06:46,718 | INFO | Mushroom v28 entry approved | market=KXBTC15M-26MAY091615-15 side=no ask=83c max_buy=83c qty=2 p_side=0.8855 edge=3.551c depth=1006 btc_age_ms=62.0 secs_to_close=493.31
2026-05-09 16:06:46,742 | INFO | Execution state | market=KXBTC15M-26MAY091615-15 side=no state=eligible reason=pre_filters_disabled trust=synced run_id=76de9d64-4cd4-49c0-9c8b-87d1dd0f88d1
2026-05-09 16:06:46,742 | INFO | Live fill policy approved | market=KXBTC15M-26MAY091615-15 side=no trigger=83c tif=immediate_or_cancel limit=83c depth=1006.00 required=3 book_age_ms=0.0 secs_to_close=493.31 reason=single_shot_abundant_depth
2026-05-09 16:06:46,742 | INFO | ENTRY signal | market=KXBTC15M-26MAY091615-15 action=buy side=no trigger=83c limit=83c qty=2 book_ready=True
2026-05-09 16:06:46,744 | INFO | Execution state | market=KXBTC15M-26MAY091615-15 side=no state=submitting reason=single_shot_abundant_depth trust=synced run_id=76de9d64-4cd4-49c0-9c8b-87d1dd0f88d1
2026-05-09 16:06:46,793 | INFO | ENTRY immediate fill | market=KXBTC15M-26MAY091615-15 side=no qty=2 limit=83c
2026-05-09 16:06:46,795 | INFO | Execution state | market=KXBTC15M-26MAY091615-15 side=no state=filled reason=single_shot_abundant_depth trust=synced run_id=76de9d64-4cd4-49c0-9c8b-87d1dd0f88d1
2026-05-09 16:06:46,803 | INFO | Mushroom v28 entry approved | market=KXBTC15M-26MAY091615-15 side=no ask=83c max_buy=83c qty=1 p_side=0.8888 edge=3.885c depth=1001 btc_age_ms=47.0 secs_to_close=493.20
2026-05-09 16:06:46,825 | INFO | Execution state | market=KXBTC15M-26MAY091615-15 side=no state=eligible reason=pre_filters_disabled trust=synced run_id=76de9d64-4cd4-49c0-9c8b-87d1dd0f88d1
2026-05-09 16:06:46,825 | INFO | Live fill policy approved | market=KXBTC15M-26MAY091615-15 side=no trigger=83c tif=immediate_or_cancel limit=83c depth=1001.00 required=2 book_age_ms=94.0 secs_to_close=493.20 reason=single_shot_abundant_depth
2026-05-09 16:06:46,828 | INFO | ENTRY signal | market=KXBTC15M-26MAY091615-15 action=buy side=no trigger=83c limit=83c qty=1 book_ready=True
2026-05-09 16:06:46,828 | INFO | Execution state | market=KXBTC15M-26MAY091615-15 side=no state=submitting reason=single_shot_abundant_depth trust=synced run_id=76de9d64-4cd4-49c0-9c8b-87d1dd0f88d1
2026-05-09 16:06:46,876 | INFO | ENTRY immediate fill | market=KXBTC15M-26MAY091615-15 side=no qty=1 limit=83c
2026-05-09 16:06:46,876 | INFO | Execution state | market=KXBTC15M-26MAY091615-15 side=no state=filled reason=single_shot_abundant_depth trust=synced run_id=76de9d64-4cd4-49c0-9c8b-87d1dd0f88d1
2026-05-09 16:06:58,443 | INFO | Heartbeat | watch=KXBTC15M-26MAY091615-15 yes_bid=19 yes_ask=20 no_bid=80 no_ask=81 book_ready=True position=True pending=False dry_run=False trust=synced run_id=76de9d64-4cd4-49c0-9c8b-87d1dd0f88d1
2026-05-09 16:07:13,445 | INFO | Heartbeat | watch=KXBTC15M-26MAY091615-15 yes_bid=21 yes_ask=23 no_bid=77 no_ask=79 book_ready=True position=True pending=False dry_run=False trust=synced run_id=76de9d64-4cd4-49c0-9c8b-87d1dd0f88d1
2026-05-09 16:07:17,687 | INFO | EXIT signal | market=KXBTC15M-26MAY091615-15 action=sell side=no trigger=76c limit=76c qty=2 book_ready=True mode=single_shot_ioc slices=1 attempt=0
2026-05-09 16:07:17,698 | INFO | Latency | purpose=exit feed_age_ms=-309.7 local_reaction_ms=31.0 trigger_seen_at=2026-05-09T20:07:17.698280+00:00 market_msg_time=2026-05-09T20:07:18.007972Z
2026-05-09 16:07:17,698 | INFO | Exit plan approved | market=KXBTC15M-26MAY091615-15 side=no trigger=76c limit=76c top_bid=76 depth=208.73 required=2 book_age_ms=0.0 secs_to_close=462.34 reason=mushroom_v28_probability_reduce_single_shot_visible_depth mode=single_shot_ioc attempt=0
2026-05-09 16:07:17,744 | INFO | EXIT fill | market=KXBTC15M-26MAY091615-15 side=no slice=1/1 qty=2 cumulative=2/2 remaining=1
2026-05-09 16:07:17,769 | INFO | EXIT signal | market=KXBTC15M-26MAY091615-15 action=sell side=no trigger=76c limit=76c qty=1 book_ready=True mode=single_shot_ioc slices=1 attempt=0
2026-05-09 16:07:17,769 | INFO | Latency | purpose=exit feed_age_ms=-238.9 local_reaction_ms=94.0 trigger_seen_at=2026-05-09T20:07:17.769047+00:00 market_msg_time=2026-05-09T20:07:18.007972Z
2026-05-09 16:07:17,771 | INFO | Exit plan approved | market=KXBTC15M-26MAY091615-15 side=no trigger=76c limit=76c top_bid=76 depth=723.73 required=1 book_age_ms=94.0 secs_to_close=462.24 reason=mushroom_v28_probability_reduce_single_shot_visible_depth mode=single_shot_ioc attempt=0
2026-05-09 16:07:17,838 | INFO | EXIT fill | market=KXBTC15M-26MAY091615-15 side=no slice=1/1 qty=1 cumulative=1/1 remaining=0
2026-05-09 16:07:28,513 | INFO | Heartbeat | watch=KXBTC15M-26MAY091615-15 yes_bid=22 yes_ask=23 no_bid=77 no_ask=78 book_ready=True position=False pending=False dry_run=False trust=synced run_id=76de9d64-4cd4-49c0-9c8b-87d1dd0f88d1
2026-05-09 16:07:43,517 | INFO | Heartbeat | watch=KXBTC15M-26MAY091615-15 yes_bid=22 yes_ask=23 no_bid=77 no_ask=78 book_ready=True position=False pending=False dry_run=False trust=synced run_id=76de9d64-4cd4-49c0-9c8b-87d1dd0f88d1
2026-05-09 16:07:58,562 | INFO | Heartbeat | watch=KXBTC15M-26MAY091615-15 yes_bid=15 yes_ask=16 no_bid=84 no_ask=85 book_ready=True position=False pending=False dry_run=False trust=synced run_id=76de9d64-4cd4-49c0-9c8b-87d1dd0f88d1
2026-05-09 16:08:12,214 | ERROR | Main loop recoverable error | watch=KXBTC15M-26MAY091615-15 trust=synced run_id=76de9d64-4cd4-49c0-9c8b-87d1dd0f88d1 error=[WinError 5] Access is denied: 'C:\\Users\\organ\\Desktop\\KALSHI PROBABILITY MODEL BOT\\state\\live_mushroom_v28_common_clock_phi_reward_memory_size2_live\\tmpbevex9yz' -> 'C:\\Users\\organ\\Desktop\\KALSHI PROBABILITY MODEL BOT\\state\\live_mushroom_v28_common_clock_phi_reward_memory_size2_live\\v28_phi_reward_memory_state.json'
Traceback (most recent call last):
  File "C:\Users\organ\Desktop\KALSHI PROBABILITY MODEL BOT\kalshi_btc15m_bot_ws.py", line 2531, in run
    await self.maybe_check_entry()
  File "C:\Users\organ\Desktop\KALSHI PROBABILITY MODEL BOT\kalshi_btc15m_bot_ws.py", line 3740, in maybe_check_entry
    signal = self.detect_entry_signal()
             ^^^^^^^^^^^^^^^^^^^^^^^^^^
  File "C:\Users\organ\Desktop\KALSHI PROBABILITY MODEL BOT\kalshi_btc15m_bot_ws.py", line 5167, in detect_entry_signal
    return self.detect_mushroom_v28_entry_signal()
           ^^^^^^^^^^^^^^^^^^^^^^^^^^^^^^^^^^^^^^^
  File "C:\Users\organ\Desktop\KALSHI PROBABILITY MODEL BOT\kalshi_btc15m_bot_ws.py", line 4778, in detect_mushroom_v28_entry_signal
    fields = self.build_mushroom_v28_decision_fields(
             ^^^^^^^^^^^^^^^^^^^^^^^^^^^^^^^^^^^^^^^^
  File "C:\Users\organ\Desktop\KALSHI PROBABILITY MODEL BOT\kalshi_btc15m_bot_ws.py", line 4681, in build_mushroom_v28_decision_fields
    fields = self.mushroom_v28_phi_memory.apply_entry(
             ^^^^^^^^^^^^^^^^^^^^^^^^^^^^^^^^^^^^^^^^^
  File "C:\Users\organ\Desktop\KALSHI PROBABILITY MODEL BOT\v28_phi_reward_memory.py", line 508, in apply_entry
    if action == "explore" and enforced:
  File "C:\Users\organ\Desktop\KALSHI PROBABILITY MODEL BOT\v28_phi_reward_memory.py", line 652, in _record_pending_decision
    "fee_cents_per_contract": coerce_float(fields.get("mushroom_v28_exit_fee_cents"), 0.0),
    ^^^^^^^^^^^
  File "C:\Users\organ\Desktop\KALSHI PROBABILITY MODEL BOT\v28_phi_reward_memory.py", line 202, in save
    "w",
PermissionError: [WinError 5] Access is denied: 'C:\\Users\\organ\\Desktop\\KALSHI PROBABILITY MODEL BOT\\state\\live_mushroom_v28_common_clock_phi_reward_memory_size2_live\\tmpbevex9yz' -> 'C:\\Users\\organ\\Desktop\\KALSHI PROBABILITY MODEL BOT\\state\\live_mushroom_v28_common_clock_phi_reward_memory_size2_live\\v28_phi_reward_memory_state.json'
2026-05-09 16:08:13,586 | INFO | Heartbeat | watch=KXBTC15M-26MAY091615-15 yes_bid=10 yes_ask=11 no_bid=89 no_ask=90 book_ready=True position=False pending=False dry_run=False trust=synced run_id=76de9d64-4cd4-49c0-9c8b-87d1dd0f88d1
2026-05-09 16:08:28,643 | INFO | Heartbeat | watch=KXBTC15M-26MAY091615-15 yes_bid=9 yes_ask=10 no_bid=90 no_ask=91 book_ready=True position=False pending=False dry_run=False trust=synced run_id=76de9d64-4cd4-49c0-9c8b-87d1dd0f88d1
2026-05-09 16:08:43,678 | INFO | Heartbeat | watch=KXBTC15M-26MAY091615-15 yes_bid=10 yes_ask=10 no_bid=90 no_ask=90 book_ready=True position=False pending=False dry_run=False trust=synced run_id=76de9d64-4cd4-49c0-9c8b-87d1dd0f88d1
2026-05-09 16:08:58,726 | INFO | Heartbeat | watch=KXBTC15M-26MAY091615-15 yes_bid=14 yes_ask=16 no_bid=84 no_ask=86 book_ready=True position=False pending=False dry_run=False trust=synced run_id=76de9d64-4cd4-49c0-9c8b-87d1dd0f88d1
2026-05-09 16:09:13,751 | INFO | Heartbeat | watch=KXBTC15M-26MAY091615-15 yes_bid=13 yes_ask=14 no_bid=86 no_ask=87 book_ready=True position=False pending=False dry_run=False trust=synced run_id=76de9d64-4cd4-49c0-9c8b-87d1dd0f88d1
2026-05-09 16:09:16,111 | WARNING | Market reaction error for KXBTC15M-26MAY091615-15: [WinError 5] Access is denied: 'C:\\Users\\organ\\Desktop\\KALSHI PROBABILITY MODEL BOT\\state\\live_mushroom_v28_common_clock_phi_reward_memory_size2_live\\tmp78azf8sv' -> 'C:\\Users\\organ\\Desktop\\KALSHI PROBABILITY MODEL BOT\\state\\live_mushroom_v28_common_clock_phi_reward_memory_size2_live\\v28_phi_reward_memory_state.json'
2026-05-09 16:09:28,770 | INFO | Heartbeat | watch=KXBTC15M-26MAY091615-15 yes_bid=13 yes_ask=14 no_bid=86 no_ask=87 book_ready=True position=False pending=False dry_run=False trust=synced run_id=76de9d64-4cd4-49c0-9c8b-87d1dd0f88d1
2026-05-09 16:09:43,789 | INFO | Heartbeat | watch=KXBTC15M-26MAY091615-15 yes_bid=11 yes_ask=12 no_bid=88 no_ask=89 book_ready=True position=False pending=False dry_run=False trust=synced run_id=76de9d64-4cd4-49c0-9c8b-87d1dd0f88d1
2026-05-09 16:09:58,841 | INFO | Heartbeat | watch=KXBTC15M-26MAY091615-15 yes_bid=10 yes_ask=11 no_bid=89 no_ask=90 book_ready=True position=False pending=False dry_run=False trust=synced run_id=76de9d64-4cd4-49c0-9c8b-87d1dd0f88d1
2026-05-09 16:10:07,779 | INFO | Mushroom v28 entry approved | market=KXBTC15M-26MAY091615-15 side=yes ask=10c max_buy=12c qty=2 p_side=0.1721 edge=5.209c depth=66.24 btc_age_ms=250.0 secs_to_close=292.24
2026-05-09 16:10:07,813 | INFO | Execution state | market=KXBTC15M-26MAY091615-15 side=yes state=eligible reason=pre_filters_disabled trust=synced run_id=76de9d64-4cd4-49c0-9c8b-87d1dd0f88d1
2026-05-09 16:10:07,816 | INFO | Live fill policy approved | market=KXBTC15M-26MAY091615-15 side=yes trigger=10c tif=immediate_or_cancel limit=10c depth=66.24 required=3 book_age_ms=94.0 secs_to_close=292.24 reason=single_shot_abundant_depth
2026-05-09 16:10:07,816 | INFO | ENTRY signal | market=KXBTC15M-26MAY091615-15 action=buy side=yes trigger=10c limit=10c qty=2 book_ready=True
2026-05-09 16:10:07,818 | INFO | Execution state | market=KXBTC15M-26MAY091615-15 side=yes state=submitting reason=single_shot_abundant_depth trust=synced run_id=76de9d64-4cd4-49c0-9c8b-87d1dd0f88d1
2026-05-09 16:10:07,861 | INFO | Execution state | market=KXBTC15M-26MAY091615-15 side=yes state=abandoned reason=zero_fill trust=synced run_id=76de9d64-4cd4-49c0-9c8b-87d1dd0f88d1
2026-05-09 16:10:07,908 | INFO | Mushroom v28 entry approved | market=KXBTC15M-26MAY091615-15 side=yes ask=11c max_buy=12c qty=2 p_side=0.1721 edge=4.207c depth=436.35 btc_age_ms=375.0 secs_to_close=292.11
2026-05-09 16:10:07,935 | INFO | Execution state | market=KXBTC15M-26MAY091615-15 side=yes state=eligible reason=pre_filters_disabled trust=synced run_id=76de9d64-4cd4-49c0-9c8b-87d1dd0f88d1
2026-05-09 16:10:07,935 | INFO | Live fill policy approved | market=KXBTC15M-26MAY091615-15 side=yes trigger=11c tif=immediate_or_cancel limit=11c depth=436.35 required=3 book_age_ms=219.0 secs_to_close=292.11 reason=single_shot_abundant_depth
2026-05-09 16:10:07,937 | INFO | ENTRY signal | market=KXBTC15M-26MAY091615-15 action=buy side=yes trigger=11c limit=11c qty=2 book_ready=True
2026-05-09 16:10:07,937 | INFO | Execution state | market=KXBTC15M-26MAY091615-15 side=yes state=submitting reason=single_shot_abundant_depth trust=synced run_id=76de9d64-4cd4-49c0-9c8b-87d1dd0f88d1
2026-05-09 16:10:07,989 | INFO | ENTRY immediate fill | market=KXBTC15M-26MAY091615-15 side=yes qty=2 limit=11c
2026-05-09 16:10:07,989 | INFO | Execution state | market=KXBTC15M-26MAY091615-15 side=yes state=filled reason=single_shot_abundant_depth trust=synced run_id=76de9d64-4cd4-49c0-9c8b-87d1dd0f88d1
2026-05-09 16:10:08,005 | INFO | Mushroom v28 entry approved | market=KXBTC15M-26MAY091615-15 side=yes ask=11c max_buy=12c qty=1 p_side=0.1720 edge=4.205c depth=436.35 btc_age_ms=484.0 secs_to_close=292.00
2026-05-09 16:10:08,029 | INFO | Execution state | market=KXBTC15M-26MAY091615-15 side=yes state=eligible reason=pre_filters_disabled trust=synced run_id=76de9d64-4cd4-49c0-9c8b-87d1dd0f88d1
2026-05-09 16:10:08,029 | INFO | Live fill policy approved | market=KXBTC15M-26MAY091615-15 side=yes trigger=11c tif=immediate_or_cancel limit=11c depth=436.35 required=2 book_age_ms=328.0 secs_to_close=292.00 reason=single_shot_abundant_depth
2026-05-09 16:10:08,031 | INFO | ENTRY signal | market=KXBTC15M-26MAY091615-15 action=buy side=yes trigger=11c limit=11c qty=1 book_ready=True
2026-05-09 16:10:08,031 | INFO | Execution state | market=KXBTC15M-26MAY091615-15 side=yes state=submitting reason=single_shot_abundant_depth trust=synced run_id=76de9d64-4cd4-49c0-9c8b-87d1dd0f88d1
2026-05-09 16:10:08,079 | INFO | ENTRY immediate fill | market=KXBTC15M-26MAY091615-15 side=yes qty=1 limit=11c
2026-05-09 16:10:08,079 | INFO | Execution state | market=KXBTC15M-26MAY091615-15 side=yes state=filled reason=single_shot_abundant_depth trust=synced run_id=76de9d64-4cd4-49c0-9c8b-87d1dd0f88d1
2026-05-09 16:10:13,880 | INFO | Heartbeat | watch=KXBTC15M-26MAY091615-15 yes_bid=9 yes_ask=10 no_bid=90 no_ask=91 book_ready=True position=True pending=False dry_run=False trust=synced run_id=76de9d64-4cd4-49c0-9c8b-87d1dd0f88d1
2026-05-09 16:10:28,886 | INFO | Heartbeat | watch=KXBTC15M-26MAY091615-15 yes_bid=8 yes_ask=9 no_bid=91 no_ask=92 book_ready=True position=True pending=False dry_run=False trust=synced run_id=76de9d64-4cd4-49c0-9c8b-87d1dd0f88d1
2026-05-09 16:10:38,685 | INFO | EXIT signal | market=KXBTC15M-26MAY091615-15 action=sell side=yes trigger=9c limit=9c qty=3 book_ready=True mode=single_shot_ioc slices=1 attempt=0
2026-05-09 16:10:38,694 | INFO | Latency | purpose=exit feed_age_ms=457.6 local_reaction_ms=31.0 trigger_seen_at=2026-05-09T20:10:38.694717+00:00 market_msg_time=2026-05-09T20:10:38.237116Z
2026-05-09 16:10:38,696 | INFO | Exit plan approved | market=KXBTC15M-26MAY091615-15 side=yes trigger=9c limit=9c top_bid=9 depth=293.00 required=3 book_age_ms=16.0 secs_to_close=261.34 reason=mushroom_v28_exit_value_over_hold_single_shot_visible_depth mode=single_shot_ioc attempt=0
2026-05-09 16:10:39,676 | INFO | EXIT signal | market=KXBTC15M-26MAY091615-15 action=sell side=yes trigger=9c limit=9c qty=3 book_ready=True mode=single_shot_ioc slices=1 attempt=0
2026-05-09 16:10:39,678 | INFO | Latency | purpose=exit feed_age_ms=-363.4 local_reaction_ms=16.0 trigger_seen_at=2026-05-09T20:10:39.678724+00:00 market_msg_time=2026-05-09T20:10:40.042139Z
2026-05-09 16:10:39,678 | INFO | Exit plan approved | market=KXBTC15M-26MAY091615-15 side=yes trigger=9c limit=9c top_bid=9 depth=37.00 required=3 book_age_ms=31.0 secs_to_close=260.34 reason=mushroom_v28_exit_value_over_hold_single_shot_visible_depth mode=single_shot_ioc attempt=0
2026-05-09 16:10:40,677 | INFO | EXIT signal | market=KXBTC15M-26MAY091615-15 action=sell side=yes trigger=9c limit=9c qty=3 book_ready=True mode=single_shot_ioc slices=1 attempt=0
2026-05-09 16:10:40,686 | INFO | Latency | purpose=exit feed_age_ms=-110.4 local_reaction_ms=16.0 trigger_seen_at=2026-05-09T20:10:40.686778+00:00 market_msg_time=2026-05-09T20:10:40.797153Z
2026-05-09 16:10:40,686 | INFO | Exit plan approved | market=KXBTC15M-26MAY091615-15 side=yes trigger=9c limit=9c top_bid=9 depth=14.36 required=3 book_age_ms=31.0 secs_to_close=259.34 reason=mushroom_v28_exit_value_over_hold_single_shot_visible_depth mode=single_shot_ioc attempt=0
2026-05-09 16:10:41,674 | INFO | EXIT signal | market=KXBTC15M-26MAY091615-15 action=sell side=yes trigger=9c limit=9c qty=3 book_ready=True mode=single_shot_ioc slices=1 attempt=0
2026-05-09 16:10:41,684 | INFO | Latency | purpose=exit feed_age_ms=-74.3 local_reaction_ms=32.0 trigger_seen_at=2026-05-09T20:10:41.684029+00:00 market_msg_time=2026-05-09T20:10:41.758322Z
2026-05-09 16:10:41,685 | INFO | Exit plan approved | market=KXBTC15M-26MAY091615-15 side=yes trigger=9c limit=9c top_bid=9 depth=37.36 required=3 book_age_ms=31.0 secs_to_close=258.34 reason=mushroom_v28_exit_value_over_hold_single_shot_visible_depth mode=single_shot_ioc attempt=0
2026-05-09 16:10:42,674 | INFO | EXIT signal | market=KXBTC15M-26MAY091615-15 action=sell side=yes trigger=8c limit=8c qty=3 book_ready=True mode=single_shot_ioc slices=1 attempt=0
2026-05-09 16:10:42,685 | INFO | Latency | purpose=exit feed_age_ms=-353.4 local_reaction_ms=32.0 trigger_seen_at=2026-05-09T20:10:42.685171+00:00 market_msg_time=2026-05-09T20:10:43.038619Z
2026-05-09 16:10:42,687 | INFO | Exit plan approved | market=KXBTC15M-26MAY091615-15 side=yes trigger=8c limit=8c top_bid=8 depth=537.46 required=3 book_age_ms=15.0 secs_to_close=257.34 reason=mushroom_v28_exit_value_over_hold_single_shot_visible_depth mode=single_shot_ioc attempt=0
2026-05-09 16:10:42,735 | INFO | EXIT fill | market=KXBTC15M-26MAY091615-15 side=yes slice=1/1 qty=3 cumulative=3/3 remaining=0
2026-05-09 16:10:43,924 | INFO | Heartbeat | watch=KXBTC15M-26MAY091615-15 yes_bid=8 yes_ask=9 no_bid=91 no_ask=92 book_ready=True position=False pending=False dry_run=False trust=synced run_id=76de9d64-4cd4-49c0-9c8b-87d1dd0f88d1
2026-05-09 16:10:58,959 | INFO | Heartbeat | watch=KXBTC15M-26MAY091615-15 yes_bid=7 yes_ask=7 no_bid=93 no_ask=93 book_ready=True position=False pending=False dry_run=False trust=synced run_id=76de9d64-4cd4-49c0-9c8b-87d1dd0f88d1
2026-05-09 16:11:07,367 | INFO | Mushroom v28 entry approved | market=KXBTC15M-26MAY091615-15 side=yes ask=7c max_buy=10c qty=2 p_side=0.1459 edge=6.090c depth=724.81 btc_age_ms=46.0 secs_to_close=232.65
2026-05-09 16:11:07,393 | INFO | Execution state | market=KXBTC15M-26MAY091615-15 side=yes state=eligible reason=pre_filters_disabled trust=synced run_id=76de9d64-4cd4-49c0-9c8b-87d1dd0f88d1
2026-05-09 16:11:07,395 | INFO | Live fill policy approved | market=KXBTC15M-26MAY091615-15 side=yes trigger=7c tif=immediate_or_cancel limit=7c depth=724.81 required=3 book_age_ms=671.0 secs_to_close=232.65 reason=single_shot_abundant_depth
2026-05-09 16:11:07,397 | INFO | ENTRY signal | market=KXBTC15M-26MAY091615-15 action=buy side=yes trigger=7c limit=7c qty=2 book_ready=True
2026-05-09 16:11:07,397 | INFO | Execution state | market=KXBTC15M-26MAY091615-15 side=yes state=submitting reason=single_shot_abundant_depth trust=synced run_id=76de9d64-4cd4-49c0-9c8b-87d1dd0f88d1
2026-05-09 16:11:07,453 | INFO | ENTRY immediate fill | market=KXBTC15M-26MAY091615-15 side=yes qty=2 limit=7c
2026-05-09 16:11:07,455 | INFO | Execution state | market=KXBTC15M-26MAY091615-15 side=yes state=filled reason=single_shot_abundant_depth trust=synced run_id=76de9d64-4cd4-49c0-9c8b-87d1dd0f88d1
2026-05-09 16:11:07,683 | INFO | Mushroom v28 entry approved | market=KXBTC15M-26MAY091615-15 side=yes ask=7c max_buy=9c qty=1 p_side=0.1458 edge=5.584c depth=722.81 btc_age_ms=359.0 secs_to_close=232.33
2026-05-09 16:11:07,717 | INFO | Execution state | market=KXBTC15M-26MAY091615-15 side=yes state=eligible reason=pre_filters_disabled trust=synced run_id=76de9d64-4cd4-49c0-9c8b-87d1dd0f88d1
2026-05-09 16:11:07,717 | INFO | Live fill policy approved | market=KXBTC15M-26MAY091615-15 side=yes trigger=7c tif=immediate_or_cancel limit=7c depth=722.81 required=2 book_age_ms=0.0 secs_to_close=232.33 reason=single_shot_abundant_depth
2026-05-09 16:11:07,719 | INFO | ENTRY signal | market=KXBTC15M-26MAY091615-15 action=buy side=yes trigger=7c limit=7c qty=1 book_ready=True
2026-05-09 16:11:07,721 | INFO | Execution state | market=KXBTC15M-26MAY091615-15 side=yes state=submitting reason=single_shot_abundant_depth trust=synced run_id=76de9d64-4cd4-49c0-9c8b-87d1dd0f88d1
2026-05-09 16:11:07,774 | INFO | ENTRY immediate fill | market=KXBTC15M-26MAY091615-15 side=yes qty=1 limit=7c
2026-05-09 16:11:07,776 | INFO | Execution state | market=KXBTC15M-26MAY091615-15 side=yes state=filled reason=single_shot_abundant_depth trust=synced run_id=76de9d64-4cd4-49c0-9c8b-87d1dd0f88d1
2026-05-09 16:11:13,993 | INFO | Heartbeat | watch=KXBTC15M-26MAY091615-15 yes_bid=6 yes_ask=7 no_bid=93 no_ask=94 book_ready=True position=True pending=False dry_run=False trust=synced run_id=76de9d64-4cd4-49c0-9c8b-87d1dd0f88d1
2026-05-09 16:11:29,027 | INFO | Heartbeat | watch=KXBTC15M-26MAY091615-15 yes_bid=5 yes_ask=6 no_bid=94 no_ask=95 book_ready=True position=True pending=False dry_run=False trust=synced run_id=76de9d64-4cd4-49c0-9c8b-87d1dd0f88d1
2026-05-09 16:11:37,803 | INFO | EXIT signal | market=KXBTC15M-26MAY091615-15 action=sell side=yes trigger=5c limit=5c qty=3 book_ready=True mode=single_shot_ioc slices=1 attempt=0
2026-05-09 16:11:37,813 | INFO | Latency | purpose=exit feed_age_ms=-192.3 local_reaction_ms=157.0 trigger_seen_at=2026-05-09T20:11:37.813263+00:00 market_msg_time=2026-05-09T20:11:38.005531Z
2026-05-09 16:11:37,815 | INFO | Exit plan approved | market=KXBTC15M-26MAY091615-15 side=yes trigger=5c limit=5c top_bid=5 depth=191.43 required=3 book_age_ms=125.0 secs_to_close=202.22 reason=mushroom_v28_probability_collapse_full_single_shot_visible_depth mode=single_shot_ioc attempt=0
2026-05-09 16:11:37,868 | INFO | EXIT fill | market=KXBTC15M-26MAY091615-15 side=yes slice=1/1 qty=3 cumulative=3/3 remaining=0
2026-05-09 16:11:44,022 | INFO | Heartbeat | watch=KXBTC15M-26MAY091615-15 yes_bid=4 yes_ask=5 no_bid=95 no_ask=96 book_ready=True position=False pending=False dry_run=False trust=synced run_id=76de9d64-4cd4-49c0-9c8b-87d1dd0f88d1
2026-05-09 16:11:59,050 | INFO | Heartbeat | watch=KXBTC15M-26MAY091615-15 yes_bid=2 yes_ask=3 no_bid=97 no_ask=98 book_ready=True position=False pending=False dry_run=False trust=synced run_id=76de9d64-4cd4-49c0-9c8b-87d1dd0f88d1
2026-05-09 16:12:14,154 | INFO | Heartbeat | watch=KXBTC15M-26MAY091615-15 yes_bid=1 yes_ask=2 no_bid=98 no_ask=99 book_ready=True position=False pending=False dry_run=False trust=synced run_id=76de9d64-4cd4-49c0-9c8b-87d1dd0f88d1
2026-05-09 16:12:29,207 | INFO | Heartbeat | watch=KXBTC15M-26MAY091615-15 yes_bid=1 yes_ask=1 no_bid=99 no_ask=99 book_ready=True position=False pending=False dry_run=False trust=synced run_id=76de9d64-4cd4-49c0-9c8b-87d1dd0f88d1
