2026-05-07 13:51:48,284 | INFO | Starting WS bot. run_id=27077cf7-258d-424f-87eb-f96e1c7c06b6 dry_run=False base_url=https://api.elections.kalshi.com/trade-api/v2 ws_url=wss://api.elections.kalshi.com/trade-api/ws/v2 series=KXBTC15M
2026-05-07 13:51:49,124 | INFO | Watching market KXBTC15M-26MAY071400-00 close_time=2026-05-07T18:00:00Z status=active strike=79883.81 run_id=27077cf7-258d-424f-87eb-f96e1c7c06b6
2026-05-07 13:51:49,125 | INFO | Heartbeat | watch=KXBTC15M-26MAY071400-00 yes_bid=None yes_ask=None no_bid=None no_ask=None book_ready=False position=False pending=False dry_run=False trust=cold run_id=27077cf7-258d-424f-87eb-f96e1c7c06b6
2026-05-07 13:51:49,264 | INFO | WS connected for KXBTC15M-26MAY071400-00
2026-05-07 13:51:49,294 | INFO | WS subscribed payload: {'type': 'subscribed', 'id': 1, 'msg': {'channel': 'ticker', 'sid': 1}}
2026-05-07 13:51:49,295 | INFO | WS subscribed payload: {'type': 'subscribed', 'id': 1, 'msg': {'channel': 'orderbook_delta', 'sid': 2}}
2026-05-07 13:51:49,295 | INFO | Orderbook snapshot ready for KXBTC15M-26MAY071400-00
2026-05-07 13:51:49,300 | INFO | Mushroom v28 BTC tick stream connected | source=coinbase url=wss://ws-feed.exchange.coinbase.com
2026-05-07 13:52:04,219 | INFO | Heartbeat | watch=KXBTC15M-26MAY071400-00 yes_bid=50 yes_ask=51 no_bid=49 no_ask=50 book_ready=True position=False pending=False dry_run=False trust=synced run_id=27077cf7-258d-424f-87eb-f96e1c7c06b6
2026-05-07 13:52:19,256 | INFO | Heartbeat | watch=KXBTC15M-26MAY071400-00 yes_bid=47 yes_ask=48 no_bid=52 no_ask=53 book_ready=True position=False pending=False dry_run=False trust=synced run_id=27077cf7-258d-424f-87eb-f96e1c7c06b6
2026-05-07 13:52:34,285 | INFO | Heartbeat | watch=KXBTC15M-26MAY071400-00 yes_bid=52 yes_ask=53 no_bid=47 no_ask=48 book_ready=True position=False pending=False dry_run=False trust=synced run_id=27077cf7-258d-424f-87eb-f96e1c7c06b6
2026-05-07 13:52:49,314 | INFO | Heartbeat | watch=KXBTC15M-26MAY071400-00 yes_bid=51 yes_ask=52 no_bid=48 no_ask=49 book_ready=True position=False pending=False dry_run=False trust=synced run_id=27077cf7-258d-424f-87eb-f96e1c7c06b6
2026-05-07 13:53:04,370 | INFO | Heartbeat | watch=KXBTC15M-26MAY071400-00 yes_bid=51 yes_ask=52 no_bid=48 no_ask=49 book_ready=True position=False pending=False dry_run=False trust=synced run_id=27077cf7-258d-424f-87eb-f96e1c7c06b6
2026-05-07 13:53:19,361 | INFO | Heartbeat | watch=KXBTC15M-26MAY071400-00 yes_bid=58 yes_ask=59 no_bid=41 no_ask=42 book_ready=True position=False pending=False dry_run=False trust=synced run_id=27077cf7-258d-424f-87eb-f96e1c7c06b6
2026-05-07 13:53:34,405 | INFO | Heartbeat | watch=KXBTC15M-26MAY071400-00 yes_bid=66 yes_ask=67 no_bid=33 no_ask=34 book_ready=True position=False pending=False dry_run=False trust=synced run_id=27077cf7-258d-424f-87eb-f96e1c7c06b6
2026-05-07 13:53:49,429 | INFO | Heartbeat | watch=KXBTC15M-26MAY071400-00 yes_bid=69 yes_ask=70 no_bid=30 no_ask=31 book_ready=True position=False pending=False dry_run=False trust=synced run_id=27077cf7-258d-424f-87eb-f96e1c7c06b6
2026-05-07 13:54:04,422 | INFO | Heartbeat | watch=KXBTC15M-26MAY071400-00 yes_bid=73 yes_ask=74 no_bid=26 no_ask=27 book_ready=True position=False pending=False dry_run=False trust=synced run_id=27077cf7-258d-424f-87eb-f96e1c7c06b6
2026-05-07 13:55:04,999 | INFO | Starting WS bot. run_id=b30a60ce-9b8b-4ab8-94a8-13c5bc6314e3 dry_run=False base_url=https://api.elections.kalshi.com/trade-api/v2 ws_url=wss://api.elections.kalshi.com/trade-api/ws/v2 series=KXBTC15M
2026-05-07 13:55:05,873 | INFO | Watching market KXBTC15M-26MAY071400-00 close_time=2026-05-07T18:00:00Z status=active strike=79883.81 run_id=b30a60ce-9b8b-4ab8-94a8-13c5bc6314e3
2026-05-07 13:55:05,874 | INFO | Heartbeat | watch=KXBTC15M-26MAY071400-00 yes_bid=None yes_ask=None no_bid=None no_ask=None book_ready=False position=False pending=False dry_run=False trust=cold run_id=b30a60ce-9b8b-4ab8-94a8-13c5bc6314e3
2026-05-07 13:55:05,988 | INFO | WS connected for KXBTC15M-26MAY071400-00
2026-05-07 13:55:06,000 | INFO | Mushroom v28 BTC tick stream connected | source=coinbase url=wss://ws-feed.exchange.coinbase.com
2026-05-07 13:55:06,016 | INFO | WS subscribed payload: {'type': 'subscribed', 'id': 1, 'msg': {'channel': 'ticker', 'sid': 1}}
2026-05-07 13:55:06,016 | INFO | WS subscribed payload: {'type': 'subscribed', 'id': 1, 'msg': {'channel': 'orderbook_delta', 'sid': 2}}
2026-05-07 13:55:06,016 | INFO | Orderbook snapshot ready for KXBTC15M-26MAY071400-00
2026-05-07 13:55:15,042 | INFO | Mushroom v28 entry approved | market=KXBTC15M-26MAY071400-00 side=no ask=9c max_buy=13c qty=1 p_side=0.1477 edge=4.774c depth=536.1 btc_age_ms=0.0 secs_to_close=284.96
2026-05-07 13:55:15,050 | INFO | Execution state | market=KXBTC15M-26MAY071400-00 side=no state=eligible reason=pre_filters_disabled trust=synced run_id=b30a60ce-9b8b-4ab8-94a8-13c5bc6314e3
2026-05-07 13:55:15,050 | INFO | Live fill policy approved | market=KXBTC15M-26MAY071400-00 side=no trigger=9c tif=immediate_or_cancel limit=9c depth=536.10 required=2 book_age_ms=15.0 secs_to_close=284.96 reason=single_shot_abundant_depth
2026-05-07 13:55:15,051 | INFO | ENTRY signal | market=KXBTC15M-26MAY071400-00 action=buy side=no trigger=9c limit=9c qty=1 book_ready=True
2026-05-07 13:55:15,051 | INFO | Execution state | market=KXBTC15M-26MAY071400-00 side=no state=submitting reason=single_shot_abundant_depth trust=synced run_id=b30a60ce-9b8b-4ab8-94a8-13c5bc6314e3
2026-05-07 13:55:15,091 | INFO | Execution state | market=KXBTC15M-26MAY071400-00 side=no state=abandoned reason=zero_fill trust=synced run_id=b30a60ce-9b8b-4ab8-94a8-13c5bc6314e3
2026-05-07 13:55:15,092 | INFO | Mushroom v28 entry approved | market=KXBTC15M-26MAY071400-00 side=no ask=9c max_buy=13c qty=1 p_side=0.1477 edge=4.773c depth=536.1 btc_age_ms=63.0 secs_to_close=284.91
2026-05-07 13:55:15,099 | INFO | Execution state | market=KXBTC15M-26MAY071400-00 side=no state=eligible reason=pre_filters_disabled trust=synced run_id=b30a60ce-9b8b-4ab8-94a8-13c5bc6314e3
2026-05-07 13:55:15,099 | INFO | Live fill policy approved | market=KXBTC15M-26MAY071400-00 side=no trigger=9c tif=immediate_or_cancel limit=9c depth=536.10 required=2 book_age_ms=62.0 secs_to_close=284.91 reason=single_shot_abundant_depth
2026-05-07 13:55:15,099 | INFO | ENTRY signal | market=KXBTC15M-26MAY071400-00 action=buy side=no trigger=9c limit=9c qty=1 book_ready=True
2026-05-07 13:55:15,099 | INFO | Execution state | market=KXBTC15M-26MAY071400-00 side=no state=submitting reason=single_shot_abundant_depth trust=synced run_id=b30a60ce-9b8b-4ab8-94a8-13c5bc6314e3
2026-05-07 13:55:15,142 | INFO | Execution state | market=KXBTC15M-26MAY071400-00 side=no state=abandoned reason=zero_fill trust=synced run_id=b30a60ce-9b8b-4ab8-94a8-13c5bc6314e3
2026-05-07 13:55:15,147 | INFO | Mushroom v28 entry approved | market=KXBTC15M-26MAY071400-00 side=no ask=9c max_buy=13c qty=1 p_side=0.1477 edge=4.772c depth=536.1 btc_age_ms=110.0 secs_to_close=284.85
2026-05-07 13:55:15,155 | INFO | Execution state | market=KXBTC15M-26MAY071400-00 side=no state=eligible reason=pre_filters_disabled trust=synced run_id=b30a60ce-9b8b-4ab8-94a8-13c5bc6314e3
2026-05-07 13:55:15,155 | INFO | Live fill policy approved | market=KXBTC15M-26MAY071400-00 side=no trigger=9c tif=immediate_or_cancel limit=9c depth=536.10 required=2 book_age_ms=125.0 secs_to_close=284.85 reason=single_shot_abundant_depth
2026-05-07 13:55:15,155 | INFO | ENTRY signal | market=KXBTC15M-26MAY071400-00 action=buy side=no trigger=9c limit=9c qty=1 book_ready=True
2026-05-07 13:55:15,156 | INFO | Execution state | market=KXBTC15M-26MAY071400-00 side=no state=submitting reason=single_shot_abundant_depth trust=synced run_id=b30a60ce-9b8b-4ab8-94a8-13c5bc6314e3
2026-05-07 13:55:15,199 | INFO | Execution state | market=KXBTC15M-26MAY071400-00 side=no state=abandoned reason=zero_fill trust=synced run_id=b30a60ce-9b8b-4ab8-94a8-13c5bc6314e3
2026-05-07 13:55:15,202 | INFO | Mushroom v28 entry approved | market=KXBTC15M-26MAY071400-00 side=no ask=9c max_buy=13c qty=1 p_side=0.1477 edge=4.770c depth=336.1 btc_age_ms=31.0 secs_to_close=284.80
2026-05-07 13:55:15,212 | INFO | Execution state | market=KXBTC15M-26MAY071400-00 side=no state=eligible reason=pre_filters_disabled trust=synced run_id=b30a60ce-9b8b-4ab8-94a8-13c5bc6314e3
2026-05-07 13:55:15,213 | INFO | Live fill policy approved | market=KXBTC15M-26MAY071400-00 side=no trigger=9c tif=immediate_or_cancel limit=9c depth=336.10 required=2 book_age_ms=187.0 secs_to_close=284.80 reason=single_shot_abundant_depth
2026-05-07 13:55:15,213 | INFO | ENTRY signal | market=KXBTC15M-26MAY071400-00 action=buy side=no trigger=9c limit=9c qty=1 book_ready=True
2026-05-07 13:55:15,214 | INFO | Execution state | market=KXBTC15M-26MAY071400-00 side=no state=submitting reason=single_shot_abundant_depth trust=synced run_id=b30a60ce-9b8b-4ab8-94a8-13c5bc6314e3
2026-05-07 13:55:15,257 | INFO | Execution state | market=KXBTC15M-26MAY071400-00 side=no state=abandoned reason=zero_fill trust=synced run_id=b30a60ce-9b8b-4ab8-94a8-13c5bc6314e3
2026-05-07 13:55:15,260 | INFO | Mushroom v28 entry approved | market=KXBTC15M-26MAY071400-00 side=no ask=9c max_buy=13c qty=1 p_side=0.1477 edge=4.770c depth=281.1 btc_age_ms=78.0 secs_to_close=284.74
2026-05-07 13:55:15,271 | INFO | Execution state | market=KXBTC15M-26MAY071400-00 side=no state=eligible reason=pre_filters_disabled trust=synced run_id=b30a60ce-9b8b-4ab8-94a8-13c5bc6314e3
2026-05-07 13:55:15,271 | INFO | Live fill policy approved | market=KXBTC15M-26MAY071400-00 side=no trigger=9c tif=immediate_or_cancel limit=9c depth=281.10 required=2 book_age_ms=234.0 secs_to_close=284.74 reason=single_shot_abundant_depth
2026-05-07 13:55:15,272 | INFO | ENTRY signal | market=KXBTC15M-26MAY071400-00 action=buy side=no trigger=9c limit=9c qty=1 book_ready=True
2026-05-07 13:55:15,272 | INFO | Execution state | market=KXBTC15M-26MAY071400-00 side=no state=submitting reason=single_shot_abundant_depth trust=synced run_id=b30a60ce-9b8b-4ab8-94a8-13c5bc6314e3
2026-05-07 13:55:15,313 | INFO | Execution state | market=KXBTC15M-26MAY071400-00 side=no state=abandoned reason=zero_fill trust=synced run_id=b30a60ce-9b8b-4ab8-94a8-13c5bc6314e3
2026-05-07 13:55:15,316 | INFO | Mushroom v28 entry approved | market=KXBTC15M-26MAY071400-00 side=no ask=9c max_buy=13c qty=1 p_side=0.1477 edge=4.769c depth=281.1 btc_age_ms=140.0 secs_to_close=284.68
2026-05-07 13:55:15,324 | INFO | Execution state | market=KXBTC15M-26MAY071400-00 side=no state=eligible reason=pre_filters_disabled trust=synced run_id=b30a60ce-9b8b-4ab8-94a8-13c5bc6314e3
2026-05-07 13:55:15,324 | INFO | Live fill policy approved | market=KXBTC15M-26MAY071400-00 side=no trigger=9c tif=immediate_or_cancel limit=9c depth=281.10 required=2 book_age_ms=296.0 secs_to_close=284.68 reason=single_shot_abundant_depth
2026-05-07 13:55:15,324 | INFO | ENTRY signal | market=KXBTC15M-26MAY071400-00 action=buy side=no trigger=9c limit=9c qty=1 book_ready=True
2026-05-07 13:55:15,324 | INFO | Execution state | market=KXBTC15M-26MAY071400-00 side=no state=submitting reason=single_shot_abundant_depth trust=synced run_id=b30a60ce-9b8b-4ab8-94a8-13c5bc6314e3
2026-05-07 13:55:15,372 | INFO | Execution state | market=KXBTC15M-26MAY071400-00 side=no state=abandoned reason=zero_fill trust=synced run_id=b30a60ce-9b8b-4ab8-94a8-13c5bc6314e3
2026-05-07 13:55:15,373 | INFO | Mushroom v28 entry approved | market=KXBTC15M-26MAY071400-00 side=no ask=9c max_buy=13c qty=1 p_side=0.1477 edge=4.769c depth=281.1 btc_age_ms=47.0 secs_to_close=284.63
2026-05-07 13:55:15,380 | INFO | Execution state | market=KXBTC15M-26MAY071400-00 side=no state=eligible reason=pre_filters_disabled trust=synced run_id=b30a60ce-9b8b-4ab8-94a8-13c5bc6314e3
2026-05-07 13:55:15,380 | INFO | Live fill policy approved | market=KXBTC15M-26MAY071400-00 side=no trigger=9c tif=immediate_or_cancel limit=9c depth=281.10 required=2 book_age_ms=359.0 secs_to_close=284.63 reason=single_shot_abundant_depth
2026-05-07 13:55:15,381 | INFO | ENTRY signal | market=KXBTC15M-26MAY071400-00 action=buy side=no trigger=9c limit=9c qty=1 book_ready=True
2026-05-07 13:55:15,381 | INFO | Execution state | market=KXBTC15M-26MAY071400-00 side=no state=submitting reason=single_shot_abundant_depth trust=synced run_id=b30a60ce-9b8b-4ab8-94a8-13c5bc6314e3
2026-05-07 13:55:15,426 | INFO | Execution state | market=KXBTC15M-26MAY071400-00 side=no state=abandoned reason=zero_fill trust=synced run_id=b30a60ce-9b8b-4ab8-94a8-13c5bc6314e3
2026-05-07 13:55:15,427 | INFO | Mushroom v28 entry approved | market=KXBTC15M-26MAY071400-00 side=no ask=9c max_buy=13c qty=1 p_side=0.1477 edge=4.768c depth=281.1 btc_age_ms=16.0 secs_to_close=284.57
2026-05-07 13:55:15,434 | INFO | Execution state | market=KXBTC15M-26MAY071400-00 side=no state=eligible reason=pre_filters_disabled trust=synced run_id=b30a60ce-9b8b-4ab8-94a8-13c5bc6314e3
2026-05-07 13:55:15,435 | INFO | Live fill policy approved | market=KXBTC15M-26MAY071400-00 side=no trigger=9c tif=immediate_or_cancel limit=9c depth=281.10 required=2 book_age_ms=406.0 secs_to_close=284.57 reason=single_shot_abundant_depth
2026-05-07 13:55:15,435 | INFO | ENTRY signal | market=KXBTC15M-26MAY071400-00 action=buy side=no trigger=9c limit=9c qty=1 book_ready=True
2026-05-07 13:55:15,435 | INFO | Execution state | market=KXBTC15M-26MAY071400-00 side=no state=submitting reason=single_shot_abundant_depth trust=synced run_id=b30a60ce-9b8b-4ab8-94a8-13c5bc6314e3
2026-05-07 13:55:15,483 | INFO | Execution state | market=KXBTC15M-26MAY071400-00 side=no state=abandoned reason=zero_fill trust=synced run_id=b30a60ce-9b8b-4ab8-94a8-13c5bc6314e3
2026-05-07 13:55:15,484 | INFO | Mushroom v28 entry approved | market=KXBTC15M-26MAY071400-00 side=no ask=9c max_buy=13c qty=1 p_side=0.1477 edge=4.767c depth=281.1 btc_age_ms=78.0 secs_to_close=284.52
2026-05-07 13:55:15,493 | INFO | Execution state | market=KXBTC15M-26MAY071400-00 side=no state=eligible reason=pre_filters_disabled trust=synced run_id=b30a60ce-9b8b-4ab8-94a8-13c5bc6314e3
2026-05-07 13:55:15,493 | INFO | Live fill policy approved | market=KXBTC15M-26MAY071400-00 side=no trigger=9c tif=immediate_or_cancel limit=9c depth=281.10 required=2 book_age_ms=468.0 secs_to_close=284.52 reason=single_shot_abundant_depth
2026-05-07 13:55:15,494 | INFO | ENTRY signal | market=KXBTC15M-26MAY071400-00 action=buy side=no trigger=9c limit=9c qty=1 book_ready=True
2026-05-07 13:55:15,494 | INFO | Execution state | market=KXBTC15M-26MAY071400-00 side=no state=submitting reason=single_shot_abundant_depth trust=synced run_id=b30a60ce-9b8b-4ab8-94a8-13c5bc6314e3
2026-05-07 13:55:15,537 | INFO | Execution state | market=KXBTC15M-26MAY071400-00 side=no state=abandoned reason=zero_fill trust=synced run_id=b30a60ce-9b8b-4ab8-94a8-13c5bc6314e3
2026-05-07 13:55:15,543 | INFO | Mushroom v28 entry approved | market=KXBTC15M-26MAY071400-00 side=no ask=9c max_buy=13c qty=1 p_side=0.1477 edge=4.766c depth=281.1 btc_age_ms=125.0 secs_to_close=284.46
2026-05-07 13:55:15,551 | INFO | Execution state | market=KXBTC15M-26MAY071400-00 side=no state=eligible reason=pre_filters_disabled trust=synced run_id=b30a60ce-9b8b-4ab8-94a8-13c5bc6314e3
2026-05-07 13:55:15,552 | INFO | Live fill policy approved | market=KXBTC15M-26MAY071400-00 side=no trigger=9c tif=immediate_or_cancel limit=9c depth=281.10 required=2 book_age_ms=515.0 secs_to_close=284.46 reason=single_shot_abundant_depth
2026-05-07 13:55:15,552 | INFO | ENTRY signal | market=KXBTC15M-26MAY071400-00 action=buy side=no trigger=9c limit=9c qty=1 book_ready=True
2026-05-07 13:55:15,552 | INFO | Execution state | market=KXBTC15M-26MAY071400-00 side=no state=submitting reason=single_shot_abundant_depth trust=synced run_id=b30a60ce-9b8b-4ab8-94a8-13c5bc6314e3
2026-05-07 13:55:15,614 | INFO | Execution state | market=KXBTC15M-26MAY071400-00 side=no state=abandoned reason=zero_fill trust=synced run_id=b30a60ce-9b8b-4ab8-94a8-13c5bc6314e3
2026-05-07 13:55:15,631 | INFO | Mushroom v28 entry approved | market=KXBTC15M-26MAY071400-00 side=no ask=9c max_buy=13c qty=1 p_side=0.1477 edge=4.765c depth=281.1 btc_age_ms=219.0 secs_to_close=284.37
2026-05-07 13:55:15,641 | INFO | Execution state | market=KXBTC15M-26MAY071400-00 side=no state=eligible reason=pre_filters_disabled trust=synced run_id=b30a60ce-9b8b-4ab8-94a8-13c5bc6314e3
2026-05-07 13:55:15,641 | INFO | Live fill policy approved | market=KXBTC15M-26MAY071400-00 side=no trigger=9c tif=immediate_or_cancel limit=9c depth=281.10 required=2 book_age_ms=609.0 secs_to_close=284.37 reason=single_shot_abundant_depth
2026-05-07 13:55:15,642 | INFO | ENTRY signal | market=KXBTC15M-26MAY071400-00 action=buy side=no trigger=9c limit=9c qty=1 book_ready=True
2026-05-07 13:55:15,642 | INFO | Execution state | market=KXBTC15M-26MAY071400-00 side=no state=submitting reason=single_shot_abundant_depth trust=synced run_id=b30a60ce-9b8b-4ab8-94a8-13c5bc6314e3
2026-05-07 13:55:15,679 | INFO | Execution state | market=KXBTC15M-26MAY071400-00 side=no state=abandoned reason=zero_fill trust=synced run_id=b30a60ce-9b8b-4ab8-94a8-13c5bc6314e3
2026-05-07 13:55:15,701 | INFO | Mushroom v28 entry approved | market=KXBTC15M-26MAY071400-00 side=no ask=9c max_buy=13c qty=1 p_side=0.1476 edge=4.765c depth=281.1 btc_age_ms=281.0 secs_to_close=284.30
2026-05-07 13:55:15,709 | INFO | Execution state | market=KXBTC15M-26MAY071400-00 side=no state=eligible reason=pre_filters_disabled trust=synced run_id=b30a60ce-9b8b-4ab8-94a8-13c5bc6314e3
2026-05-07 13:55:15,709 | INFO | Live fill policy approved | market=KXBTC15M-26MAY071400-00 side=no trigger=9c tif=immediate_or_cancel limit=9c depth=281.10 required=2 book_age_ms=671.0 secs_to_close=284.30 reason=single_shot_abundant_depth
2026-05-07 13:55:15,710 | INFO | ENTRY signal | market=KXBTC15M-26MAY071400-00 action=buy side=no trigger=9c limit=9c qty=1 book_ready=True
2026-05-07 13:55:15,710 | INFO | Execution state | market=KXBTC15M-26MAY071400-00 side=no state=submitting reason=single_shot_abundant_depth trust=synced run_id=b30a60ce-9b8b-4ab8-94a8-13c5bc6314e3
2026-05-07 13:55:15,753 | INFO | Execution state | market=KXBTC15M-26MAY071400-00 side=no state=abandoned reason=zero_fill trust=synced run_id=b30a60ce-9b8b-4ab8-94a8-13c5bc6314e3
2026-05-07 13:55:15,762 | INFO | Mushroom v28 entry approved | market=KXBTC15M-26MAY071400-00 side=no ask=9c max_buy=13c qty=1 p_side=0.1476 edge=4.764c depth=281.1 btc_age_ms=344.0 secs_to_close=284.24
2026-05-07 13:55:15,771 | INFO | Execution state | market=KXBTC15M-26MAY071400-00 side=no state=eligible reason=pre_filters_disabled trust=synced run_id=b30a60ce-9b8b-4ab8-94a8-13c5bc6314e3
2026-05-07 13:55:15,771 | INFO | Live fill policy approved | market=KXBTC15M-26MAY071400-00 side=no trigger=9c tif=immediate_or_cancel limit=9c depth=281.10 required=2 book_age_ms=734.0 secs_to_close=284.24 reason=single_shot_abundant_depth
2026-05-07 13:55:15,772 | INFO | ENTRY signal | market=KXBTC15M-26MAY071400-00 action=buy side=no trigger=9c limit=9c qty=1 book_ready=True
2026-05-07 13:55:15,772 | INFO | Execution state | market=KXBTC15M-26MAY071400-00 side=no state=submitting reason=single_shot_abundant_depth trust=synced run_id=b30a60ce-9b8b-4ab8-94a8-13c5bc6314e3
2026-05-07 13:55:15,812 | INFO | Execution state | market=KXBTC15M-26MAY071400-00 side=no state=abandoned reason=zero_fill trust=synced run_id=b30a60ce-9b8b-4ab8-94a8-13c5bc6314e3
2026-05-07 13:55:15,813 | INFO | Mushroom v28 entry approved | market=KXBTC15M-26MAY071400-00 side=no ask=9c max_buy=13c qty=1 p_side=0.1476 edge=4.763c depth=281.1 btc_age_ms=406.0 secs_to_close=284.19
2026-05-07 13:55:15,821 | INFO | Execution state | market=KXBTC15M-26MAY071400-00 side=no state=eligible reason=pre_filters_disabled trust=synced run_id=b30a60ce-9b8b-4ab8-94a8-13c5bc6314e3
2026-05-07 13:55:15,821 | INFO | Live fill policy approved | market=KXBTC15M-26MAY071400-00 side=no trigger=9c tif=immediate_or_cancel limit=9c depth=281.10 required=2 book_age_ms=796.0 secs_to_close=284.19 reason=single_shot_abundant_depth
2026-05-07 13:55:15,822 | INFO | ENTRY signal | market=KXBTC15M-26MAY071400-00 action=buy side=no trigger=9c limit=9c qty=1 book_ready=True
2026-05-07 13:55:15,822 | INFO | Execution state | market=KXBTC15M-26MAY071400-00 side=no state=submitting reason=single_shot_abundant_depth trust=synced run_id=b30a60ce-9b8b-4ab8-94a8-13c5bc6314e3
2026-05-07 13:55:15,924 | INFO | Execution state | market=KXBTC15M-26MAY071400-00 side=no state=abandoned reason=zero_fill trust=synced run_id=b30a60ce-9b8b-4ab8-94a8-13c5bc6314e3
2026-05-07 13:55:15,983 | INFO | Mushroom v28 entry approved | market=KXBTC15M-26MAY071400-00 side=no ask=9c max_buy=13c qty=1 p_side=0.1476 edge=4.761c depth=281.1 btc_age_ms=578.0 secs_to_close=284.02
2026-05-07 13:55:15,993 | INFO | Execution state | market=KXBTC15M-26MAY071400-00 side=no state=eligible reason=pre_filters_disabled trust=synced run_id=b30a60ce-9b8b-4ab8-94a8-13c5bc6314e3
2026-05-07 13:55:15,994 | INFO | Live fill policy approved | market=KXBTC15M-26MAY071400-00 side=no trigger=9c tif=immediate_or_cancel limit=9c depth=281.10 required=2 book_age_ms=968.0 secs_to_close=284.02 reason=single_shot_abundant_depth
2026-05-07 13:55:15,994 | INFO | ENTRY signal | market=KXBTC15M-26MAY071400-00 action=buy side=no trigger=9c limit=9c qty=1 book_ready=True
2026-05-07 13:55:15,994 | INFO | Execution state | market=KXBTC15M-26MAY071400-00 side=no state=submitting reason=single_shot_abundant_depth trust=synced run_id=b30a60ce-9b8b-4ab8-94a8-13c5bc6314e3
2026-05-07 13:55:16,036 | INFO | Execution state | market=KXBTC15M-26MAY071400-00 side=no state=abandoned reason=zero_fill trust=synced run_id=b30a60ce-9b8b-4ab8-94a8-13c5bc6314e3
2026-05-07 13:55:16,045 | INFO | Mushroom v28 entry approved | market=KXBTC15M-26MAY071400-00 side=no ask=9c max_buy=13c qty=1 p_side=0.1476 edge=4.761c depth=281.1 btc_age_ms=625.0 secs_to_close=283.96
2026-05-07 13:55:16,059 | INFO | Execution state | market=KXBTC15M-26MAY071400-00 side=no state=eligible reason=pre_filters_disabled trust=synced run_id=b30a60ce-9b8b-4ab8-94a8-13c5bc6314e3
2026-05-07 13:55:16,060 | INFO | Live fill policy approved | market=KXBTC15M-26MAY071400-00 side=no trigger=9c tif=immediate_or_cancel limit=9c depth=281.10 required=2 book_age_ms=15.0 secs_to_close=283.96 reason=single_shot_abundant_depth
2026-05-07 13:55:16,061 | INFO | ENTRY signal | market=KXBTC15M-26MAY071400-00 action=buy side=no trigger=9c limit=9c qty=1 book_ready=True
2026-05-07 13:55:16,061 | INFO | Execution state | market=KXBTC15M-26MAY071400-00 side=no state=submitting reason=single_shot_abundant_depth trust=synced run_id=b30a60ce-9b8b-4ab8-94a8-13c5bc6314e3
2026-05-07 13:55:16,108 | INFO | Execution state | market=KXBTC15M-26MAY071400-00 side=no state=abandoned reason=zero_fill trust=synced run_id=b30a60ce-9b8b-4ab8-94a8-13c5bc6314e3
2026-05-07 13:55:16,115 | INFO | Mushroom v28 entry approved | market=KXBTC15M-26MAY071400-00 side=no ask=9c max_buy=13c qty=1 p_side=0.1476 edge=4.760c depth=1.18 btc_age_ms=703.0 secs_to_close=283.89
2026-05-07 13:55:16,123 | INFO | Execution state | market=KXBTC15M-26MAY071400-00 side=no state=eligible reason=pre_filters_disabled trust=synced run_id=b30a60ce-9b8b-4ab8-94a8-13c5bc6314e3
2026-05-07 13:55:16,124 | INFO | Live fill policy approved | market=KXBTC15M-26MAY071400-00 side=no trigger=9c tif=immediate_or_cancel limit=9c depth=1.18 required=2 book_age_ms=93.0 secs_to_close=283.89 reason=single_shot_abundant_depth
2026-05-07 13:55:16,124 | INFO | ENTRY signal | market=KXBTC15M-26MAY071400-00 action=buy side=no trigger=9c limit=9c qty=1 book_ready=True
2026-05-07 13:55:16,125 | INFO | Execution state | market=KXBTC15M-26MAY071400-00 side=no state=submitting reason=single_shot_abundant_depth trust=synced run_id=b30a60ce-9b8b-4ab8-94a8-13c5bc6314e3
2026-05-07 13:55:16,170 | INFO | Execution state | market=KXBTC15M-26MAY071400-00 side=no state=abandoned reason=zero_fill trust=synced run_id=b30a60ce-9b8b-4ab8-94a8-13c5bc6314e3
2026-05-07 13:55:16,174 | INFO | Mushroom v28 entry approved | market=KXBTC15M-26MAY071400-00 side=no ask=9c max_buy=13c qty=1 p_side=0.1476 edge=4.759c depth=1.18 btc_age_ms=31.0 secs_to_close=283.83
2026-05-07 13:55:16,181 | INFO | Execution state | market=KXBTC15M-26MAY071400-00 side=no state=eligible reason=pre_filters_disabled trust=synced run_id=b30a60ce-9b8b-4ab8-94a8-13c5bc6314e3
2026-05-07 13:55:16,181 | INFO | Live fill policy approved | market=KXBTC15M-26MAY071400-00 side=no trigger=9c tif=immediate_or_cancel limit=9c depth=1.18 required=2 book_age_ms=156.0 secs_to_close=283.83 reason=single_shot_abundant_depth
2026-05-07 13:55:16,182 | INFO | ENTRY signal | market=KXBTC15M-26MAY071400-00 action=buy side=no trigger=9c limit=9c qty=1 book_ready=True
2026-05-07 13:55:16,182 | INFO | Execution state | market=KXBTC15M-26MAY071400-00 side=no state=submitting reason=single_shot_abundant_depth trust=synced run_id=b30a60ce-9b8b-4ab8-94a8-13c5bc6314e3
2026-05-07 13:55:16,267 | INFO | Execution state | market=KXBTC15M-26MAY071400-00 side=no state=abandoned reason=zero_fill trust=synced run_id=b30a60ce-9b8b-4ab8-94a8-13c5bc6314e3
2026-05-07 13:55:16,268 | INFO | Mushroom v28 entry approved | market=KXBTC15M-26MAY071400-00 side=no ask=9c max_buy=13c qty=1 p_side=0.1476 edge=4.759c depth=1.18 btc_age_ms=47.0 secs_to_close=283.73
2026-05-07 13:55:16,278 | INFO | Execution state | market=KXBTC15M-26MAY071400-00 side=no state=eligible reason=pre_filters_disabled trust=synced run_id=b30a60ce-9b8b-4ab8-94a8-13c5bc6314e3
2026-05-07 13:55:16,278 | INFO | Live fill policy approved | market=KXBTC15M-26MAY071400-00 side=no trigger=9c tif=immediate_or_cancel limit=9c depth=1.18 required=2 book_age_ms=250.0 secs_to_close=283.73 reason=single_shot_abundant_depth
2026-05-07 13:55:16,279 | INFO | ENTRY signal | market=KXBTC15M-26MAY071400-00 action=buy side=no trigger=9c limit=9c qty=1 book_ready=True
2026-05-07 13:55:16,279 | INFO | Execution state | market=KXBTC15M-26MAY071400-00 side=no state=submitting reason=single_shot_abundant_depth trust=synced run_id=b30a60ce-9b8b-4ab8-94a8-13c5bc6314e3
2026-05-07 13:55:16,332 | INFO | Execution state | market=KXBTC15M-26MAY071400-00 side=no state=abandoned reason=zero_fill trust=synced run_id=b30a60ce-9b8b-4ab8-94a8-13c5bc6314e3
2026-05-07 13:55:16,347 | INFO | Mushroom v28 entry approved | market=KXBTC15M-26MAY071400-00 side=no ask=9c max_buy=13c qty=1 p_side=0.1476 edge=4.758c depth=15.18 btc_age_ms=125.0 secs_to_close=283.65
2026-05-07 13:55:16,355 | INFO | Execution state | market=KXBTC15M-26MAY071400-00 side=no state=eligible reason=pre_filters_disabled trust=synced run_id=b30a60ce-9b8b-4ab8-94a8-13c5bc6314e3
2026-05-07 13:55:16,355 | INFO | Live fill policy approved | market=KXBTC15M-26MAY071400-00 side=no trigger=9c tif=immediate_or_cancel limit=9c depth=15.18 required=2 book_age_ms=328.0 secs_to_close=283.65 reason=single_shot_abundant_depth
2026-05-07 13:55:16,356 | INFO | ENTRY signal | market=KXBTC15M-26MAY071400-00 action=buy side=no trigger=9c limit=9c qty=1 book_ready=True
2026-05-07 13:55:16,356 | INFO | Execution state | market=KXBTC15M-26MAY071400-00 side=no state=submitting reason=single_shot_abundant_depth trust=synced run_id=b30a60ce-9b8b-4ab8-94a8-13c5bc6314e3
2026-05-07 13:55:16,412 | INFO | Execution state | market=KXBTC15M-26MAY071400-00 side=no state=abandoned reason=zero_fill trust=synced run_id=b30a60ce-9b8b-4ab8-94a8-13c5bc6314e3
2026-05-07 13:55:16,413 | INFO | Mushroom v28 entry approved | market=KXBTC15M-26MAY071400-00 side=no ask=9c max_buy=13c qty=1 p_side=0.1476 edge=4.757c depth=65.18 btc_age_ms=187.0 secs_to_close=283.59
2026-05-07 13:55:16,422 | INFO | Execution state | market=KXBTC15M-26MAY071400-00 side=no state=eligible reason=pre_filters_disabled trust=synced run_id=b30a60ce-9b8b-4ab8-94a8-13c5bc6314e3
2026-05-07 13:55:16,422 | INFO | Live fill policy approved | market=KXBTC15M-26MAY071400-00 side=no trigger=9c tif=immediate_or_cancel limit=9c depth=65.18 required=2 book_age_ms=390.0 secs_to_close=283.59 reason=single_shot_abundant_depth
2026-05-07 13:55:16,423 | INFO | ENTRY signal | market=KXBTC15M-26MAY071400-00 action=buy side=no trigger=9c limit=9c qty=1 book_ready=True
2026-05-07 13:55:16,423 | INFO | Execution state | market=KXBTC15M-26MAY071400-00 side=no state=submitting reason=single_shot_abundant_depth trust=synced run_id=b30a60ce-9b8b-4ab8-94a8-13c5bc6314e3
2026-05-07 13:55:16,468 | INFO | Execution state | market=KXBTC15M-26MAY071400-00 side=no state=abandoned reason=zero_fill trust=synced run_id=b30a60ce-9b8b-4ab8-94a8-13c5bc6314e3
2026-05-07 13:55:16,483 | INFO | Mushroom v28 entry approved | market=KXBTC15M-26MAY071400-00 side=no ask=9c max_buy=13c qty=1 p_side=0.1476 edge=4.757c depth=65.18 btc_age_ms=265.0 secs_to_close=283.52
2026-05-07 13:55:16,491 | INFO | Execution state | market=KXBTC15M-26MAY071400-00 side=no state=eligible reason=pre_filters_disabled trust=synced run_id=b30a60ce-9b8b-4ab8-94a8-13c5bc6314e3
2026-05-07 13:55:16,491 | INFO | Live fill policy approved | market=KXBTC15M-26MAY071400-00 side=no trigger=9c tif=immediate_or_cancel limit=9c depth=65.18 required=2 book_age_ms=468.0 secs_to_close=283.52 reason=single_shot_abundant_depth
2026-05-07 13:55:16,492 | INFO | ENTRY signal | market=KXBTC15M-26MAY071400-00 action=buy side=no trigger=9c limit=9c qty=1 book_ready=True
2026-05-07 13:55:16,492 | INFO | Execution state | market=KXBTC15M-26MAY071400-00 side=no state=submitting reason=single_shot_abundant_depth trust=synced run_id=b30a60ce-9b8b-4ab8-94a8-13c5bc6314e3
2026-05-07 13:55:16,591 | INFO | Execution state | market=KXBTC15M-26MAY071400-00 side=no state=abandoned reason=zero_fill trust=synced run_id=b30a60ce-9b8b-4ab8-94a8-13c5bc6314e3
2026-05-07 13:55:16,592 | INFO | Mushroom v28 entry approved | market=KXBTC15M-26MAY071400-00 side=no ask=9c max_buy=13c qty=1 p_side=0.1476 edge=4.755c depth=66.18 btc_age_ms=375.0 secs_to_close=283.41
2026-05-07 13:55:16,600 | INFO | Execution state | market=KXBTC15M-26MAY071400-00 side=no state=eligible reason=pre_filters_disabled trust=synced run_id=b30a60ce-9b8b-4ab8-94a8-13c5bc6314e3
2026-05-07 13:55:16,600 | INFO | Live fill policy approved | market=KXBTC15M-26MAY071400-00 side=no trigger=9c tif=immediate_or_cancel limit=9c depth=66.18 required=2 book_age_ms=562.0 secs_to_close=283.41 reason=single_shot_abundant_depth
2026-05-07 13:55:16,600 | INFO | ENTRY signal | market=KXBTC15M-26MAY071400-00 action=buy side=no trigger=9c limit=9c qty=1 book_ready=True
2026-05-07 13:55:16,601 | INFO | Execution state | market=KXBTC15M-26MAY071400-00 side=no state=submitting reason=single_shot_abundant_depth trust=synced run_id=b30a60ce-9b8b-4ab8-94a8-13c5bc6314e3
2026-05-07 13:55:16,644 | INFO | Execution state | market=KXBTC15M-26MAY071400-00 side=no state=abandoned reason=zero_fill trust=synced run_id=b30a60ce-9b8b-4ab8-94a8-13c5bc6314e3
2026-05-07 13:55:16,655 | INFO | Mushroom v28 entry approved | market=KXBTC15M-26MAY071400-00 side=no ask=9c max_buy=13c qty=1 p_side=0.1475 edge=4.755c depth=16.18 btc_age_ms=437.0 secs_to_close=283.35
2026-05-07 13:55:16,663 | INFO | Execution state | market=KXBTC15M-26MAY071400-00 side=no state=eligible reason=pre_filters_disabled trust=synced run_id=b30a60ce-9b8b-4ab8-94a8-13c5bc6314e3
2026-05-07 13:55:16,663 | INFO | Live fill policy approved | market=KXBTC15M-26MAY071400-00 side=no trigger=9c tif=immediate_or_cancel limit=9c depth=16.18 required=2 book_age_ms=625.0 secs_to_close=283.35 reason=single_shot_abundant_depth
2026-05-07 13:55:16,664 | INFO | ENTRY signal | market=KXBTC15M-26MAY071400-00 action=buy side=no trigger=9c limit=9c qty=1 book_ready=True
2026-05-07 13:55:16,664 | INFO | Execution state | market=KXBTC15M-26MAY071400-00 side=no state=submitting reason=single_shot_abundant_depth trust=synced run_id=b30a60ce-9b8b-4ab8-94a8-13c5bc6314e3
2026-05-07 13:55:16,711 | INFO | Execution state | market=KXBTC15M-26MAY071400-00 side=no state=abandoned reason=zero_fill trust=synced run_id=b30a60ce-9b8b-4ab8-94a8-13c5bc6314e3
2026-05-07 13:55:20,901 | INFO | Heartbeat | watch=KXBTC15M-26MAY071400-00 yes_bid=90 yes_ask=92 no_bid=8 no_ask=10 book_ready=True position=False pending=False dry_run=False trust=synced run_id=b30a60ce-9b8b-4ab8-94a8-13c5bc6314e3
2026-05-07 13:55:22,462 | INFO | Mushroom v28 entry approved | market=KXBTC15M-26MAY071400-00 side=no ask=8c max_buy=12c qty=1 p_side=0.1349 edge=4.492c depth=20 btc_age_ms=172.0 secs_to_close=277.54
2026-05-07 13:55:22,473 | INFO | Execution state | market=KXBTC15M-26MAY071400-00 side=no state=eligible reason=pre_filters_disabled trust=synced run_id=b30a60ce-9b8b-4ab8-94a8-13c5bc6314e3
2026-05-07 13:55:22,473 | INFO | Live fill policy approved | market=KXBTC15M-26MAY071400-00 side=no trigger=8c tif=immediate_or_cancel limit=8c depth=20.00 required=2 book_age_ms=437.0 secs_to_close=277.54 reason=single_shot_abundant_depth
2026-05-07 13:55:22,474 | INFO | ENTRY signal | market=KXBTC15M-26MAY071400-00 action=buy side=no trigger=8c limit=8c qty=1 book_ready=True
2026-05-07 13:55:22,474 | INFO | Execution state | market=KXBTC15M-26MAY071400-00 side=no state=submitting reason=single_shot_abundant_depth trust=synced run_id=b30a60ce-9b8b-4ab8-94a8-13c5bc6314e3
2026-05-07 13:55:22,522 | INFO | Execution state | market=KXBTC15M-26MAY071400-00 side=no state=abandoned reason=zero_fill trust=synced run_id=b30a60ce-9b8b-4ab8-94a8-13c5bc6314e3
2026-05-07 13:55:22,523 | INFO | Mushroom v28 entry approved | market=KXBTC15M-26MAY071400-00 side=no ask=8c max_buy=12c qty=1 p_side=0.1349 edge=4.491c depth=70 btc_age_ms=235.0 secs_to_close=277.48
2026-05-07 13:55:22,530 | INFO | Execution state | market=KXBTC15M-26MAY071400-00 side=no state=eligible reason=pre_filters_disabled trust=synced run_id=b30a60ce-9b8b-4ab8-94a8-13c5bc6314e3
2026-05-07 13:55:22,530 | INFO | Live fill policy approved | market=KXBTC15M-26MAY071400-00 side=no trigger=8c tif=immediate_or_cancel limit=8c depth=70.00 required=2 book_age_ms=500.0 secs_to_close=277.48 reason=single_shot_abundant_depth
2026-05-07 13:55:22,530 | INFO | ENTRY signal | market=KXBTC15M-26MAY071400-00 action=buy side=no trigger=8c limit=8c qty=1 book_ready=True
2026-05-07 13:55:22,530 | INFO | Execution state | market=KXBTC15M-26MAY071400-00 side=no state=submitting reason=single_shot_abundant_depth trust=synced run_id=b30a60ce-9b8b-4ab8-94a8-13c5bc6314e3
2026-05-07 13:55:22,570 | INFO | Execution state | market=KXBTC15M-26MAY071400-00 side=no state=abandoned reason=zero_fill trust=synced run_id=b30a60ce-9b8b-4ab8-94a8-13c5bc6314e3
2026-05-07 13:55:22,631 | INFO | Mushroom v28 entry approved | market=KXBTC15M-26MAY071400-00 side=no ask=8c max_buy=12c qty=1 p_side=0.1349 edge=4.490c depth=50 btc_age_ms=344.0 secs_to_close=277.37
2026-05-07 13:55:22,644 | INFO | Execution state | market=KXBTC15M-26MAY071400-00 side=no state=eligible reason=pre_filters_disabled trust=synced run_id=b30a60ce-9b8b-4ab8-94a8-13c5bc6314e3
2026-05-07 13:55:22,644 | INFO | Live fill policy approved | market=KXBTC15M-26MAY071400-00 side=no trigger=8c tif=immediate_or_cancel limit=8c depth=50.00 required=2 book_age_ms=609.0 secs_to_close=277.37 reason=single_shot_abundant_depth
2026-05-07 13:55:22,645 | INFO | ENTRY signal | market=KXBTC15M-26MAY071400-00 action=buy side=no trigger=8c limit=8c qty=1 book_ready=True
2026-05-07 13:55:22,645 | INFO | Execution state | market=KXBTC15M-26MAY071400-00 side=no state=submitting reason=single_shot_abundant_depth trust=synced run_id=b30a60ce-9b8b-4ab8-94a8-13c5bc6314e3
2026-05-07 13:55:22,688 | INFO | Execution state | market=KXBTC15M-26MAY071400-00 side=no state=abandoned reason=zero_fill trust=synced run_id=b30a60ce-9b8b-4ab8-94a8-13c5bc6314e3
2026-05-07 13:55:22,699 | INFO | Mushroom v28 entry approved | market=KXBTC15M-26MAY071400-00 side=no ask=8c max_buy=12c qty=1 p_side=0.1349 edge=4.489c depth=50 btc_age_ms=46.0 secs_to_close=277.30
2026-05-07 13:55:22,714 | INFO | Execution state | market=KXBTC15M-26MAY071400-00 side=no state=eligible reason=pre_filters_disabled trust=synced run_id=b30a60ce-9b8b-4ab8-94a8-13c5bc6314e3
2026-05-07 13:55:22,715 | INFO | Live fill policy approved | market=KXBTC15M-26MAY071400-00 side=no trigger=8c tif=immediate_or_cancel limit=8c depth=50.00 required=2 book_age_ms=671.0 secs_to_close=277.30 reason=single_shot_abundant_depth
2026-05-07 13:55:22,715 | INFO | ENTRY signal | market=KXBTC15M-26MAY071400-00 action=buy side=no trigger=8c limit=8c qty=1 book_ready=True
2026-05-07 13:55:22,716 | INFO | Execution state | market=KXBTC15M-26MAY071400-00 side=no state=submitting reason=single_shot_abundant_depth trust=synced run_id=b30a60ce-9b8b-4ab8-94a8-13c5bc6314e3
2026-05-07 13:55:22,761 | INFO | Execution state | market=KXBTC15M-26MAY071400-00 side=no state=abandoned reason=zero_fill trust=synced run_id=b30a60ce-9b8b-4ab8-94a8-13c5bc6314e3
2026-05-07 13:55:22,764 | INFO | Mushroom v28 entry approved | market=KXBTC15M-26MAY071400-00 side=no ask=8c max_buy=12c qty=1 p_side=0.1349 edge=4.488c depth=50 btc_age_ms=109.0 secs_to_close=277.24
2026-05-07 13:55:22,772 | INFO | Execution state | market=KXBTC15M-26MAY071400-00 side=no state=eligible reason=pre_filters_disabled trust=synced run_id=b30a60ce-9b8b-4ab8-94a8-13c5bc6314e3
2026-05-07 13:55:22,772 | INFO | Live fill policy approved | market=KXBTC15M-26MAY071400-00 side=no trigger=8c tif=immediate_or_cancel limit=8c depth=50.00 required=2 book_age_ms=734.0 secs_to_close=277.24 reason=single_shot_abundant_depth
2026-05-07 13:55:22,773 | INFO | ENTRY signal | market=KXBTC15M-26MAY071400-00 action=buy side=no trigger=8c limit=8c qty=1 book_ready=True
2026-05-07 13:55:22,773 | INFO | Execution state | market=KXBTC15M-26MAY071400-00 side=no state=submitting reason=single_shot_abundant_depth trust=synced run_id=b30a60ce-9b8b-4ab8-94a8-13c5bc6314e3
2026-05-07 13:55:22,818 | INFO | Execution state | market=KXBTC15M-26MAY071400-00 side=no state=abandoned reason=zero_fill trust=synced run_id=b30a60ce-9b8b-4ab8-94a8-13c5bc6314e3
2026-05-07 13:55:24,162 | INFO | Mushroom v28 entry approved | market=KXBTC15M-26MAY071400-00 side=no ask=8c max_buy=12c qty=1 p_side=0.1347 edge=4.474c depth=20 btc_age_ms=15.0 secs_to_close=275.84
2026-05-07 13:55:24,171 | INFO | Execution state | market=KXBTC15M-26MAY071400-00 side=no state=eligible reason=pre_filters_disabled trust=synced run_id=b30a60ce-9b8b-4ab8-94a8-13c5bc6314e3
2026-05-07 13:55:24,171 | INFO | Live fill policy approved | market=KXBTC15M-26MAY071400-00 side=no trigger=8c tif=immediate_or_cancel limit=8c depth=20.00 required=2 book_age_ms=140.0 secs_to_close=275.84 reason=single_shot_abundant_depth
2026-05-07 13:55:24,172 | INFO | ENTRY signal | market=KXBTC15M-26MAY071400-00 action=buy side=no trigger=8c limit=8c qty=1 book_ready=True
2026-05-07 13:55:24,172 | INFO | Execution state | market=KXBTC15M-26MAY071400-00 side=no state=submitting reason=single_shot_abundant_depth trust=synced run_id=b30a60ce-9b8b-4ab8-94a8-13c5bc6314e3
2026-05-07 13:55:24,216 | INFO | Execution state | market=KXBTC15M-26MAY071400-00 side=no state=abandoned reason=zero_fill trust=synced run_id=b30a60ce-9b8b-4ab8-94a8-13c5bc6314e3
2026-05-07 13:55:24,217 | INFO | Mushroom v28 entry approved | market=KXBTC15M-26MAY071400-00 side=no ask=8c max_buy=12c qty=1 p_side=0.1347 edge=4.473c depth=20 btc_age_ms=16.0 secs_to_close=275.78
2026-05-07 13:55:24,225 | INFO | Execution state | market=KXBTC15M-26MAY071400-00 side=no state=eligible reason=pre_filters_disabled trust=synced run_id=b30a60ce-9b8b-4ab8-94a8-13c5bc6314e3
2026-05-07 13:55:24,226 | INFO | Live fill policy approved | market=KXBTC15M-26MAY071400-00 side=no trigger=8c tif=immediate_or_cancel limit=8c depth=20.00 required=2 book_age_ms=203.0 secs_to_close=275.78 reason=single_shot_abundant_depth
2026-05-07 13:55:24,226 | INFO | ENTRY signal | market=KXBTC15M-26MAY071400-00 action=buy side=no trigger=8c limit=8c qty=1 book_ready=True
2026-05-07 13:55:24,226 | INFO | Execution state | market=KXBTC15M-26MAY071400-00 side=no state=submitting reason=single_shot_abundant_depth trust=synced run_id=b30a60ce-9b8b-4ab8-94a8-13c5bc6314e3
2026-05-07 13:55:24,269 | INFO | Execution state | market=KXBTC15M-26MAY071400-00 side=no state=abandoned reason=zero_fill trust=synced run_id=b30a60ce-9b8b-4ab8-94a8-13c5bc6314e3
2026-05-07 13:55:24,271 | INFO | Mushroom v28 entry approved | market=KXBTC15M-26MAY071400-00 side=no ask=8c max_buy=12c qty=1 p_side=0.1347 edge=4.472c depth=20 btc_age_ms=63.0 secs_to_close=275.73
2026-05-07 13:55:24,280 | INFO | Execution state | market=KXBTC15M-26MAY071400-00 side=no state=eligible reason=pre_filters_disabled trust=synced run_id=b30a60ce-9b8b-4ab8-94a8-13c5bc6314e3
2026-05-07 13:55:24,281 | INFO | Live fill policy approved | market=KXBTC15M-26MAY071400-00 side=no trigger=8c tif=immediate_or_cancel limit=8c depth=20.00 required=2 book_age_ms=250.0 secs_to_close=275.73 reason=single_shot_abundant_depth
2026-05-07 13:55:24,281 | INFO | ENTRY signal | market=KXBTC15M-26MAY071400-00 action=buy side=no trigger=8c limit=8c qty=1 book_ready=True
2026-05-07 13:55:24,282 | INFO | Execution state | market=KXBTC15M-26MAY071400-00 side=no state=submitting reason=single_shot_abundant_depth trust=synced run_id=b30a60ce-9b8b-4ab8-94a8-13c5bc6314e3
2026-05-07 13:55:24,321 | INFO | Execution state | market=KXBTC15M-26MAY071400-00 side=no state=abandoned reason=zero_fill trust=synced run_id=b30a60ce-9b8b-4ab8-94a8-13c5bc6314e3
2026-05-07 13:55:24,357 | INFO | Mushroom v28 entry approved | market=KXBTC15M-26MAY071400-00 side=no ask=8c max_buy=12c qty=1 p_side=0.1347 edge=4.471c depth=20 btc_age_ms=141.0 secs_to_close=275.64
2026-05-07 13:55:24,369 | INFO | Execution state | market=KXBTC15M-26MAY071400-00 side=no state=eligible reason=pre_filters_disabled trust=synced run_id=b30a60ce-9b8b-4ab8-94a8-13c5bc6314e3
2026-05-07 13:55:24,369 | INFO | Live fill policy approved | market=KXBTC15M-26MAY071400-00 side=no trigger=8c tif=immediate_or_cancel limit=8c depth=20.00 required=2 book_age_ms=328.0 secs_to_close=275.64 reason=single_shot_abundant_depth
2026-05-07 13:55:24,370 | INFO | ENTRY signal | market=KXBTC15M-26MAY071400-00 action=buy side=no trigger=8c limit=8c qty=1 book_ready=True
2026-05-07 13:55:24,370 | INFO | Execution state | market=KXBTC15M-26MAY071400-00 side=no state=submitting reason=single_shot_abundant_depth trust=synced run_id=b30a60ce-9b8b-4ab8-94a8-13c5bc6314e3
2026-05-07 13:55:24,414 | INFO | Execution state | market=KXBTC15M-26MAY071400-00 side=no state=abandoned reason=zero_fill trust=synced run_id=b30a60ce-9b8b-4ab8-94a8-13c5bc6314e3
2026-05-07 13:55:24,435 | INFO | Mushroom v28 entry approved | market=KXBTC15M-26MAY071400-00 side=no ask=8c max_buy=12c qty=1 p_side=0.1347 edge=4.471c depth=23 btc_age_ms=219.0 secs_to_close=275.57
2026-05-07 13:55:24,446 | INFO | Execution state | market=KXBTC15M-26MAY071400-00 side=no state=eligible reason=pre_filters_disabled trust=synced run_id=b30a60ce-9b8b-4ab8-94a8-13c5bc6314e3
2026-05-07 13:55:24,446 | INFO | Live fill policy approved | market=KXBTC15M-26MAY071400-00 side=no trigger=8c tif=immediate_or_cancel limit=8c depth=23.00 required=2 book_age_ms=406.0 secs_to_close=275.57 reason=single_shot_abundant_depth
2026-05-07 13:55:24,447 | INFO | ENTRY signal | market=KXBTC15M-26MAY071400-00 action=buy side=no trigger=8c limit=8c qty=1 book_ready=True
2026-05-07 13:55:24,447 | INFO | Execution state | market=KXBTC15M-26MAY071400-00 side=no state=submitting reason=single_shot_abundant_depth trust=synced run_id=b30a60ce-9b8b-4ab8-94a8-13c5bc6314e3
2026-05-07 13:55:24,496 | INFO | Execution state | market=KXBTC15M-26MAY071400-00 side=no state=abandoned reason=zero_fill trust=synced run_id=b30a60ce-9b8b-4ab8-94a8-13c5bc6314e3
2026-05-07 13:55:24,507 | INFO | Mushroom v28 entry approved | market=KXBTC15M-26MAY071400-00 side=no ask=8c max_buy=12c qty=1 p_side=0.1347 edge=4.470c depth=23 btc_age_ms=297.0 secs_to_close=275.49
2026-05-07 13:55:24,518 | INFO | Execution state | market=KXBTC15M-26MAY071400-00 side=no state=eligible reason=pre_filters_disabled trust=synced run_id=b30a60ce-9b8b-4ab8-94a8-13c5bc6314e3
2026-05-07 13:55:24,518 | INFO | Live fill policy approved | market=KXBTC15M-26MAY071400-00 side=no trigger=8c tif=immediate_or_cancel limit=8c depth=23.00 required=2 book_age_ms=484.0 secs_to_close=275.49 reason=single_shot_abundant_depth
2026-05-07 13:55:24,519 | INFO | ENTRY signal | market=KXBTC15M-26MAY071400-00 action=buy side=no trigger=8c limit=8c qty=1 book_ready=True
2026-05-07 13:55:24,519 | INFO | Execution state | market=KXBTC15M-26MAY071400-00 side=no state=submitting reason=single_shot_abundant_depth trust=synced run_id=b30a60ce-9b8b-4ab8-94a8-13c5bc6314e3
2026-05-07 13:55:24,564 | INFO | Execution state | market=KXBTC15M-26MAY071400-00 side=no state=abandoned reason=zero_fill trust=synced run_id=b30a60ce-9b8b-4ab8-94a8-13c5bc6314e3
2026-05-07 13:55:24,565 | INFO | Mushroom v28 entry approved | market=KXBTC15M-26MAY071400-00 side=no ask=8c max_buy=12c qty=1 p_side=0.1347 edge=4.469c depth=23 btc_age_ms=46.0 secs_to_close=275.44
2026-05-07 13:55:24,573 | INFO | Execution state | market=KXBTC15M-26MAY071400-00 side=no state=eligible reason=pre_filters_disabled trust=synced run_id=b30a60ce-9b8b-4ab8-94a8-13c5bc6314e3
2026-05-07 13:55:24,574 | INFO | Live fill policy approved | market=KXBTC15M-26MAY071400-00 side=no trigger=8c tif=immediate_or_cancel limit=8c depth=23.00 required=2 book_age_ms=546.0 secs_to_close=275.44 reason=single_shot_abundant_depth
2026-05-07 13:55:24,574 | INFO | ENTRY signal | market=KXBTC15M-26MAY071400-00 action=buy side=no trigger=8c limit=8c qty=1 book_ready=True
2026-05-07 13:55:24,574 | INFO | Execution state | market=KXBTC15M-26MAY071400-00 side=no state=submitting reason=single_shot_abundant_depth trust=synced run_id=b30a60ce-9b8b-4ab8-94a8-13c5bc6314e3
2026-05-07 13:55:24,618 | INFO | Execution state | market=KXBTC15M-26MAY071400-00 side=no state=abandoned reason=zero_fill trust=synced run_id=b30a60ce-9b8b-4ab8-94a8-13c5bc6314e3
2026-05-07 13:55:24,621 | INFO | Mushroom v28 entry approved | market=KXBTC15M-26MAY071400-00 side=no ask=8c max_buy=12c qty=1 p_side=0.1347 edge=4.469c depth=24 btc_age_ms=93.0 secs_to_close=275.38
2026-05-07 13:55:24,630 | INFO | Execution state | market=KXBTC15M-26MAY071400-00 side=no state=eligible reason=pre_filters_disabled trust=synced run_id=b30a60ce-9b8b-4ab8-94a8-13c5bc6314e3
2026-05-07 13:55:24,631 | INFO | Live fill policy approved | market=KXBTC15M-26MAY071400-00 side=no trigger=8c tif=immediate_or_cancel limit=8c depth=24.00 required=2 book_age_ms=593.0 secs_to_close=275.38 reason=single_shot_abundant_depth
2026-05-07 13:55:24,631 | INFO | ENTRY signal | market=KXBTC15M-26MAY071400-00 action=buy side=no trigger=8c limit=8c qty=1 book_ready=True
2026-05-07 13:55:24,631 | INFO | Execution state | market=KXBTC15M-26MAY071400-00 side=no state=submitting reason=single_shot_abundant_depth trust=synced run_id=b30a60ce-9b8b-4ab8-94a8-13c5bc6314e3
2026-05-07 13:55:24,676 | INFO | Execution state | market=KXBTC15M-26MAY071400-00 side=no state=abandoned reason=zero_fill trust=synced run_id=b30a60ce-9b8b-4ab8-94a8-13c5bc6314e3
2026-05-07 13:55:24,684 | INFO | Mushroom v28 entry approved | market=KXBTC15M-26MAY071400-00 side=no ask=8c max_buy=12c qty=1 p_side=0.1347 edge=4.468c depth=27 btc_age_ms=156.0 secs_to_close=275.32
2026-05-07 13:55:24,693 | INFO | Execution state | market=KXBTC15M-26MAY071400-00 side=no state=eligible reason=pre_filters_disabled trust=synced run_id=b30a60ce-9b8b-4ab8-94a8-13c5bc6314e3
2026-05-07 13:55:24,693 | INFO | Live fill policy approved | market=KXBTC15M-26MAY071400-00 side=no trigger=8c tif=immediate_or_cancel limit=8c depth=27.00 required=2 book_age_ms=656.0 secs_to_close=275.32 reason=single_shot_abundant_depth
2026-05-07 13:55:24,693 | INFO | ENTRY signal | market=KXBTC15M-26MAY071400-00 action=buy side=no trigger=8c limit=8c qty=1 book_ready=True
2026-05-07 13:55:24,693 | INFO | Execution state | market=KXBTC15M-26MAY071400-00 side=no state=submitting reason=single_shot_abundant_depth trust=synced run_id=b30a60ce-9b8b-4ab8-94a8-13c5bc6314e3
2026-05-07 13:55:24,739 | INFO | Execution state | market=KXBTC15M-26MAY071400-00 side=no state=abandoned reason=zero_fill trust=synced run_id=b30a60ce-9b8b-4ab8-94a8-13c5bc6314e3
2026-05-07 13:55:24,748 | INFO | Mushroom v28 entry approved | market=KXBTC15M-26MAY071400-00 side=no ask=8c max_buy=12c qty=1 p_side=0.1347 edge=4.468c depth=25 btc_age_ms=16.0 secs_to_close=275.25
2026-05-07 13:55:24,757 | INFO | Execution state | market=KXBTC15M-26MAY071400-00 side=no state=eligible reason=pre_filters_disabled trust=synced run_id=b30a60ce-9b8b-4ab8-94a8-13c5bc6314e3
2026-05-07 13:55:24,758 | INFO | Live fill policy approved | market=KXBTC15M-26MAY071400-00 side=no trigger=8c tif=immediate_or_cancel limit=8c depth=25.00 required=2 book_age_ms=734.0 secs_to_close=275.25 reason=single_shot_abundant_depth
2026-05-07 13:55:24,759 | INFO | ENTRY signal | market=KXBTC15M-26MAY071400-00 action=buy side=no trigger=8c limit=8c qty=1 book_ready=True
2026-05-07 13:55:24,759 | INFO | Execution state | market=KXBTC15M-26MAY071400-00 side=no state=submitting reason=single_shot_abundant_depth trust=synced run_id=b30a60ce-9b8b-4ab8-94a8-13c5bc6314e3
2026-05-07 13:55:24,801 | INFO | Execution state | market=KXBTC15M-26MAY071400-00 side=no state=abandoned reason=zero_fill trust=synced run_id=b30a60ce-9b8b-4ab8-94a8-13c5bc6314e3
2026-05-07 13:55:24,802 | INFO | Mushroom v28 entry approved | market=KXBTC15M-26MAY071400-00 side=no ask=8c max_buy=12c qty=1 p_side=0.1347 edge=4.467c depth=27 btc_age_ms=63.0 secs_to_close=275.20
2026-05-07 13:55:24,813 | INFO | Execution state | market=KXBTC15M-26MAY071400-00 side=no state=eligible reason=pre_filters_disabled trust=synced run_id=b30a60ce-9b8b-4ab8-94a8-13c5bc6314e3
2026-05-07 13:55:24,813 | INFO | Live fill policy approved | market=KXBTC15M-26MAY071400-00 side=no trigger=8c tif=immediate_or_cancel limit=8c depth=27.00 required=2 book_age_ms=781.0 secs_to_close=275.20 reason=single_shot_abundant_depth
2026-05-07 13:55:24,814 | INFO | ENTRY signal | market=KXBTC15M-26MAY071400-00 action=buy side=no trigger=8c limit=8c qty=1 book_ready=True
2026-05-07 13:55:24,814 | INFO | Execution state | market=KXBTC15M-26MAY071400-00 side=no state=submitting reason=single_shot_abundant_depth trust=synced run_id=b30a60ce-9b8b-4ab8-94a8-13c5bc6314e3
2026-05-07 13:55:24,859 | INFO | Execution state | market=KXBTC15M-26MAY071400-00 side=no state=abandoned reason=zero_fill trust=synced run_id=b30a60ce-9b8b-4ab8-94a8-13c5bc6314e3
2026-05-07 13:55:24,862 | INFO | Mushroom v28 entry approved | market=KXBTC15M-26MAY071400-00 side=no ask=8c max_buy=12c qty=1 p_side=0.1347 edge=4.467c depth=27 btc_age_ms=125.0 secs_to_close=275.14
2026-05-07 13:55:24,872 | INFO | Execution state | market=KXBTC15M-26MAY071400-00 side=no state=eligible reason=pre_filters_disabled trust=synced run_id=b30a60ce-9b8b-4ab8-94a8-13c5bc6314e3
2026-05-07 13:55:24,873 | INFO | Live fill policy approved | market=KXBTC15M-26MAY071400-00 side=no trigger=8c tif=immediate_or_cancel limit=8c depth=27.00 required=2 book_age_ms=843.0 secs_to_close=275.14 reason=single_shot_abundant_depth
2026-05-07 13:55:24,873 | INFO | ENTRY signal | market=KXBTC15M-26MAY071400-00 action=buy side=no trigger=8c limit=8c qty=1 book_ready=True
2026-05-07 13:55:24,873 | INFO | Execution state | market=KXBTC15M-26MAY071400-00 side=no state=submitting reason=single_shot_abundant_depth trust=synced run_id=b30a60ce-9b8b-4ab8-94a8-13c5bc6314e3
2026-05-07 13:55:24,921 | INFO | Execution state | market=KXBTC15M-26MAY071400-00 side=no state=abandoned reason=zero_fill trust=synced run_id=b30a60ce-9b8b-4ab8-94a8-13c5bc6314e3
2026-05-07 13:55:24,936 | INFO | Mushroom v28 entry approved | market=KXBTC15M-26MAY071400-00 side=no ask=8c max_buy=12c qty=1 p_side=0.1347 edge=4.465c depth=28 btc_age_ms=15.0 secs_to_close=275.06
2026-05-07 13:55:24,946 | INFO | Execution state | market=KXBTC15M-26MAY071400-00 side=no state=eligible reason=pre_filters_disabled trust=synced run_id=b30a60ce-9b8b-4ab8-94a8-13c5bc6314e3
2026-05-07 13:55:24,946 | INFO | Live fill policy approved | market=KXBTC15M-26MAY071400-00 side=no trigger=8c tif=immediate_or_cancel limit=8c depth=28.00 required=2 book_age_ms=921.0 secs_to_close=275.06 reason=single_shot_abundant_depth
2026-05-07 13:55:24,946 | INFO | ENTRY signal | market=KXBTC15M-26MAY071400-00 action=buy side=no trigger=8c limit=8c qty=1 book_ready=True
2026-05-07 13:55:24,947 | INFO | Execution state | market=KXBTC15M-26MAY071400-00 side=no state=submitting reason=single_shot_abundant_depth trust=synced run_id=b30a60ce-9b8b-4ab8-94a8-13c5bc6314e3
2026-05-07 13:55:25,032 | INFO | Execution state | market=KXBTC15M-26MAY071400-00 side=no state=abandoned reason=zero_fill trust=synced run_id=b30a60ce-9b8b-4ab8-94a8-13c5bc6314e3
2026-05-07 13:55:25,033 | INFO | Mushroom v28 entry approved | market=KXBTC15M-26MAY071400-00 side=no ask=8c max_buy=12c qty=1 p_side=0.1346 edge=4.464c depth=28 btc_age_ms=109.0 secs_to_close=274.97
2026-05-07 13:55:25,042 | INFO | Execution state | market=KXBTC15M-26MAY071400-00 side=no state=eligible reason=pre_filters_disabled trust=synced run_id=b30a60ce-9b8b-4ab8-94a8-13c5bc6314e3
2026-05-07 13:55:25,042 | INFO | Live fill policy approved | market=KXBTC15M-26MAY071400-00 side=no trigger=8c tif=immediate_or_cancel limit=8c depth=28.00 required=2 book_age_ms=15.0 secs_to_close=274.97 reason=single_shot_abundant_depth
2026-05-07 13:55:25,043 | INFO | ENTRY signal | market=KXBTC15M-26MAY071400-00 action=buy side=no trigger=8c limit=8c qty=1 book_ready=True
2026-05-07 13:55:25,043 | INFO | Execution state | market=KXBTC15M-26MAY071400-00 side=no state=submitting reason=single_shot_abundant_depth trust=synced run_id=b30a60ce-9b8b-4ab8-94a8-13c5bc6314e3
2026-05-07 13:55:25,085 | INFO | Execution state | market=KXBTC15M-26MAY071400-00 side=no state=abandoned reason=zero_fill trust=synced run_id=b30a60ce-9b8b-4ab8-94a8-13c5bc6314e3
2026-05-07 13:55:25,117 | INFO | Mushroom v28 entry approved | market=KXBTC15M-26MAY071400-00 side=no ask=8c max_buy=12c qty=1 p_side=0.1346 edge=4.463c depth=29 btc_age_ms=62.0 secs_to_close=274.88
2026-05-07 13:55:25,126 | INFO | Execution state | market=KXBTC15M-26MAY071400-00 side=no state=eligible reason=pre_filters_disabled trust=synced run_id=b30a60ce-9b8b-4ab8-94a8-13c5bc6314e3
2026-05-07 13:55:25,126 | INFO | Live fill policy approved | market=KXBTC15M-26MAY071400-00 side=no trigger=8c tif=immediate_or_cancel limit=8c depth=29.00 required=2 book_age_ms=93.0 secs_to_close=274.88 reason=single_shot_abundant_depth
2026-05-07 13:55:25,127 | INFO | ENTRY signal | market=KXBTC15M-26MAY071400-00 action=buy side=no trigger=8c limit=8c qty=1 book_ready=True
2026-05-07 13:55:25,127 | INFO | Execution state | market=KXBTC15M-26MAY071400-00 side=no state=submitting reason=single_shot_abundant_depth trust=synced run_id=b30a60ce-9b8b-4ab8-94a8-13c5bc6314e3
2026-05-07 13:55:25,209 | INFO | ENTRY immediate fill | market=KXBTC15M-26MAY071400-00 side=no qty=1 limit=8c
2026-05-07 13:55:25,209 | INFO | Execution state | market=KXBTC15M-26MAY071400-00 side=no state=filled reason=single_shot_abundant_depth trust=synced run_id=b30a60ce-9b8b-4ab8-94a8-13c5bc6314e3
2026-05-07 13:55:35,888 | INFO | Heartbeat | watch=KXBTC15M-26MAY071400-00 yes_bid=93 yes_ask=94 no_bid=6 no_ask=7 book_ready=True position=True pending=False dry_run=False trust=synced run_id=b30a60ce-9b8b-4ab8-94a8-13c5bc6314e3
2026-05-07 13:55:50,910 | INFO | Heartbeat | watch=KXBTC15M-26MAY071400-00 yes_bid=93 yes_ask=94 no_bid=6 no_ask=7 book_ready=True position=True pending=False dry_run=False trust=synced run_id=b30a60ce-9b8b-4ab8-94a8-13c5bc6314e3
2026-05-07 13:55:56,017 | INFO | EXIT signal | market=KXBTC15M-26MAY071400-00 action=sell side=no trigger=7c limit=7c qty=1 book_ready=True mode=single_shot_ioc slices=1 attempt=0
2026-05-07 13:55:56,018 | INFO | Latency | purpose=exit feed_age_ms=214.6 local_reaction_ms=0.0 trigger_seen_at=2026-05-07T17:55:56.018183+00:00 market_msg_time=2026-05-07T17:55:55.803553Z
2026-05-07 13:55:56,018 | INFO | Exit plan approved | market=KXBTC15M-26MAY071400-00 side=no trigger=7c limit=7c top_bid=7 depth=534.67 required=1 book_age_ms=63.0 secs_to_close=243.99 reason=mushroom_v28_probability_collapse_full_single_shot_visible_depth mode=single_shot_ioc attempt=0
2026-05-07 13:55:56,071 | INFO | EXIT fill | market=KXBTC15M-26MAY071400-00 side=no slice=1/1 qty=1 cumulative=1/1 remaining=0
2026-05-07 13:56:05,925 | INFO | Heartbeat | watch=KXBTC15M-26MAY071400-00 yes_bid=93 yes_ask=93 no_bid=7 no_ask=7 book_ready=True position=False pending=False dry_run=False trust=synced run_id=b30a60ce-9b8b-4ab8-94a8-13c5bc6314e3
2026-05-07 13:57:34,118 | INFO | Starting WS bot. run_id=de2ff1a1-7465-446b-a5f8-40f36f69f32d dry_run=False base_url=https://api.elections.kalshi.com/trade-api/v2 ws_url=wss://api.elections.kalshi.com/trade-api/ws/v2 series=KXBTC15M
2026-05-07 13:57:34,931 | INFO | Watching market KXBTC15M-26MAY071400-00 close_time=2026-05-07T18:00:00Z status=active strike=79883.81 run_id=de2ff1a1-7465-446b-a5f8-40f36f69f32d
2026-05-07 13:57:34,932 | INFO | Heartbeat | watch=KXBTC15M-26MAY071400-00 yes_bid=None yes_ask=None no_bid=None no_ask=None book_ready=False position=False pending=False dry_run=False trust=cold run_id=de2ff1a1-7465-446b-a5f8-40f36f69f32d
2026-05-07 13:57:35,054 | INFO | WS connected for KXBTC15M-26MAY071400-00
2026-05-07 13:57:35,070 | INFO | Mushroom v28 BTC tick stream connected | source=coinbase url=wss://ws-feed.exchange.coinbase.com
2026-05-07 13:57:35,082 | INFO | WS subscribed payload: {'type': 'subscribed', 'id': 1, 'msg': {'channel': 'ticker', 'sid': 1}}
2026-05-07 13:57:35,082 | INFO | WS subscribed payload: {'type': 'subscribed', 'id': 1, 'msg': {'channel': 'orderbook_delta', 'sid': 2}}
2026-05-07 13:57:35,083 | INFO | Orderbook snapshot ready for KXBTC15M-26MAY071400-00
2026-05-07 13:57:49,923 | INFO | Heartbeat | watch=KXBTC15M-26MAY071400-00 yes_bid=100 yes_ask=100 no_bid=0 no_ask=0 book_ready=True position=False pending=False dry_run=False trust=synced run_id=de2ff1a1-7465-446b-a5f8-40f36f69f32d
2026-05-07 13:58:04,930 | INFO | Heartbeat | watch=KXBTC15M-26MAY071400-00 yes_bid=100 yes_ask=100 no_bid=0 no_ask=0 book_ready=True position=False pending=False dry_run=False trust=synced run_id=de2ff1a1-7465-446b-a5f8-40f36f69f32d
2026-05-07 13:58:19,948 | INFO | Heartbeat | watch=KXBTC15M-26MAY071400-00 yes_bid=100 yes_ask=100 no_bid=0 no_ask=0 book_ready=True position=False pending=False dry_run=False trust=synced run_id=de2ff1a1-7465-446b-a5f8-40f36f69f32d
2026-05-07 13:58:34,984 | INFO | Heartbeat | watch=KXBTC15M-26MAY071400-00 yes_bid=100 yes_ask=100 no_bid=0 no_ask=0 book_ready=True position=False pending=False dry_run=False trust=synced run_id=de2ff1a1-7465-446b-a5f8-40f36f69f32d
2026-05-07 13:58:50,031 | INFO | Heartbeat | watch=KXBTC15M-26MAY071400-00 yes_bid=100 yes_ask=100 no_bid=0 no_ask=0 book_ready=True position=False pending=False dry_run=False trust=synced run_id=de2ff1a1-7465-446b-a5f8-40f36f69f32d
2026-05-07 13:59:05,037 | INFO | Heartbeat | watch=KXBTC15M-26MAY071400-00 yes_bid=100 yes_ask=100 no_bid=0 no_ask=0 book_ready=True position=False pending=False dry_run=False trust=synced run_id=de2ff1a1-7465-446b-a5f8-40f36f69f32d
2026-05-07 13:59:20,030 | INFO | Heartbeat | watch=KXBTC15M-26MAY071400-00 yes_bid=100 yes_ask=100 no_bid=0 no_ask=0 book_ready=True position=False pending=False dry_run=False trust=synced run_id=de2ff1a1-7465-446b-a5f8-40f36f69f32d
2026-05-07 13:59:35,055 | INFO | Heartbeat | watch=KXBTC15M-26MAY071400-00 yes_bid=100 yes_ask=100 no_bid=0 no_ask=0 book_ready=True position=False pending=False dry_run=False trust=synced run_id=de2ff1a1-7465-446b-a5f8-40f36f69f32d
2026-05-07 13:59:50,144 | INFO | Heartbeat | watch=KXBTC15M-26MAY071400-00 yes_bid=100 yes_ask=100 no_bid=0 no_ask=0 book_ready=True position=False pending=False dry_run=False trust=synced run_id=de2ff1a1-7465-446b-a5f8-40f36f69f32d
2026-05-07 14:00:05,198 | INFO | Heartbeat | watch=KXBTC15M-26MAY071400-00 yes_bid=0 yes_ask=100 no_bid=0 no_ask=100 book_ready=True position=False pending=False dry_run=False trust=synced run_id=de2ff1a1-7465-446b-a5f8-40f36f69f32d
2026-05-07 14:00:07,618 | INFO | Orderbook snapshot ready for KXBTC15M-26MAY071400-00
2026-05-07 14:00:15,622 | INFO | Watching market KXBTC15M-26MAY071415-15 close_time=2026-05-07T18:15:00Z status=active strike=80099.95 run_id=de2ff1a1-7465-446b-a5f8-40f36f69f32d
2026-05-07 14:00:15,776 | INFO | WS connected for KXBTC15M-26MAY071415-15
2026-05-07 14:00:15,804 | INFO | WS subscribed payload: {'type': 'subscribed', 'id': 2, 'msg': {'channel': 'ticker', 'sid': 1}}
2026-05-07 14:00:15,804 | INFO | WS subscribed payload: {'type': 'subscribed', 'id': 2, 'msg': {'channel': 'orderbook_delta', 'sid': 2}}
2026-05-07 14:00:15,804 | INFO | Orderbook snapshot ready for KXBTC15M-26MAY071415-15
2026-05-07 14:00:20,217 | INFO | Heartbeat | watch=KXBTC15M-26MAY071415-15 yes_bid=44 yes_ask=45 no_bid=55 no_ask=56 book_ready=True position=False pending=False dry_run=False trust=synced run_id=de2ff1a1-7465-446b-a5f8-40f36f69f32d
2026-05-07 14:00:35,255 | INFO | Heartbeat | watch=KXBTC15M-26MAY071415-15 yes_bid=55 yes_ask=56 no_bid=44 no_ask=45 book_ready=True position=False pending=False dry_run=False trust=synced run_id=de2ff1a1-7465-446b-a5f8-40f36f69f32d
2026-05-07 14:00:50,272 | INFO | Heartbeat | watch=KXBTC15M-26MAY071415-15 yes_bid=62 yes_ask=63 no_bid=37 no_ask=38 book_ready=True position=False pending=False dry_run=False trust=synced run_id=de2ff1a1-7465-446b-a5f8-40f36f69f32d
2026-05-07 14:01:05,285 | INFO | Heartbeat | watch=KXBTC15M-26MAY071415-15 yes_bid=63 yes_ask=64 no_bid=36 no_ask=37 book_ready=True position=False pending=False dry_run=False trust=synced run_id=de2ff1a1-7465-446b-a5f8-40f36f69f32d
2026-05-07 14:01:20,284 | INFO | Heartbeat | watch=KXBTC15M-26MAY071415-15 yes_bid=62 yes_ask=63 no_bid=37 no_ask=38 book_ready=True position=False pending=False dry_run=False trust=synced run_id=de2ff1a1-7465-446b-a5f8-40f36f69f32d
2026-05-07 14:01:35,286 | INFO | Heartbeat | watch=KXBTC15M-26MAY071415-15 yes_bid=60 yes_ask=61 no_bid=39 no_ask=40 book_ready=True position=False pending=False dry_run=False trust=synced run_id=de2ff1a1-7465-446b-a5f8-40f36f69f32d
2026-05-07 14:01:50,290 | INFO | Heartbeat | watch=KXBTC15M-26MAY071415-15 yes_bid=59 yes_ask=60 no_bid=40 no_ask=41 book_ready=True position=False pending=False dry_run=False trust=synced run_id=de2ff1a1-7465-446b-a5f8-40f36f69f32d
2026-05-07 14:02:05,288 | INFO | Heartbeat | watch=KXBTC15M-26MAY071415-15 yes_bid=63 yes_ask=64 no_bid=36 no_ask=37 book_ready=True position=False pending=False dry_run=False trust=synced run_id=de2ff1a1-7465-446b-a5f8-40f36f69f32d
2026-05-07 14:02:20,291 | INFO | Heartbeat | watch=KXBTC15M-26MAY071415-15 yes_bid=58 yes_ask=59 no_bid=41 no_ask=42 book_ready=True position=False pending=False dry_run=False trust=synced run_id=de2ff1a1-7465-446b-a5f8-40f36f69f32d
2026-05-07 14:02:35,318 | INFO | Heartbeat | watch=KXBTC15M-26MAY071415-15 yes_bid=55 yes_ask=56 no_bid=44 no_ask=45 book_ready=True position=False pending=False dry_run=False trust=synced run_id=de2ff1a1-7465-446b-a5f8-40f36f69f32d
2026-05-07 14:02:50,398 | INFO | Heartbeat | watch=KXBTC15M-26MAY071415-15 yes_bid=63 yes_ask=64 no_bid=36 no_ask=37 book_ready=True position=False pending=False dry_run=False trust=synced run_id=de2ff1a1-7465-446b-a5f8-40f36f69f32d
2026-05-07 14:03:05,424 | INFO | Heartbeat | watch=KXBTC15M-26MAY071415-15 yes_bid=63 yes_ask=64 no_bid=36 no_ask=37 book_ready=True position=False pending=False dry_run=False trust=synced run_id=de2ff1a1-7465-446b-a5f8-40f36f69f32d
2026-05-07 14:03:20,455 | INFO | Heartbeat | watch=KXBTC15M-26MAY071415-15 yes_bid=65 yes_ask=66 no_bid=34 no_ask=35 book_ready=True position=False pending=False dry_run=False trust=synced run_id=de2ff1a1-7465-446b-a5f8-40f36f69f32d
2026-05-07 14:03:35,457 | INFO | Heartbeat | watch=KXBTC15M-26MAY071415-15 yes_bid=64 yes_ask=65 no_bid=35 no_ask=36 book_ready=True position=False pending=False dry_run=False trust=synced run_id=de2ff1a1-7465-446b-a5f8-40f36f69f32d
2026-05-07 14:03:50,485 | INFO | Heartbeat | watch=KXBTC15M-26MAY071415-15 yes_bid=60 yes_ask=61 no_bid=39 no_ask=40 book_ready=True position=False pending=False dry_run=False trust=synced run_id=de2ff1a1-7465-446b-a5f8-40f36f69f32d
2026-05-07 14:04:05,490 | INFO | Heartbeat | watch=KXBTC15M-26MAY071415-15 yes_bid=68 yes_ask=69 no_bid=31 no_ask=32 book_ready=True position=False pending=False dry_run=False trust=synced run_id=de2ff1a1-7465-446b-a5f8-40f36f69f32d
2026-05-07 14:04:20,508 | INFO | Heartbeat | watch=KXBTC15M-26MAY071415-15 yes_bid=66 yes_ask=67 no_bid=33 no_ask=34 book_ready=True position=False pending=False dry_run=False trust=synced run_id=de2ff1a1-7465-446b-a5f8-40f36f69f32d
2026-05-07 14:04:35,547 | INFO | Heartbeat | watch=KXBTC15M-26MAY071415-15 yes_bid=68 yes_ask=69 no_bid=31 no_ask=32 book_ready=True position=False pending=False dry_run=False trust=synced run_id=de2ff1a1-7465-446b-a5f8-40f36f69f32d
2026-05-07 14:04:50,571 | INFO | Heartbeat | watch=KXBTC15M-26MAY071415-15 yes_bid=63 yes_ask=64 no_bid=36 no_ask=37 book_ready=True position=False pending=False dry_run=False trust=synced run_id=de2ff1a1-7465-446b-a5f8-40f36f69f32d
2026-05-07 14:05:05,583 | INFO | Heartbeat | watch=KXBTC15M-26MAY071415-15 yes_bid=65 yes_ask=66 no_bid=34 no_ask=35 book_ready=True position=False pending=False dry_run=False trust=synced run_id=de2ff1a1-7465-446b-a5f8-40f36f69f32d
2026-05-07 14:05:20,591 | INFO | Heartbeat | watch=KXBTC15M-26MAY071415-15 yes_bid=62 yes_ask=64 no_bid=36 no_ask=38 book_ready=True position=False pending=False dry_run=False trust=synced run_id=de2ff1a1-7465-446b-a5f8-40f36f69f32d
2026-05-07 14:05:35,582 | INFO | Heartbeat | watch=KXBTC15M-26MAY071415-15 yes_bid=56 yes_ask=57 no_bid=43 no_ask=44 book_ready=True position=False pending=False dry_run=False trust=synced run_id=de2ff1a1-7465-446b-a5f8-40f36f69f32d
2026-05-07 14:05:50,581 | INFO | Heartbeat | watch=KXBTC15M-26MAY071415-15 yes_bid=66 yes_ask=67 no_bid=33 no_ask=34 book_ready=True position=False pending=False dry_run=False trust=synced run_id=de2ff1a1-7465-446b-a5f8-40f36f69f32d
2026-05-07 14:06:05,583 | INFO | Heartbeat | watch=KXBTC15M-26MAY071415-15 yes_bid=73 yes_ask=74 no_bid=26 no_ask=27 book_ready=True position=False pending=False dry_run=False trust=synced run_id=de2ff1a1-7465-446b-a5f8-40f36f69f32d
2026-05-07 14:06:20,582 | INFO | Heartbeat | watch=KXBTC15M-26MAY071415-15 yes_bid=80 yes_ask=82 no_bid=18 no_ask=20 book_ready=True position=False pending=False dry_run=False trust=synced run_id=de2ff1a1-7465-446b-a5f8-40f36f69f32d
2026-05-07 14:06:35,612 | INFO | Heartbeat | watch=KXBTC15M-26MAY071415-15 yes_bid=75 yes_ask=76 no_bid=24 no_ask=25 book_ready=True position=False pending=False dry_run=False trust=synced run_id=de2ff1a1-7465-446b-a5f8-40f36f69f32d
2026-05-07 14:06:50,630 | INFO | Heartbeat | watch=KXBTC15M-26MAY071415-15 yes_bid=72 yes_ask=73 no_bid=27 no_ask=28 book_ready=True position=False pending=False dry_run=False trust=synced run_id=de2ff1a1-7465-446b-a5f8-40f36f69f32d
2026-05-07 14:07:05,630 | INFO | Heartbeat | watch=KXBTC15M-26MAY071415-15 yes_bid=83 yes_ask=84 no_bid=16 no_ask=17 book_ready=True position=False pending=False dry_run=False trust=synced run_id=de2ff1a1-7465-446b-a5f8-40f36f69f32d
2026-05-07 14:07:20,640 | INFO | Heartbeat | watch=KXBTC15M-26MAY071415-15 yes_bid=79 yes_ask=80 no_bid=20 no_ask=21 book_ready=True position=False pending=False dry_run=False trust=synced run_id=de2ff1a1-7465-446b-a5f8-40f36f69f32d
2026-05-07 14:07:35,644 | INFO | Heartbeat | watch=KXBTC15M-26MAY071415-15 yes_bid=77 yes_ask=78 no_bid=22 no_ask=23 book_ready=True position=False pending=False dry_run=False trust=synced run_id=de2ff1a1-7465-446b-a5f8-40f36f69f32d
2026-05-07 14:07:50,667 | INFO | Heartbeat | watch=KXBTC15M-26MAY071415-15 yes_bid=87 yes_ask=88 no_bid=12 no_ask=13 book_ready=True position=False pending=False dry_run=False trust=synced run_id=de2ff1a1-7465-446b-a5f8-40f36f69f32d
2026-05-07 14:08:05,698 | INFO | Heartbeat | watch=KXBTC15M-26MAY071415-15 yes_bid=90 yes_ask=91 no_bid=9 no_ask=10 book_ready=True position=False pending=False dry_run=False trust=synced run_id=de2ff1a1-7465-446b-a5f8-40f36f69f32d
