2026-05-07 19:08:42 -04:00 | started strategy=mushroom_v28_common_clock_exit_guard_v1_sourcefix_size1_live interval_seconds=60 max_loss_cluster=3 max_drawdown_cents=200 max_zero_fill_count=3
2026-05-07 19:08:49 -04:00 | decision=ok status=running_waiting_for_first_entry entries=0 round_trips=0 net_cents=0 loss_cluster=0 zero_fills=0 filled_events=0 positions=0 orders=0 latest=mushroom_v28_rejected/warming
2026-05-07 19:09:54 -04:00 | decision=ok status=running_waiting_for_first_entry entries=0 round_trips=0 net_cents=0 loss_cluster=0 zero_fills=0 filled_events=0 positions=0 orders=0 latest=mushroom_v28_rejected/p_below_floor
2026-05-07 19:10:57 -04:00 | decision=ok status=running_waiting_for_first_entry entries=0 round_trips=0 net_cents=0 loss_cluster=0 zero_fills=0 filled_events=0 positions=0 orders=0 latest=mushroom_v28_rejected/p_below_floor
2026-05-07 19:11:01 -04:00 | started strategy=mushroom_v28_common_clock_exit_guard_v1_sourcefix_size1_live interval_seconds=60 max_loss_cluster=3 max_drawdown_cents=200 max_zero_fill_count=3 min_source_reject_events=100 max_source_stale_reject_share=0.7
2026-05-07 19:11:05 -04:00 | decision=ok status=running_waiting_for_first_entry entries=0 round_trips=0 net_cents=0 loss_cluster=0 zero_fills=0 filled_events=0 positions=0 orders=0 source_stale=16/32(50pct) latest=mushroom_v28_rejected/p_below_floor
2026-05-07 19:12:08 -04:00 | decision=ok status=running_waiting_for_first_entry entries=0 round_trips=0 net_cents=0 loss_cluster=0 zero_fills=0 filled_events=0 positions=0 orders=0 source_stale=22/44(50pct) latest=mushroom_v28_rejected/p_below_floor
2026-05-07 19:13:12 -04:00 | decision=ok status=running_waiting_for_first_entry entries=0 round_trips=0 net_cents=0 loss_cluster=0 zero_fills=0 filled_events=0 positions=0 orders=0 source_stale=30/58(51.7pct) latest=mushroom_v28_rejected/p_below_floor
2026-05-07 19:14:15 -04:00 | decision=ok status=running_waiting_for_first_entry entries=0 round_trips=0 net_cents=0 loss_cluster=0 zero_fills=0 filled_events=0 positions=0 orders=0 source_stale=34/70(48.6pct) latest=mushroom_v28_rejected/time_window
2026-05-07 19:15:19 -04:00 | decision=ok status=running_waiting_for_first_entry entries=0 round_trips=0 net_cents=0 loss_cluster=0 zero_fills=0 filled_events=0 positions=0 orders=0 source_stale=34/76(44.7pct) latest=mushroom_v28_rejected/missing_horizon
2026-05-07 19:16:22 -04:00 | decision=ok status=running_waiting_for_first_entry entries=0 round_trips=0 net_cents=0 loss_cluster=0 zero_fills=0 filled_events=0 positions=0 orders=0 source_stale=40/90(44.4pct) latest=mushroom_v28_rejected/book_stale
2026-05-07 19:17:25 -04:00 | decision=ok status=running_waiting_for_first_entry entries=0 round_trips=0 net_cents=0 loss_cluster=0 zero_fills=0 filled_events=0 positions=0 orders=0 source_stale=46/102(45.1pct) latest=mushroom_v28_rejected/book_stale
2026-05-07 19:18:30 -04:00 | decision=ok status=running_waiting_for_first_entry entries=0 round_trips=0 net_cents=0 loss_cluster=0 zero_fills=0 filled_events=0 positions=0 orders=0 source_stale=52/114(45.6pct) latest=mushroom_v28_rejected/book_stale
2026-05-07 19:19:35 -04:00 | decision=ok status=running_waiting_for_first_entry entries=0 round_trips=0 net_cents=0 loss_cluster=0 zero_fills=0 filled_events=0 positions=0 orders=0 source_stale=60/130(46.2pct) latest=mushroom_v28_rejected/book_stale
2026-05-07 19:20:38 -04:00 | decision=ok status=running_waiting_for_first_entry entries=0 round_trips=0 net_cents=0 loss_cluster=0 zero_fills=0 filled_events=0 positions=0 orders=0 source_stale=66/143(46.2pct) latest=mushroom_v28_rejected/book_stale
2026-05-07 19:21:40 -04:00 | decision=ok status=running_waiting_for_first_entry entries=0 round_trips=0 net_cents=0 loss_cluster=0 zero_fills=0 filled_events=0 positions=0 orders=0 source_stale=72/155(46.5pct) latest=mushroom_v28_rejected/book_stale
2026-05-07 19:22:42 -04:00 | decision=ok status=running_waiting_for_first_entry entries=0 round_trips=0 net_cents=0 loss_cluster=0 zero_fills=0 filled_events=0 positions=0 orders=0 source_stale=78/167(46.7pct) latest=mushroom_v28_rejected/book_stale
2026-05-07 19:23:46 -04:00 | decision=ok status=running_waiting_for_first_entry entries=0 round_trips=0 net_cents=0 loss_cluster=0 zero_fills=0 filled_events=0 positions=0 orders=0 source_stale=84/179(46.9pct) latest=mushroom_v28_rejected/book_stale
2026-05-07 19:24:49 -04:00 | decision=ok status=running_waiting_for_first_entry entries=0 round_trips=0 net_cents=0 loss_cluster=0 zero_fills=0 filled_events=0 positions=0 orders=0 source_stale=90/189(47.6pct) latest=mushroom_v28_rejected/book_stale
2026-05-07 19:25:51 -04:00 | decision=ok status=running_waiting_for_first_entry entries=0 round_trips=0 net_cents=0 loss_cluster=0 zero_fills=0 filled_events=0 positions=0 orders=0 source_stale=97/200(48.5pct) latest=mushroom_v28_rejected/btc_stale
2026-05-07 19:26:54 -04:00 | decision=ok status=running_waiting_for_first_entry entries=0 round_trips=0 net_cents=0 loss_cluster=0 zero_fills=0 filled_events=0 positions=0 orders=0 source_stale=96/200(48pct) latest=mushroom_v28_rejected/book_stale
2026-05-07 19:27:56 -04:00 | decision=ok status=running_waiting_for_first_entry entries=0 round_trips=0 net_cents=0 loss_cluster=0 zero_fills=0 filled_events=0 positions=0 orders=0 source_stale=96/200(48pct) latest=mushroom_v28_rejected/book_stale
2026-05-07 19:29:00 -04:00 | decision=ok status=running_waiting_for_first_entry entries=0 round_trips=0 net_cents=0 loss_cluster=0 zero_fills=0 filled_events=0 positions=0 orders=0 source_stale=94/200(47pct) latest=mushroom_v28_rejected/time_window
2026-05-07 19:30:02 -04:00 | decision=ok status=running_waiting_for_first_entry entries=0 round_trips=0 net_cents=0 loss_cluster=0 zero_fills=0 filled_events=0 positions=0 orders=0 source_stale=90/200(45pct) latest=mushroom_v28_rejected/missing_horizon
2026-05-07 19:31:05 -04:00 | decision=ok status=running_waiting_for_first_entry entries=0 round_trips=0 net_cents=0 loss_cluster=0 zero_fills=0 filled_events=0 positions=0 orders=0 source_stale=90/200(45pct) latest=mushroom_v28_rejected/btc_stale
2026-05-07 19:32:07 -04:00 | decision=ok status=running_waiting_for_first_entry entries=0 round_trips=0 net_cents=0 loss_cluster=0 zero_fills=0 filled_events=0 positions=0 orders=0 source_stale=94/200(47pct) latest=mushroom_v28_rejected/book_stale
2026-05-07 19:33:09 -04:00 | decision=ok status=running_waiting_for_first_entry entries=0 round_trips=0 net_cents=0 loss_cluster=0 zero_fills=0 filled_events=0 positions=0 orders=0 source_stale=96/200(48pct) latest=mushroom_v28_rejected/book_stale
2026-05-07 19:34:12 -04:00 | decision=ok status=running_waiting_for_first_entry entries=0 round_trips=0 net_cents=0 loss_cluster=0 zero_fills=0 filled_events=0 positions=0 orders=0 source_stale=96/200(48pct) latest=mushroom_v28_rejected/book_stale
2026-05-07 19:35:14 -04:00 | decision=ok status=running_waiting_for_first_entry entries=0 round_trips=0 net_cents=0 loss_cluster=0 zero_fills=0 filled_events=0 positions=0 orders=0 source_stale=96/200(48pct) latest=mushroom_v28_rejected/book_stale
2026-05-07 19:36:16 -04:00 | decision=ok status=running_waiting_for_first_entry entries=0 round_trips=0 net_cents=0 loss_cluster=0 zero_fills=0 filled_events=0 positions=0 orders=0 source_stale=97/200(48.5pct) latest=mushroom_v28_rejected/btc_stale
2026-05-07 19:37:18 -04:00 | decision=ok status=running_waiting_for_first_entry entries=0 round_trips=0 net_cents=0 loss_cluster=0 zero_fills=0 filled_events=0 positions=0 orders=0 source_stale=98/200(49pct) latest=mushroom_v28_rejected/book_stale
2026-05-07 19:38:20 -04:00 | decision=ok status=running_waiting_for_first_entry entries=0 round_trips=0 net_cents=0 loss_cluster=0 zero_fills=0 filled_events=0 positions=0 orders=0 source_stale=100/200(50pct) latest=mushroom_v28_rejected/book_stale
2026-05-07 19:39:23 -04:00 | decision=ok status=running_waiting_for_first_entry entries=0 round_trips=0 net_cents=0 loss_cluster=0 zero_fills=0 filled_events=0 positions=0 orders=0 source_stale=100/200(50pct) latest=mushroom_v28_rejected/book_stale
2026-05-07 19:40:25 -04:00 | decision=ok status=running_waiting_for_first_entry entries=0 round_trips=0 net_cents=0 loss_cluster=0 zero_fills=0 filled_events=0 positions=0 orders=0 source_stale=102/200(51pct) latest=mushroom_v28_rejected/book_stale
2026-05-07 19:41:28 -04:00 | decision=ok status=running_waiting_for_first_entry entries=0 round_trips=0 net_cents=0 loss_cluster=0 zero_fills=0 filled_events=0 positions=0 orders=0 source_stale=100/200(50pct) latest=mushroom_v28_rejected/ask_too_high
2026-05-07 19:42:30 -04:00 | decision=ok status=running_waiting_for_first_entry entries=0 round_trips=0 net_cents=0 loss_cluster=0 zero_fills=0 filled_events=0 positions=0 orders=0 source_stale=100/200(50pct) latest=mushroom_v28_rejected/ask_too_high
2026-05-07 19:43:32 -04:00 | decision=ok status=running_waiting_for_first_entry entries=0 round_trips=0 net_cents=0 loss_cluster=0 zero_fills=0 filled_events=0 positions=0 orders=0 source_stale=100/200(50pct) latest=mushroom_v28_rejected/ask_too_high
2026-05-07 19:44:34 -04:00 | decision=ok status=running_waiting_for_first_entry entries=0 round_trips=0 net_cents=0 loss_cluster=0 zero_fills=0 filled_events=0 positions=0 orders=0 source_stale=98/200(49pct) latest=mushroom_v28_rejected/time_window
2026-05-07 19:45:37 -04:00 | decision=ok status=running_waiting_for_first_entry entries=0 round_trips=0 net_cents=0 loss_cluster=0 zero_fills=0 filled_events=0 positions=0 orders=0 source_stale=96/200(48pct) latest=mushroom_v28_rejected/missing_horizon
2026-05-07 19:46:39 -04:00 | decision=ok status=running_waiting_for_first_entry entries=0 round_trips=0 net_cents=0 loss_cluster=0 zero_fills=0 filled_events=0 positions=0 orders=0 source_stale=102/200(51pct) latest=mushroom_v28_rejected/btc_stale
2026-05-07 19:47:41 -04:00 | decision=ok status=running_waiting_for_first_entry entries=0 round_trips=0 net_cents=0 loss_cluster=0 zero_fills=0 filled_events=0 positions=0 orders=0 source_stale=104/200(52pct) latest=mushroom_v28_rejected/p_below_floor
2026-05-07 19:48:43 -04:00 | decision=ok status=running_waiting_for_first_entry entries=0 round_trips=0 net_cents=0 loss_cluster=0 zero_fills=0 filled_events=0 positions=0 orders=0 source_stale=106/200(53pct) latest=mushroom_v28_rejected/p_below_floor
2026-05-07 19:49:46 -04:00 | decision=ok status=running_waiting_for_first_entry entries=0 round_trips=0 net_cents=0 loss_cluster=0 zero_fills=0 filled_events=0 positions=0 orders=0 source_stale=108/200(54pct) latest=mushroom_v28_rejected/btc_stale
2026-05-07 19:50:48 -04:00 | decision=ok status=running_waiting_for_first_entry entries=0 round_trips=0 net_cents=0 loss_cluster=0 zero_fills=0 filled_events=0 positions=0 orders=0 source_stale=110/200(55pct) latest=mushroom_v28_rejected/p_below_floor
2026-05-07 19:51:50 -04:00 | decision=ok status=running_waiting_for_first_entry entries=0 round_trips=0 net_cents=0 loss_cluster=0 zero_fills=0 filled_events=0 positions=0 orders=0 source_stale=110/200(55pct) latest=mushroom_v28_rejected/book_stale
2026-05-07 19:52:53 -04:00 | decision=ok status=running_waiting_for_first_entry entries=0 round_trips=0 net_cents=0 loss_cluster=0 zero_fills=0 filled_events=0 positions=0 orders=0 source_stale=110/200(55pct) latest=mushroom_v28_rejected/p_below_floor
2026-05-07 19:53:56 -04:00 | decision=ok status=running_waiting_for_first_entry entries=0 round_trips=0 net_cents=0 loss_cluster=0 zero_fills=0 filled_events=0 positions=0 orders=0 source_stale=110/200(55pct) latest=mushroom_v28_rejected/p_below_floor
2026-05-07 19:54:59 -04:00 | decision=ok status=running_waiting_for_first_entry entries=0 round_trips=0 net_cents=0 loss_cluster=0 zero_fills=0 filled_events=0 positions=0 orders=0 source_stale=113/200(56.5pct) latest=mushroom_v28_rejected/btc_stale
2026-05-07 19:56:04 -04:00 | decision=ok status=running_waiting_for_first_entry entries=0 round_trips=0 net_cents=0 loss_cluster=0 zero_fills=0 filled_events=0 positions=0 orders=0 source_stale=114/200(57pct) latest=mushroom_v28_rejected/btc_stale
2026-05-07 19:57:07 -04:00 | decision=ok status=running_waiting_for_first_entry entries=0 round_trips=0 net_cents=0 loss_cluster=0 zero_fills=0 filled_events=0 positions=0 orders=0 source_stale=115/200(57.5pct) latest=mushroom_v28_rejected/btc_stale
2026-05-07 19:58:10 -04:00 | decision=ok status=running_waiting_for_first_entry entries=0 round_trips=0 net_cents=0 loss_cluster=0 zero_fills=0 filled_events=0 positions=0 orders=0 source_stale=124/200(62pct) latest=mushroom_v28_rejected/book_stale
2026-05-07 19:59:12 -04:00 | decision=ok status=running_waiting_for_first_entry entries=0 round_trips=0 net_cents=0 loss_cluster=0 zero_fills=0 filled_events=0 positions=0 orders=0 source_stale=122/200(61pct) latest=mushroom_v28_rejected/time_window
2026-05-07 20:00:14 -04:00 | decision=ok status=running_waiting_for_first_entry entries=0 round_trips=0 net_cents=0 loss_cluster=0 zero_fills=0 filled_events=0 positions=0 orders=0 source_stale=118/200(59pct) latest=mushroom_v28_rejected/missing_horizon
2026-05-07 20:01:16 -04:00 | decision=ok status=running_waiting_for_first_entry entries=0 round_trips=0 net_cents=0 loss_cluster=0 zero_fills=0 filled_events=0 positions=0 orders=0 source_stale=114/200(57pct) latest=mushroom_v28_rejected/book_stale
2026-05-07 20:02:18 -04:00 | decision=ok status=running_waiting_for_first_entry entries=0 round_trips=0 net_cents=0 loss_cluster=0 zero_fills=0 filled_events=0 positions=0 orders=0 source_stale=112/200(56pct) latest=mushroom_v28_rejected/book_stale
2026-05-07 20:03:21 -04:00 | decision=ok status=running_waiting_for_first_entry entries=0 round_trips=0 net_cents=0 loss_cluster=0 zero_fills=0 filled_events=0 positions=0 orders=0 source_stale=112/200(56pct) latest=mushroom_v28_rejected/book_stale
2026-05-07 20:05:33 -04:00 | started strategy=mushroom_v28_common_clock_exit_guard_v1_sourcefix_size1_live interval_seconds=60 max_loss_cluster=3 max_drawdown_cents=200 max_zero_fill_count=3 min_source_reject_events=100 max_source_stale_reject_share=0.7
2026-05-07 20:05:36 -04:00 | decision=ok status=running_waiting_for_first_entry entries=0 round_trips=0 net_cents=0 loss_cluster=0 zero_fills=0 filled_events=0 positions=0 orders=0 source_stale=110/200(55pct) zero_entry=healthy_selective_wait_no_threshold_change no_entry_review_due=False mature_markets=5 markets_until_review=3 latest=mushroom_v28_rejected/book_stale
2026-05-07 20:06:38 -04:00 | decision=ok status=running_waiting_for_first_entry entries=0 round_trips=0 net_cents=0 loss_cluster=0 zero_fills=0 filled_events=0 positions=0 orders=0 source_stale=108/200(54pct) zero_entry=healthy_selective_wait_no_threshold_change no_entry_review_due=False mature_markets=5 markets_until_review=3 latest=mushroom_v28_rejected/p_below_floor
2026-05-07 20:07:41 -04:00 | decision=ok status=running_waiting_for_first_entry entries=0 round_trips=0 net_cents=0 loss_cluster=0 zero_fills=0 filled_events=0 positions=0 orders=0 source_stale=108/200(54pct) zero_entry=healthy_selective_wait_no_threshold_change no_entry_review_due=False mature_markets=5 markets_until_review=3 latest=mushroom_v28_rejected/book_stale
2026-05-07 20:08:43 -04:00 | decision=ok status=running_waiting_for_first_entry entries=0 round_trips=0 net_cents=0 loss_cluster=0 zero_fills=0 filled_events=0 positions=0 orders=0 source_stale=106/200(53pct) zero_entry=healthy_selective_wait_no_threshold_change no_entry_review_due=False mature_markets=5 markets_until_review=3 latest=mushroom_v28_rejected/book_stale
2026-05-07 20:09:46 -04:00 | decision=ok status=running_waiting_for_first_entry entries=0 round_trips=0 net_cents=0 loss_cluster=0 zero_fills=1 filled_events=0 positions=0 orders=0 source_stale=100/200(50pct) zero_entry=entry_path_active_rescore_and_reconcile no_entry_review_due=False mature_markets=5 markets_until_review=3 latest=mushroom_v28_rejected/book_stale
2026-05-07 20:10:50 -04:00 | decision=ok status=running_waiting_for_first_entry entries=0 round_trips=0 net_cents=0 loss_cluster=0 zero_fills=1 filled_events=0 positions=0 orders=0 source_stale=99/200(49.5pct) zero_entry=entry_path_active_rescore_and_reconcile no_entry_review_due=False mature_markets=5 markets_until_review=3 latest=mushroom_v28_rejected/ask_too_high
2026-05-07 20:11:53 -04:00 | decision=ok status=running_waiting_for_first_entry entries=0 round_trips=0 net_cents=0 loss_cluster=0 zero_fills=1 filled_events=0 positions=0 orders=0 source_stale=98/200(49pct) zero_entry=entry_path_active_rescore_and_reconcile no_entry_review_due=False mature_markets=5 markets_until_review=3 latest=mushroom_v28_rejected/ask_too_high
2026-05-07 20:12:56 -04:00 | decision=ok status=running_waiting_for_first_entry entries=0 round_trips=0 net_cents=0 loss_cluster=0 zero_fills=1 filled_events=0 positions=0 orders=0 source_stale=97/200(48.5pct) zero_entry=entry_path_active_rescore_and_reconcile no_entry_review_due=False mature_markets=5 markets_until_review=3 latest=mushroom_v28_rejected/ask_too_high
2026-05-07 20:13:59 -04:00 | decision=ok status=running_waiting_for_first_entry entries=0 round_trips=0 net_cents=0 loss_cluster=0 zero_fills=1 filled_events=0 positions=0 orders=0 source_stale=95/200(47.5pct) zero_entry=entry_path_active_rescore_and_reconcile no_entry_review_due=False mature_markets=5 markets_until_review=3 latest=mushroom_v28_rejected/time_window
2026-05-07 20:15:01 -04:00 | decision=ok status=running_waiting_for_first_entry entries=0 round_trips=0 net_cents=0 loss_cluster=0 zero_fills=1 filled_events=0 positions=0 orders=0 source_stale=92/200(46pct) zero_entry=entry_path_active_rescore_and_reconcile no_entry_review_due=False mature_markets=5 markets_until_review=3 latest=mushroom_v28_rejected/time_window
2026-05-07 20:16:04 -04:00 | decision=ok status=running_waiting_for_first_entry entries=0 round_trips=0 net_cents=0 loss_cluster=0 zero_fills=1 filled_events=0 positions=0 orders=0 source_stale=97/200(48.5pct) zero_entry=entry_path_active_rescore_and_reconcile no_entry_review_due=False mature_markets=5 markets_until_review=3 latest=mushroom_v28_rejected/book_stale
2026-05-07 20:17:07 -04:00 | decision=ok status=running_waiting_for_first_entry entries=0 round_trips=0 net_cents=0 loss_cluster=0 zero_fills=1 filled_events=0 positions=0 orders=0 source_stale=98/200(49pct) zero_entry=entry_path_active_rescore_and_reconcile no_entry_review_due=False mature_markets=5 markets_until_review=3 latest=mushroom_v28_rejected/btc_stale
2026-05-07 20:18:11 -04:00 | decision=ok status=running_waiting_for_first_entry entries=0 round_trips=0 net_cents=0 loss_cluster=0 zero_fills=1 filled_events=0 positions=0 orders=0 source_stale=99/200(49.5pct) zero_entry=entry_path_active_rescore_and_reconcile no_entry_review_due=False mature_markets=5 markets_until_review=3 latest=mushroom_v28_rejected/book_stale
2026-05-07 20:19:14 -04:00 | decision=ok status=running_waiting_for_first_entry entries=0 round_trips=0 net_cents=0 loss_cluster=0 zero_fills=1 filled_events=0 positions=0 orders=0 source_stale=98/200(49pct) zero_entry=entry_path_active_rescore_and_reconcile no_entry_review_due=False mature_markets=6 markets_until_review=2 latest=mushroom_v28_rejected/book_stale
2026-05-07 20:20:17 -04:00 | decision=ok status=running_waiting_for_first_entry entries=0 round_trips=0 net_cents=0 loss_cluster=0 zero_fills=1 filled_events=0 positions=0 orders=0 source_stale=98/200(49pct) zero_entry=entry_path_active_rescore_and_reconcile no_entry_review_due=False mature_markets=6 markets_until_review=2 latest=mushroom_v28_rejected/book_stale
2026-05-07 20:21:20 -04:00 | decision=ok status=running_waiting_for_first_entry entries=0 round_trips=0 net_cents=0 loss_cluster=0 zero_fills=1 filled_events=0 positions=0 orders=0 source_stale=97/200(48.5pct) zero_entry=entry_path_active_rescore_and_reconcile no_entry_review_due=False mature_markets=6 markets_until_review=2 latest=mushroom_v28_rejected/book_stale
2026-05-07 20:22:22 -04:00 | decision=ok status=running_waiting_for_first_entry entries=0 round_trips=0 net_cents=0 loss_cluster=0 zero_fills=1 filled_events=0 positions=0 orders=0 source_stale=98/200(49pct) zero_entry=entry_path_active_rescore_and_reconcile no_entry_review_due=False mature_markets=6 markets_until_review=2 latest=mushroom_v28_rejected/book_stale
2026-05-07 20:23:25 -04:00 | decision=ok status=running_waiting_for_first_entry entries=0 round_trips=0 net_cents=0 loss_cluster=0 zero_fills=1 filled_events=0 positions=0 orders=0 source_stale=99/200(49.5pct) zero_entry=entry_path_active_rescore_and_reconcile no_entry_review_due=False mature_markets=6 markets_until_review=2 latest=mushroom_v28_rejected/book_stale
2026-05-07 20:24:28 -04:00 | decision=ok status=running_waiting_for_first_entry entries=0 round_trips=0 net_cents=0 loss_cluster=0 zero_fills=1 filled_events=0 positions=0 orders=0 source_stale=100/200(50pct) zero_entry=entry_path_active_rescore_and_reconcile no_entry_review_due=False mature_markets=6 markets_until_review=2 latest=mushroom_v28_rejected/ask_too_high
2026-05-07 20:25:31 -04:00 | decision=ok status=running_waiting_for_first_entry entries=0 round_trips=0 net_cents=0 loss_cluster=0 zero_fills=1 filled_events=0 positions=0 orders=0 source_stale=102/200(51pct) zero_entry=entry_path_active_rescore_and_reconcile no_entry_review_due=False mature_markets=6 markets_until_review=2 latest=mushroom_v28_rejected/book_stale
2026-05-07 20:26:34 -04:00 | decision=ok status=running_waiting_for_first_entry entries=0 round_trips=0 net_cents=0 loss_cluster=0 zero_fills=1 filled_events=0 positions=0 orders=0 source_stale=100/200(50pct) zero_entry=entry_path_active_rescore_and_reconcile no_entry_review_due=False mature_markets=6 markets_until_review=2 latest=mushroom_v28_rejected/p_below_floor
2026-05-07 20:27:37 -04:00 | decision=ok status=running_scored_round_trips entries=1 round_trips=1 net_cents=-71 loss_cluster=1 zero_fills=1 filled_events=4 positions=0 orders=0 source_stale=90/200(45pct) zero_entry=entry_path_active_rescore_and_reconcile no_entry_review_due=False mature_markets=6 markets_until_review=2 latest=exit_reconciled/mushroom_v28_probability_collapse_full_single_shot_visible_depth
2026-05-07 20:28:39 -04:00 | decision=ok status=running_scored_round_trips entries=1 round_trips=1 net_cents=-71 loss_cluster=1 zero_fills=1 filled_events=4 positions=0 orders=0 source_stale=90/200(45pct) zero_entry=entry_path_active_rescore_and_reconcile no_entry_review_due=False mature_markets=6 markets_until_review=2 latest=exit_reconciled/mushroom_v28_probability_collapse_full_single_shot_visible_depth
2026-05-07 20:29:42 -04:00 | decision=ok status=running_scored_round_trips entries=1 round_trips=1 net_cents=-71 loss_cluster=1 zero_fills=1 filled_events=4 positions=0 orders=0 source_stale=90/200(45pct) zero_entry=entry_path_active_rescore_and_reconcile no_entry_review_due=False mature_markets=6 markets_until_review=2 latest=exit_reconciled/mushroom_v28_probability_collapse_full_single_shot_visible_depth
2026-05-07 20:30:45 -04:00 | decision=ok status=running_scored_round_trips entries=1 round_trips=1 net_cents=-71 loss_cluster=1 zero_fills=1 filled_events=4 positions=0 orders=0 source_stale=90/200(45pct) zero_entry=entry_path_active_rescore_and_reconcile no_entry_review_due=False mature_markets=6 markets_until_review=2 latest=mushroom_v28_rejected/book_stale
2026-05-07 20:31:48 -04:00 | decision=ok status=running_scored_round_trips entries=1 round_trips=1 net_cents=-71 loss_cluster=1 zero_fills=1 filled_events=4 positions=0 orders=0 source_stale=94/200(47pct) zero_entry=entry_path_active_rescore_and_reconcile no_entry_review_due=False mature_markets=6 markets_until_review=2 latest=mushroom_v28_rejected/book_stale
2026-05-07 20:32:51 -04:00 | decision=ok status=running_scored_round_trips entries=1 round_trips=1 net_cents=-71 loss_cluster=1 zero_fills=1 filled_events=4 positions=0 orders=0 source_stale=96/200(48pct) zero_entry=entry_path_active_rescore_and_reconcile no_entry_review_due=False mature_markets=6 markets_until_review=2 latest=mushroom_v28_rejected/book_stale
2026-05-07 20:33:54 -04:00 | decision=ok status=running_scored_round_trips entries=1 round_trips=1 net_cents=-71 loss_cluster=1 zero_fills=1 filled_events=4 positions=0 orders=0 source_stale=96/200(48pct) zero_entry=entry_path_active_rescore_and_reconcile no_entry_review_due=False mature_markets=7 markets_until_review=1 latest=mushroom_v28_rejected/book_stale
2026-05-07 20:34:57 -04:00 | decision=ok status=running_scored_round_trips entries=1 round_trips=1 net_cents=-74 loss_cluster=1 zero_fills=1 filled_events=4 positions=0 orders=0 source_stale=98/200(49pct) zero_entry=entry_path_active_rescore_and_reconcile no_entry_review_due=False mature_markets=7 markets_until_review=1 latest=mushroom_v28_rejected/btc_stale
2026-05-07 20:36:01 -04:00 | decision=ok status=running_scored_round_trips entries=1 round_trips=1 net_cents=-74 loss_cluster=1 zero_fills=1 filled_events=4 positions=0 orders=0 source_stale=98/200(49pct) zero_entry=entry_path_active_rescore_and_reconcile no_entry_review_due=False mature_markets=7 markets_until_review=1 latest=mushroom_v28_rejected/p_below_floor
2026-05-07 20:37:05 -04:00 | decision=ok status=running_scored_round_trips entries=1 round_trips=1 net_cents=-74 loss_cluster=1 zero_fills=1 filled_events=4 positions=0 orders=0 source_stale=100/200(50pct) zero_entry=entry_path_active_rescore_and_reconcile no_entry_review_due=False mature_markets=7 markets_until_review=1 latest=mushroom_v28_rejected/p_below_floor
2026-05-07 20:38:09 -04:00 | decision=ok status=running_scored_round_trips entries=1 round_trips=1 net_cents=-74 loss_cluster=1 zero_fills=1 filled_events=4 positions=0 orders=0 source_stale=100/200(50pct) zero_entry=entry_path_active_rescore_and_reconcile no_entry_review_due=False mature_markets=7 markets_until_review=1 latest=mushroom_v28_rejected/btc_stale
2026-05-07 20:39:13 -04:00 | decision=ok status=running_scored_round_trips entries=1 round_trips=1 net_cents=-74 loss_cluster=1 zero_fills=1 filled_events=4 positions=0 orders=0 source_stale=98/200(49pct) zero_entry=entry_path_active_rescore_and_reconcile no_entry_review_due=False mature_markets=7 markets_until_review=1 latest=mushroom_v28_rejected/p_below_floor
2026-05-07 20:40:18 -04:00 | decision=ok status=running_scored_round_trips entries=1 round_trips=1 net_cents=-74 loss_cluster=1 zero_fills=1 filled_events=4 positions=0 orders=0 source_stale=100/200(50pct) zero_entry=entry_path_active_rescore_and_reconcile no_entry_review_due=False mature_markets=7 markets_until_review=1 latest=mushroom_v28_rejected/ask_too_high
2026-05-07 20:41:23 -04:00 | decision=ok status=running_scored_round_trips entries=1 round_trips=1 net_cents=-74 loss_cluster=1 zero_fills=1 filled_events=4 positions=0 orders=0 source_stale=104/200(52pct) zero_entry=entry_path_active_rescore_and_reconcile no_entry_review_due=False mature_markets=7 markets_until_review=1 latest=mushroom_v28_rejected/ask_too_high
2026-05-07 20:42:28 -04:00 | decision=ok status=running_scored_round_trips entries=1 round_trips=1 net_cents=-74 loss_cluster=1 zero_fills=1 filled_events=4 positions=0 orders=0 source_stale=110/200(55pct) zero_entry=entry_path_active_rescore_and_reconcile no_entry_review_due=False mature_markets=7 markets_until_review=1 latest=mushroom_v28_rejected/ask_too_high
2026-05-07 20:43:35 -04:00 | decision=ok status=running_scored_round_trips entries=1 round_trips=1 net_cents=-74 loss_cluster=1 zero_fills=1 filled_events=4 positions=0 orders=0 source_stale=119/200(59.5pct) zero_entry=entry_path_active_rescore_and_reconcile no_entry_review_due=False mature_markets=7 markets_until_review=1 latest=mushroom_v28_rejected/ask_too_high
2026-05-07 20:44:41 -04:00 | decision=ok status=running_scored_round_trips entries=1 round_trips=1 net_cents=-74 loss_cluster=1 zero_fills=1 filled_events=4 positions=0 orders=0 source_stale=116/200(58pct) zero_entry=entry_path_active_rescore_and_reconcile no_entry_review_due=False mature_markets=7 markets_until_review=1 latest=mushroom_v28_rejected/time_window
