2026-05-10 13:36:31,300 | INFO | Starting WS bot. run_id=27f1fe2e-441d-4fb2-805a-cb35aa2f102e dry_run=False base_url=https://api.elections.kalshi.com/trade-api/v2 ws_url=wss://api.elections.kalshi.com/trade-api/ws/v2 series=KXBTC15M
2026-05-10 13:36:31,842 | WARNING | Live account has 1 nonzero position entries. Review carefully before using live mode.
2026-05-10 13:36:32,574 | INFO | Watching market KXBTC15M-26MAY101345-45 close_time=2026-05-10T17:45:00Z status=active strike=81374.02 run_id=27f1fe2e-441d-4fb2-805a-cb35aa2f102e
2026-05-10 13:36:32,585 | INFO | Heartbeat | watch=KXBTC15M-26MAY101345-45 yes_bid=None yes_ask=None no_bid=None no_ask=None book_ready=False position=False pending=False dry_run=False trust=cold run_id=27f1fe2e-441d-4fb2-805a-cb35aa2f102e
2026-05-10 13:36:32,752 | INFO | WS connected for KXBTC15M-26MAY101345-45
2026-05-10 13:36:32,793 | INFO | WS subscribed payload: {'type': 'subscribed', 'id': 1, 'msg': {'channel': 'ticker', 'sid': 1}}
2026-05-10 13:36:32,793 | INFO | WS subscribed payload: {'type': 'subscribed', 'id': 1, 'msg': {'channel': 'orderbook_delta', 'sid': 2}}
2026-05-10 13:36:32,793 | INFO | Orderbook snapshot ready for KXBTC15M-26MAY101345-45
2026-05-10 13:36:32,793 | INFO | Mushroom v28 BTC tick stream connected | source=coinbase url=wss://ws-feed.exchange.coinbase.com
2026-05-10 13:36:47,604 | INFO | Heartbeat | watch=KXBTC15M-26MAY101345-45 yes_bid=11 yes_ask=12 no_bid=88 no_ask=89 book_ready=True position=False pending=False dry_run=False trust=synced run_id=27f1fe2e-441d-4fb2-805a-cb35aa2f102e
2026-05-10 13:36:52,345 | INFO | Mushroom v28 BTC REST fallback refreshed stale tick | previous_age_ms=3063.0 threshold_ms=3000.0 source=coinbase_spot_rest
2026-05-10 13:36:56,190 | INFO | Mushroom v28 BTC REST fallback refreshed stale tick | previous_age_ms=3016.0 threshold_ms=3000.0 source=coinbase_spot_rest
2026-05-10 13:37:02,679 | INFO | Heartbeat | watch=KXBTC15M-26MAY101345-45 yes_bid=10 yes_ask=11 no_bid=89 no_ask=90 book_ready=True position=False pending=False dry_run=False trust=synced run_id=27f1fe2e-441d-4fb2-805a-cb35aa2f102e
2026-05-10 13:37:17,713 | INFO | Heartbeat | watch=KXBTC15M-26MAY101345-45 yes_bid=13 yes_ask=14 no_bid=86 no_ask=87 book_ready=True position=False pending=False dry_run=False trust=synced run_id=27f1fe2e-441d-4fb2-805a-cb35aa2f102e
2026-05-10 13:37:29,967 | INFO | Mushroom v28 BTC REST fallback refreshed stale tick | previous_age_ms=3016.0 threshold_ms=3000.0 source=coinbase_spot_rest
2026-05-10 13:37:32,726 | INFO | Heartbeat | watch=KXBTC15M-26MAY101345-45 yes_bid=13 yes_ask=14 no_bid=86 no_ask=87 book_ready=True position=False pending=False dry_run=False trust=synced run_id=27f1fe2e-441d-4fb2-805a-cb35aa2f102e
2026-05-10 13:37:47,732 | INFO | Heartbeat | watch=KXBTC15M-26MAY101345-45 yes_bid=10 yes_ask=11 no_bid=89 no_ask=90 book_ready=True position=False pending=False dry_run=False trust=synced run_id=27f1fe2e-441d-4fb2-805a-cb35aa2f102e
2026-05-10 13:38:02,759 | INFO | Heartbeat | watch=KXBTC15M-26MAY101345-45 yes_bid=11 yes_ask=12 no_bid=88 no_ask=89 book_ready=True position=False pending=False dry_run=False trust=synced run_id=27f1fe2e-441d-4fb2-805a-cb35aa2f102e
2026-05-10 13:38:17,794 | INFO | Heartbeat | watch=KXBTC15M-26MAY101345-45 yes_bid=9 yes_ask=10 no_bid=90 no_ask=91 book_ready=True position=False pending=False dry_run=False trust=synced run_id=27f1fe2e-441d-4fb2-805a-cb35aa2f102e
2026-05-10 13:38:32,810 | INFO | Heartbeat | watch=KXBTC15M-26MAY101345-45 yes_bid=9 yes_ask=11 no_bid=89 no_ask=91 book_ready=True position=False pending=False dry_run=False trust=synced run_id=27f1fe2e-441d-4fb2-805a-cb35aa2f102e
2026-05-10 13:38:47,816 | INFO | Heartbeat | watch=KXBTC15M-26MAY101345-45 yes_bid=6 yes_ask=6 no_bid=94 no_ask=94 book_ready=True position=False pending=False dry_run=False trust=synced run_id=27f1fe2e-441d-4fb2-805a-cb35aa2f102e
2026-05-10 13:39:02,827 | INFO | Heartbeat | watch=KXBTC15M-26MAY101345-45 yes_bid=5 yes_ask=6 no_bid=94 no_ask=95 book_ready=True position=False pending=False dry_run=False trust=synced run_id=27f1fe2e-441d-4fb2-805a-cb35aa2f102e
2026-05-10 13:39:17,841 | INFO | Heartbeat | watch=KXBTC15M-26MAY101345-45 yes_bid=4 yes_ask=5 no_bid=95 no_ask=96 book_ready=True position=False pending=False dry_run=False trust=synced run_id=27f1fe2e-441d-4fb2-805a-cb35aa2f102e
2026-05-10 13:39:32,868 | INFO | Heartbeat | watch=KXBTC15M-26MAY101345-45 yes_bid=4 yes_ask=4 no_bid=96 no_ask=96 book_ready=True position=False pending=False dry_run=False trust=synced run_id=27f1fe2e-441d-4fb2-805a-cb35aa2f102e
2026-05-10 13:39:47,861 | INFO | Heartbeat | watch=KXBTC15M-26MAY101345-45 yes_bid=4 yes_ask=5 no_bid=95 no_ask=96 book_ready=True position=False pending=False dry_run=False trust=synced run_id=27f1fe2e-441d-4fb2-805a-cb35aa2f102e
2026-05-10 13:40:01,707 | INFO | Mushroom v28 BTC REST fallback refreshed stale tick | previous_age_ms=3079.0 threshold_ms=3000.0 source=coinbase_spot_rest
2026-05-10 13:40:02,896 | INFO | Heartbeat | watch=KXBTC15M-26MAY101345-45 yes_bid=3 yes_ask=3 no_bid=97 no_ask=97 book_ready=True position=False pending=False dry_run=False trust=synced run_id=27f1fe2e-441d-4fb2-805a-cb35aa2f102e
2026-05-10 13:44:42,087 | INFO | Starting WS bot. run_id=00268c42-d28d-413e-8740-3b4ca552b1e0 dry_run=False base_url=https://api.elections.kalshi.com/trade-api/v2 ws_url=wss://api.elections.kalshi.com/trade-api/ws/v2 series=KXBTC15M
2026-05-10 13:44:43,073 | ERROR | Live account position/local state mismatch on startup reason=exchange_position_without_local_state tickers=KXBTC15M-26MAY101345-45. Blocking live bot until exchange exposure is reconciled.
2026-05-10 13:44:44,414 | INFO | Watching market KXBTC15M-26MAY101345-45 close_time=2026-05-10T17:45:00Z status=active strike=81374.02 run_id=00268c42-d28d-413e-8740-3b4ca552b1e0
2026-05-10 13:44:44,414 | INFO | Heartbeat | watch=KXBTC15M-26MAY101345-45 yes_bid=None yes_ask=None no_bid=None no_ask=None book_ready=False position=False pending=False dry_run=False trust=cold run_id=00268c42-d28d-413e-8740-3b4ca552b1e0
2026-05-10 13:44:44,593 | INFO | WS connected for KXBTC15M-26MAY101345-45
2026-05-10 13:44:44,633 | INFO | WS subscribed payload: {'type': 'subscribed', 'id': 1, 'msg': {'channel': 'ticker', 'sid': 1}}
2026-05-10 13:44:44,633 | INFO | WS subscribed payload: {'type': 'subscribed', 'id': 1, 'msg': {'channel': 'orderbook_delta', 'sid': 2}}
2026-05-10 13:44:44,633 | INFO | Orderbook snapshot ready for KXBTC15M-26MAY101345-45
2026-05-10 13:44:44,641 | INFO | Mushroom v28 BTC tick stream connected | source=coinbase url=wss://ws-feed.exchange.coinbase.com
2026-05-10 13:45:00,222 | INFO | Heartbeat | watch=KXBTC15M-26MAY101345-45 yes_bid=0 yes_ask=0 no_bid=100 no_ask=100 book_ready=True position=False pending=False dry_run=False trust=synced run_id=00268c42-d28d-413e-8740-3b4ca552b1e0
2026-05-10 13:45:06,354 | INFO | Orderbook snapshot ready for KXBTC15M-26MAY101345-45
2026-05-10 13:45:15,259 | INFO | Heartbeat | watch=KXBTC15M-26MAY101345-45 yes_bid=0 yes_ask=100 no_bid=0 no_ask=100 book_ready=True position=False pending=False dry_run=False trust=synced run_id=00268c42-d28d-413e-8740-3b4ca552b1e0
2026-05-10 13:45:18,814 | INFO | Watching market KXBTC15M-26MAY101400-00 close_time=2026-05-10T18:00:00Z status=active strike=81341.36 run_id=00268c42-d28d-413e-8740-3b4ca552b1e0
2026-05-10 13:45:19,035 | INFO | WS connected for KXBTC15M-26MAY101400-00
2026-05-10 13:45:19,077 | INFO | WS subscribed payload: {'type': 'subscribed', 'id': 2, 'msg': {'channel': 'ticker', 'sid': 1}}
2026-05-10 13:45:19,077 | INFO | WS subscribed payload: {'type': 'subscribed', 'id': 2, 'msg': {'channel': 'orderbook_delta', 'sid': 2}}
2026-05-10 13:45:19,077 | INFO | Orderbook snapshot ready for KXBTC15M-26MAY101400-00
