2026-05-10 11:04:21.768 The fragment with id b233759a9b7a78e718e28f72daf42ac7 does not exist anymore - it might have been removed during a preceding full-app rerun.
2026-05-10 11:04:23.770 The fragment with id b233759a9b7a78e718e28f72daf42ac7 does not exist anymore - it might have been removed during a preceding full-app rerun.
2026-05-10 11:04:25.773 The fragment with id b233759a9b7a78e718e28f72daf42ac7 does not exist anymore - it might have been removed during a preceding full-app rerun.
2026-05-10 11:04:27.763 The fragment with id b233759a9b7a78e718e28f72daf42ac7 does not exist anymore - it might have been removed during a preceding full-app rerun.
2026-05-10 11:04:29.773 The fragment with id b233759a9b7a78e718e28f72daf42ac7 does not exist anymore - it might have been removed during a preceding full-app rerun.
2026-05-10 11:04:31.769 The fragment with id b233759a9b7a78e718e28f72daf42ac7 does not exist anymore - it might have been removed during a preceding full-app rerun.
2026-05-10 11:04:33.768 The fragment with id b233759a9b7a78e718e28f72daf42ac7 does not exist anymore - it might have been removed during a preceding full-app rerun.
2026-05-10 11:04:35.758 The fragment with id b233759a9b7a78e718e28f72daf42ac7 does not exist anymore - it might have been removed during a preceding full-app rerun.
2026-05-10 11:04:37.760 The fragment with id b233759a9b7a78e718e28f72daf42ac7 does not exist anymore - it might have been removed during a preceding full-app rerun.
2026-05-10 11:04:39.764 The fragment with id b233759a9b7a78e718e28f72daf42ac7 does not exist anymore - it might have been removed during a preceding full-app rerun.
2026-05-10 11:04:41.766 The fragment with id b233759a9b7a78e718e28f72daf42ac7 does not exist anymore - it might have been removed during a preceding full-app rerun.
Task exception was never retrieved
future: <Task finished name='Task-4945' coro=<WebSocketProtocol13.write_message.<locals>.wrapper() done, defined at C:\Users\organ\AppData\Roaming\Python\Python312\site-packages\tornado\websocket.py:1086> exception=WebSocketClosedError()>
Traceback (most recent call last):
  File "C:\Users\organ\AppData\Roaming\Python\Python312\site-packages\tornado\websocket.py", line 1088, in wrapper
    await fut
tornado.iostream.StreamClosedError: Stream is closed

During handling of the above exception, another exception occurred:

Traceback (most recent call last):
  File "C:\Users\organ\AppData\Roaming\Python\Python312\site-packages\tornado\websocket.py", line 1090, in wrapper
    raise WebSocketClosedError()
tornado.websocket.WebSocketClosedError
