C:\Users\organ\Desktop\KALSHI PROBABILITY MODEL BOT\dashboard.py:5831: FutureWarning:

The default value of observed=False is deprecated and will change to observed=True in a future version of pandas. Specify observed=False to silence this warning and retain the current behavior

C:\Users\organ\Desktop\KALSHI PROBABILITY MODEL BOT\dashboard.py:5831: FutureWarning:

The default value of observed=False is deprecated and will change to observed=True in a future version of pandas. Specify observed=False to silence this warning and retain the current behavior

2026-05-15 09:56:00.579 Uncaught app execution
Traceback (most recent call last):
  File "C:\Users\organ\AppData\Roaming\Python\Python312\site-packages\streamlit\runtime\fragment.py", line 246, in wrapped_fragment
    result = non_optional_func(*args, **kwargs)
             ^^^^^^^^^^^^^^^^^^^^^^^^^^^^^^^^^^
  File "C:\Users\organ\Desktop\KALSHI PROBABILITY MODEL BOT\dashboard.py", line 8420, in live_dashboard
    render_strategy_optimizer_tab(price_all, all_lines, summary, watch, hb, market_results, trades, active_dataset["tag"])
  File "C:\Users\organ\Desktop\KALSHI PROBABILITY MODEL BOT\dashboard.py", line 2499, in render_strategy_optimizer_tab
    else f"{format_pct(expected_net_profit_trade_pct)} | vs {format_money(expected_trade_cost_dollars)} deployed"
                       ^^^^^^^^^^^^^^^^^^^^^^^^^^^^^
UnboundLocalError: cannot access local variable 'expected_net_profit_trade_pct' where it is not associated with a value
2026-05-15 09:56:01.508 Uncaught app execution
Traceback (most recent call last):
  File "C:\Users\organ\AppData\Roaming\Python\Python312\site-packages\streamlit\runtime\fragment.py", line 246, in wrapped_fragment
    result = non_optional_func(*args, **kwargs)
             ^^^^^^^^^^^^^^^^^^^^^^^^^^^^^^^^^^
  File "C:\Users\organ\Desktop\KALSHI PROBABILITY MODEL BOT\dashboard.py", line 8420, in live_dashboard
    render_strategy_optimizer_tab(price_all, all_lines, summary, watch, hb, market_results, trades, active_dataset["tag"])
  File "C:\Users\organ\Desktop\KALSHI PROBABILITY MODEL BOT\dashboard.py", line 2499, in render_strategy_optimizer_tab
    else f"{format_pct(expected_net_profit_trade_pct)} | vs {format_money(expected_trade_cost_dollars)} deployed"
                       ^^^^^^^^^^^^^^^^^^^^^^^^^^^^^
UnboundLocalError: cannot access local variable 'expected_net_profit_trade_pct' where it is not associated with a value
2026-05-15 09:56:30.368 Uncaught app execution
Traceback (most recent call last):
  File "C:\Users\organ\AppData\Roaming\Python\Python312\site-packages\streamlit\runtime\fragment.py", line 246, in wrapped_fragment
    result = non_optional_func(*args, **kwargs)
             ^^^^^^^^^^^^^^^^^^^^^^^^^^^^^^^^^^
  File "C:\Users\organ\Desktop\KALSHI PROBABILITY MODEL BOT\dashboard.py", line 8420, in live_dashboard
    render_strategy_optimizer_tab(price_all, all_lines, summary, watch, hb, market_results, trades, active_dataset["tag"])
  File "C:\Users\organ\Desktop\KALSHI PROBABILITY MODEL BOT\dashboard.py", line 2534, in render_strategy_optimizer_tab
    st.dataframe(pd.DataFrame(alt_rows), width="stretch", hide_index=True)
  File "C:\Users\organ\AppData\Roaming\Python\Python312\site-packages\streamlit\runtime\metrics_util.py", line 410, in wrapped_func
    result = non_optional_func(*args, **kwargs)
             ^^^^^^^^^^^^^^^^^^^^^^^^^^^^^^^^^^
  File "C:\Users\organ\AppData\Roaming\Python\Python312\site-packages\streamlit\elements\arrow.py", line 556, in dataframe
    proto.width = width
    ^^^^^^^^^^^
TypeError: 'str' object cannot be interpreted as an integer
2026-05-15 09:58:51.795 Uncaught app execution
Traceback (most recent call last):
  File "C:\Users\organ\AppData\Roaming\Python\Python312\site-packages\streamlit\runtime\fragment.py", line 246, in wrapped_fragment
    result = non_optional_func(*args, **kwargs)
             ^^^^^^^^^^^^^^^^^^^^^^^^^^^^^^^^^^
  File "C:\Users\organ\Desktop\KALSHI PROBABILITY MODEL BOT\dashboard.py", line 8420, in live_dashboard
    render_strategy_optimizer_tab(price_all, all_lines, summary, watch, hb, market_results, trades, active_dataset["tag"])
  File "C:\Users\organ\Desktop\KALSHI PROBABILITY MODEL BOT\dashboard.py", line 2692, in render_strategy_optimizer_tab
    st.dataframe(
  File "C:\Users\organ\AppData\Roaming\Python\Python312\site-packages\streamlit\runtime\metrics_util.py", line 410, in wrapped_func
    result = non_optional_func(*args, **kwargs)
             ^^^^^^^^^^^^^^^^^^^^^^^^^^^^^^^^^^
  File "C:\Users\organ\AppData\Roaming\Python\Python312\site-packages\streamlit\elements\arrow.py", line 556, in dataframe
    proto.width = width
    ^^^^^^^^^^^
TypeError: 'str' object cannot be interpreted as an integer
2026-05-15 09:59:14.875 Uncaught app execution
Traceback (most recent call last):
  File "C:\Users\organ\AppData\Roaming\Python\Python312\site-packages\streamlit\runtime\fragment.py", line 246, in wrapped_fragment
    result = non_optional_func(*args, **kwargs)
             ^^^^^^^^^^^^^^^^^^^^^^^^^^^^^^^^^^
  File "C:\Users\organ\Desktop\KALSHI PROBABILITY MODEL BOT\dashboard.py", line 8420, in live_dashboard
    render_strategy_optimizer_tab(price_all, all_lines, summary, watch, hb, market_results, trades, active_dataset["tag"])
  File "C:\Users\organ\Desktop\KALSHI PROBABILITY MODEL BOT\dashboard.py", line 2692, in render_strategy_optimizer_tab
    st.dataframe(
  File "C:\Users\organ\AppData\Roaming\Python\Python312\site-packages\streamlit\runtime\metrics_util.py", line 410, in wrapped_func
    result = non_optional_func(*args, **kwargs)
             ^^^^^^^^^^^^^^^^^^^^^^^^^^^^^^^^^^
  File "C:\Users\organ\AppData\Roaming\Python\Python312\site-packages\streamlit\elements\arrow.py", line 556, in dataframe
    proto.width = width
    ^^^^^^^^^^^
TypeError: 'str' object cannot be interpreted as an integer
C:\Users\organ\Desktop\KALSHI PROBABILITY MODEL BOT\dashboard.py:5831: FutureWarning:

The default value of observed=False is deprecated and will change to observed=True in a future version of pandas. Specify observed=False to silence this warning and retain the current behavior

C:\Users\organ\Desktop\KALSHI PROBABILITY MODEL BOT\dashboard.py:5831: FutureWarning:

The default value of observed=False is deprecated and will change to observed=True in a future version of pandas. Specify observed=False to silence this warning and retain the current behavior

2026-05-15 09:59:25.026 Uncaught app execution
Traceback (most recent call last):
  File "C:\Users\organ\AppData\Roaming\Python\Python312\site-packages\streamlit\runtime\fragment.py", line 246, in wrapped_fragment
    result = non_optional_func(*args, **kwargs)
             ^^^^^^^^^^^^^^^^^^^^^^^^^^^^^^^^^^
  File "C:\Users\organ\Desktop\KALSHI PROBABILITY MODEL BOT\dashboard.py", line 8420, in live_dashboard
    render_strategy_optimizer_tab(price_all, all_lines, summary, watch, hb, market_results, trades, active_dataset["tag"])
  File "C:\Users\organ\Desktop\KALSHI PROBABILITY MODEL BOT\dashboard.py", line 2692, in render_strategy_optimizer_tab
    st.dataframe(
  File "C:\Users\organ\AppData\Roaming\Python\Python312\site-packages\streamlit\runtime\metrics_util.py", line 410, in wrapped_func
    result = non_optional_func(*args, **kwargs)
             ^^^^^^^^^^^^^^^^^^^^^^^^^^^^^^^^^^
  File "C:\Users\organ\AppData\Roaming\Python\Python312\site-packages\streamlit\elements\arrow.py", line 556, in dataframe
    proto.width = width
    ^^^^^^^^^^^
TypeError: 'str' object cannot be interpreted as an integer
2026-05-15 09:59:26.778 Uncaught app execution
Traceback (most recent call last):
  File "C:\Users\organ\AppData\Roaming\Python\Python312\site-packages\streamlit\runtime\fragment.py", line 246, in wrapped_fragment
    result = non_optional_func(*args, **kwargs)
             ^^^^^^^^^^^^^^^^^^^^^^^^^^^^^^^^^^
  File "C:\Users\organ\Desktop\KALSHI PROBABILITY MODEL BOT\dashboard.py", line 8420, in live_dashboard
    render_strategy_optimizer_tab(price_all, all_lines, summary, watch, hb, market_results, trades, active_dataset["tag"])
  File "C:\Users\organ\Desktop\KALSHI PROBABILITY MODEL BOT\dashboard.py", line 2692, in render_strategy_optimizer_tab
    st.dataframe(
  File "C:\Users\organ\AppData\Roaming\Python\Python312\site-packages\streamlit\runtime\metrics_util.py", line 410, in wrapped_func
    result = non_optional_func(*args, **kwargs)
             ^^^^^^^^^^^^^^^^^^^^^^^^^^^^^^^^^^
  File "C:\Users\organ\AppData\Roaming\Python\Python312\site-packages\streamlit\elements\arrow.py", line 556, in dataframe
    proto.width = width
    ^^^^^^^^^^^
TypeError: 'str' object cannot be interpreted as an integer
C:\Users\organ\Desktop\KALSHI PROBABILITY MODEL BOT\dashboard.py:5831: FutureWarning:

The default value of observed=False is deprecated and will change to observed=True in a future version of pandas. Specify observed=False to silence this warning and retain the current behavior

C:\Users\organ\Desktop\KALSHI PROBABILITY MODEL BOT\dashboard.py:5831: FutureWarning:

The default value of observed=False is deprecated and will change to observed=True in a future version of pandas. Specify observed=False to silence this warning and retain the current behavior

C:\Users\organ\Desktop\KALSHI PROBABILITY MODEL BOT\dashboard.py:5831: FutureWarning:

The default value of observed=False is deprecated and will change to observed=True in a future version of pandas. Specify observed=False to silence this warning and retain the current behavior

C:\Users\organ\Desktop\KALSHI PROBABILITY MODEL BOT\dashboard.py:5831: FutureWarning:

The default value of observed=False is deprecated and will change to observed=True in a future version of pandas. Specify observed=False to silence this warning and retain the current behavior

C:\Users\organ\Desktop\KALSHI PROBABILITY MODEL BOT\dashboard.py:5831: FutureWarning:

The default value of observed=False is deprecated and will change to observed=True in a future version of pandas. Specify observed=False to silence this warning and retain the current behavior

C:\Users\organ\Desktop\KALSHI PROBABILITY MODEL BOT\dashboard.py:5831: FutureWarning:

The default value of observed=False is deprecated and will change to observed=True in a future version of pandas. Specify observed=False to silence this warning and retain the current behavior

