2026-05-09 19:03:06,128 | INFO | Starting WS bot. run_id=3dc1a80e-de7f-4069-95eb-5629b5f8bbc2 dry_run=False base_url=https://api.elections.kalshi.com/trade-api/v2 ws_url=wss://api.elections.kalshi.com/trade-api/ws/v2 series=KXBTC15M
2026-05-09 19:03:07,028 | INFO | Watching market KXBTC15M-26MAY091915-15 close_time=2026-05-09T23:15:00Z status=active strike=80742.41 run_id=3dc1a80e-de7f-4069-95eb-5629b5f8bbc2
2026-05-09 19:03:07,030 | INFO | Heartbeat | watch=KXBTC15M-26MAY091915-15 yes_bid=None yes_ask=None no_bid=None no_ask=None book_ready=False position=False pending=False dry_run=False trust=cold run_id=3dc1a80e-de7f-4069-95eb-5629b5f8bbc2
2026-05-09 19:03:07,166 | INFO | WS connected for KXBTC15M-26MAY091915-15
2026-05-09 19:03:07,197 | INFO | Mushroom v28 BTC tick stream connected | source=coinbase url=wss://ws-feed.exchange.coinbase.com
2026-05-09 19:03:07,199 | INFO | WS subscribed payload: {'type': 'subscribed', 'id': 1, 'msg': {'channel': 'ticker', 'sid': 1}}
2026-05-09 19:03:07,200 | INFO | WS subscribed payload: {'type': 'subscribed', 'id': 1, 'msg': {'channel': 'orderbook_delta', 'sid': 2}}
2026-05-09 19:03:07,201 | INFO | Orderbook snapshot ready for KXBTC15M-26MAY091915-15
2026-05-09 19:03:22,033 | INFO | Heartbeat | watch=KXBTC15M-26MAY091915-15 yes_bid=81 yes_ask=82 no_bid=18 no_ask=19 book_ready=True position=False pending=False dry_run=False trust=synced run_id=3dc1a80e-de7f-4069-95eb-5629b5f8bbc2
2026-05-09 19:03:25,860 | INFO | Mushroom v28 entry approved | market=KXBTC15M-26MAY091915-15 side=yes ask=84c max_buy=84c qty=2 p_side=0.8806 edge=3.064c depth=37 btc_age_ms=0.0 secs_to_close=694.15
2026-05-09 19:03:25,873 | INFO | Execution state | market=KXBTC15M-26MAY091915-15 side=yes state=eligible reason=pre_filters_disabled trust=synced run_id=3dc1a80e-de7f-4069-95eb-5629b5f8bbc2
2026-05-09 19:03:25,873 | INFO | Live fill policy approved | market=KXBTC15M-26MAY091915-15 side=yes trigger=84c tif=immediate_or_cancel limit=84c depth=37.00 required=3 book_age_ms=656.0 secs_to_close=694.15 reason=single_shot_abundant_depth
2026-05-09 19:03:25,874 | INFO | ENTRY signal | market=KXBTC15M-26MAY091915-15 action=buy side=yes trigger=84c limit=84c qty=2 book_ready=True
2026-05-09 19:03:25,874 | INFO | Execution state | market=KXBTC15M-26MAY091915-15 side=yes state=submitting reason=single_shot_abundant_depth trust=synced run_id=3dc1a80e-de7f-4069-95eb-5629b5f8bbc2
2026-05-09 19:03:25,914 | INFO | ENTRY immediate fill | market=KXBTC15M-26MAY091915-15 side=yes qty=2 limit=84c
2026-05-09 19:03:25,914 | INFO | Execution state | market=KXBTC15M-26MAY091915-15 side=yes state=filled reason=single_shot_abundant_depth trust=synced run_id=3dc1a80e-de7f-4069-95eb-5629b5f8bbc2
2026-05-09 19:03:25,939 | INFO | Mushroom v28 entry approved | market=KXBTC15M-26MAY091915-15 side=yes ask=84c max_buy=84c qty=1 p_side=0.8806 edge=3.065c depth=35 btc_age_ms=79.0 secs_to_close=694.07
2026-05-09 19:03:25,947 | INFO | Execution state | market=KXBTC15M-26MAY091915-15 side=yes state=eligible reason=pre_filters_disabled trust=synced run_id=3dc1a80e-de7f-4069-95eb-5629b5f8bbc2
2026-05-09 19:03:25,947 | INFO | Live fill policy approved | market=KXBTC15M-26MAY091915-15 side=yes trigger=84c tif=immediate_or_cancel limit=84c depth=35.00 required=2 book_age_ms=735.0 secs_to_close=694.07 reason=single_shot_abundant_depth
2026-05-09 19:03:25,948 | INFO | ENTRY signal | market=KXBTC15M-26MAY091915-15 action=buy side=yes trigger=84c limit=84c qty=1 book_ready=True
2026-05-09 19:03:25,948 | INFO | Execution state | market=KXBTC15M-26MAY091915-15 side=yes state=submitting reason=single_shot_abundant_depth trust=synced run_id=3dc1a80e-de7f-4069-95eb-5629b5f8bbc2
2026-05-09 19:03:25,993 | INFO | ENTRY immediate fill | market=KXBTC15M-26MAY091915-15 side=yes qty=1 limit=84c
2026-05-09 19:03:25,994 | INFO | Execution state | market=KXBTC15M-26MAY091915-15 side=yes state=filled reason=single_shot_abundant_depth trust=synced run_id=3dc1a80e-de7f-4069-95eb-5629b5f8bbc2
2026-05-09 19:03:37,026 | INFO | Heartbeat | watch=KXBTC15M-26MAY091915-15 yes_bid=88 yes_ask=89 no_bid=11 no_ask=12 book_ready=True position=True pending=False dry_run=False trust=synced run_id=3dc1a80e-de7f-4069-95eb-5629b5f8bbc2
2026-05-09 19:03:52,037 | INFO | Heartbeat | watch=KXBTC15M-26MAY091915-15 yes_bid=91 yes_ask=92 no_bid=8 no_ask=9 book_ready=True position=True pending=False dry_run=False trust=synced run_id=3dc1a80e-de7f-4069-95eb-5629b5f8bbc2
2026-05-09 19:04:07,069 | INFO | Heartbeat | watch=KXBTC15M-26MAY091915-15 yes_bid=92 yes_ask=92 no_bid=8 no_ask=8 book_ready=True position=True pending=False dry_run=False trust=synced run_id=3dc1a80e-de7f-4069-95eb-5629b5f8bbc2
2026-05-09 19:04:14,214 | INFO | EXIT signal | market=KXBTC15M-26MAY091915-15 action=sell side=yes trigger=79c limit=79c qty=2 book_ready=True mode=single_shot_ioc slices=1 attempt=0
2026-05-09 19:04:14,214 | INFO | Latency | purpose=exit feed_age_ms=-285.4 local_reaction_ms=16.0 trigger_seen_at=2026-05-09T23:04:14.214272+00:00 market_msg_time=2026-05-09T23:04:14.499683Z
2026-05-09 19:04:14,215 | INFO | Exit plan approved | market=KXBTC15M-26MAY091915-15 side=yes trigger=79c limit=79c top_bid=79 depth=127.99 required=2 book_age_ms=0.0 secs_to_close=645.80 reason=mushroom_v28_probability_reduce_single_shot_visible_depth mode=single_shot_ioc attempt=0
2026-05-09 19:04:14,261 | INFO | EXIT fill | market=KXBTC15M-26MAY091915-15 side=yes slice=1/1 qty=2 cumulative=2/2 remaining=1
2026-05-09 19:04:14,302 | INFO | EXIT signal | market=KXBTC15M-26MAY091915-15 action=sell side=yes trigger=79c limit=79c qty=1 book_ready=True mode=single_shot_ioc slices=1 attempt=0
2026-05-09 19:04:14,303 | INFO | Latency | purpose=exit feed_age_ms=-196.0 local_reaction_ms=110.0 trigger_seen_at=2026-05-09T23:04:14.303690+00:00 market_msg_time=2026-05-09T23:04:14.499683Z
2026-05-09 19:04:14,303 | INFO | Exit plan approved | market=KXBTC15M-26MAY091915-15 side=yes trigger=79c limit=79c top_bid=79 depth=125.99 required=1 book_age_ms=94.0 secs_to_close=645.70 reason=mushroom_v28_probability_reduce_single_shot_visible_depth mode=single_shot_ioc attempt=0
2026-05-09 19:04:14,345 | INFO | EXIT fill | market=KXBTC15M-26MAY091915-15 side=yes slice=1/1 qty=1 cumulative=1/1 remaining=0
2026-05-09 19:04:22,076 | INFO | Heartbeat | watch=KXBTC15M-26MAY091915-15 yes_bid=77 yes_ask=78 no_bid=22 no_ask=23 book_ready=True position=False pending=False dry_run=False trust=synced run_id=3dc1a80e-de7f-4069-95eb-5629b5f8bbc2
2026-05-09 19:04:37,105 | INFO | Heartbeat | watch=KXBTC15M-26MAY091915-15 yes_bid=69 yes_ask=70 no_bid=30 no_ask=31 book_ready=True position=False pending=False dry_run=False trust=synced run_id=3dc1a80e-de7f-4069-95eb-5629b5f8bbc2
2026-05-09 19:04:52,105 | INFO | Heartbeat | watch=KXBTC15M-26MAY091915-15 yes_bid=64 yes_ask=65 no_bid=35 no_ask=36 book_ready=True position=False pending=False dry_run=False trust=synced run_id=3dc1a80e-de7f-4069-95eb-5629b5f8bbc2
2026-05-09 19:05:07,103 | INFO | Heartbeat | watch=KXBTC15M-26MAY091915-15 yes_bid=73 yes_ask=74 no_bid=26 no_ask=27 book_ready=True position=False pending=False dry_run=False trust=synced run_id=3dc1a80e-de7f-4069-95eb-5629b5f8bbc2
2026-05-09 19:05:22,139 | INFO | Heartbeat | watch=KXBTC15M-26MAY091915-15 yes_bid=59 yes_ask=61 no_bid=39 no_ask=41 book_ready=True position=False pending=False dry_run=False trust=synced run_id=3dc1a80e-de7f-4069-95eb-5629b5f8bbc2
2026-05-09 19:05:37,178 | INFO | Heartbeat | watch=KXBTC15M-26MAY091915-15 yes_bid=60 yes_ask=61 no_bid=39 no_ask=40 book_ready=True position=False pending=False dry_run=False trust=synced run_id=3dc1a80e-de7f-4069-95eb-5629b5f8bbc2
2026-05-09 19:05:52,250 | INFO | Heartbeat | watch=KXBTC15M-26MAY091915-15 yes_bid=58 yes_ask=59 no_bid=41 no_ask=42 book_ready=True position=False pending=False dry_run=False trust=synced run_id=3dc1a80e-de7f-4069-95eb-5629b5f8bbc2
2026-05-09 19:06:07,277 | INFO | Heartbeat | watch=KXBTC15M-26MAY091915-15 yes_bid=57 yes_ask=58 no_bid=42 no_ask=43 book_ready=True position=False pending=False dry_run=False trust=synced run_id=3dc1a80e-de7f-4069-95eb-5629b5f8bbc2
2026-05-09 19:06:22,297 | INFO | Heartbeat | watch=KXBTC15M-26MAY091915-15 yes_bid=60 yes_ask=61 no_bid=39 no_ask=40 book_ready=True position=False pending=False dry_run=False trust=synced run_id=3dc1a80e-de7f-4069-95eb-5629b5f8bbc2
2026-05-09 19:06:37,318 | INFO | Heartbeat | watch=KXBTC15M-26MAY091915-15 yes_bid=60 yes_ask=61 no_bid=39 no_ask=40 book_ready=True position=False pending=False dry_run=False trust=synced run_id=3dc1a80e-de7f-4069-95eb-5629b5f8bbc2
2026-05-09 19:06:52,356 | INFO | Heartbeat | watch=KXBTC15M-26MAY091915-15 yes_bid=47 yes_ask=48 no_bid=52 no_ask=53 book_ready=True position=False pending=False dry_run=False trust=synced run_id=3dc1a80e-de7f-4069-95eb-5629b5f8bbc2
2026-05-09 19:07:07,405 | INFO | Heartbeat | watch=KXBTC15M-26MAY091915-15 yes_bid=45 yes_ask=46 no_bid=54 no_ask=55 book_ready=True position=False pending=False dry_run=False trust=synced run_id=3dc1a80e-de7f-4069-95eb-5629b5f8bbc2
2026-05-09 19:07:22,416 | INFO | Heartbeat | watch=KXBTC15M-26MAY091915-15 yes_bid=40 yes_ask=41 no_bid=59 no_ask=60 book_ready=True position=False pending=False dry_run=False trust=synced run_id=3dc1a80e-de7f-4069-95eb-5629b5f8bbc2
2026-05-09 19:07:37,412 | INFO | Heartbeat | watch=KXBTC15M-26MAY091915-15 yes_bid=33 yes_ask=35 no_bid=65 no_ask=67 book_ready=True position=False pending=False dry_run=False trust=synced run_id=3dc1a80e-de7f-4069-95eb-5629b5f8bbc2
2026-05-09 19:07:50,797 | INFO | Mushroom v28 entry approved | market=KXBTC15M-26MAY091915-15 side=no ask=75c max_buy=77c qty=2 p_side=0.8202 edge=5.515c depth=464.5 btc_age_ms=0.0 secs_to_close=429.22
2026-05-09 19:07:50,811 | INFO | Execution state | market=KXBTC15M-26MAY091915-15 side=no state=eligible reason=pre_filters_disabled trust=synced run_id=3dc1a80e-de7f-4069-95eb-5629b5f8bbc2
2026-05-09 19:07:50,811 | INFO | Live fill policy approved | market=KXBTC15M-26MAY091915-15 side=no trigger=75c tif=immediate_or_cancel limit=75c depth=464.50 required=3 book_age_ms=578.0 secs_to_close=429.22 reason=single_shot_abundant_depth
2026-05-09 19:07:50,813 | INFO | ENTRY signal | market=KXBTC15M-26MAY091915-15 action=buy side=no trigger=75c limit=75c qty=2 book_ready=True
2026-05-09 19:07:50,813 | INFO | Execution state | market=KXBTC15M-26MAY091915-15 side=no state=submitting reason=single_shot_abundant_depth trust=synced run_id=3dc1a80e-de7f-4069-95eb-5629b5f8bbc2
2026-05-09 19:07:50,853 | INFO | ENTRY immediate fill | market=KXBTC15M-26MAY091915-15 side=no qty=2 limit=75c
2026-05-09 19:07:50,854 | INFO | Execution state | market=KXBTC15M-26MAY091915-15 side=no state=filled reason=single_shot_abundant_depth trust=synced run_id=3dc1a80e-de7f-4069-95eb-5629b5f8bbc2
2026-05-09 19:07:50,859 | INFO | Mushroom v28 entry approved | market=KXBTC15M-26MAY091915-15 side=no ask=75c max_buy=77c qty=1 p_side=0.8202 edge=5.016c depth=343.5 btc_age_ms=78.0 secs_to_close=429.14
2026-05-09 19:07:50,873 | INFO | Execution state | market=KXBTC15M-26MAY091915-15 side=no state=eligible reason=pre_filters_disabled trust=synced run_id=3dc1a80e-de7f-4069-95eb-5629b5f8bbc2
2026-05-09 19:07:50,874 | INFO | Live fill policy approved | market=KXBTC15M-26MAY091915-15 side=no trigger=75c tif=immediate_or_cancel limit=75c depth=343.50 required=2 book_age_ms=656.0 secs_to_close=429.14 reason=single_shot_abundant_depth
2026-05-09 19:07:50,875 | INFO | ENTRY signal | market=KXBTC15M-26MAY091915-15 action=buy side=no trigger=75c limit=75c qty=1 book_ready=True
2026-05-09 19:07:50,875 | INFO | Execution state | market=KXBTC15M-26MAY091915-15 side=no state=submitting reason=single_shot_abundant_depth trust=synced run_id=3dc1a80e-de7f-4069-95eb-5629b5f8bbc2
2026-05-09 19:07:50,923 | INFO | ENTRY immediate fill | market=KXBTC15M-26MAY091915-15 side=no qty=1 limit=75c
2026-05-09 19:07:50,924 | INFO | Execution state | market=KXBTC15M-26MAY091915-15 side=no state=filled reason=single_shot_abundant_depth trust=synced run_id=3dc1a80e-de7f-4069-95eb-5629b5f8bbc2
2026-05-09 19:07:52,424 | INFO | Heartbeat | watch=KXBTC15M-26MAY091915-15 yes_bid=25 yes_ask=26 no_bid=74 no_ask=75 book_ready=True position=True pending=False dry_run=False trust=synced run_id=3dc1a80e-de7f-4069-95eb-5629b5f8bbc2
2026-05-09 19:08:07,428 | INFO | Heartbeat | watch=KXBTC15M-26MAY091915-15 yes_bid=23 yes_ask=24 no_bid=76 no_ask=77 book_ready=True position=True pending=False dry_run=False trust=synced run_id=3dc1a80e-de7f-4069-95eb-5629b5f8bbc2
2026-05-09 19:08:22,478 | INFO | Heartbeat | watch=KXBTC15M-26MAY091915-15 yes_bid=24 yes_ask=25 no_bid=75 no_ask=76 book_ready=True position=True pending=False dry_run=False trust=synced run_id=3dc1a80e-de7f-4069-95eb-5629b5f8bbc2
2026-05-09 19:08:37,478 | INFO | Heartbeat | watch=KXBTC15M-26MAY091915-15 yes_bid=24 yes_ask=25 no_bid=75 no_ask=76 book_ready=True position=True pending=False dry_run=False trust=synced run_id=3dc1a80e-de7f-4069-95eb-5629b5f8bbc2
2026-05-09 19:08:52,525 | INFO | Heartbeat | watch=KXBTC15M-26MAY091915-15 yes_bid=18 yes_ask=19 no_bid=81 no_ask=82 book_ready=True position=True pending=False dry_run=False trust=synced run_id=3dc1a80e-de7f-4069-95eb-5629b5f8bbc2
2026-05-09 19:09:07,570 | INFO | Heartbeat | watch=KXBTC15M-26MAY091915-15 yes_bid=15 yes_ask=16 no_bid=84 no_ask=85 book_ready=True position=True pending=False dry_run=False trust=synced run_id=3dc1a80e-de7f-4069-95eb-5629b5f8bbc2
2026-05-09 19:09:22,610 | INFO | Heartbeat | watch=KXBTC15M-26MAY091915-15 yes_bid=12 yes_ask=13 no_bid=87 no_ask=88 book_ready=True position=True pending=False dry_run=False trust=synced run_id=3dc1a80e-de7f-4069-95eb-5629b5f8bbc2
2026-05-09 19:09:37,611 | INFO | Heartbeat | watch=KXBTC15M-26MAY091915-15 yes_bid=11 yes_ask=12 no_bid=88 no_ask=89 book_ready=True position=True pending=False dry_run=False trust=synced run_id=3dc1a80e-de7f-4069-95eb-5629b5f8bbc2
2026-05-09 19:09:52,622 | INFO | Heartbeat | watch=KXBTC15M-26MAY091915-15 yes_bid=14 yes_ask=15 no_bid=85 no_ask=86 book_ready=True position=True pending=False dry_run=False trust=synced run_id=3dc1a80e-de7f-4069-95eb-5629b5f8bbc2
2026-05-09 19:10:07,647 | INFO | Heartbeat | watch=KXBTC15M-26MAY091915-15 yes_bid=21 yes_ask=22 no_bid=78 no_ask=79 book_ready=True position=True pending=False dry_run=False trust=synced run_id=3dc1a80e-de7f-4069-95eb-5629b5f8bbc2
2026-05-09 19:10:22,657 | INFO | Heartbeat | watch=KXBTC15M-26MAY091915-15 yes_bid=20 yes_ask=21 no_bid=79 no_ask=80 book_ready=True position=True pending=False dry_run=False trust=synced run_id=3dc1a80e-de7f-4069-95eb-5629b5f8bbc2
2026-05-09 19:10:37,656 | INFO | Heartbeat | watch=KXBTC15M-26MAY091915-15 yes_bid=12 yes_ask=13 no_bid=87 no_ask=88 book_ready=True position=True pending=False dry_run=False trust=synced run_id=3dc1a80e-de7f-4069-95eb-5629b5f8bbc2
2026-05-09 19:10:52,670 | INFO | Heartbeat | watch=KXBTC15M-26MAY091915-15 yes_bid=8 yes_ask=9 no_bid=91 no_ask=92 book_ready=True position=True pending=False dry_run=False trust=synced run_id=3dc1a80e-de7f-4069-95eb-5629b5f8bbc2
2026-05-09 19:11:05,207 | INFO | EXIT signal | market=KXBTC15M-26MAY091915-15 action=sell side=no trigger=93c limit=93c qty=3 book_ready=True mode=single_shot_ioc slices=1 attempt=0
2026-05-09 19:11:05,209 | INFO | Latency | purpose=exit feed_age_ms=-330.4 local_reaction_ms=16.0 trigger_seen_at=2026-05-09T23:11:05.209042+00:00 market_msg_time=2026-05-09T23:11:05.539394Z
2026-05-09 19:11:05,209 | INFO | Exit plan approved | market=KXBTC15M-26MAY091915-15 side=no trigger=93c limit=93c top_bid=93 depth=1071.67 required=3 book_age_ms=0.0 secs_to_close=234.80 reason=mushroom_v28_exit_value_over_hold_single_shot_visible_depth mode=single_shot_ioc attempt=0
2026-05-09 19:11:05,258 | INFO | EXIT fill | market=KXBTC15M-26MAY091915-15 side=no slice=1/1 qty=3 cumulative=3/3 remaining=0
2026-05-09 19:11:05,300 | INFO | Mushroom v28 entry approved | market=KXBTC15M-26MAY091915-15 side=yes ask=7c max_buy=13c qty=2 p_side=0.1734 edge=9.839c depth=1068.67 btc_age_ms=297.0 secs_to_close=234.71
2026-05-09 19:11:05,321 | INFO | Execution state | market=KXBTC15M-26MAY091915-15 side=yes state=eligible reason=pre_filters_disabled trust=synced run_id=3dc1a80e-de7f-4069-95eb-5629b5f8bbc2
2026-05-09 19:11:05,322 | INFO | Live fill policy approved | market=KXBTC15M-26MAY091915-15 side=yes trigger=7c tif=immediate_or_cancel limit=7c depth=1068.67 required=3 book_age_ms=94.0 secs_to_close=234.71 reason=single_shot_abundant_depth
2026-05-09 19:11:05,324 | INFO | ENTRY signal | market=KXBTC15M-26MAY091915-15 action=buy side=yes trigger=7c limit=7c qty=2 book_ready=True
2026-05-09 19:11:05,324 | INFO | Execution state | market=KXBTC15M-26MAY091915-15 side=yes state=submitting reason=single_shot_abundant_depth trust=synced run_id=3dc1a80e-de7f-4069-95eb-5629b5f8bbc2
2026-05-09 19:11:05,369 | INFO | ENTRY immediate fill | market=KXBTC15M-26MAY091915-15 side=yes qty=2 limit=7c
2026-05-09 19:11:05,369 | INFO | Execution state | market=KXBTC15M-26MAY091915-15 side=yes state=filled reason=single_shot_abundant_depth trust=synced run_id=3dc1a80e-de7f-4069-95eb-5629b5f8bbc2
2026-05-09 19:11:07,673 | INFO | Heartbeat | watch=KXBTC15M-26MAY091915-15 yes_bid=6 yes_ask=7 no_bid=93 no_ask=94 book_ready=True position=True pending=False dry_run=False trust=synced run_id=3dc1a80e-de7f-4069-95eb-5629b5f8bbc2
2026-05-09 19:11:22,683 | INFO | Heartbeat | watch=KXBTC15M-26MAY091915-15 yes_bid=5 yes_ask=6 no_bid=94 no_ask=95 book_ready=True position=True pending=False dry_run=False trust=synced run_id=3dc1a80e-de7f-4069-95eb-5629b5f8bbc2
2026-05-09 19:11:36,215 | INFO | EXIT signal | market=KXBTC15M-26MAY091915-15 action=sell side=yes trigger=8c limit=8c qty=2 book_ready=True mode=single_shot_ioc slices=1 attempt=0
2026-05-09 19:11:36,216 | INFO | Latency | purpose=exit feed_age_ms=-319.9 local_reaction_ms=16.0 trigger_seen_at=2026-05-09T23:11:36.216103+00:00 market_msg_time=2026-05-09T23:11:36.536036Z
2026-05-09 19:11:36,216 | INFO | Exit plan approved | market=KXBTC15M-26MAY091915-15 side=yes trigger=8c limit=8c top_bid=8 depth=239.00 required=2 book_age_ms=0.0 secs_to_close=203.80 reason=mushroom_v28_exit_value_over_hold_single_shot_visible_depth mode=single_shot_ioc attempt=0
2026-05-09 19:11:37,200 | INFO | EXIT signal | market=KXBTC15M-26MAY091915-15 action=sell side=yes trigger=8c limit=8c qty=2 book_ready=True mode=single_shot_ioc slices=1 attempt=0
2026-05-09 19:11:37,210 | INFO | Latency | purpose=exit feed_age_ms=-325.5 local_reaction_ms=16.0 trigger_seen_at=2026-05-09T23:11:37.210897+00:00 market_msg_time=2026-05-09T23:11:37.536365Z
2026-05-09 19:11:37,210 | INFO | Exit plan approved | market=KXBTC15M-26MAY091915-15 side=yes trigger=8c limit=8c top_bid=8 depth=126.73 required=2 book_age_ms=109.0 secs_to_close=202.80 reason=mushroom_v28_exit_value_over_hold_single_shot_visible_depth mode=single_shot_ioc attempt=0
2026-05-09 19:11:37,692 | INFO | Heartbeat | watch=KXBTC15M-26MAY091915-15 yes_bid=8 yes_ask=8 no_bid=92 no_ask=92 book_ready=True position=True pending=False dry_run=False trust=synced run_id=3dc1a80e-de7f-4069-95eb-5629b5f8bbc2
2026-05-09 19:11:38,351 | INFO | EXIT signal | market=KXBTC15M-26MAY091915-15 action=sell side=yes trigger=7c limit=7c qty=2 book_ready=True mode=single_shot_ioc slices=1 attempt=0
2026-05-09 19:11:38,351 | INFO | Latency | purpose=exit feed_age_ms=388.3 local_reaction_ms=156.0 trigger_seen_at=2026-05-09T23:11:38.351504+00:00 market_msg_time=2026-05-09T23:11:37.963252Z
2026-05-09 19:11:38,352 | INFO | Exit plan approved | market=KXBTC15M-26MAY091915-15 side=yes trigger=7c limit=7c top_bid=7 depth=572.34 required=2 book_age_ms=141.0 secs_to_close=201.66 reason=mushroom_v28_exit_value_over_hold_single_shot_visible_depth mode=single_shot_ioc attempt=0
2026-05-09 19:11:38,397 | INFO | EXIT fill | market=KXBTC15M-26MAY091915-15 side=yes slice=1/1 qty=2 cumulative=2/2 remaining=0
2026-05-09 19:11:52,737 | INFO | Heartbeat | watch=KXBTC15M-26MAY091915-15 yes_bid=9 yes_ask=9 no_bid=91 no_ask=91 book_ready=True position=False pending=False dry_run=False trust=synced run_id=3dc1a80e-de7f-4069-95eb-5629b5f8bbc2
2026-05-09 19:12:07,784 | INFO | Heartbeat | watch=KXBTC15M-26MAY091915-15 yes_bid=5 yes_ask=6 no_bid=94 no_ask=95 book_ready=True position=False pending=False dry_run=False trust=synced run_id=3dc1a80e-de7f-4069-95eb-5629b5f8bbc2
2026-05-09 19:12:22,784 | INFO | Heartbeat | watch=KXBTC15M-26MAY091915-15 yes_bid=7 yes_ask=7 no_bid=93 no_ask=93 book_ready=True position=False pending=False dry_run=False trust=synced run_id=3dc1a80e-de7f-4069-95eb-5629b5f8bbc2
2026-05-09 19:12:37,795 | INFO | Heartbeat | watch=KXBTC15M-26MAY091915-15 yes_bid=5 yes_ask=6 no_bid=94 no_ask=95 book_ready=True position=False pending=False dry_run=False trust=synced run_id=3dc1a80e-de7f-4069-95eb-5629b5f8bbc2
2026-05-09 19:12:52,814 | INFO | Heartbeat | watch=KXBTC15M-26MAY091915-15 yes_bid=9 yes_ask=9 no_bid=91 no_ask=91 book_ready=True position=False pending=False dry_run=False trust=synced run_id=3dc1a80e-de7f-4069-95eb-5629b5f8bbc2
2026-05-09 19:13:07,836 | INFO | Heartbeat | watch=KXBTC15M-26MAY091915-15 yes_bid=5 yes_ask=5 no_bid=95 no_ask=95 book_ready=True position=False pending=False dry_run=False trust=synced run_id=3dc1a80e-de7f-4069-95eb-5629b5f8bbc2
2026-05-09 19:13:22,860 | INFO | Heartbeat | watch=KXBTC15M-26MAY091915-15 yes_bid=6 yes_ask=6 no_bid=94 no_ask=94 book_ready=True position=False pending=False dry_run=False trust=synced run_id=3dc1a80e-de7f-4069-95eb-5629b5f8bbc2
2026-05-09 19:13:37,901 | INFO | Heartbeat | watch=KXBTC15M-26MAY091915-15 yes_bid=2 yes_ask=3 no_bid=97 no_ask=98 book_ready=True position=False pending=False dry_run=False trust=synced run_id=3dc1a80e-de7f-4069-95eb-5629b5f8bbc2
2026-05-09 19:13:52,927 | INFO | Heartbeat | watch=KXBTC15M-26MAY091915-15 yes_bid=3 yes_ask=4 no_bid=96 no_ask=97 book_ready=True position=False pending=False dry_run=False trust=synced run_id=3dc1a80e-de7f-4069-95eb-5629b5f8bbc2
2026-05-09 19:14:07,944 | INFO | Heartbeat | watch=KXBTC15M-26MAY091915-15 yes_bid=2 yes_ask=3 no_bid=97 no_ask=98 book_ready=True position=False pending=False dry_run=False trust=synced run_id=3dc1a80e-de7f-4069-95eb-5629b5f8bbc2
2026-05-09 19:14:22,976 | INFO | Heartbeat | watch=KXBTC15M-26MAY091915-15 yes_bid=0 yes_ask=1 no_bid=99 no_ask=100 book_ready=True position=False pending=False dry_run=False trust=synced run_id=3dc1a80e-de7f-4069-95eb-5629b5f8bbc2
2026-05-09 19:14:37,988 | INFO | Heartbeat | watch=KXBTC15M-26MAY091915-15 yes_bid=0 yes_ask=0 no_bid=100 no_ask=100 book_ready=True position=False pending=False dry_run=False trust=synced run_id=3dc1a80e-de7f-4069-95eb-5629b5f8bbc2
2026-05-09 19:14:53,029 | INFO | Heartbeat | watch=KXBTC15M-26MAY091915-15 yes_bid=0 yes_ask=1 no_bid=99 no_ask=100 book_ready=True position=False pending=False dry_run=False trust=synced run_id=3dc1a80e-de7f-4069-95eb-5629b5f8bbc2
2026-05-09 19:15:05,742 | INFO | Orderbook snapshot ready for KXBTC15M-26MAY091915-15
2026-05-09 19:15:08,039 | INFO | Heartbeat | watch=KXBTC15M-26MAY091915-15 yes_bid=0 yes_ask=100 no_bid=0 no_ask=100 book_ready=True position=False pending=False dry_run=False trust=synced run_id=3dc1a80e-de7f-4069-95eb-5629b5f8bbc2
2026-05-09 19:15:17,610 | INFO | Watching market KXBTC15M-26MAY091930-30 close_time=2026-05-09T23:30:00Z status=active strike=80718.07 run_id=3dc1a80e-de7f-4069-95eb-5629b5f8bbc2
2026-05-09 19:15:17,670 | INFO | Mushroom v28 phi memory reward update | market=KXBTC15M-26MAY091915-15 result=no decisions=9 fills=7 labels=2 reward_delta=0.00c actual_pnl=0.22
2026-05-09 19:15:17,851 | INFO | WS connected for KXBTC15M-26MAY091930-30
2026-05-09 19:15:17,882 | INFO | WS subscribed payload: {'type': 'subscribed', 'id': 2, 'msg': {'channel': 'ticker', 'sid': 1}}
2026-05-09 19:15:17,883 | INFO | WS subscribed payload: {'type': 'subscribed', 'id': 2, 'msg': {'channel': 'orderbook_delta', 'sid': 2}}
2026-05-09 19:15:17,885 | INFO | Orderbook snapshot ready for KXBTC15M-26MAY091930-30
2026-05-09 19:15:23,043 | INFO | Heartbeat | watch=KXBTC15M-26MAY091930-30 yes_bid=52 yes_ask=53 no_bid=47 no_ask=48 book_ready=True position=False pending=False dry_run=False trust=synced run_id=3dc1a80e-de7f-4069-95eb-5629b5f8bbc2
2026-05-09 19:15:38,038 | INFO | Heartbeat | watch=KXBTC15M-26MAY091930-30 yes_bid=50 yes_ask=51 no_bid=49 no_ask=50 book_ready=True position=False pending=False dry_run=False trust=synced run_id=3dc1a80e-de7f-4069-95eb-5629b5f8bbc2
2026-05-09 19:15:53,078 | INFO | Heartbeat | watch=KXBTC15M-26MAY091930-30 yes_bid=41 yes_ask=42 no_bid=58 no_ask=59 book_ready=True position=False pending=False dry_run=False trust=synced run_id=3dc1a80e-de7f-4069-95eb-5629b5f8bbc2
2026-05-09 19:16:08,084 | INFO | Heartbeat | watch=KXBTC15M-26MAY091930-30 yes_bid=39 yes_ask=40 no_bid=60 no_ask=61 book_ready=True position=False pending=False dry_run=False trust=synced run_id=3dc1a80e-de7f-4069-95eb-5629b5f8bbc2
2026-05-09 19:16:23,112 | INFO | Heartbeat | watch=KXBTC15M-26MAY091930-30 yes_bid=41 yes_ask=42 no_bid=58 no_ask=59 book_ready=True position=False pending=False dry_run=False trust=synced run_id=3dc1a80e-de7f-4069-95eb-5629b5f8bbc2
2026-05-09 19:16:38,106 | INFO | Heartbeat | watch=KXBTC15M-26MAY091930-30 yes_bid=41 yes_ask=42 no_bid=58 no_ask=59 book_ready=True position=False pending=False dry_run=False trust=synced run_id=3dc1a80e-de7f-4069-95eb-5629b5f8bbc2
2026-05-09 19:16:53,159 | INFO | Heartbeat | watch=KXBTC15M-26MAY091930-30 yes_bid=41 yes_ask=42 no_bid=58 no_ask=59 book_ready=True position=False pending=False dry_run=False trust=synced run_id=3dc1a80e-de7f-4069-95eb-5629b5f8bbc2
2026-05-09 19:17:08,177 | INFO | Heartbeat | watch=KXBTC15M-26MAY091930-30 yes_bid=40 yes_ask=41 no_bid=59 no_ask=60 book_ready=True position=False pending=False dry_run=False trust=synced run_id=3dc1a80e-de7f-4069-95eb-5629b5f8bbc2
2026-05-09 19:17:23,211 | INFO | Heartbeat | watch=KXBTC15M-26MAY091930-30 yes_bid=39 yes_ask=40 no_bid=60 no_ask=61 book_ready=True position=False pending=False dry_run=False trust=synced run_id=3dc1a80e-de7f-4069-95eb-5629b5f8bbc2
2026-05-09 19:17:38,214 | INFO | Heartbeat | watch=KXBTC15M-26MAY091930-30 yes_bid=39 yes_ask=40 no_bid=60 no_ask=61 book_ready=True position=False pending=False dry_run=False trust=synced run_id=3dc1a80e-de7f-4069-95eb-5629b5f8bbc2
2026-05-09 19:17:53,244 | INFO | Heartbeat | watch=KXBTC15M-26MAY091930-30 yes_bid=38 yes_ask=39 no_bid=61 no_ask=62 book_ready=True position=False pending=False dry_run=False trust=synced run_id=3dc1a80e-de7f-4069-95eb-5629b5f8bbc2
2026-05-09 19:18:08,254 | INFO | Heartbeat | watch=KXBTC15M-26MAY091930-30 yes_bid=30 yes_ask=31 no_bid=69 no_ask=70 book_ready=True position=False pending=False dry_run=False trust=synced run_id=3dc1a80e-de7f-4069-95eb-5629b5f8bbc2
2026-05-09 19:18:23,258 | INFO | Heartbeat | watch=KXBTC15M-26MAY091930-30 yes_bid=27 yes_ask=28 no_bid=72 no_ask=73 book_ready=True position=False pending=False dry_run=False trust=synced run_id=3dc1a80e-de7f-4069-95eb-5629b5f8bbc2
2026-05-09 19:18:38,310 | INFO | Heartbeat | watch=KXBTC15M-26MAY091930-30 yes_bid=26 yes_ask=27 no_bid=73 no_ask=74 book_ready=True position=False pending=False dry_run=False trust=synced run_id=3dc1a80e-de7f-4069-95eb-5629b5f8bbc2
2026-05-09 19:18:53,317 | INFO | Heartbeat | watch=KXBTC15M-26MAY091930-30 yes_bid=27 yes_ask=28 no_bid=72 no_ask=73 book_ready=True position=False pending=False dry_run=False trust=synced run_id=3dc1a80e-de7f-4069-95eb-5629b5f8bbc2
2026-05-09 19:19:08,354 | INFO | Heartbeat | watch=KXBTC15M-26MAY091930-30 yes_bid=26 yes_ask=27 no_bid=73 no_ask=74 book_ready=True position=False pending=False dry_run=False trust=synced run_id=3dc1a80e-de7f-4069-95eb-5629b5f8bbc2
2026-05-09 19:19:23,391 | INFO | Heartbeat | watch=KXBTC15M-26MAY091930-30 yes_bid=33 yes_ask=34 no_bid=66 no_ask=67 book_ready=True position=False pending=False dry_run=False trust=synced run_id=3dc1a80e-de7f-4069-95eb-5629b5f8bbc2
2026-05-09 19:19:38,449 | INFO | Heartbeat | watch=KXBTC15M-26MAY091930-30 yes_bid=33 yes_ask=35 no_bid=65 no_ask=67 book_ready=True position=False pending=False dry_run=False trust=synced run_id=3dc1a80e-de7f-4069-95eb-5629b5f8bbc2
2026-05-09 19:19:53,444 | INFO | Heartbeat | watch=KXBTC15M-26MAY091930-30 yes_bid=30 yes_ask=31 no_bid=69 no_ask=70 book_ready=True position=False pending=False dry_run=False trust=synced run_id=3dc1a80e-de7f-4069-95eb-5629b5f8bbc2
2026-05-09 19:20:08,482 | INFO | Heartbeat | watch=KXBTC15M-26MAY091930-30 yes_bid=30 yes_ask=31 no_bid=69 no_ask=70 book_ready=True position=False pending=False dry_run=False trust=synced run_id=3dc1a80e-de7f-4069-95eb-5629b5f8bbc2
2026-05-09 19:20:23,509 | INFO | Heartbeat | watch=KXBTC15M-26MAY091930-30 yes_bid=29 yes_ask=30 no_bid=70 no_ask=71 book_ready=True position=False pending=False dry_run=False trust=synced run_id=3dc1a80e-de7f-4069-95eb-5629b5f8bbc2
2026-05-09 19:20:38,548 | INFO | Heartbeat | watch=KXBTC15M-26MAY091930-30 yes_bid=27 yes_ask=28 no_bid=72 no_ask=73 book_ready=True position=False pending=False dry_run=False trust=synced run_id=3dc1a80e-de7f-4069-95eb-5629b5f8bbc2
2026-05-09 19:20:53,546 | INFO | Heartbeat | watch=KXBTC15M-26MAY091930-30 yes_bid=27 yes_ask=28 no_bid=72 no_ask=73 book_ready=True position=False pending=False dry_run=False trust=synced run_id=3dc1a80e-de7f-4069-95eb-5629b5f8bbc2
2026-05-09 19:21:08,540 | INFO | Heartbeat | watch=KXBTC15M-26MAY091930-30 yes_bid=25 yes_ask=27 no_bid=73 no_ask=75 book_ready=True position=False pending=False dry_run=False trust=synced run_id=3dc1a80e-de7f-4069-95eb-5629b5f8bbc2
2026-05-09 19:21:23,566 | INFO | Heartbeat | watch=KXBTC15M-26MAY091930-30 yes_bid=24 yes_ask=25 no_bid=75 no_ask=76 book_ready=True position=False pending=False dry_run=False trust=synced run_id=3dc1a80e-de7f-4069-95eb-5629b5f8bbc2
2026-05-09 19:21:38,598 | INFO | Heartbeat | watch=KXBTC15M-26MAY091930-30 yes_bid=25 yes_ask=26 no_bid=74 no_ask=75 book_ready=True position=False pending=False dry_run=False trust=synced run_id=3dc1a80e-de7f-4069-95eb-5629b5f8bbc2
2026-05-09 19:21:53,602 | INFO | Heartbeat | watch=KXBTC15M-26MAY091930-30 yes_bid=25 yes_ask=27 no_bid=73 no_ask=75 book_ready=True position=False pending=False dry_run=False trust=synced run_id=3dc1a80e-de7f-4069-95eb-5629b5f8bbc2
2026-05-09 19:22:08,598 | INFO | Heartbeat | watch=KXBTC15M-26MAY091930-30 yes_bid=14 yes_ask=15 no_bid=85 no_ask=86 book_ready=True position=False pending=False dry_run=False trust=synced run_id=3dc1a80e-de7f-4069-95eb-5629b5f8bbc2
2026-05-09 19:22:15,883 | INFO | Mushroom v28 entry approved | market=KXBTC15M-26MAY091930-30 side=yes ask=14c max_buy=15c qty=2 p_side=0.1937 edge=4.367c depth=118.42 btc_age_ms=359.0 secs_to_close=464.12
2026-05-09 19:22:15,894 | INFO | Execution state | market=KXBTC15M-26MAY091930-30 side=yes state=eligible reason=pre_filters_disabled trust=synced run_id=3dc1a80e-de7f-4069-95eb-5629b5f8bbc2
2026-05-09 19:22:15,895 | INFO | Live fill policy approved | market=KXBTC15M-26MAY091930-30 side=yes trigger=14c tif=immediate_or_cancel limit=14c depth=118.42 required=3 book_age_ms=0.0 secs_to_close=464.12 reason=single_shot_abundant_depth
2026-05-09 19:22:15,895 | INFO | ENTRY signal | market=KXBTC15M-26MAY091930-30 action=buy side=yes trigger=14c limit=14c qty=2 book_ready=True
2026-05-09 19:22:15,896 | INFO | Execution state | market=KXBTC15M-26MAY091930-30 side=yes state=submitting reason=single_shot_abundant_depth trust=synced run_id=3dc1a80e-de7f-4069-95eb-5629b5f8bbc2
2026-05-09 19:22:15,946 | INFO | ENTRY immediate fill | market=KXBTC15M-26MAY091930-30 side=yes qty=2 limit=14c
2026-05-09 19:22:15,947 | INFO | Execution state | market=KXBTC15M-26MAY091930-30 side=yes state=filled reason=single_shot_abundant_depth trust=synced run_id=3dc1a80e-de7f-4069-95eb-5629b5f8bbc2
2026-05-09 19:22:15,949 | INFO | Mushroom v28 entry approved | market=KXBTC15M-26MAY091930-30 side=yes ask=14c max_buy=15c qty=1 p_side=0.1937 edge=4.366c depth=117.05 btc_age_ms=437.0 secs_to_close=464.05
2026-05-09 19:22:15,956 | INFO | Execution state | market=KXBTC15M-26MAY091930-30 side=yes state=eligible reason=pre_filters_disabled trust=synced run_id=3dc1a80e-de7f-4069-95eb-5629b5f8bbc2
2026-05-09 19:22:15,956 | INFO | Live fill policy approved | market=KXBTC15M-26MAY091930-30 side=yes trigger=14c tif=immediate_or_cancel limit=14c depth=117.05 required=2 book_age_ms=78.0 secs_to_close=464.05 reason=single_shot_abundant_depth
2026-05-09 19:22:15,957 | INFO | ENTRY signal | market=KXBTC15M-26MAY091930-30 action=buy side=yes trigger=14c limit=14c qty=1 book_ready=True
2026-05-09 19:22:15,957 | INFO | Execution state | market=KXBTC15M-26MAY091930-30 side=yes state=submitting reason=single_shot_abundant_depth trust=synced run_id=3dc1a80e-de7f-4069-95eb-5629b5f8bbc2
2026-05-09 19:22:15,998 | INFO | ENTRY immediate fill | market=KXBTC15M-26MAY091930-30 side=yes qty=1 limit=14c
2026-05-09 19:22:15,999 | INFO | Execution state | market=KXBTC15M-26MAY091930-30 side=yes state=filled reason=single_shot_abundant_depth trust=synced run_id=3dc1a80e-de7f-4069-95eb-5629b5f8bbc2
2026-05-09 19:22:23,623 | INFO | Heartbeat | watch=KXBTC15M-26MAY091930-30 yes_bid=13 yes_ask=14 no_bid=86 no_ask=87 book_ready=True position=True pending=False dry_run=False trust=synced run_id=3dc1a80e-de7f-4069-95eb-5629b5f8bbc2
2026-05-09 19:22:38,660 | INFO | Heartbeat | watch=KXBTC15M-26MAY091930-30 yes_bid=13 yes_ask=14 no_bid=86 no_ask=87 book_ready=True position=True pending=False dry_run=False trust=synced run_id=3dc1a80e-de7f-4069-95eb-5629b5f8bbc2
2026-05-09 19:22:46,008 | INFO | EXIT signal | market=KXBTC15M-26MAY091930-30 action=sell side=yes trigger=13c limit=13c qty=3 book_ready=True mode=single_shot_ioc slices=1 attempt=0
2026-05-09 19:22:46,008 | INFO | Latency | purpose=exit feed_age_ms=-345.1 local_reaction_ms=125.0 trigger_seen_at=2026-05-09T23:22:46.008977+00:00 market_msg_time=2026-05-09T23:22:46.354079Z
2026-05-09 19:22:46,009 | INFO | Exit plan approved | market=KXBTC15M-26MAY091930-30 side=yes trigger=13c limit=13c top_bid=13 depth=137.97 required=3 book_age_ms=109.0 secs_to_close=434.00 reason=mushroom_v28_probability_collapse_full_single_shot_visible_depth mode=single_shot_ioc attempt=0
2026-05-09 19:22:46,058 | INFO | EXIT fill | market=KXBTC15M-26MAY091930-30 side=yes slice=1/1 qty=3 cumulative=3/3 remaining=0
2026-05-09 19:22:53,672 | INFO | Heartbeat | watch=KXBTC15M-26MAY091930-30 yes_bid=14 yes_ask=15 no_bid=85 no_ask=86 book_ready=True position=False pending=False dry_run=False trust=synced run_id=3dc1a80e-de7f-4069-95eb-5629b5f8bbc2
2026-05-09 19:22:56,888 | INFO | Mushroom v28 entry approved | market=KXBTC15M-26MAY091930-30 side=yes ask=14c max_buy=14c qty=2 p_side=0.1733 edge=2.331c depth=4793.62 btc_age_ms=16.0 secs_to_close=423.12
2026-05-09 19:22:56,907 | INFO | Execution state | market=KXBTC15M-26MAY091930-30 side=yes state=eligible reason=pre_filters_disabled trust=synced run_id=3dc1a80e-de7f-4069-95eb-5629b5f8bbc2
2026-05-09 19:22:56,908 | INFO | Live fill policy approved | market=KXBTC15M-26MAY091930-30 side=yes trigger=14c tif=immediate_or_cancel limit=14c depth=4793.62 required=3 book_age_ms=47.0 secs_to_close=423.12 reason=single_shot_abundant_depth
2026-05-09 19:22:56,910 | INFO | ENTRY signal | market=KXBTC15M-26MAY091930-30 action=buy side=yes trigger=14c limit=14c qty=2 book_ready=True
2026-05-09 19:22:56,911 | INFO | Execution state | market=KXBTC15M-26MAY091930-30 side=yes state=submitting reason=single_shot_abundant_depth trust=synced run_id=3dc1a80e-de7f-4069-95eb-5629b5f8bbc2
2026-05-09 19:22:56,971 | INFO | ENTRY immediate fill | market=KXBTC15M-26MAY091930-30 side=yes qty=2 limit=14c
2026-05-09 19:22:56,973 | INFO | Execution state | market=KXBTC15M-26MAY091930-30 side=yes state=filled reason=single_shot_abundant_depth trust=synced run_id=3dc1a80e-de7f-4069-95eb-5629b5f8bbc2
2026-05-09 19:22:56,990 | INFO | Mushroom v28 entry approved | market=KXBTC15M-26MAY091930-30 side=yes ask=14c max_buy=14c qty=1 p_side=0.1733 edge=2.330c depth=4793.62 btc_age_ms=125.0 secs_to_close=423.02
2026-05-09 19:22:57,012 | INFO | Execution state | market=KXBTC15M-26MAY091930-30 side=yes state=eligible reason=pre_filters_disabled trust=synced run_id=3dc1a80e-de7f-4069-95eb-5629b5f8bbc2
2026-05-09 19:22:57,013 | INFO | Live fill policy approved | market=KXBTC15M-26MAY091930-30 side=yes trigger=14c tif=immediate_or_cancel limit=14c depth=4793.62 required=2 book_age_ms=109.0 secs_to_close=423.02 reason=single_shot_abundant_depth
2026-05-09 19:22:57,015 | INFO | ENTRY signal | market=KXBTC15M-26MAY091930-30 action=buy side=yes trigger=14c limit=14c qty=1 book_ready=True
2026-05-09 19:22:57,016 | INFO | Execution state | market=KXBTC15M-26MAY091930-30 side=yes state=submitting reason=single_shot_abundant_depth trust=synced run_id=3dc1a80e-de7f-4069-95eb-5629b5f8bbc2
2026-05-09 19:22:57,108 | INFO | ENTRY immediate fill | market=KXBTC15M-26MAY091930-30 side=yes qty=1 limit=14c
2026-05-09 19:22:57,110 | INFO | Execution state | market=KXBTC15M-26MAY091930-30 side=yes state=filled reason=single_shot_abundant_depth trust=synced run_id=3dc1a80e-de7f-4069-95eb-5629b5f8bbc2
2026-05-09 19:23:08,699 | INFO | Heartbeat | watch=KXBTC15M-26MAY091930-30 yes_bid=11 yes_ask=12 no_bid=88 no_ask=89 book_ready=True position=True pending=False dry_run=False trust=synced run_id=3dc1a80e-de7f-4069-95eb-5629b5f8bbc2
2026-05-09 19:23:23,734 | INFO | Heartbeat | watch=KXBTC15M-26MAY091930-30 yes_bid=11 yes_ask=12 no_bid=88 no_ask=89 book_ready=True position=True pending=False dry_run=False trust=synced run_id=3dc1a80e-de7f-4069-95eb-5629b5f8bbc2
2026-05-09 19:23:27,898 | INFO | EXIT signal | market=KXBTC15M-26MAY091930-30 action=sell side=yes trigger=10c limit=10c qty=3 book_ready=True mode=single_shot_ioc slices=1 attempt=0
2026-05-09 19:23:27,899 | INFO | Latency | purpose=exit feed_age_ms=-480.8 local_reaction_ms=31.0 trigger_seen_at=2026-05-09T23:23:27.899623+00:00 market_msg_time=2026-05-09T23:23:28.380399Z
2026-05-09 19:23:27,899 | INFO | Exit plan approved | market=KXBTC15M-26MAY091930-30 side=yes trigger=10c limit=10c top_bid=10 depth=134.00 required=3 book_age_ms=0.0 secs_to_close=392.12 reason=mushroom_v28_probability_collapse_full_single_shot_visible_depth mode=single_shot_ioc attempt=0
2026-05-09 19:23:27,945 | INFO | EXIT fill | market=KXBTC15M-26MAY091930-30 side=yes slice=1/1 qty=3 cumulative=3/3 remaining=0
2026-05-09 19:23:38,760 | INFO | Heartbeat | watch=KXBTC15M-26MAY091930-30 yes_bid=19 yes_ask=20 no_bid=80 no_ask=81 book_ready=True position=False pending=False dry_run=False trust=synced run_id=3dc1a80e-de7f-4069-95eb-5629b5f8bbc2
2026-05-09 19:23:53,754 | INFO | Heartbeat | watch=KXBTC15M-26MAY091930-30 yes_bid=16 yes_ask=17 no_bid=83 no_ask=84 book_ready=True position=False pending=False dry_run=False trust=synced run_id=3dc1a80e-de7f-4069-95eb-5629b5f8bbc2
2026-05-09 19:24:00,266 | INFO | Mushroom v28 entry approved | market=KXBTC15M-26MAY091930-30 side=yes ask=14c max_buy=14c qty=2 p_side=0.1711 edge=2.109c depth=80 btc_age_ms=610.0 secs_to_close=359.74
2026-05-09 19:24:00,277 | INFO | Execution state | market=KXBTC15M-26MAY091930-30 side=yes state=eligible reason=pre_filters_disabled trust=synced run_id=3dc1a80e-de7f-4069-95eb-5629b5f8bbc2
2026-05-09 19:24:00,278 | INFO | Live fill policy approved | market=KXBTC15M-26MAY091930-30 side=yes trigger=14c tif=immediate_or_cancel limit=14c depth=80.00 required=3 book_age_ms=391.0 secs_to_close=359.74 reason=single_shot_abundant_depth
2026-05-09 19:24:00,280 | INFO | ENTRY signal | market=KXBTC15M-26MAY091930-30 action=buy side=yes trigger=14c limit=14c qty=2 book_ready=True
2026-05-09 19:24:00,281 | INFO | Execution state | market=KXBTC15M-26MAY091930-30 side=yes state=submitting reason=single_shot_abundant_depth trust=synced run_id=3dc1a80e-de7f-4069-95eb-5629b5f8bbc2
2026-05-09 19:24:00,352 | INFO | ENTRY immediate fill | market=KXBTC15M-26MAY091930-30 side=yes qty=2 limit=14c
2026-05-09 19:24:00,353 | INFO | Execution state | market=KXBTC15M-26MAY091930-30 side=yes state=filled reason=single_shot_abundant_depth trust=synced run_id=3dc1a80e-de7f-4069-95eb-5629b5f8bbc2
2026-05-09 19:24:00,364 | INFO | Mushroom v28 entry approved | market=KXBTC15M-26MAY091930-30 side=yes ask=13c max_buy=13c qty=1 p_side=0.1711 edge=3.108c depth=676 btc_age_ms=703.0 secs_to_close=359.64
2026-05-09 19:24:00,374 | INFO | Execution state | market=KXBTC15M-26MAY091930-30 side=yes state=eligible reason=pre_filters_disabled trust=synced run_id=3dc1a80e-de7f-4069-95eb-5629b5f8bbc2
2026-05-09 19:24:00,374 | INFO | Live fill policy approved | market=KXBTC15M-26MAY091930-30 side=yes trigger=13c tif=immediate_or_cancel limit=13c depth=676.00 required=2 book_age_ms=484.0 secs_to_close=359.64 reason=single_shot_abundant_depth
2026-05-09 19:24:00,375 | INFO | ENTRY signal | market=KXBTC15M-26MAY091930-30 action=buy side=yes trigger=13c limit=13c qty=1 book_ready=True
2026-05-09 19:24:00,376 | INFO | Execution state | market=KXBTC15M-26MAY091930-30 side=yes state=submitting reason=single_shot_abundant_depth trust=synced run_id=3dc1a80e-de7f-4069-95eb-5629b5f8bbc2
2026-05-09 19:24:00,426 | INFO | ENTRY immediate fill | market=KXBTC15M-26MAY091930-30 side=yes qty=1 limit=13c
2026-05-09 19:24:00,427 | INFO | Execution state | market=KXBTC15M-26MAY091930-30 side=yes state=filled reason=single_shot_abundant_depth trust=synced run_id=3dc1a80e-de7f-4069-95eb-5629b5f8bbc2
2026-05-09 19:24:08,790 | INFO | Heartbeat | watch=KXBTC15M-26MAY091930-30 yes_bid=11 yes_ask=12 no_bid=88 no_ask=89 book_ready=True position=True pending=False dry_run=False trust=synced run_id=3dc1a80e-de7f-4069-95eb-5629b5f8bbc2
2026-05-09 19:24:23,807 | INFO | Heartbeat | watch=KXBTC15M-26MAY091930-30 yes_bid=8 yes_ask=8 no_bid=92 no_ask=92 book_ready=True position=True pending=False dry_run=False trust=synced run_id=3dc1a80e-de7f-4069-95eb-5629b5f8bbc2
2026-05-09 19:24:30,890 | INFO | EXIT signal | market=KXBTC15M-26MAY091930-30 action=sell side=yes trigger=9c limit=9c qty=3 book_ready=True mode=single_shot_ioc slices=1 attempt=0
2026-05-09 19:24:30,891 | INFO | Latency | purpose=exit feed_age_ms=-370.4 local_reaction_ms=16.0 trigger_seen_at=2026-05-09T23:24:30.891080+00:00 market_msg_time=2026-05-09T23:24:31.26151Z
2026-05-09 19:24:30,891 | INFO | Exit plan approved | market=KXBTC15M-26MAY091930-30 side=yes trigger=9c limit=9c top_bid=9 depth=10.00 required=3 book_age_ms=47.0 secs_to_close=329.12 reason=mushroom_v28_probability_collapse_full_single_shot_visible_depth mode=single_shot_ioc attempt=0
2026-05-09 19:24:31,882 | INFO | EXIT signal | market=KXBTC15M-26MAY091930-30 action=sell side=yes trigger=9c limit=9c qty=3 book_ready=True mode=single_shot_ioc slices=1 attempt=0
2026-05-09 19:24:31,890 | INFO | Latency | purpose=exit feed_age_ms=-477.5 local_reaction_ms=16.0 trigger_seen_at=2026-05-09T23:24:31.890929+00:00 market_msg_time=2026-05-09T23:24:32.368384Z
2026-05-09 19:24:31,890 | INFO | Exit plan approved | market=KXBTC15M-26MAY091930-30 side=yes trigger=9c limit=9c top_bid=9 depth=179.12 required=3 book_age_ms=0.0 secs_to_close=328.12 reason=mushroom_v28_probability_collapse_full_single_shot_visible_depth mode=single_shot_ioc attempt=0
2026-05-09 19:24:32,894 | INFO | EXIT signal | market=KXBTC15M-26MAY091930-30 action=sell side=yes trigger=8c limit=8c qty=3 book_ready=True mode=single_shot_ioc slices=1 attempt=0
2026-05-09 19:24:32,894 | INFO | Latency | purpose=exit feed_age_ms=-368.3 local_reaction_ms=16.0 trigger_seen_at=2026-05-09T23:24:32.894454+00:00 market_msg_time=2026-05-09T23:24:33.262803Z
2026-05-09 19:24:32,894 | INFO | Exit plan approved | market=KXBTC15M-26MAY091930-30 side=yes trigger=8c limit=8c top_bid=8 depth=330.82 required=3 book_age_ms=94.0 secs_to_close=327.12 reason=mushroom_v28_probability_collapse_full_single_shot_visible_depth mode=single_shot_ioc attempt=0
2026-05-09 19:24:32,999 | INFO | EXIT fill | market=KXBTC15M-26MAY091930-30 side=yes slice=1/1 qty=3 cumulative=3/3 remaining=0
2026-05-09 19:24:33,019 | INFO | Mushroom v28 entry approved | market=KXBTC15M-26MAY091930-30 side=yes ask=9c max_buy=9c qty=2 p_side=0.1347 edge=3.466c depth=550.14 btc_age_ms=78.0 secs_to_close=326.98
2026-05-09 19:24:33,025 | INFO | Execution state | market=KXBTC15M-26MAY091930-30 side=yes state=eligible reason=pre_filters_disabled trust=synced run_id=3dc1a80e-de7f-4069-95eb-5629b5f8bbc2
2026-05-09 19:24:33,025 | INFO | Live fill policy approved | market=KXBTC15M-26MAY091930-30 side=yes trigger=9c tif=immediate_or_cancel limit=9c depth=550.14 required=3 book_age_ms=141.0 secs_to_close=326.98 reason=single_shot_abundant_depth
2026-05-09 19:24:33,026 | INFO | ENTRY signal | market=KXBTC15M-26MAY091930-30 action=buy side=yes trigger=9c limit=9c qty=2 book_ready=True
2026-05-09 19:24:33,026 | INFO | Execution state | market=KXBTC15M-26MAY091930-30 side=yes state=submitting reason=single_shot_abundant_depth trust=synced run_id=3dc1a80e-de7f-4069-95eb-5629b5f8bbc2
2026-05-09 19:24:33,104 | INFO | ENTRY immediate fill | market=KXBTC15M-26MAY091930-30 side=yes qty=2 limit=9c
2026-05-09 19:24:33,105 | INFO | Execution state | market=KXBTC15M-26MAY091930-30 side=yes state=filled reason=single_shot_abundant_depth trust=synced run_id=3dc1a80e-de7f-4069-95eb-5629b5f8bbc2
2026-05-09 19:24:33,140 | INFO | Mushroom v28 entry approved | market=KXBTC15M-26MAY091930-30 side=yes ask=9c max_buy=9c qty=1 p_side=0.1346 edge=3.465c depth=457.64 btc_age_ms=0.0 secs_to_close=326.86
2026-05-09 19:24:33,148 | INFO | Execution state | market=KXBTC15M-26MAY091930-30 side=yes state=eligible reason=pre_filters_disabled trust=synced run_id=3dc1a80e-de7f-4069-95eb-5629b5f8bbc2
2026-05-09 19:24:33,149 | INFO | Live fill policy approved | market=KXBTC15M-26MAY091930-30 side=yes trigger=9c tif=immediate_or_cancel limit=9c depth=457.64 required=2 book_age_ms=266.0 secs_to_close=326.86 reason=single_shot_abundant_depth
2026-05-09 19:24:33,150 | INFO | ENTRY signal | market=KXBTC15M-26MAY091930-30 action=buy side=yes trigger=9c limit=9c qty=1 book_ready=True
2026-05-09 19:24:33,150 | INFO | Execution state | market=KXBTC15M-26MAY091930-30 side=yes state=submitting reason=single_shot_abundant_depth trust=synced run_id=3dc1a80e-de7f-4069-95eb-5629b5f8bbc2
2026-05-09 19:24:33,201 | INFO | ENTRY immediate fill | market=KXBTC15M-26MAY091930-30 side=yes qty=1 limit=9c
2026-05-09 19:24:33,202 | INFO | Execution state | market=KXBTC15M-26MAY091930-30 side=yes state=filled reason=single_shot_abundant_depth trust=synced run_id=3dc1a80e-de7f-4069-95eb-5629b5f8bbc2
2026-05-09 19:24:38,849 | INFO | Heartbeat | watch=KXBTC15M-26MAY091930-30 yes_bid=8 yes_ask=8 no_bid=92 no_ask=92 book_ready=True position=True pending=False dry_run=False trust=synced run_id=3dc1a80e-de7f-4069-95eb-5629b5f8bbc2
2026-05-09 19:24:53,856 | INFO | Heartbeat | watch=KXBTC15M-26MAY091930-30 yes_bid=7 yes_ask=7 no_bid=93 no_ask=93 book_ready=True position=True pending=False dry_run=False trust=synced run_id=3dc1a80e-de7f-4069-95eb-5629b5f8bbc2
2026-05-09 19:25:03,895 | INFO | EXIT signal | market=KXBTC15M-26MAY091930-30 action=sell side=yes trigger=5c limit=5c qty=3 book_ready=True mode=single_shot_ioc slices=1 attempt=0
2026-05-09 19:25:03,895 | INFO | Latency | purpose=exit feed_age_ms=-293.1 local_reaction_ms=31.0 trigger_seen_at=2026-05-09T23:25:03.895477+00:00 market_msg_time=2026-05-09T23:25:04.188593Z
2026-05-09 19:25:03,896 | INFO | Exit plan approved | market=KXBTC15M-26MAY091930-30 side=yes trigger=5c limit=5c top_bid=5 depth=5176.00 required=3 book_age_ms=31.0 secs_to_close=296.12 reason=mushroom_v28_probability_collapse_full_single_shot_visible_depth mode=single_shot_ioc attempt=0
2026-05-09 19:25:03,941 | INFO | EXIT fill | market=KXBTC15M-26MAY091930-30 side=yes slice=1/1 qty=3 cumulative=3/3 remaining=0
2026-05-09 19:25:08,856 | INFO | Heartbeat | watch=KXBTC15M-26MAY091930-30 yes_bid=6 yes_ask=6 no_bid=94 no_ask=94 book_ready=True position=False pending=False dry_run=False trust=synced run_id=3dc1a80e-de7f-4069-95eb-5629b5f8bbc2
2026-05-09 19:25:23,884 | INFO | Heartbeat | watch=KXBTC15M-26MAY091930-30 yes_bid=6 yes_ask=6 no_bid=94 no_ask=94 book_ready=True position=False pending=False dry_run=False trust=synced run_id=3dc1a80e-de7f-4069-95eb-5629b5f8bbc2
2026-05-09 19:25:38,894 | INFO | Heartbeat | watch=KXBTC15M-26MAY091930-30 yes_bid=4 yes_ask=5 no_bid=95 no_ask=96 book_ready=True position=False pending=False dry_run=False trust=synced run_id=3dc1a80e-de7f-4069-95eb-5629b5f8bbc2
2026-05-09 19:25:53,908 | INFO | Heartbeat | watch=KXBTC15M-26MAY091930-30 yes_bid=4 yes_ask=5 no_bid=95 no_ask=96 book_ready=True position=False pending=False dry_run=False trust=synced run_id=3dc1a80e-de7f-4069-95eb-5629b5f8bbc2
2026-05-09 19:26:06,891 | INFO | Mushroom v28 entry approved | market=KXBTC15M-26MAY091930-30 side=yes ask=4c max_buy=10c qty=2 p_side=0.1387 edge=9.369c depth=629.54 btc_age_ms=734.0 secs_to_close=233.12
2026-05-09 19:26:06,903 | INFO | Execution state | market=KXBTC15M-26MAY091930-30 side=yes state=eligible reason=pre_filters_disabled trust=synced run_id=3dc1a80e-de7f-4069-95eb-5629b5f8bbc2
2026-05-09 19:26:06,903 | INFO | Live fill policy approved | market=KXBTC15M-26MAY091930-30 side=yes trigger=4c tif=immediate_or_cancel limit=4c depth=629.54 required=3 book_age_ms=62.0 secs_to_close=233.12 reason=single_shot_abundant_depth
2026-05-09 19:26:06,904 | INFO | ENTRY signal | market=KXBTC15M-26MAY091930-30 action=buy side=yes trigger=4c limit=4c qty=2 book_ready=True
2026-05-09 19:26:06,904 | INFO | Execution state | market=KXBTC15M-26MAY091930-30 side=yes state=submitting reason=single_shot_abundant_depth trust=synced run_id=3dc1a80e-de7f-4069-95eb-5629b5f8bbc2
2026-05-09 19:26:06,950 | INFO | Execution state | market=KXBTC15M-26MAY091930-30 side=yes state=abandoned reason=zero_fill trust=synced run_id=3dc1a80e-de7f-4069-95eb-5629b5f8bbc2
2026-05-09 19:26:06,951 | INFO | Mushroom v28 entry approved | market=KXBTC15M-26MAY091930-30 side=yes ask=4c max_buy=10c qty=2 p_side=0.1387 edge=9.368c depth=629.54 btc_age_ms=812.0 secs_to_close=233.05
2026-05-09 19:26:06,958 | INFO | Execution state | market=KXBTC15M-26MAY091930-30 side=yes state=eligible reason=pre_filters_disabled trust=synced run_id=3dc1a80e-de7f-4069-95eb-5629b5f8bbc2
2026-05-09 19:26:06,958 | INFO | Live fill policy approved | market=KXBTC15M-26MAY091930-30 side=yes trigger=4c tif=immediate_or_cancel limit=4c depth=629.54 required=3 book_age_ms=78.0 secs_to_close=233.05 reason=single_shot_abundant_depth
2026-05-09 19:26:06,960 | INFO | ENTRY signal | market=KXBTC15M-26MAY091930-30 action=buy side=yes trigger=4c limit=4c qty=2 book_ready=True
2026-05-09 19:26:06,960 | INFO | Execution state | market=KXBTC15M-26MAY091930-30 side=yes state=submitting reason=single_shot_abundant_depth trust=synced run_id=3dc1a80e-de7f-4069-95eb-5629b5f8bbc2
2026-05-09 19:26:07,042 | INFO | Execution state | market=KXBTC15M-26MAY091930-30 side=yes state=abandoned reason=zero_fill trust=synced run_id=3dc1a80e-de7f-4069-95eb-5629b5f8bbc2
2026-05-09 19:26:08,934 | INFO | Heartbeat | watch=KXBTC15M-26MAY091930-30 yes_bid=4 yes_ask=4 no_bid=96 no_ask=96 book_ready=True position=False pending=False dry_run=False trust=synced run_id=3dc1a80e-de7f-4069-95eb-5629b5f8bbc2
2026-05-09 19:26:23,962 | INFO | Heartbeat | watch=KXBTC15M-26MAY091930-30 yes_bid=1 yes_ask=2 no_bid=98 no_ask=99 book_ready=True position=False pending=False dry_run=False trust=synced run_id=3dc1a80e-de7f-4069-95eb-5629b5f8bbc2
2026-05-09 19:26:39,031 | INFO | Heartbeat | watch=KXBTC15M-26MAY091930-30 yes_bid=1 yes_ask=2 no_bid=98 no_ask=99 book_ready=True position=False pending=False dry_run=False trust=synced run_id=3dc1a80e-de7f-4069-95eb-5629b5f8bbc2
2026-05-09 19:26:54,053 | INFO | Heartbeat | watch=KXBTC15M-26MAY091930-30 yes_bid=1 yes_ask=1 no_bid=99 no_ask=99 book_ready=True position=False pending=False dry_run=False trust=synced run_id=3dc1a80e-de7f-4069-95eb-5629b5f8bbc2
2026-05-09 19:27:09,088 | INFO | Heartbeat | watch=KXBTC15M-26MAY091930-30 yes_bid=1 yes_ask=1 no_bid=99 no_ask=99 book_ready=True position=False pending=False dry_run=False trust=synced run_id=3dc1a80e-de7f-4069-95eb-5629b5f8bbc2
2026-05-09 19:27:24,086 | INFO | Heartbeat | watch=KXBTC15M-26MAY091930-30 yes_bid=1 yes_ask=1 no_bid=99 no_ask=99 book_ready=True position=False pending=False dry_run=False trust=synced run_id=3dc1a80e-de7f-4069-95eb-5629b5f8bbc2
2026-05-09 19:27:39,088 | INFO | Heartbeat | watch=KXBTC15M-26MAY091930-30 yes_bid=1 yes_ask=1 no_bid=99 no_ask=99 book_ready=True position=False pending=False dry_run=False trust=synced run_id=3dc1a80e-de7f-4069-95eb-5629b5f8bbc2
2026-05-09 19:27:54,100 | INFO | Heartbeat | watch=KXBTC15M-26MAY091930-30 yes_bid=1 yes_ask=1 no_bid=99 no_ask=99 book_ready=True position=False pending=False dry_run=False trust=synced run_id=3dc1a80e-de7f-4069-95eb-5629b5f8bbc2
2026-05-09 19:28:09,120 | INFO | Heartbeat | watch=KXBTC15M-26MAY091930-30 yes_bid=1 yes_ask=1 no_bid=99 no_ask=99 book_ready=True position=False pending=False dry_run=False trust=synced run_id=3dc1a80e-de7f-4069-95eb-5629b5f8bbc2
2026-05-09 19:28:24,125 | INFO | Heartbeat | watch=KXBTC15M-26MAY091930-30 yes_bid=1 yes_ask=1 no_bid=99 no_ask=99 book_ready=True position=False pending=False dry_run=False trust=synced run_id=3dc1a80e-de7f-4069-95eb-5629b5f8bbc2
2026-05-09 19:28:39,163 | INFO | Heartbeat | watch=KXBTC15M-26MAY091930-30 yes_bid=0 yes_ask=1 no_bid=99 no_ask=100 book_ready=True position=False pending=False dry_run=False trust=synced run_id=3dc1a80e-de7f-4069-95eb-5629b5f8bbc2
2026-05-09 19:28:54,189 | INFO | Heartbeat | watch=KXBTC15M-26MAY091930-30 yes_bid=0 yes_ask=1 no_bid=99 no_ask=100 book_ready=True position=False pending=False dry_run=False trust=synced run_id=3dc1a80e-de7f-4069-95eb-5629b5f8bbc2
2026-05-09 19:29:09,187 | INFO | Heartbeat | watch=KXBTC15M-26MAY091930-30 yes_bid=0 yes_ask=0 no_bid=100 no_ask=100 book_ready=True position=False pending=False dry_run=False trust=synced run_id=3dc1a80e-de7f-4069-95eb-5629b5f8bbc2
2026-05-09 19:29:24,181 | INFO | Heartbeat | watch=KXBTC15M-26MAY091930-30 yes_bid=0 yes_ask=0 no_bid=100 no_ask=100 book_ready=True position=False pending=False dry_run=False trust=synced run_id=3dc1a80e-de7f-4069-95eb-5629b5f8bbc2
2026-05-09 19:29:39,207 | INFO | Heartbeat | watch=KXBTC15M-26MAY091930-30 yes_bid=0 yes_ask=0 no_bid=100 no_ask=100 book_ready=True position=False pending=False dry_run=False trust=synced run_id=3dc1a80e-de7f-4069-95eb-5629b5f8bbc2
2026-05-09 19:29:54,208 | INFO | Heartbeat | watch=KXBTC15M-26MAY091930-30 yes_bid=0 yes_ask=0 no_bid=100 no_ask=100 book_ready=True position=False pending=False dry_run=False trust=synced run_id=3dc1a80e-de7f-4069-95eb-5629b5f8bbc2
2026-05-09 19:30:06,290 | INFO | Orderbook snapshot ready for KXBTC15M-26MAY091930-30
2026-05-09 19:30:09,213 | INFO | Heartbeat | watch=KXBTC15M-26MAY091930-30 yes_bid=0 yes_ask=100 no_bid=0 no_ask=100 book_ready=True position=False pending=False dry_run=False trust=synced run_id=3dc1a80e-de7f-4069-95eb-5629b5f8bbc2
2026-05-09 19:30:24,219 | INFO | Heartbeat | watch=KXBTC15M-26MAY091930-30 yes_bid=0 yes_ask=100 no_bid=0 no_ask=100 book_ready=True position=False pending=False dry_run=False trust=synced run_id=3dc1a80e-de7f-4069-95eb-5629b5f8bbc2
2026-05-09 19:30:32,584 | INFO | Watching market KXBTC15M-26MAY091945-45 close_time=2026-05-09T23:45:00Z status=active strike=80663.33 run_id=3dc1a80e-de7f-4069-95eb-5629b5f8bbc2
2026-05-09 19:30:32,639 | INFO | Mushroom v28 phi memory reward update | market=KXBTC15M-26MAY091930-30 result=no decisions=14 fills=12 labels=2 reward_delta=-112.00c actual_pnl=-0.64
2026-05-09 19:30:32,785 | INFO | WS connected for KXBTC15M-26MAY091945-45
2026-05-09 19:30:32,814 | INFO | WS subscribed payload: {'type': 'subscribed', 'id': 3, 'msg': {'channel': 'ticker', 'sid': 1}}
2026-05-09 19:30:32,815 | INFO | WS subscribed payload: {'type': 'subscribed', 'id': 3, 'msg': {'channel': 'orderbook_delta', 'sid': 2}}
2026-05-09 19:30:32,816 | INFO | Orderbook snapshot ready for KXBTC15M-26MAY091945-45
2026-05-09 19:30:39,221 | INFO | Heartbeat | watch=KXBTC15M-26MAY091945-45 yes_bid=48 yes_ask=49 no_bid=51 no_ask=52 book_ready=True position=False pending=False dry_run=False trust=synced run_id=3dc1a80e-de7f-4069-95eb-5629b5f8bbc2
2026-05-09 19:30:54,216 | INFO | Heartbeat | watch=KXBTC15M-26MAY091945-45 yes_bid=43 yes_ask=44 no_bid=56 no_ask=57 book_ready=True position=False pending=False dry_run=False trust=synced run_id=3dc1a80e-de7f-4069-95eb-5629b5f8bbc2
2026-05-09 19:31:09,221 | INFO | Heartbeat | watch=KXBTC15M-26MAY091945-45 yes_bid=39 yes_ask=40 no_bid=60 no_ask=61 book_ready=True position=False pending=False dry_run=False trust=synced run_id=3dc1a80e-de7f-4069-95eb-5629b5f8bbc2
2026-05-09 19:31:24,212 | INFO | Heartbeat | watch=KXBTC15M-26MAY091945-45 yes_bid=31 yes_ask=32 no_bid=68 no_ask=69 book_ready=True position=False pending=False dry_run=False trust=synced run_id=3dc1a80e-de7f-4069-95eb-5629b5f8bbc2
2026-05-09 19:31:39,215 | INFO | Heartbeat | watch=KXBTC15M-26MAY091945-45 yes_bid=30 yes_ask=31 no_bid=69 no_ask=70 book_ready=True position=False pending=False dry_run=False trust=synced run_id=3dc1a80e-de7f-4069-95eb-5629b5f8bbc2
2026-05-09 19:31:54,229 | INFO | Heartbeat | watch=KXBTC15M-26MAY091945-45 yes_bid=29 yes_ask=30 no_bid=70 no_ask=71 book_ready=True position=False pending=False dry_run=False trust=synced run_id=3dc1a80e-de7f-4069-95eb-5629b5f8bbc2
2026-05-09 19:32:04,207 | INFO | Mushroom v28 entry approved | market=KXBTC15M-26MAY091945-45 side=no ask=73c max_buy=77c qty=2 p_side=0.8280 edge=7.302c depth=1018 btc_age_ms=15.0 secs_to_close=775.81
2026-05-09 19:32:04,219 | INFO | Execution state | market=KXBTC15M-26MAY091945-45 side=no state=eligible reason=pre_filters_disabled trust=synced run_id=3dc1a80e-de7f-4069-95eb-5629b5f8bbc2
2026-05-09 19:32:04,221 | INFO | Live fill policy approved | market=KXBTC15M-26MAY091945-45 side=no trigger=73c tif=immediate_or_cancel limit=73c depth=1018.00 required=3 book_age_ms=390.0 secs_to_close=775.81 reason=single_shot_abundant_depth
2026-05-09 19:32:04,221 | INFO | ENTRY signal | market=KXBTC15M-26MAY091945-45 action=buy side=no trigger=73c limit=73c qty=2 book_ready=True
2026-05-09 19:32:04,222 | INFO | Execution state | market=KXBTC15M-26MAY091945-45 side=no state=submitting reason=single_shot_abundant_depth trust=synced run_id=3dc1a80e-de7f-4069-95eb-5629b5f8bbc2
2026-05-09 19:32:04,261 | INFO | Execution state | market=KXBTC15M-26MAY091945-45 side=no state=abandoned reason=zero_fill trust=synced run_id=3dc1a80e-de7f-4069-95eb-5629b5f8bbc2
2026-05-09 19:32:04,265 | INFO | Mushroom v28 entry approved | market=KXBTC15M-26MAY091945-45 side=no ask=75c max_buy=79c qty=2 p_side=0.8536 edge=7.860c depth=448.81 btc_age_ms=32.0 secs_to_close=775.74
2026-05-09 19:32:04,272 | INFO | Execution state | market=KXBTC15M-26MAY091945-45 side=no state=eligible reason=pre_filters_disabled trust=synced run_id=3dc1a80e-de7f-4069-95eb-5629b5f8bbc2
2026-05-09 19:32:04,274 | INFO | Live fill policy approved | market=KXBTC15M-26MAY091945-45 side=no trigger=75c tif=immediate_or_cancel limit=75c depth=448.81 required=3 book_age_ms=453.0 secs_to_close=775.74 reason=single_shot_abundant_depth
2026-05-09 19:32:04,275 | INFO | ENTRY signal | market=KXBTC15M-26MAY091945-45 action=buy side=no trigger=75c limit=75c qty=2 book_ready=True
2026-05-09 19:32:04,276 | INFO | Execution state | market=KXBTC15M-26MAY091945-45 side=no state=submitting reason=single_shot_abundant_depth trust=synced run_id=3dc1a80e-de7f-4069-95eb-5629b5f8bbc2
2026-05-09 19:32:04,316 | INFO | Execution state | market=KXBTC15M-26MAY091945-45 side=no state=abandoned reason=zero_fill trust=synced run_id=3dc1a80e-de7f-4069-95eb-5629b5f8bbc2
2026-05-09 19:32:04,370 | INFO | Mushroom v28 entry approved | market=KXBTC15M-26MAY091945-45 side=no ask=78c max_buy=79c qty=2 p_side=0.8531 edge=4.815c depth=50 btc_age_ms=16.0 secs_to_close=775.63
2026-05-09 19:32:04,380 | INFO | Execution state | market=KXBTC15M-26MAY091945-45 side=no state=eligible reason=pre_filters_disabled trust=synced run_id=3dc1a80e-de7f-4069-95eb-5629b5f8bbc2
2026-05-09 19:32:04,380 | INFO | Live fill policy approved | market=KXBTC15M-26MAY091945-45 side=no trigger=78c tif=immediate_or_cancel limit=78c depth=50.00 required=3 book_age_ms=562.0 secs_to_close=775.63 reason=single_shot_abundant_depth
2026-05-09 19:32:04,381 | INFO | ENTRY signal | market=KXBTC15M-26MAY091945-45 action=buy side=no trigger=78c limit=78c qty=2 book_ready=True
2026-05-09 19:32:04,382 | INFO | Execution state | market=KXBTC15M-26MAY091945-45 side=no state=submitting reason=single_shot_abundant_depth trust=synced run_id=3dc1a80e-de7f-4069-95eb-5629b5f8bbc2
2026-05-09 19:32:04,468 | INFO | Execution state | market=KXBTC15M-26MAY091945-45 side=no state=abandoned reason=zero_fill trust=synced run_id=3dc1a80e-de7f-4069-95eb-5629b5f8bbc2
2026-05-09 19:32:05,820 | INFO | Mushroom v28 entry approved | market=KXBTC15M-26MAY091945-45 side=no ask=77c max_buy=77c qty=2 p_side=0.8314 edge=3.644c depth=90 btc_age_ms=672.0 secs_to_close=774.19
2026-05-09 19:32:05,829 | INFO | Execution state | market=KXBTC15M-26MAY091945-45 side=no state=eligible reason=pre_filters_disabled trust=synced run_id=3dc1a80e-de7f-4069-95eb-5629b5f8bbc2
2026-05-09 19:32:05,829 | INFO | Live fill policy approved | market=KXBTC15M-26MAY091945-45 side=no trigger=77c tif=immediate_or_cancel limit=77c depth=90.00 required=3 book_age_ms=0.0 secs_to_close=774.19 reason=single_shot_abundant_depth
2026-05-09 19:32:05,830 | INFO | ENTRY signal | market=KXBTC15M-26MAY091945-45 action=buy side=no trigger=77c limit=77c qty=2 book_ready=True
2026-05-09 19:32:05,831 | INFO | Execution state | market=KXBTC15M-26MAY091945-45 side=no state=submitting reason=single_shot_abundant_depth trust=synced run_id=3dc1a80e-de7f-4069-95eb-5629b5f8bbc2
2026-05-09 19:32:05,909 | INFO | ENTRY immediate fill | market=KXBTC15M-26MAY091945-45 side=no qty=2 limit=77c
2026-05-09 19:32:05,910 | INFO | Execution state | market=KXBTC15M-26MAY091945-45 side=no state=filled reason=single_shot_abundant_depth trust=synced run_id=3dc1a80e-de7f-4069-95eb-5629b5f8bbc2
2026-05-09 19:32:06,831 | INFO | Mushroom v28 entry approved | market=KXBTC15M-26MAY091945-45 side=no ask=74c max_buy=75c qty=1 p_side=0.8111 edge=4.113c depth=180 btc_age_ms=297.0 secs_to_close=773.18
2026-05-09 19:32:06,846 | INFO | Execution state | market=KXBTC15M-26MAY091945-45 side=no state=eligible reason=pre_filters_disabled trust=synced run_id=3dc1a80e-de7f-4069-95eb-5629b5f8bbc2
2026-05-09 19:32:06,847 | INFO | Live fill policy approved | market=KXBTC15M-26MAY091945-45 side=no trigger=74c tif=immediate_or_cancel limit=74c depth=180.00 required=2 book_age_ms=0.0 secs_to_close=773.18 reason=single_shot_abundant_depth
2026-05-09 19:32:06,849 | INFO | ENTRY signal | market=KXBTC15M-26MAY091945-45 action=buy side=no trigger=74c limit=74c qty=1 book_ready=True
2026-05-09 19:32:06,849 | INFO | Execution state | market=KXBTC15M-26MAY091945-45 side=no state=submitting reason=single_shot_abundant_depth trust=synced run_id=3dc1a80e-de7f-4069-95eb-5629b5f8bbc2
2026-05-09 19:32:06,889 | INFO | ENTRY immediate fill | market=KXBTC15M-26MAY091945-45 side=no qty=1 limit=74c
2026-05-09 19:32:06,890 | INFO | Execution state | market=KXBTC15M-26MAY091945-45 side=no state=filled reason=single_shot_abundant_depth trust=synced run_id=3dc1a80e-de7f-4069-95eb-5629b5f8bbc2
2026-05-09 19:32:09,266 | INFO | Heartbeat | watch=KXBTC15M-26MAY091945-45 yes_bid=25 yes_ask=26 no_bid=74 no_ask=75 book_ready=True position=True pending=False dry_run=False trust=synced run_id=3dc1a80e-de7f-4069-95eb-5629b5f8bbc2
2026-05-09 19:32:24,262 | INFO | Heartbeat | watch=KXBTC15M-26MAY091945-45 yes_bid=20 yes_ask=21 no_bid=79 no_ask=80 book_ready=True position=True pending=False dry_run=False trust=synced run_id=3dc1a80e-de7f-4069-95eb-5629b5f8bbc2
2026-05-09 19:32:39,292 | INFO | Heartbeat | watch=KXBTC15M-26MAY091945-45 yes_bid=19 yes_ask=20 no_bid=80 no_ask=81 book_ready=True position=True pending=False dry_run=False trust=synced run_id=3dc1a80e-de7f-4069-95eb-5629b5f8bbc2
2026-05-09 19:32:50,969 | INFO | EXIT signal | market=KXBTC15M-26MAY091945-45 action=sell side=no trigger=74c limit=74c qty=2 book_ready=True mode=single_shot_ioc slices=1 attempt=0
2026-05-09 19:32:50,969 | INFO | Latency | purpose=exit feed_age_ms=-339.2 local_reaction_ms=156.0 trigger_seen_at=2026-05-09T23:32:50.969362+00:00 market_msg_time=2026-05-09T23:32:51.308558Z
2026-05-09 19:32:50,969 | INFO | Exit plan approved | market=KXBTC15M-26MAY091945-45 side=no trigger=74c limit=74c top_bid=74 depth=497.00 required=2 book_age_ms=140.0 secs_to_close=729.05 reason=mushroom_v28_probability_reduce_single_shot_visible_depth mode=single_shot_ioc attempt=0
2026-05-09 19:32:51,822 | INFO | EXIT signal | market=KXBTC15M-26MAY091945-45 action=sell side=no trigger=71c limit=71c qty=2 book_ready=True mode=single_shot_ioc slices=1 attempt=0
2026-05-09 19:32:51,823 | INFO | Latency | purpose=exit feed_age_ms=-285.6 local_reaction_ms=15.0 trigger_seen_at=2026-05-09T23:32:51.823494+00:00 market_msg_time=2026-05-09T23:32:52.109096Z
2026-05-09 19:32:51,823 | INFO | Exit plan approved | market=KXBTC15M-26MAY091945-45 side=no trigger=71c limit=71c top_bid=71 depth=707.00 required=2 book_age_ms=32.0 secs_to_close=728.18 reason=mushroom_v28_probability_reduce_single_shot_visible_depth mode=single_shot_ioc attempt=0
2026-05-09 19:32:51,868 | INFO | EXIT fill | market=KXBTC15M-26MAY091945-45 side=no slice=1/1 qty=2 cumulative=2/2 remaining=1
2026-05-09 19:32:51,891 | INFO | EXIT signal | market=KXBTC15M-26MAY091945-45 action=sell side=no trigger=71c limit=71c qty=1 book_ready=True mode=single_shot_ioc slices=1 attempt=0
2026-05-09 19:32:51,892 | INFO | Latency | purpose=exit feed_age_ms=-217.0 local_reaction_ms=78.0 trigger_seen_at=2026-05-09T23:32:51.892144+00:00 market_msg_time=2026-05-09T23:32:52.109096Z
2026-05-09 19:32:51,892 | INFO | Exit plan approved | market=KXBTC15M-26MAY091945-45 side=no trigger=71c limit=71c top_bid=71 depth=657.00 required=1 book_age_ms=78.0 secs_to_close=728.11 reason=mushroom_v28_probability_reduce_single_shot_visible_depth mode=single_shot_ioc attempt=0
2026-05-09 19:32:51,941 | INFO | EXIT fill | market=KXBTC15M-26MAY091945-45 side=no slice=1/1 qty=1 cumulative=1/1 remaining=0
2026-05-09 19:32:54,308 | INFO | Heartbeat | watch=KXBTC15M-26MAY091945-45 yes_bid=27 yes_ask=28 no_bid=72 no_ask=73 book_ready=True position=False pending=False dry_run=False trust=synced run_id=3dc1a80e-de7f-4069-95eb-5629b5f8bbc2
2026-05-09 19:33:09,357 | INFO | Heartbeat | watch=KXBTC15M-26MAY091945-45 yes_bid=39 yes_ask=40 no_bid=60 no_ask=61 book_ready=True position=False pending=False dry_run=False trust=synced run_id=3dc1a80e-de7f-4069-95eb-5629b5f8bbc2
2026-05-09 19:33:24,399 | INFO | Heartbeat | watch=KXBTC15M-26MAY091945-45 yes_bid=39 yes_ask=40 no_bid=60 no_ask=61 book_ready=True position=False pending=False dry_run=False trust=synced run_id=3dc1a80e-de7f-4069-95eb-5629b5f8bbc2
