2026-05-07 22:27:19,256 | INFO | Starting WS bot. run_id=0c537816-1a23-4029-8614-6f9ad93b8da2 dry_run=False base_url=https://api.elections.kalshi.com/trade-api/v2 ws_url=wss://api.elections.kalshi.com/trade-api/ws/v2 series=KXBTC15M
2026-05-07 22:27:20,447 | INFO | Watching market KXBTC15M-26MAY072230-30 close_time=2026-05-08T02:30:00Z status=active strike=79621.32 run_id=0c537816-1a23-4029-8614-6f9ad93b8da2
2026-05-07 22:27:20,459 | INFO | Heartbeat | watch=KXBTC15M-26MAY072230-30 yes_bid=None yes_ask=None no_bid=None no_ask=None book_ready=False position=False pending=False dry_run=False trust=cold run_id=0c537816-1a23-4029-8614-6f9ad93b8da2
2026-05-07 22:27:20,626 | INFO | WS connected for KXBTC15M-26MAY072230-30
2026-05-07 22:27:20,760 | INFO | WS subscribed payload: {'type': 'subscribed', 'id': 1, 'msg': {'channel': 'ticker', 'sid': 1}}
2026-05-07 22:27:20,770 | INFO | WS subscribed payload: {'type': 'subscribed', 'id': 1, 'msg': {'channel': 'orderbook_delta', 'sid': 2}}
2026-05-07 22:27:20,774 | INFO | Orderbook snapshot ready for KXBTC15M-26MAY072230-30
2026-05-07 22:27:20,774 | INFO | Mushroom v28 BTC tick stream connected | source=coinbase url=wss://ws-feed.exchange.coinbase.com
2026-05-07 22:27:24,575 | INFO | Mushroom v28 BTC REST fallback refreshed stale tick | previous_age_ms=3016.0 threshold_ms=3000.0 source=coinbase_spot_rest
2026-05-07 22:27:32,241 | INFO | Mushroom v28 BTC REST fallback refreshed stale tick | previous_age_ms=7187.0 threshold_ms=3000.0 source=coinbase_spot_rest
2026-05-07 22:27:35,812 | INFO | Mushroom v28 BTC REST fallback refreshed stale tick | previous_age_ms=3047.0 threshold_ms=3000.0 source=coinbase_spot_rest
2026-05-07 22:27:35,812 | INFO | Heartbeat | watch=KXBTC15M-26MAY072230-30 yes_bid=0 yes_ask=1 no_bid=99 no_ask=100 book_ready=True position=False pending=False dry_run=False trust=synced run_id=0c537816-1a23-4029-8614-6f9ad93b8da2
2026-05-07 22:27:39,471 | INFO | Mushroom v28 BTC REST fallback refreshed stale tick | previous_age_ms=3032.0 threshold_ms=3000.0 source=coinbase_spot_rest
2026-05-07 22:27:43,035 | INFO | Mushroom v28 BTC REST fallback refreshed stale tick | previous_age_ms=3031.0 threshold_ms=3000.0 source=coinbase_spot_rest
2026-05-07 22:27:46,577 | INFO | Mushroom v28 BTC REST fallback refreshed stale tick | previous_age_ms=3047.0 threshold_ms=3000.0 source=coinbase_spot_rest
2026-05-07 22:27:50,152 | INFO | Mushroom v28 BTC REST fallback refreshed stale tick | previous_age_ms=3047.0 threshold_ms=3000.0 source=coinbase_spot_rest
2026-05-07 22:27:50,829 | INFO | Heartbeat | watch=KXBTC15M-26MAY072230-30 yes_bid=0 yes_ask=0 no_bid=100 no_ask=100 book_ready=True position=False pending=False dry_run=False trust=synced run_id=0c537816-1a23-4029-8614-6f9ad93b8da2
2026-05-07 22:27:53,857 | INFO | Mushroom v28 BTC REST fallback refreshed stale tick | previous_age_ms=3047.0 threshold_ms=3000.0 source=coinbase_spot_rest
2026-05-07 22:27:57,415 | INFO | Mushroom v28 BTC REST fallback refreshed stale tick | previous_age_ms=3016.0 threshold_ms=3000.0 source=coinbase_spot_rest
2026-05-07 22:28:01,346 | INFO | Mushroom v28 BTC REST fallback refreshed stale tick | previous_age_ms=3062.0 threshold_ms=3000.0 source=coinbase_spot_rest
2026-05-07 22:28:04,935 | INFO | Mushroom v28 BTC REST fallback refreshed stale tick | previous_age_ms=3031.0 threshold_ms=3000.0 source=coinbase_spot_rest
2026-05-07 22:28:05,817 | INFO | Heartbeat | watch=KXBTC15M-26MAY072230-30 yes_bid=0 yes_ask=0 no_bid=100 no_ask=100 book_ready=True position=False pending=False dry_run=False trust=synced run_id=0c537816-1a23-4029-8614-6f9ad93b8da2
2026-05-07 22:28:08,879 | INFO | Mushroom v28 BTC REST fallback refreshed stale tick | previous_age_ms=3063.0 threshold_ms=3000.0 source=coinbase_spot_rest
2026-05-07 22:28:12,882 | INFO | Mushroom v28 BTC REST fallback refreshed stale tick | previous_age_ms=3016.0 threshold_ms=3000.0 source=coinbase_spot_rest
2026-05-07 22:28:16,891 | INFO | Mushroom v28 BTC REST fallback refreshed stale tick | previous_age_ms=3031.0 threshold_ms=3000.0 source=coinbase_spot_rest
2026-05-07 22:28:20,736 | INFO | Mushroom v28 BTC REST fallback refreshed stale tick | previous_age_ms=3063.0 threshold_ms=3000.0 source=coinbase_spot_rest
2026-05-07 22:28:20,859 | INFO | Heartbeat | watch=KXBTC15M-26MAY072230-30 yes_bid=0 yes_ask=0 no_bid=100 no_ask=100 book_ready=True position=False pending=False dry_run=False trust=synced run_id=0c537816-1a23-4029-8614-6f9ad93b8da2
2026-05-07 22:28:24,662 | INFO | Mushroom v28 BTC REST fallback refreshed stale tick | previous_age_ms=3047.0 threshold_ms=3000.0 source=coinbase_spot_rest
2026-05-07 22:28:28,768 | INFO | Mushroom v28 BTC REST fallback refreshed stale tick | previous_age_ms=3047.0 threshold_ms=3000.0 source=coinbase_spot_rest
2026-05-07 22:28:32,662 | INFO | Mushroom v28 BTC REST fallback refreshed stale tick | previous_age_ms=3063.0 threshold_ms=3000.0 source=coinbase_spot_rest
2026-05-07 22:28:36,373 | INFO | Mushroom v28 BTC REST fallback refreshed stale tick | previous_age_ms=3016.0 threshold_ms=3000.0 source=coinbase_spot_rest
2026-05-07 22:28:36,381 | INFO | Heartbeat | watch=KXBTC15M-26MAY072230-30 yes_bid=0 yes_ask=0 no_bid=100 no_ask=100 book_ready=True position=False pending=False dry_run=False trust=synced run_id=0c537816-1a23-4029-8614-6f9ad93b8da2
2026-05-07 22:28:40,233 | INFO | Mushroom v28 BTC REST fallback refreshed stale tick | previous_age_ms=3047.0 threshold_ms=3000.0 source=coinbase_spot_rest
2026-05-07 22:28:44,181 | INFO | Mushroom v28 BTC REST fallback refreshed stale tick | previous_age_ms=3016.0 threshold_ms=3000.0 source=coinbase_spot_rest
2026-05-07 22:28:48,195 | INFO | Mushroom v28 BTC REST fallback refreshed stale tick | previous_age_ms=3031.0 threshold_ms=3000.0 source=coinbase_spot_rest
2026-05-07 22:28:51,894 | INFO | Mushroom v28 BTC REST fallback refreshed stale tick | previous_age_ms=3031.0 threshold_ms=3000.0 source=coinbase_spot_rest
2026-05-07 22:28:51,907 | INFO | Heartbeat | watch=KXBTC15M-26MAY072230-30 yes_bid=0 yes_ask=0 no_bid=100 no_ask=100 book_ready=True position=False pending=False dry_run=False trust=synced run_id=0c537816-1a23-4029-8614-6f9ad93b8da2
2026-05-07 22:28:55,951 | INFO | Mushroom v28 BTC REST fallback refreshed stale tick | previous_age_ms=3047.0 threshold_ms=3000.0 source=coinbase_spot_rest
2026-05-07 22:28:59,784 | INFO | Mushroom v28 BTC REST fallback refreshed stale tick | previous_age_ms=3016.0 threshold_ms=3000.0 source=coinbase_spot_rest
2026-05-07 22:29:03,709 | INFO | Mushroom v28 BTC REST fallback refreshed stale tick | previous_age_ms=3047.0 threshold_ms=3000.0 source=coinbase_spot_rest
2026-05-07 22:29:07,494 | INFO | Mushroom v28 BTC REST fallback refreshed stale tick | previous_age_ms=3031.0 threshold_ms=3000.0 source=coinbase_spot_rest
2026-05-07 22:29:07,507 | INFO | Heartbeat | watch=KXBTC15M-26MAY072230-30 yes_bid=0 yes_ask=0 no_bid=100 no_ask=100 book_ready=True position=False pending=False dry_run=False trust=synced run_id=0c537816-1a23-4029-8614-6f9ad93b8da2
2026-05-07 22:29:11,369 | INFO | Mushroom v28 BTC REST fallback refreshed stale tick | previous_age_ms=3062.0 threshold_ms=3000.0 source=coinbase_spot_rest
2026-05-07 22:29:15,220 | INFO | Mushroom v28 BTC REST fallback refreshed stale tick | previous_age_ms=3031.0 threshold_ms=3000.0 source=coinbase_spot_rest
2026-05-07 22:29:19,196 | INFO | Mushroom v28 BTC REST fallback refreshed stale tick | previous_age_ms=3015.0 threshold_ms=3000.0 source=coinbase_spot_rest
2026-05-07 22:29:22,990 | INFO | Mushroom v28 BTC REST fallback refreshed stale tick | previous_age_ms=3031.0 threshold_ms=3000.0 source=coinbase_spot_rest
2026-05-07 22:29:23,000 | INFO | Heartbeat | watch=KXBTC15M-26MAY072230-30 yes_bid=0 yes_ask=0 no_bid=100 no_ask=100 book_ready=True position=False pending=False dry_run=False trust=synced run_id=0c537816-1a23-4029-8614-6f9ad93b8da2
2026-05-07 22:29:26,709 | INFO | Mushroom v28 BTC REST fallback refreshed stale tick | previous_age_ms=3031.0 threshold_ms=3000.0 source=coinbase_spot_rest
2026-05-07 22:29:30,571 | INFO | Mushroom v28 BTC REST fallback refreshed stale tick | previous_age_ms=3047.0 threshold_ms=3000.0 source=coinbase_spot_rest
2026-05-07 22:29:34,484 | INFO | Mushroom v28 BTC REST fallback refreshed stale tick | previous_age_ms=3016.0 threshold_ms=3000.0 source=coinbase_spot_rest
2026-05-07 22:29:38,389 | INFO | Mushroom v28 BTC REST fallback refreshed stale tick | previous_age_ms=3063.0 threshold_ms=3000.0 source=coinbase_spot_rest
2026-05-07 22:29:38,406 | INFO | Heartbeat | watch=KXBTC15M-26MAY072230-30 yes_bid=0 yes_ask=0 no_bid=100 no_ask=100 book_ready=True position=False pending=False dry_run=False trust=synced run_id=0c537816-1a23-4029-8614-6f9ad93b8da2
2026-05-07 22:29:42,160 | INFO | Mushroom v28 BTC REST fallback refreshed stale tick | previous_age_ms=3047.0 threshold_ms=3000.0 source=coinbase_spot_rest
2026-05-07 22:29:46,054 | INFO | Mushroom v28 BTC REST fallback refreshed stale tick | previous_age_ms=3063.0 threshold_ms=3000.0 source=coinbase_spot_rest
2026-05-07 22:29:49,899 | INFO | Mushroom v28 BTC REST fallback refreshed stale tick | previous_age_ms=3016.0 threshold_ms=3000.0 source=coinbase_spot_rest
2026-05-07 22:29:53,721 | INFO | Mushroom v28 BTC REST fallback refreshed stale tick | previous_age_ms=3047.0 threshold_ms=3000.0 source=coinbase_spot_rest
2026-05-07 22:29:53,731 | INFO | Heartbeat | watch=KXBTC15M-26MAY072230-30 yes_bid=0 yes_ask=0 no_bid=100 no_ask=100 book_ready=True position=False pending=False dry_run=False trust=synced run_id=0c537816-1a23-4029-8614-6f9ad93b8da2
2026-05-07 22:29:57,467 | INFO | Mushroom v28 BTC REST fallback refreshed stale tick | previous_age_ms=3031.0 threshold_ms=3000.0 source=coinbase_spot_rest
2026-05-07 22:30:01,342 | INFO | Mushroom v28 BTC REST fallback refreshed stale tick | previous_age_ms=3015.0 threshold_ms=3000.0 source=coinbase_spot_rest
2026-05-07 22:30:05,138 | INFO | Mushroom v28 BTC REST fallback refreshed stale tick | previous_age_ms=3125.0 threshold_ms=3000.0 source=coinbase_spot_rest
2026-05-07 22:30:07,872 | INFO | Orderbook snapshot ready for KXBTC15M-26MAY072230-30
2026-05-07 22:30:09,042 | INFO | Mushroom v28 BTC REST fallback refreshed stale tick | previous_age_ms=3063.0 threshold_ms=3000.0 source=coinbase_spot_rest
2026-05-07 22:30:09,043 | INFO | Heartbeat | watch=KXBTC15M-26MAY072230-30 yes_bid=0 yes_ask=100 no_bid=0 no_ask=100 book_ready=True position=False pending=False dry_run=False trust=synced run_id=0c537816-1a23-4029-8614-6f9ad93b8da2
2026-05-07 22:30:12,913 | INFO | Mushroom v28 BTC REST fallback refreshed stale tick | previous_age_ms=3031.0 threshold_ms=3000.0 source=coinbase_spot_rest
2026-05-07 22:30:16,854 | INFO | Mushroom v28 BTC REST fallback refreshed stale tick | previous_age_ms=3031.0 threshold_ms=3000.0 source=coinbase_spot_rest
2026-05-07 22:30:20,639 | INFO | Mushroom v28 BTC REST fallback refreshed stale tick | previous_age_ms=3047.0 threshold_ms=3000.0 source=coinbase_spot_rest
2026-05-07 22:30:24,507 | INFO | Mushroom v28 BTC REST fallback refreshed stale tick | previous_age_ms=3063.0 threshold_ms=3000.0 source=coinbase_spot_rest
2026-05-07 22:30:24,523 | INFO | Heartbeat | watch=KXBTC15M-26MAY072230-30 yes_bid=0 yes_ask=100 no_bid=0 no_ask=100 book_ready=True position=False pending=False dry_run=False trust=synced run_id=0c537816-1a23-4029-8614-6f9ad93b8da2
2026-05-07 22:30:28,373 | INFO | Mushroom v28 BTC REST fallback refreshed stale tick | previous_age_ms=3063.0 threshold_ms=3000.0 source=coinbase_spot_rest
2026-05-07 22:30:30,528 | INFO | Watching market KXBTC15M-26MAY072245-45 close_time=2026-05-08T02:45:00Z status=active strike=79463.75 run_id=0c537816-1a23-4029-8614-6f9ad93b8da2
2026-05-07 22:30:30,738 | INFO | WS connected for KXBTC15M-26MAY072245-45
2026-05-07 22:30:30,778 | INFO | WS subscribed payload: {'type': 'subscribed', 'id': 2, 'msg': {'channel': 'ticker', 'sid': 1}}
2026-05-07 22:30:30,778 | INFO | WS subscribed payload: {'type': 'subscribed', 'id': 2, 'msg': {'channel': 'orderbook_delta', 'sid': 2}}
2026-05-07 22:30:30,778 | INFO | Orderbook snapshot ready for KXBTC15M-26MAY072245-45
2026-05-07 22:30:32,230 | INFO | Mushroom v28 BTC REST fallback refreshed stale tick | previous_age_ms=3047.0 threshold_ms=3000.0 source=coinbase_spot_rest
2026-05-07 22:30:32,240 | INFO | Mushroom v28 entry approved | market=KXBTC15M-26MAY072245-45 side=yes ask=51c max_buy=86c qty=1 p_side=0.9376 edge=38.760c depth=519 btc_age_ms=31.0 secs_to_close=867.76
2026-05-07 22:30:32,247 | INFO | Execution state | market=KXBTC15M-26MAY072245-45 side=yes state=eligible reason=pre_filters_disabled trust=synced run_id=0c537816-1a23-4029-8614-6f9ad93b8da2
2026-05-07 22:30:32,247 | INFO | Execution deferred | market=KXBTC15M-26MAY072245-45 side=yes reason=fast_fill_window_too_short trigger=51 top_of_book=51 book=[51:519, 52:131, 53:56, 54:2157.55, 55:569] trust=synced
2026-05-07 22:30:32,247 | INFO | Execution state | market=KXBTC15M-26MAY072245-45 side=yes state=abandoned reason=fast_fill_window_too_short trust=synced run_id=0c537816-1a23-4029-8614-6f9ad93b8da2
2026-05-07 22:30:32,255 | INFO | Mushroom v28 entry approved | market=KXBTC15M-26MAY072245-45 side=yes ask=51c max_buy=86c qty=1 p_side=0.9376 edge=38.760c depth=519 btc_age_ms=46.0 secs_to_close=867.74
2026-05-07 22:30:32,255 | INFO | Execution state | market=KXBTC15M-26MAY072245-45 side=yes state=eligible reason=pre_filters_disabled trust=synced run_id=0c537816-1a23-4029-8614-6f9ad93b8da2
2026-05-07 22:30:32,263 | INFO | Execution deferred | market=KXBTC15M-26MAY072245-45 side=yes reason=fast_fill_window_too_short trigger=51 top_of_book=51 book=[51:519, 52:131, 53:56, 54:2157.55, 55:569] trust=synced
2026-05-07 22:30:32,264 | INFO | Execution state | market=KXBTC15M-26MAY072245-45 side=yes state=abandoned reason=fast_fill_window_too_short trust=synced run_id=0c537816-1a23-4029-8614-6f9ad93b8da2
2026-05-07 22:30:32,264 | INFO | Mushroom v28 entry approved | market=KXBTC15M-26MAY072245-45 side=yes ask=51c max_buy=86c qty=1 p_side=0.9376 edge=38.760c depth=469 btc_age_ms=46.0 secs_to_close=867.74
2026-05-07 22:30:32,281 | INFO | Execution state | market=KXBTC15M-26MAY072245-45 side=yes state=eligible reason=pre_filters_disabled trust=synced run_id=0c537816-1a23-4029-8614-6f9ad93b8da2
2026-05-07 22:30:32,281 | INFO | Execution deferred | market=KXBTC15M-26MAY072245-45 side=yes reason=fast_fill_window_too_short trigger=51 top_of_book=51 book=[51:469, 52:131, 53:55, 54:2157.55, 55:569] trust=synced
2026-05-07 22:30:32,281 | INFO | Execution state | market=KXBTC15M-26MAY072245-45 side=yes state=abandoned reason=fast_fill_window_too_short trust=synced run_id=0c537816-1a23-4029-8614-6f9ad93b8da2
2026-05-07 22:30:32,289 | INFO | Mushroom v28 entry approved | market=KXBTC15M-26MAY072245-45 side=yes ask=51c max_buy=86c qty=1 p_side=0.9376 edge=38.760c depth=469 btc_age_ms=62.0 secs_to_close=867.72
2026-05-07 22:30:32,298 | INFO | Execution state | market=KXBTC15M-26MAY072245-45 side=yes state=eligible reason=pre_filters_disabled trust=synced run_id=0c537816-1a23-4029-8614-6f9ad93b8da2
2026-05-07 22:30:32,298 | INFO | Execution deferred | market=KXBTC15M-26MAY072245-45 side=yes reason=fast_fill_window_too_short trigger=51 top_of_book=51 book=[51:469, 52:131, 53:55, 54:2157.55, 55:569] trust=synced
2026-05-07 22:30:32,298 | INFO | Execution state | market=KXBTC15M-26MAY072245-45 side=yes state=abandoned reason=fast_fill_window_too_short trust=synced run_id=0c537816-1a23-4029-8614-6f9ad93b8da2
2026-05-07 22:30:32,305 | INFO | Mushroom v28 entry approved | market=KXBTC15M-26MAY072245-45 side=yes ask=51c max_buy=86c qty=1 p_side=0.9376 edge=38.760c depth=469 btc_age_ms=93.0 secs_to_close=867.69
2026-05-07 22:30:32,314 | INFO | Execution state | market=KXBTC15M-26MAY072245-45 side=yes state=eligible reason=pre_filters_disabled trust=synced run_id=0c537816-1a23-4029-8614-6f9ad93b8da2
2026-05-07 22:30:32,321 | INFO | Execution deferred | market=KXBTC15M-26MAY072245-45 side=yes reason=fast_fill_window_too_short trigger=51 top_of_book=51 book=[51:469, 52:131, 53:55, 54:2157.55, 55:569] trust=synced
2026-05-07 22:30:32,322 | INFO | Execution state | market=KXBTC15M-26MAY072245-45 side=yes state=abandoned reason=fast_fill_window_too_short trust=synced run_id=0c537816-1a23-4029-8614-6f9ad93b8da2
2026-05-07 22:30:32,322 | INFO | Mushroom v28 entry approved | market=KXBTC15M-26MAY072245-45 side=yes ask=51c max_buy=86c qty=1 p_side=0.9376 edge=38.760c depth=469 btc_age_ms=109.0 secs_to_close=867.68
2026-05-07 22:30:32,339 | INFO | Execution state | market=KXBTC15M-26MAY072245-45 side=yes state=eligible reason=pre_filters_disabled trust=synced run_id=0c537816-1a23-4029-8614-6f9ad93b8da2
2026-05-07 22:30:32,339 | INFO | Execution deferred | market=KXBTC15M-26MAY072245-45 side=yes reason=fast_fill_window_too_short trigger=51 top_of_book=51 book=[51:469, 52:131, 53:55, 54:1057.05, 55:569] trust=synced
2026-05-07 22:30:32,339 | INFO | Execution state | market=KXBTC15M-26MAY072245-45 side=yes state=abandoned reason=fast_fill_window_too_short trust=synced run_id=0c537816-1a23-4029-8614-6f9ad93b8da2
2026-05-07 22:30:32,339 | INFO | Mushroom v28 entry approved | market=KXBTC15M-26MAY072245-45 side=yes ask=52c max_buy=86c qty=1 p_side=0.9376 edge=37.760c depth=555 btc_age_ms=125.0 secs_to_close=867.66
2026-05-07 22:30:32,355 | INFO | Execution state | market=KXBTC15M-26MAY072245-45 side=yes state=eligible reason=pre_filters_disabled trust=synced run_id=0c537816-1a23-4029-8614-6f9ad93b8da2
2026-05-07 22:30:32,355 | INFO | Execution deferred | market=KXBTC15M-26MAY072245-45 side=yes reason=fast_fill_window_too_short trigger=52 top_of_book=52 book=[52:555, 53:55, 54:57, 55:1569.05, 56:1306.5] trust=synced
2026-05-07 22:30:32,363 | INFO | Execution state | market=KXBTC15M-26MAY072245-45 side=yes state=abandoned reason=fast_fill_window_too_short trust=synced run_id=0c537816-1a23-4029-8614-6f9ad93b8da2
2026-05-07 22:30:32,363 | INFO | Mushroom v28 entry approved | market=KXBTC15M-26MAY072245-45 side=yes ask=52c max_buy=86c qty=1 p_side=0.9376 edge=37.760c depth=555 btc_age_ms=140.0 secs_to_close=867.64
2026-05-07 22:30:32,380 | INFO | Execution state | market=KXBTC15M-26MAY072245-45 side=yes state=eligible reason=pre_filters_disabled trust=synced run_id=0c537816-1a23-4029-8614-6f9ad93b8da2
2026-05-07 22:30:32,380 | INFO | Execution deferred | market=KXBTC15M-26MAY072245-45 side=yes reason=fast_fill_window_too_short trigger=52 top_of_book=52 book=[52:555, 53:55, 54:57, 55:1569.05, 56:1306.5] trust=synced
2026-05-07 22:30:32,380 | INFO | Execution state | market=KXBTC15M-26MAY072245-45 side=yes state=abandoned reason=fast_fill_window_too_short trust=synced run_id=0c537816-1a23-4029-8614-6f9ad93b8da2
2026-05-07 22:30:32,380 | INFO | Mushroom v28 entry approved | market=KXBTC15M-26MAY072245-45 side=yes ask=52c max_buy=86c qty=1 p_side=0.9376 edge=37.760c depth=555 btc_age_ms=171.0 secs_to_close=867.62
2026-05-07 22:30:32,389 | INFO | Execution state | market=KXBTC15M-26MAY072245-45 side=yes state=eligible reason=pre_filters_disabled trust=synced run_id=0c537816-1a23-4029-8614-6f9ad93b8da2
2026-05-07 22:30:32,389 | INFO | Execution deferred | market=KXBTC15M-26MAY072245-45 side=yes reason=fast_fill_window_too_short trigger=52 top_of_book=52 book=[52:555, 53:55, 54:57, 55:2669.55, 56:206] trust=synced
2026-05-07 22:30:32,389 | INFO | Execution state | market=KXBTC15M-26MAY072245-45 side=yes state=abandoned reason=fast_fill_window_too_short trust=synced run_id=0c537816-1a23-4029-8614-6f9ad93b8da2
2026-05-07 22:30:32,397 | INFO | Mushroom v28 entry approved | market=KXBTC15M-26MAY072245-45 side=yes ask=52c max_buy=86c qty=1 p_side=0.9376 edge=37.760c depth=500 btc_age_ms=187.0 secs_to_close=867.60
2026-05-07 22:30:32,405 | INFO | Execution state | market=KXBTC15M-26MAY072245-45 side=yes state=eligible reason=pre_filters_disabled trust=synced run_id=0c537816-1a23-4029-8614-6f9ad93b8da2
2026-05-07 22:30:32,414 | INFO | Live fill policy approved | market=KXBTC15M-26MAY072245-45 side=yes trigger=52c tif=immediate_or_cancel limit=52c depth=500.00 required=2 book_age_ms=625.0 secs_to_close=867.60 reason=single_shot_abundant_depth
2026-05-07 22:30:32,414 | INFO | ENTRY signal | market=KXBTC15M-26MAY072245-45 action=buy side=yes trigger=52c limit=52c qty=1 book_ready=True
2026-05-07 22:30:32,414 | INFO | Execution state | market=KXBTC15M-26MAY072245-45 side=yes state=submitting reason=single_shot_abundant_depth trust=synced run_id=0c537816-1a23-4029-8614-6f9ad93b8da2
2026-05-07 22:30:32,471 | INFO | ENTRY immediate fill | market=KXBTC15M-26MAY072245-45 side=yes qty=1 limit=52c
2026-05-07 22:30:32,471 | INFO | Execution state | market=KXBTC15M-26MAY072245-45 side=yes state=filled reason=single_shot_abundant_depth trust=synced run_id=0c537816-1a23-4029-8614-6f9ad93b8da2
2026-05-07 22:30:35,780 | INFO | Mushroom v28 BTC REST fallback refreshed stale tick | previous_age_ms=3046.0 threshold_ms=3000.0 source=coinbase_spot_rest
2026-05-07 22:30:39,316 | INFO | Mushroom v28 BTC REST fallback refreshed stale tick | previous_age_ms=3031.0 threshold_ms=3000.0 source=coinbase_spot_rest
2026-05-07 22:30:39,543 | INFO | Heartbeat | watch=KXBTC15M-26MAY072245-45 yes_bid=43 yes_ask=44 no_bid=56 no_ask=57 book_ready=True position=True pending=False dry_run=False trust=synced run_id=0c537816-1a23-4029-8614-6f9ad93b8da2
2026-05-07 22:30:42,964 | INFO | Mushroom v28 BTC REST fallback refreshed stale tick | previous_age_ms=3032.0 threshold_ms=3000.0 source=coinbase_spot_rest
2026-05-07 22:30:46,930 | INFO | Mushroom v28 BTC REST fallback refreshed stale tick | previous_age_ms=3047.0 threshold_ms=3000.0 source=coinbase_spot_rest
2026-05-07 22:30:50,447 | INFO | Mushroom v28 BTC REST fallback refreshed stale tick | previous_age_ms=3015.0 threshold_ms=3000.0 source=coinbase_spot_rest
2026-05-07 22:30:53,988 | INFO | Mushroom v28 BTC REST fallback refreshed stale tick | previous_age_ms=3016.0 threshold_ms=3000.0 source=coinbase_spot_rest
2026-05-07 22:30:54,555 | INFO | Heartbeat | watch=KXBTC15M-26MAY072245-45 yes_bid=44 yes_ask=45 no_bid=55 no_ask=56 book_ready=True position=True pending=False dry_run=False trust=synced run_id=0c537816-1a23-4029-8614-6f9ad93b8da2
2026-05-07 22:30:57,528 | INFO | Mushroom v28 BTC REST fallback refreshed stale tick | previous_age_ms=3063.0 threshold_ms=3000.0 source=coinbase_spot_rest
2026-05-07 22:31:01,097 | INFO | Mushroom v28 BTC REST fallback refreshed stale tick | previous_age_ms=3016.0 threshold_ms=3000.0 source=coinbase_spot_rest
2026-05-07 22:31:04,671 | INFO | Mushroom v28 BTC REST fallback refreshed stale tick | previous_age_ms=3031.0 threshold_ms=3000.0 source=coinbase_spot_rest
2026-05-07 22:31:06,013 | INFO | EXIT signal | market=KXBTC15M-26MAY072245-45 action=sell side=yes trigger=42c limit=42c qty=1 book_ready=True mode=single_shot_ioc slices=1 attempt=0
2026-05-07 22:31:06,013 | INFO | Latency | purpose=exit feed_age_ms=390.9 local_reaction_ms=234.0 trigger_seen_at=2026-05-08T02:31:06.013481+00:00 market_msg_time=2026-05-08T02:31:05.62254Z
2026-05-07 22:31:06,013 | INFO | Exit plan approved | market=KXBTC15M-26MAY072245-45 side=yes trigger=42c limit=42c top_bid=42 depth=131.00 required=1 book_age_ms=16.0 secs_to_close=834.23 reason=mushroom_v28_probability_collapse_full_single_shot_visible_depth mode=single_shot_ioc attempt=0
2026-05-07 22:31:06,070 | INFO | EXIT fill | market=KXBTC15M-26MAY072245-45 side=yes slice=1/1 qty=1 cumulative=1/1 remaining=0
2026-05-07 22:31:08,154 | INFO | Mushroom v28 BTC REST fallback refreshed stale tick | previous_age_ms=3031.0 threshold_ms=3000.0 source=coinbase_spot_rest
2026-05-07 22:31:09,585 | INFO | Heartbeat | watch=KXBTC15M-26MAY072245-45 yes_bid=42 yes_ask=47 no_bid=53 no_ask=58 book_ready=True position=False pending=False dry_run=False trust=synced run_id=0c537816-1a23-4029-8614-6f9ad93b8da2
2026-05-07 22:31:11,770 | INFO | Mushroom v28 BTC REST fallback refreshed stale tick | previous_age_ms=3016.0 threshold_ms=3000.0 source=coinbase_spot_rest
2026-05-07 22:31:15,309 | INFO | Mushroom v28 BTC REST fallback refreshed stale tick | previous_age_ms=3047.0 threshold_ms=3000.0 source=coinbase_spot_rest
2026-05-07 22:31:18,875 | INFO | Mushroom v28 BTC REST fallback refreshed stale tick | previous_age_ms=3032.0 threshold_ms=3000.0 source=coinbase_spot_rest
2026-05-07 22:31:22,441 | INFO | Mushroom v28 BTC REST fallback refreshed stale tick | previous_age_ms=3015.0 threshold_ms=3000.0 source=coinbase_spot_rest
2026-05-07 22:31:24,617 | INFO | Heartbeat | watch=KXBTC15M-26MAY072245-45 yes_bid=46 yes_ask=48 no_bid=52 no_ask=54 book_ready=True position=False pending=False dry_run=False trust=synced run_id=0c537816-1a23-4029-8614-6f9ad93b8da2
2026-05-07 22:31:26,034 | INFO | Mushroom v28 BTC REST fallback refreshed stale tick | previous_age_ms=3016.0 threshold_ms=3000.0 source=coinbase_spot_rest
2026-05-07 22:31:29,564 | INFO | Mushroom v28 BTC REST fallback refreshed stale tick | previous_age_ms=3047.0 threshold_ms=3000.0 source=coinbase_spot_rest
2026-05-07 22:31:33,204 | INFO | Mushroom v28 BTC REST fallback refreshed stale tick | previous_age_ms=3032.0 threshold_ms=3000.0 source=coinbase_spot_rest
2026-05-07 22:31:36,770 | INFO | Mushroom v28 BTC REST fallback refreshed stale tick | previous_age_ms=3062.0 threshold_ms=3000.0 source=coinbase_spot_rest
2026-05-07 22:31:39,670 | INFO | Heartbeat | watch=KXBTC15M-26MAY072245-45 yes_bid=53 yes_ask=54 no_bid=46 no_ask=47 book_ready=True position=False pending=False dry_run=False trust=synced run_id=0c537816-1a23-4029-8614-6f9ad93b8da2
2026-05-07 22:31:40,536 | INFO | Mushroom v28 BTC REST fallback refreshed stale tick | previous_age_ms=3032.0 threshold_ms=3000.0 source=coinbase_spot_rest
2026-05-07 22:31:44,070 | INFO | Mushroom v28 BTC REST fallback refreshed stale tick | previous_age_ms=3015.0 threshold_ms=3000.0 source=coinbase_spot_rest
2026-05-07 22:31:47,630 | INFO | Mushroom v28 BTC REST fallback refreshed stale tick | previous_age_ms=3047.0 threshold_ms=3000.0 source=coinbase_spot_rest
2026-05-07 22:31:51,122 | INFO | Mushroom v28 BTC REST fallback refreshed stale tick | previous_age_ms=3015.0 threshold_ms=3000.0 source=coinbase_spot_rest
2026-05-07 22:31:54,702 | INFO | Mushroom v28 BTC REST fallback refreshed stale tick | previous_age_ms=3047.0 threshold_ms=3000.0 source=coinbase_spot_rest
2026-05-07 22:31:54,702 | INFO | Heartbeat | watch=KXBTC15M-26MAY072245-45 yes_bid=57 yes_ask=58 no_bid=42 no_ask=43 book_ready=True position=False pending=False dry_run=False trust=synced run_id=0c537816-1a23-4029-8614-6f9ad93b8da2
2026-05-07 22:31:58,242 | INFO | Mushroom v28 BTC REST fallback refreshed stale tick | previous_age_ms=3016.0 threshold_ms=3000.0 source=coinbase_spot_rest
2026-05-07 22:32:01,862 | INFO | Mushroom v28 BTC REST fallback refreshed stale tick | previous_age_ms=3016.0 threshold_ms=3000.0 source=coinbase_spot_rest
2026-05-07 22:32:05,433 | INFO | Mushroom v28 BTC REST fallback refreshed stale tick | previous_age_ms=3031.0 threshold_ms=3000.0 source=coinbase_spot_rest
2026-05-07 22:32:08,954 | INFO | Mushroom v28 BTC REST fallback refreshed stale tick | previous_age_ms=3047.0 threshold_ms=3000.0 source=coinbase_spot_rest
2026-05-07 22:32:09,706 | INFO | Heartbeat | watch=KXBTC15M-26MAY072245-45 yes_bid=63 yes_ask=64 no_bid=36 no_ask=37 book_ready=True position=False pending=False dry_run=False trust=synced run_id=0c537816-1a23-4029-8614-6f9ad93b8da2
2026-05-07 22:32:12,519 | INFO | Mushroom v28 BTC REST fallback refreshed stale tick | previous_age_ms=3062.0 threshold_ms=3000.0 source=coinbase_spot_rest
2026-05-07 22:32:16,033 | INFO | Mushroom v28 BTC REST fallback refreshed stale tick | previous_age_ms=3016.0 threshold_ms=3000.0 source=coinbase_spot_rest
2026-05-07 22:32:19,566 | INFO | Mushroom v28 BTC REST fallback refreshed stale tick | previous_age_ms=3016.0 threshold_ms=3000.0 source=coinbase_spot_rest
2026-05-07 22:32:23,358 | INFO | Mushroom v28 BTC REST fallback refreshed stale tick | previous_age_ms=3032.0 threshold_ms=3000.0 source=coinbase_spot_rest
2026-05-07 22:32:24,699 | INFO | Heartbeat | watch=KXBTC15M-26MAY072245-45 yes_bid=67 yes_ask=68 no_bid=32 no_ask=33 book_ready=True position=False pending=False dry_run=False trust=synced run_id=0c537816-1a23-4029-8614-6f9ad93b8da2
2026-05-07 22:32:26,983 | INFO | Mushroom v28 BTC REST fallback refreshed stale tick | previous_age_ms=3031.0 threshold_ms=3000.0 source=coinbase_spot_rest
2026-05-07 22:32:30,508 | INFO | Mushroom v28 BTC REST fallback refreshed stale tick | previous_age_ms=3031.0 threshold_ms=3000.0 source=coinbase_spot_rest
2026-05-07 22:32:34,206 | INFO | Mushroom v28 BTC REST fallback refreshed stale tick | previous_age_ms=3032.0 threshold_ms=3000.0 source=coinbase_spot_rest
2026-05-07 22:32:37,739 | INFO | Mushroom v28 BTC REST fallback refreshed stale tick | previous_age_ms=3047.0 threshold_ms=3000.0 source=coinbase_spot_rest
2026-05-07 22:32:39,758 | INFO | Heartbeat | watch=KXBTC15M-26MAY072245-45 yes_bid=74 yes_ask=76 no_bid=24 no_ask=26 book_ready=True position=False pending=False dry_run=False trust=synced run_id=0c537816-1a23-4029-8614-6f9ad93b8da2
2026-05-07 22:32:41,272 | INFO | Mushroom v28 BTC REST fallback refreshed stale tick | previous_age_ms=3047.0 threshold_ms=3000.0 source=coinbase_spot_rest
2026-05-07 22:32:44,963 | INFO | Mushroom v28 BTC REST fallback refreshed stale tick | previous_age_ms=3032.0 threshold_ms=3000.0 source=coinbase_spot_rest
2026-05-07 22:32:48,498 | INFO | Mushroom v28 BTC REST fallback refreshed stale tick | previous_age_ms=3062.0 threshold_ms=3000.0 source=coinbase_spot_rest
2026-05-07 22:32:52,019 | INFO | Mushroom v28 BTC REST fallback refreshed stale tick | previous_age_ms=3031.0 threshold_ms=3000.0 source=coinbase_spot_rest
2026-05-07 22:32:54,779 | INFO | Heartbeat | watch=KXBTC15M-26MAY072245-45 yes_bid=80 yes_ask=81 no_bid=19 no_ask=20 book_ready=True position=False pending=False dry_run=False trust=synced run_id=0c537816-1a23-4029-8614-6f9ad93b8da2
2026-05-07 22:32:55,569 | INFO | Mushroom v28 BTC REST fallback refreshed stale tick | previous_age_ms=3032.0 threshold_ms=3000.0 source=coinbase_spot_rest
2026-05-07 22:32:59,066 | INFO | Mushroom v28 BTC REST fallback refreshed stale tick | previous_age_ms=3016.0 threshold_ms=3000.0 source=coinbase_spot_rest
2026-05-07 22:33:02,738 | INFO | Mushroom v28 BTC REST fallback refreshed stale tick | previous_age_ms=3047.0 threshold_ms=3000.0 source=coinbase_spot_rest
2026-05-07 22:33:06,217 | INFO | Mushroom v28 BTC REST fallback refreshed stale tick | previous_age_ms=3016.0 threshold_ms=3000.0 source=coinbase_spot_rest
2026-05-07 22:33:09,846 | INFO | Mushroom v28 BTC REST fallback refreshed stale tick | previous_age_ms=3046.0 threshold_ms=3000.0 source=coinbase_spot_rest
2026-05-07 22:33:09,846 | INFO | Heartbeat | watch=KXBTC15M-26MAY072245-45 yes_bid=82 yes_ask=84 no_bid=16 no_ask=18 book_ready=True position=False pending=False dry_run=False trust=synced run_id=0c537816-1a23-4029-8614-6f9ad93b8da2
2026-05-07 22:33:13,407 | INFO | Mushroom v28 BTC REST fallback refreshed stale tick | previous_age_ms=3046.0 threshold_ms=3000.0 source=coinbase_spot_rest
2026-05-07 22:33:16,916 | INFO | Mushroom v28 BTC REST fallback refreshed stale tick | previous_age_ms=3016.0 threshold_ms=3000.0 source=coinbase_spot_rest
2026-05-07 22:33:20,455 | INFO | Mushroom v28 BTC REST fallback refreshed stale tick | previous_age_ms=3031.0 threshold_ms=3000.0 source=coinbase_spot_rest
2026-05-07 22:33:24,024 | INFO | Mushroom v28 BTC REST fallback refreshed stale tick | previous_age_ms=3031.0 threshold_ms=3000.0 source=coinbase_spot_rest
2026-05-07 22:33:24,878 | INFO | Heartbeat | watch=KXBTC15M-26MAY072245-45 yes_bid=85 yes_ask=86 no_bid=14 no_ask=15 book_ready=True position=False pending=False dry_run=False trust=synced run_id=0c537816-1a23-4029-8614-6f9ad93b8da2
2026-05-07 22:33:27,571 | INFO | Mushroom v28 BTC REST fallback refreshed stale tick | previous_age_ms=3047.0 threshold_ms=3000.0 source=coinbase_spot_rest
2026-05-07 22:33:31,250 | INFO | Mushroom v28 BTC REST fallback refreshed stale tick | previous_age_ms=3032.0 threshold_ms=3000.0 source=coinbase_spot_rest
2026-05-07 22:33:34,796 | INFO | Mushroom v28 BTC REST fallback refreshed stale tick | previous_age_ms=3047.0 threshold_ms=3000.0 source=coinbase_spot_rest
2026-05-07 22:33:38,352 | INFO | Mushroom v28 BTC REST fallback refreshed stale tick | previous_age_ms=3047.0 threshold_ms=3000.0 source=coinbase_spot_rest
2026-05-07 22:33:39,877 | INFO | Heartbeat | watch=KXBTC15M-26MAY072245-45 yes_bid=89 yes_ask=90 no_bid=10 no_ask=11 book_ready=True position=False pending=False dry_run=False trust=synced run_id=0c537816-1a23-4029-8614-6f9ad93b8da2
2026-05-07 22:33:41,856 | INFO | Mushroom v28 BTC REST fallback refreshed stale tick | previous_age_ms=3016.0 threshold_ms=3000.0 source=coinbase_spot_rest
2026-05-07 22:33:45,420 | INFO | Mushroom v28 BTC REST fallback refreshed stale tick | previous_age_ms=3031.0 threshold_ms=3000.0 source=coinbase_spot_rest
2026-05-07 22:33:49,085 | INFO | Mushroom v28 BTC REST fallback refreshed stale tick | previous_age_ms=3015.0 threshold_ms=3000.0 source=coinbase_spot_rest
2026-05-07 22:33:52,593 | INFO | Mushroom v28 BTC REST fallback refreshed stale tick | previous_age_ms=3015.0 threshold_ms=3000.0 source=coinbase_spot_rest
2026-05-07 22:33:54,912 | INFO | Heartbeat | watch=KXBTC15M-26MAY072245-45 yes_bid=92 yes_ask=93 no_bid=7 no_ask=8 book_ready=True position=False pending=False dry_run=False trust=synced run_id=0c537816-1a23-4029-8614-6f9ad93b8da2
2026-05-07 22:33:56,172 | INFO | Mushroom v28 BTC REST fallback refreshed stale tick | previous_age_ms=3062.0 threshold_ms=3000.0 source=coinbase_spot_rest
2026-05-07 22:33:59,714 | INFO | Mushroom v28 BTC REST fallback refreshed stale tick | previous_age_ms=3031.0 threshold_ms=3000.0 source=coinbase_spot_rest
2026-05-07 22:34:03,384 | INFO | Mushroom v28 BTC REST fallback refreshed stale tick | previous_age_ms=3031.0 threshold_ms=3000.0 source=coinbase_spot_rest
2026-05-07 22:34:06,909 | INFO | Mushroom v28 BTC REST fallback refreshed stale tick | previous_age_ms=3016.0 threshold_ms=3000.0 source=coinbase_spot_rest
2026-05-07 22:34:10,439 | INFO | Mushroom v28 BTC REST fallback refreshed stale tick | previous_age_ms=3031.0 threshold_ms=3000.0 source=coinbase_spot_rest
2026-05-07 22:34:10,455 | INFO | Heartbeat | watch=KXBTC15M-26MAY072245-45 yes_bid=90 yes_ask=91 no_bid=9 no_ask=10 book_ready=True position=False pending=False dry_run=False trust=synced run_id=0c537816-1a23-4029-8614-6f9ad93b8da2
2026-05-07 22:34:13,972 | INFO | Mushroom v28 BTC REST fallback refreshed stale tick | previous_age_ms=3016.0 threshold_ms=3000.0 source=coinbase_spot_rest
2026-05-07 22:34:17,525 | INFO | Mushroom v28 BTC REST fallback refreshed stale tick | previous_age_ms=3046.0 threshold_ms=3000.0 source=coinbase_spot_rest
2026-05-07 22:34:21,165 | INFO | Mushroom v28 BTC REST fallback refreshed stale tick | previous_age_ms=3063.0 threshold_ms=3000.0 source=coinbase_spot_rest
2026-05-07 22:34:24,754 | INFO | Mushroom v28 BTC REST fallback refreshed stale tick | previous_age_ms=3015.0 threshold_ms=3000.0 source=coinbase_spot_rest
2026-05-07 22:34:25,452 | INFO | Heartbeat | watch=KXBTC15M-26MAY072245-45 yes_bid=90 yes_ask=91 no_bid=9 no_ask=10 book_ready=True position=False pending=False dry_run=False trust=synced run_id=0c537816-1a23-4029-8614-6f9ad93b8da2
2026-05-07 22:34:28,305 | INFO | Mushroom v28 BTC REST fallback refreshed stale tick | previous_age_ms=3047.0 threshold_ms=3000.0 source=coinbase_spot_rest
2026-05-07 22:34:32,087 | INFO | Mushroom v28 BTC REST fallback refreshed stale tick | previous_age_ms=3031.0 threshold_ms=3000.0 source=coinbase_spot_rest
2026-05-07 22:34:35,650 | INFO | Mushroom v28 BTC REST fallback refreshed stale tick | previous_age_ms=3046.0 threshold_ms=3000.0 source=coinbase_spot_rest
2026-05-07 22:34:39,202 | INFO | Mushroom v28 BTC REST fallback refreshed stale tick | previous_age_ms=3016.0 threshold_ms=3000.0 source=coinbase_spot_rest
2026-05-07 22:34:40,498 | INFO | Heartbeat | watch=KXBTC15M-26MAY072245-45 yes_bid=90 yes_ask=90 no_bid=10 no_ask=10 book_ready=True position=False pending=False dry_run=False trust=synced run_id=0c537816-1a23-4029-8614-6f9ad93b8da2
2026-05-07 22:34:42,930 | INFO | Mushroom v28 BTC REST fallback refreshed stale tick | previous_age_ms=3031.0 threshold_ms=3000.0 source=coinbase_spot_rest
2026-05-07 22:34:46,421 | INFO | Mushroom v28 BTC REST fallback refreshed stale tick | previous_age_ms=3031.0 threshold_ms=3000.0 source=coinbase_spot_rest
2026-05-07 22:34:49,947 | INFO | Mushroom v28 BTC REST fallback refreshed stale tick | previous_age_ms=3047.0 threshold_ms=3000.0 source=coinbase_spot_rest
2026-05-07 22:34:53,841 | INFO | Mushroom v28 BTC REST fallback refreshed stale tick | previous_age_ms=3062.0 threshold_ms=3000.0 source=coinbase_spot_rest
2026-05-07 22:34:55,531 | INFO | Heartbeat | watch=KXBTC15M-26MAY072245-45 yes_bid=92 yes_ask=93 no_bid=7 no_ask=8 book_ready=True position=False pending=False dry_run=False trust=synced run_id=0c537816-1a23-4029-8614-6f9ad93b8da2
2026-05-07 22:34:58,210 | INFO | Mushroom v28 BTC REST fallback refreshed stale tick | previous_age_ms=3047.0 threshold_ms=3000.0 source=coinbase_spot_rest
2026-05-07 22:35:02,231 | INFO | Mushroom v28 BTC REST fallback refreshed stale tick | previous_age_ms=3031.0 threshold_ms=3000.0 source=coinbase_spot_rest
2026-05-07 22:35:06,181 | INFO | Mushroom v28 BTC REST fallback refreshed stale tick | previous_age_ms=3031.0 threshold_ms=3000.0 source=coinbase_spot_rest
2026-05-07 22:35:10,022 | INFO | Mushroom v28 BTC REST fallback refreshed stale tick | previous_age_ms=3015.0 threshold_ms=3000.0 source=coinbase_spot_rest
2026-05-07 22:35:10,571 | INFO | Heartbeat | watch=KXBTC15M-26MAY072245-45 yes_bid=94 yes_ask=95 no_bid=5 no_ask=6 book_ready=True position=False pending=False dry_run=False trust=synced run_id=0c537816-1a23-4029-8614-6f9ad93b8da2
2026-05-07 22:35:13,971 | INFO | Mushroom v28 BTC REST fallback refreshed stale tick | previous_age_ms=3047.0 threshold_ms=3000.0 source=coinbase_spot_rest
2026-05-07 22:35:17,992 | INFO | Mushroom v28 BTC REST fallback refreshed stale tick | previous_age_ms=3046.0 threshold_ms=3000.0 source=coinbase_spot_rest
2026-05-07 22:35:21,902 | INFO | Mushroom v28 BTC REST fallback refreshed stale tick | previous_age_ms=3063.0 threshold_ms=3000.0 source=coinbase_spot_rest
2026-05-07 22:35:25,841 | INFO | Mushroom v28 BTC REST fallback refreshed stale tick | previous_age_ms=3031.0 threshold_ms=3000.0 source=coinbase_spot_rest
2026-05-07 22:35:25,853 | INFO | Heartbeat | watch=KXBTC15M-26MAY072245-45 yes_bid=88 yes_ask=89 no_bid=11 no_ask=12 book_ready=True position=False pending=False dry_run=False trust=synced run_id=0c537816-1a23-4029-8614-6f9ad93b8da2
2026-05-07 22:35:29,708 | INFO | Mushroom v28 BTC REST fallback refreshed stale tick | previous_age_ms=3031.0 threshold_ms=3000.0 source=coinbase_spot_rest
2026-05-07 22:35:33,650 | INFO | Mushroom v28 BTC REST fallback refreshed stale tick | previous_age_ms=3047.0 threshold_ms=3000.0 source=coinbase_spot_rest
2026-05-07 22:35:37,632 | INFO | Mushroom v28 BTC REST fallback refreshed stale tick | previous_age_ms=3032.0 threshold_ms=3000.0 source=coinbase_spot_rest
2026-05-07 22:35:41,230 | INFO | Mushroom v28 BTC REST fallback refreshed stale tick | previous_age_ms=3047.0 threshold_ms=3000.0 source=coinbase_spot_rest
2026-05-07 22:35:41,234 | INFO | Heartbeat | watch=KXBTC15M-26MAY072245-45 yes_bid=88 yes_ask=89 no_bid=11 no_ask=12 book_ready=True position=False pending=False dry_run=False trust=synced run_id=0c537816-1a23-4029-8614-6f9ad93b8da2
2026-05-07 22:35:44,862 | INFO | Mushroom v28 BTC REST fallback refreshed stale tick | previous_age_ms=3047.0 threshold_ms=3000.0 source=coinbase_spot_rest
2026-05-07 22:35:48,391 | INFO | Mushroom v28 BTC REST fallback refreshed stale tick | previous_age_ms=3016.0 threshold_ms=3000.0 source=coinbase_spot_rest
2026-05-07 22:35:51,998 | INFO | Mushroom v28 BTC REST fallback refreshed stale tick | previous_age_ms=3016.0 threshold_ms=3000.0 source=coinbase_spot_rest
2026-05-07 22:35:55,590 | INFO | Mushroom v28 BTC REST fallback refreshed stale tick | previous_age_ms=3047.0 threshold_ms=3000.0 source=coinbase_spot_rest
2026-05-07 22:35:56,244 | INFO | Heartbeat | watch=KXBTC15M-26MAY072245-45 yes_bid=89 yes_ask=90 no_bid=10 no_ask=11 book_ready=True position=False pending=False dry_run=False trust=synced run_id=0c537816-1a23-4029-8614-6f9ad93b8da2
2026-05-07 22:35:59,193 | INFO | Mushroom v28 BTC REST fallback refreshed stale tick | previous_age_ms=3031.0 threshold_ms=3000.0 source=coinbase_spot_rest
2026-05-07 22:36:02,866 | INFO | Mushroom v28 BTC REST fallback refreshed stale tick | previous_age_ms=3032.0 threshold_ms=3000.0 source=coinbase_spot_rest
2026-05-07 22:36:06,424 | INFO | Mushroom v28 BTC REST fallback refreshed stale tick | previous_age_ms=3047.0 threshold_ms=3000.0 source=coinbase_spot_rest
2026-05-07 22:36:09,959 | INFO | Mushroom v28 BTC REST fallback refreshed stale tick | previous_age_ms=3047.0 threshold_ms=3000.0 source=coinbase_spot_rest
2026-05-07 22:36:11,282 | INFO | Heartbeat | watch=KXBTC15M-26MAY072245-45 yes_bid=85 yes_ask=87 no_bid=13 no_ask=15 book_ready=True position=False pending=False dry_run=False trust=synced run_id=0c537816-1a23-4029-8614-6f9ad93b8da2
2026-05-07 22:36:13,651 | INFO | Mushroom v28 BTC REST fallback refreshed stale tick | previous_age_ms=3062.0 threshold_ms=3000.0 source=coinbase_spot_rest
2026-05-07 22:36:17,212 | INFO | Mushroom v28 BTC REST fallback refreshed stale tick | previous_age_ms=3016.0 threshold_ms=3000.0 source=coinbase_spot_rest
2026-05-07 22:36:20,859 | INFO | Mushroom v28 BTC REST fallback refreshed stale tick | previous_age_ms=3031.0 threshold_ms=3000.0 source=coinbase_spot_rest
2026-05-07 22:36:24,384 | INFO | Mushroom v28 BTC REST fallback refreshed stale tick | previous_age_ms=3031.0 threshold_ms=3000.0 source=coinbase_spot_rest
2026-05-07 22:36:26,305 | INFO | Heartbeat | watch=KXBTC15M-26MAY072245-45 yes_bid=80 yes_ask=81 no_bid=19 no_ask=20 book_ready=True position=False pending=False dry_run=False trust=synced run_id=0c537816-1a23-4029-8614-6f9ad93b8da2
2026-05-07 22:36:27,910 | INFO | Mushroom v28 BTC REST fallback refreshed stale tick | previous_age_ms=3016.0 threshold_ms=3000.0 source=coinbase_spot_rest
2026-05-07 22:36:31,558 | INFO | Mushroom v28 BTC REST fallback refreshed stale tick | previous_age_ms=3031.0 threshold_ms=3000.0 source=coinbase_spot_rest
2026-05-07 22:36:35,048 | INFO | Mushroom v28 BTC REST fallback refreshed stale tick | previous_age_ms=3031.0 threshold_ms=3000.0 source=coinbase_spot_rest
2026-05-07 22:36:38,523 | INFO | Mushroom v28 BTC REST fallback refreshed stale tick | previous_age_ms=3015.0 threshold_ms=3000.0 source=coinbase_spot_rest
2026-05-07 22:36:41,331 | INFO | Heartbeat | watch=KXBTC15M-26MAY072245-45 yes_bid=69 yes_ask=70 no_bid=30 no_ask=31 book_ready=True position=False pending=False dry_run=False trust=synced run_id=0c537816-1a23-4029-8614-6f9ad93b8da2
2026-05-07 22:36:42,123 | INFO | Mushroom v28 BTC REST fallback refreshed stale tick | previous_age_ms=3063.0 threshold_ms=3000.0 source=coinbase_spot_rest
2026-05-07 22:36:45,699 | INFO | Mushroom v28 BTC REST fallback refreshed stale tick | previous_age_ms=3031.0 threshold_ms=3000.0 source=coinbase_spot_rest
2026-05-07 22:36:49,194 | INFO | Mushroom v28 BTC REST fallback refreshed stale tick | previous_age_ms=3016.0 threshold_ms=3000.0 source=coinbase_spot_rest
2026-05-07 22:36:52,703 | INFO | Mushroom v28 BTC REST fallback refreshed stale tick | previous_age_ms=3047.0 threshold_ms=3000.0 source=coinbase_spot_rest
2026-05-07 22:36:56,254 | INFO | Mushroom v28 BTC REST fallback refreshed stale tick | previous_age_ms=3062.0 threshold_ms=3000.0 source=coinbase_spot_rest
2026-05-07 22:36:56,378 | INFO | Heartbeat | watch=KXBTC15M-26MAY072245-45 yes_bid=73 yes_ask=75 no_bid=25 no_ask=27 book_ready=True position=False pending=False dry_run=False trust=synced run_id=0c537816-1a23-4029-8614-6f9ad93b8da2
2026-05-07 22:36:59,805 | INFO | Mushroom v28 BTC REST fallback refreshed stale tick | previous_age_ms=3062.0 threshold_ms=3000.0 source=coinbase_spot_rest
2026-05-07 22:37:03,322 | INFO | Mushroom v28 BTC REST fallback refreshed stale tick | previous_age_ms=3031.0 threshold_ms=3000.0 source=coinbase_spot_rest
2026-05-07 22:37:07,045 | INFO | Mushroom v28 BTC REST fallback refreshed stale tick | previous_age_ms=3047.0 threshold_ms=3000.0 source=coinbase_spot_rest
2026-05-07 22:37:10,619 | INFO | Mushroom v28 BTC REST fallback refreshed stale tick | previous_age_ms=3015.0 threshold_ms=3000.0 source=coinbase_spot_rest
2026-05-07 22:37:11,420 | INFO | Heartbeat | watch=KXBTC15M-26MAY072245-45 yes_bid=76 yes_ask=77 no_bid=23 no_ask=24 book_ready=True position=False pending=False dry_run=False trust=synced run_id=0c537816-1a23-4029-8614-6f9ad93b8da2
2026-05-07 22:37:14,187 | INFO | Mushroom v28 BTC REST fallback refreshed stale tick | previous_age_ms=3031.0 threshold_ms=3000.0 source=coinbase_spot_rest
2026-05-07 22:37:17,674 | INFO | Mushroom v28 BTC REST fallback refreshed stale tick | previous_age_ms=3016.0 threshold_ms=3000.0 source=coinbase_spot_rest
2026-05-07 22:37:21,382 | INFO | Mushroom v28 BTC REST fallback refreshed stale tick | previous_age_ms=3047.0 threshold_ms=3000.0 source=coinbase_spot_rest
2026-05-07 22:37:24,965 | INFO | Mushroom v28 BTC REST fallback refreshed stale tick | previous_age_ms=3062.0 threshold_ms=3000.0 source=coinbase_spot_rest
2026-05-07 22:37:26,428 | INFO | Heartbeat | watch=KXBTC15M-26MAY072245-45 yes_bid=77 yes_ask=78 no_bid=22 no_ask=23 book_ready=True position=False pending=False dry_run=False trust=synced run_id=0c537816-1a23-4029-8614-6f9ad93b8da2
2026-05-07 22:37:28,601 | INFO | Mushroom v28 BTC REST fallback refreshed stale tick | previous_age_ms=3031.0 threshold_ms=3000.0 source=coinbase_spot_rest
2026-05-07 22:37:32,136 | INFO | Mushroom v28 BTC REST fallback refreshed stale tick | previous_age_ms=3015.0 threshold_ms=3000.0 source=coinbase_spot_rest
2026-05-07 22:37:35,641 | INFO | Mushroom v28 BTC REST fallback refreshed stale tick | previous_age_ms=3015.0 threshold_ms=3000.0 source=coinbase_spot_rest
2026-05-07 22:37:39,168 | INFO | Mushroom v28 BTC REST fallback refreshed stale tick | previous_age_ms=3016.0 threshold_ms=3000.0 source=coinbase_spot_rest
2026-05-07 22:37:41,435 | INFO | Heartbeat | watch=KXBTC15M-26MAY072245-45 yes_bid=76 yes_ask=77 no_bid=23 no_ask=24 book_ready=True position=False pending=False dry_run=False trust=synced run_id=0c537816-1a23-4029-8614-6f9ad93b8da2
2026-05-07 22:37:42,802 | INFO | Mushroom v28 BTC REST fallback refreshed stale tick | previous_age_ms=3047.0 threshold_ms=3000.0 source=coinbase_spot_rest
2026-05-07 22:37:46,384 | INFO | Mushroom v28 BTC REST fallback refreshed stale tick | previous_age_ms=3047.0 threshold_ms=3000.0 source=coinbase_spot_rest
2026-05-07 22:37:50,127 | INFO | Mushroom v28 BTC REST fallback refreshed stale tick | previous_age_ms=3015.0 threshold_ms=3000.0 source=coinbase_spot_rest
2026-05-07 22:37:53,737 | INFO | Mushroom v28 BTC REST fallback refreshed stale tick | previous_age_ms=3062.0 threshold_ms=3000.0 source=coinbase_spot_rest
2026-05-07 22:37:56,458 | INFO | Heartbeat | watch=KXBTC15M-26MAY072245-45 yes_bid=80 yes_ask=82 no_bid=18 no_ask=20 book_ready=True position=False pending=False dry_run=False trust=synced run_id=0c537816-1a23-4029-8614-6f9ad93b8da2
2026-05-07 22:37:57,408 | INFO | Mushroom v28 BTC REST fallback refreshed stale tick | previous_age_ms=3047.0 threshold_ms=3000.0 source=coinbase_spot_rest
2026-05-07 22:38:00,949 | INFO | Mushroom v28 BTC REST fallback refreshed stale tick | previous_age_ms=3047.0 threshold_ms=3000.0 source=coinbase_spot_rest
2026-05-07 22:38:04,625 | INFO | Mushroom v28 BTC REST fallback refreshed stale tick | previous_age_ms=3047.0 threshold_ms=3000.0 source=coinbase_spot_rest
2026-05-07 22:38:08,188 | INFO | Mushroom v28 BTC REST fallback refreshed stale tick | previous_age_ms=3047.0 threshold_ms=3000.0 source=coinbase_spot_rest
2026-05-07 22:38:11,928 | INFO | Mushroom v28 BTC REST fallback refreshed stale tick | previous_age_ms=3032.0 threshold_ms=3000.0 source=coinbase_spot_rest
2026-05-07 22:38:11,928 | INFO | Heartbeat | watch=KXBTC15M-26MAY072245-45 yes_bid=83 yes_ask=85 no_bid=15 no_ask=17 book_ready=True position=False pending=False dry_run=False trust=synced run_id=0c537816-1a23-4029-8614-6f9ad93b8da2
2026-05-07 22:38:15,440 | INFO | Mushroom v28 BTC REST fallback refreshed stale tick | previous_age_ms=3015.0 threshold_ms=3000.0 source=coinbase_spot_rest
2026-05-07 22:38:19,024 | INFO | Mushroom v28 BTC REST fallback refreshed stale tick | previous_age_ms=3047.0 threshold_ms=3000.0 source=coinbase_spot_rest
2026-05-07 22:38:22,559 | INFO | Mushroom v28 BTC REST fallback refreshed stale tick | previous_age_ms=3031.0 threshold_ms=3000.0 source=coinbase_spot_rest
2026-05-07 22:38:26,105 | INFO | Mushroom v28 BTC REST fallback refreshed stale tick | previous_age_ms=3047.0 threshold_ms=3000.0 source=coinbase_spot_rest
2026-05-07 22:38:26,946 | INFO | Heartbeat | watch=KXBTC15M-26MAY072245-45 yes_bid=76 yes_ask=77 no_bid=23 no_ask=24 book_ready=True position=False pending=False dry_run=False trust=synced run_id=0c537816-1a23-4029-8614-6f9ad93b8da2
2026-05-07 22:38:29,618 | INFO | Mushroom v28 BTC REST fallback refreshed stale tick | previous_age_ms=3016.0 threshold_ms=3000.0 source=coinbase_spot_rest
2026-05-07 22:38:33,188 | INFO | Mushroom v28 BTC REST fallback refreshed stale tick | previous_age_ms=3015.0 threshold_ms=3000.0 source=coinbase_spot_rest
2026-05-07 22:38:36,753 | INFO | Mushroom v28 BTC REST fallback refreshed stale tick | previous_age_ms=3032.0 threshold_ms=3000.0 source=coinbase_spot_rest
2026-05-07 22:38:40,274 | INFO | Mushroom v28 BTC REST fallback refreshed stale tick | previous_age_ms=3015.0 threshold_ms=3000.0 source=coinbase_spot_rest
2026-05-07 22:38:41,960 | INFO | Heartbeat | watch=KXBTC15M-26MAY072245-45 yes_bid=69 yes_ask=71 no_bid=29 no_ask=31 book_ready=True position=False pending=False dry_run=False trust=synced run_id=0c537816-1a23-4029-8614-6f9ad93b8da2
2026-05-07 22:38:43,803 | INFO | Mushroom v28 BTC REST fallback refreshed stale tick | previous_age_ms=3031.0 threshold_ms=3000.0 source=coinbase_spot_rest
2026-05-07 22:38:47,339 | INFO | Mushroom v28 BTC REST fallback refreshed stale tick | previous_age_ms=3031.0 threshold_ms=3000.0 source=coinbase_spot_rest
2026-05-07 22:38:50,863 | INFO | Mushroom v28 BTC REST fallback refreshed stale tick | previous_age_ms=3031.0 threshold_ms=3000.0 source=coinbase_spot_rest
2026-05-07 22:38:54,382 | INFO | Mushroom v28 BTC REST fallback refreshed stale tick | previous_age_ms=3047.0 threshold_ms=3000.0 source=coinbase_spot_rest
2026-05-07 22:38:56,986 | INFO | Heartbeat | watch=KXBTC15M-26MAY072245-45 yes_bid=76 yes_ask=77 no_bid=23 no_ask=24 book_ready=True position=False pending=False dry_run=False trust=synced run_id=0c537816-1a23-4029-8614-6f9ad93b8da2
2026-05-07 22:38:57,989 | INFO | Mushroom v28 BTC REST fallback refreshed stale tick | previous_age_ms=3031.0 threshold_ms=3000.0 source=coinbase_spot_rest
2026-05-07 22:39:01,656 | INFO | Mushroom v28 BTC REST fallback refreshed stale tick | previous_age_ms=3063.0 threshold_ms=3000.0 source=coinbase_spot_rest
2026-05-07 22:39:05,320 | INFO | Mushroom v28 BTC REST fallback refreshed stale tick | previous_age_ms=3047.0 threshold_ms=3000.0 source=coinbase_spot_rest
2026-05-07 22:39:08,839 | INFO | Mushroom v28 BTC REST fallback refreshed stale tick | previous_age_ms=3016.0 threshold_ms=3000.0 source=coinbase_spot_rest
2026-05-07 22:39:12,491 | INFO | Mushroom v28 BTC REST fallback refreshed stale tick | previous_age_ms=3062.0 threshold_ms=3000.0 source=coinbase_spot_rest
2026-05-07 22:39:12,509 | INFO | Heartbeat | watch=KXBTC15M-26MAY072245-45 yes_bid=72 yes_ask=73 no_bid=27 no_ask=28 book_ready=True position=False pending=False dry_run=False trust=synced run_id=0c537816-1a23-4029-8614-6f9ad93b8da2
2026-05-07 22:39:16,139 | INFO | Mushroom v28 BTC REST fallback refreshed stale tick | previous_age_ms=3047.0 threshold_ms=3000.0 source=coinbase_spot_rest
2026-05-07 22:39:19,778 | INFO | Mushroom v28 BTC REST fallback refreshed stale tick | previous_age_ms=3047.0 threshold_ms=3000.0 source=coinbase_spot_rest
2026-05-07 22:39:23,350 | INFO | Mushroom v28 BTC REST fallback refreshed stale tick | previous_age_ms=3063.0 threshold_ms=3000.0 source=coinbase_spot_rest
2026-05-07 22:39:26,844 | INFO | Mushroom v28 BTC REST fallback refreshed stale tick | previous_age_ms=3015.0 threshold_ms=3000.0 source=coinbase_spot_rest
2026-05-07 22:39:27,511 | INFO | Heartbeat | watch=KXBTC15M-26MAY072245-45 yes_bid=70 yes_ask=71 no_bid=29 no_ask=30 book_ready=True position=False pending=False dry_run=False trust=synced run_id=0c537816-1a23-4029-8614-6f9ad93b8da2
2026-05-07 22:39:30,373 | INFO | Mushroom v28 BTC REST fallback refreshed stale tick | previous_age_ms=3031.0 threshold_ms=3000.0 source=coinbase_spot_rest
2026-05-07 22:39:34,001 | INFO | Mushroom v28 BTC REST fallback refreshed stale tick | previous_age_ms=3047.0 threshold_ms=3000.0 source=coinbase_spot_rest
2026-05-07 22:39:37,524 | INFO | Mushroom v28 BTC REST fallback refreshed stale tick | previous_age_ms=3031.0 threshold_ms=3000.0 source=coinbase_spot_rest
2026-05-07 22:39:41,418 | INFO | Mushroom v28 BTC REST fallback refreshed stale tick | previous_age_ms=3016.0 threshold_ms=3000.0 source=coinbase_spot_rest
2026-05-07 22:39:42,547 | INFO | Heartbeat | watch=KXBTC15M-26MAY072245-45 yes_bid=73 yes_ask=74 no_bid=26 no_ask=27 book_ready=True position=False pending=False dry_run=False trust=synced run_id=0c537816-1a23-4029-8614-6f9ad93b8da2
2026-05-07 22:39:45,334 | INFO | Mushroom v28 BTC REST fallback refreshed stale tick | previous_age_ms=3047.0 threshold_ms=3000.0 source=coinbase_spot_rest
2026-05-07 22:39:49,136 | INFO | Mushroom v28 BTC REST fallback refreshed stale tick | previous_age_ms=3031.0 threshold_ms=3000.0 source=coinbase_spot_rest
2026-05-07 22:39:52,958 | INFO | Mushroom v28 BTC REST fallback refreshed stale tick | previous_age_ms=3031.0 threshold_ms=3000.0 source=coinbase_spot_rest
2026-05-07 22:39:56,771 | INFO | Mushroom v28 BTC REST fallback refreshed stale tick | previous_age_ms=3016.0 threshold_ms=3000.0 source=coinbase_spot_rest
2026-05-07 22:39:57,542 | INFO | Heartbeat | watch=KXBTC15M-26MAY072245-45 yes_bid=85 yes_ask=87 no_bid=13 no_ask=15 book_ready=True position=False pending=False dry_run=False trust=synced run_id=0c537816-1a23-4029-8614-6f9ad93b8da2
2026-05-07 22:40:00,564 | INFO | Mushroom v28 BTC REST fallback refreshed stale tick | previous_age_ms=3016.0 threshold_ms=3000.0 source=coinbase_spot_rest
2026-05-07 22:40:04,446 | INFO | Mushroom v28 BTC REST fallback refreshed stale tick | previous_age_ms=3047.0 threshold_ms=3000.0 source=coinbase_spot_rest
2026-05-07 22:40:08,486 | INFO | Mushroom v28 BTC REST fallback refreshed stale tick | previous_age_ms=3032.0 threshold_ms=3000.0 source=coinbase_spot_rest
2026-05-07 22:40:12,520 | INFO | Mushroom v28 BTC REST fallback refreshed stale tick | previous_age_ms=3047.0 threshold_ms=3000.0 source=coinbase_spot_rest
2026-05-07 22:40:12,610 | INFO | Heartbeat | watch=KXBTC15M-26MAY072245-45 yes_bid=86 yes_ask=88 no_bid=12 no_ask=14 book_ready=True position=False pending=False dry_run=False trust=synced run_id=0c537816-1a23-4029-8614-6f9ad93b8da2
2026-05-07 22:40:16,791 | INFO | Mushroom v28 BTC REST fallback refreshed stale tick | previous_age_ms=3032.0 threshold_ms=3000.0 source=coinbase_spot_rest
2026-05-07 22:40:20,679 | INFO | Mushroom v28 BTC REST fallback refreshed stale tick | previous_age_ms=3047.0 threshold_ms=3000.0 source=coinbase_spot_rest
2026-05-07 22:40:24,321 | INFO | Mushroom v28 BTC REST fallback refreshed stale tick | previous_age_ms=3031.0 threshold_ms=3000.0 source=coinbase_spot_rest
2026-05-07 22:40:27,861 | INFO | Mushroom v28 BTC REST fallback refreshed stale tick | previous_age_ms=3032.0 threshold_ms=3000.0 source=coinbase_spot_rest
2026-05-07 22:40:27,876 | INFO | Heartbeat | watch=KXBTC15M-26MAY072245-45 yes_bid=89 yes_ask=90 no_bid=10 no_ask=11 book_ready=True position=False pending=False dry_run=False trust=synced run_id=0c537816-1a23-4029-8614-6f9ad93b8da2
2026-05-07 22:40:31,559 | INFO | Mushroom v28 BTC REST fallback refreshed stale tick | previous_age_ms=3031.0 threshold_ms=3000.0 source=coinbase_spot_rest
2026-05-07 22:40:35,040 | INFO | Mushroom v28 BTC REST fallback refreshed stale tick | previous_age_ms=3016.0 threshold_ms=3000.0 source=coinbase_spot_rest
2026-05-07 22:40:38,594 | INFO | Mushroom v28 BTC REST fallback refreshed stale tick | previous_age_ms=3015.0 threshold_ms=3000.0 source=coinbase_spot_rest
2026-05-07 22:40:42,086 | INFO | Mushroom v28 BTC REST fallback refreshed stale tick | previous_age_ms=3015.0 threshold_ms=3000.0 source=coinbase_spot_rest
2026-05-07 22:40:42,884 | INFO | Heartbeat | watch=KXBTC15M-26MAY072245-45 yes_bid=90 yes_ask=92 no_bid=8 no_ask=10 book_ready=True position=False pending=False dry_run=False trust=synced run_id=0c537816-1a23-4029-8614-6f9ad93b8da2
2026-05-07 22:40:45,628 | INFO | Mushroom v28 BTC REST fallback refreshed stale tick | previous_age_ms=3031.0 threshold_ms=3000.0 source=coinbase_spot_rest
2026-05-07 22:40:49,172 | INFO | Mushroom v28 BTC REST fallback refreshed stale tick | previous_age_ms=3031.0 threshold_ms=3000.0 source=coinbase_spot_rest
2026-05-07 22:40:52,876 | INFO | Mushroom v28 BTC REST fallback refreshed stale tick | previous_age_ms=3047.0 threshold_ms=3000.0 source=coinbase_spot_rest
2026-05-07 22:40:56,377 | INFO | Mushroom v28 BTC REST fallback refreshed stale tick | previous_age_ms=3015.0 threshold_ms=3000.0 source=coinbase_spot_rest
2026-05-07 22:40:57,897 | INFO | Heartbeat | watch=KXBTC15M-26MAY072245-45 yes_bid=93 yes_ask=94 no_bid=6 no_ask=7 book_ready=True position=False pending=False dry_run=False trust=synced run_id=0c537816-1a23-4029-8614-6f9ad93b8da2
2026-05-07 22:40:59,975 | INFO | Mushroom v28 BTC REST fallback refreshed stale tick | previous_age_ms=3047.0 threshold_ms=3000.0 source=coinbase_spot_rest
2026-05-07 22:41:03,568 | INFO | Mushroom v28 BTC REST fallback refreshed stale tick | previous_age_ms=3062.0 threshold_ms=3000.0 source=coinbase_spot_rest
2026-05-07 22:41:07,126 | INFO | Mushroom v28 BTC REST fallback refreshed stale tick | previous_age_ms=3047.0 threshold_ms=3000.0 source=coinbase_spot_rest
2026-05-07 22:41:10,673 | INFO | Mushroom v28 BTC REST fallback refreshed stale tick | previous_age_ms=3031.0 threshold_ms=3000.0 source=coinbase_spot_rest
2026-05-07 22:41:12,891 | INFO | Heartbeat | watch=KXBTC15M-26MAY072245-45 yes_bid=94 yes_ask=95 no_bid=5 no_ask=6 book_ready=True position=False pending=False dry_run=False trust=synced run_id=0c537816-1a23-4029-8614-6f9ad93b8da2
2026-05-07 22:41:14,221 | INFO | Mushroom v28 BTC REST fallback refreshed stale tick | previous_age_ms=3015.0 threshold_ms=3000.0 source=coinbase_spot_rest
2026-05-07 22:41:17,712 | INFO | Mushroom v28 BTC REST fallback refreshed stale tick | previous_age_ms=3015.0 threshold_ms=3000.0 source=coinbase_spot_rest
2026-05-07 22:41:21,485 | INFO | Mushroom v28 BTC REST fallback refreshed stale tick | previous_age_ms=3016.0 threshold_ms=3000.0 source=coinbase_spot_rest
2026-05-07 22:41:25,261 | INFO | Mushroom v28 BTC REST fallback refreshed stale tick | previous_age_ms=3063.0 threshold_ms=3000.0 source=coinbase_spot_rest
2026-05-07 22:41:27,910 | INFO | Heartbeat | watch=KXBTC15M-26MAY072245-45 yes_bid=95 yes_ask=96 no_bid=4 no_ask=5 book_ready=True position=False pending=False dry_run=False trust=synced run_id=0c537816-1a23-4029-8614-6f9ad93b8da2
2026-05-07 22:41:28,778 | INFO | Mushroom v28 BTC REST fallback refreshed stale tick | previous_age_ms=3032.0 threshold_ms=3000.0 source=coinbase_spot_rest
2026-05-07 22:41:32,306 | INFO | Mushroom v28 BTC REST fallback refreshed stale tick | previous_age_ms=3063.0 threshold_ms=3000.0 source=coinbase_spot_rest
2026-05-07 22:41:35,844 | INFO | Mushroom v28 BTC REST fallback refreshed stale tick | previous_age_ms=3031.0 threshold_ms=3000.0 source=coinbase_spot_rest
2026-05-07 22:41:39,385 | INFO | Mushroom v28 BTC REST fallback refreshed stale tick | previous_age_ms=3031.0 threshold_ms=3000.0 source=coinbase_spot_rest
2026-05-07 22:41:42,919 | INFO | Mushroom v28 BTC REST fallback refreshed stale tick | previous_age_ms=3032.0 threshold_ms=3000.0 source=coinbase_spot_rest
2026-05-07 22:41:42,933 | INFO | Heartbeat | watch=KXBTC15M-26MAY072245-45 yes_bid=94 yes_ask=95 no_bid=5 no_ask=6 book_ready=True position=False pending=False dry_run=False trust=synced run_id=0c537816-1a23-4029-8614-6f9ad93b8da2
2026-05-07 22:41:46,463 | INFO | Mushroom v28 BTC REST fallback refreshed stale tick | previous_age_ms=3031.0 threshold_ms=3000.0 source=coinbase_spot_rest
2026-05-07 22:41:49,980 | INFO | Mushroom v28 BTC REST fallback refreshed stale tick | previous_age_ms=3047.0 threshold_ms=3000.0 source=coinbase_spot_rest
2026-05-07 22:41:53,692 | INFO | Mushroom v28 BTC REST fallback refreshed stale tick | previous_age_ms=3047.0 threshold_ms=3000.0 source=coinbase_spot_rest
2026-05-07 22:41:57,255 | INFO | Mushroom v28 BTC REST fallback refreshed stale tick | previous_age_ms=3047.0 threshold_ms=3000.0 source=coinbase_spot_rest
2026-05-07 22:41:57,971 | INFO | Heartbeat | watch=KXBTC15M-26MAY072245-45 yes_bid=94 yes_ask=95 no_bid=5 no_ask=6 book_ready=True position=False pending=False dry_run=False trust=synced run_id=0c537816-1a23-4029-8614-6f9ad93b8da2
2026-05-07 22:42:00,875 | INFO | Mushroom v28 BTC REST fallback refreshed stale tick | previous_age_ms=3047.0 threshold_ms=3000.0 source=coinbase_spot_rest
2026-05-07 22:42:04,385 | INFO | Mushroom v28 BTC REST fallback refreshed stale tick | previous_age_ms=3016.0 threshold_ms=3000.0 source=coinbase_spot_rest
2026-05-07 22:42:07,930 | INFO | Mushroom v28 BTC REST fallback refreshed stale tick | previous_age_ms=3031.0 threshold_ms=3000.0 source=coinbase_spot_rest
2026-05-07 22:42:11,417 | INFO | Mushroom v28 BTC REST fallback refreshed stale tick | previous_age_ms=3015.0 threshold_ms=3000.0 source=coinbase_spot_rest
2026-05-07 22:42:12,970 | INFO | Heartbeat | watch=KXBTC15M-26MAY072245-45 yes_bid=97 yes_ask=98 no_bid=2 no_ask=3 book_ready=True position=False pending=False dry_run=False trust=synced run_id=0c537816-1a23-4029-8614-6f9ad93b8da2
2026-05-07 22:42:14,990 | INFO | Mushroom v28 BTC REST fallback refreshed stale tick | previous_age_ms=3047.0 threshold_ms=3000.0 source=coinbase_spot_rest
2026-05-07 22:42:18,583 | INFO | Mushroom v28 BTC REST fallback refreshed stale tick | previous_age_ms=3063.0 threshold_ms=3000.0 source=coinbase_spot_rest
2026-05-07 22:42:22,208 | INFO | Mushroom v28 BTC REST fallback refreshed stale tick | previous_age_ms=3016.0 threshold_ms=3000.0 source=coinbase_spot_rest
2026-05-07 22:42:25,723 | INFO | Mushroom v28 BTC REST fallback refreshed stale tick | previous_age_ms=3016.0 threshold_ms=3000.0 source=coinbase_spot_rest
2026-05-07 22:42:27,964 | INFO | Heartbeat | watch=KXBTC15M-26MAY072245-45 yes_bid=97 yes_ask=98 no_bid=2 no_ask=3 book_ready=True position=False pending=False dry_run=False trust=synced run_id=0c537816-1a23-4029-8614-6f9ad93b8da2
2026-05-07 22:42:29,342 | INFO | Mushroom v28 BTC REST fallback refreshed stale tick | previous_age_ms=3015.0 threshold_ms=3000.0 source=coinbase_spot_rest
2026-05-07 22:42:32,854 | INFO | Mushroom v28 BTC REST fallback refreshed stale tick | previous_age_ms=3047.0 threshold_ms=3000.0 source=coinbase_spot_rest
2026-05-07 22:42:36,412 | INFO | Mushroom v28 BTC REST fallback refreshed stale tick | previous_age_ms=3047.0 threshold_ms=3000.0 source=coinbase_spot_rest
2026-05-07 22:42:39,929 | INFO | Mushroom v28 BTC REST fallback refreshed stale tick | previous_age_ms=3031.0 threshold_ms=3000.0 source=coinbase_spot_rest
2026-05-07 22:42:43,399 | INFO | Mushroom v28 BTC REST fallback refreshed stale tick | previous_age_ms=3015.0 threshold_ms=3000.0 source=coinbase_spot_rest
2026-05-07 22:42:43,415 | INFO | Heartbeat | watch=KXBTC15M-26MAY072245-45 yes_bid=98 yes_ask=99 no_bid=1 no_ask=2 book_ready=True position=False pending=False dry_run=False trust=synced run_id=0c537816-1a23-4029-8614-6f9ad93b8da2
2026-05-07 22:42:46,903 | INFO | Mushroom v28 BTC REST fallback refreshed stale tick | previous_age_ms=3016.0 threshold_ms=3000.0 source=coinbase_spot_rest
2026-05-07 22:42:50,455 | INFO | Mushroom v28 BTC REST fallback refreshed stale tick | previous_age_ms=3016.0 threshold_ms=3000.0 source=coinbase_spot_rest
2026-05-07 22:42:53,970 | INFO | Mushroom v28 BTC REST fallback refreshed stale tick | previous_age_ms=3016.0 threshold_ms=3000.0 source=coinbase_spot_rest
2026-05-07 22:42:57,466 | INFO | Mushroom v28 BTC REST fallback refreshed stale tick | previous_age_ms=3015.0 threshold_ms=3000.0 source=coinbase_spot_rest
2026-05-07 22:42:58,402 | INFO | Heartbeat | watch=KXBTC15M-26MAY072245-45 yes_bid=99 yes_ask=100 no_bid=0 no_ask=1 book_ready=True position=False pending=False dry_run=False trust=synced run_id=0c537816-1a23-4029-8614-6f9ad93b8da2
2026-05-07 22:43:00,964 | INFO | Mushroom v28 BTC REST fallback refreshed stale tick | previous_age_ms=3015.0 threshold_ms=3000.0 source=coinbase_spot_rest
2026-05-07 22:43:04,522 | INFO | Mushroom v28 BTC REST fallback refreshed stale tick | previous_age_ms=3046.0 threshold_ms=3000.0 source=coinbase_spot_rest
2026-05-07 22:43:08,060 | INFO | Mushroom v28 BTC REST fallback refreshed stale tick | previous_age_ms=3063.0 threshold_ms=3000.0 source=coinbase_spot_rest
2026-05-07 22:43:11,591 | INFO | Mushroom v28 BTC REST fallback refreshed stale tick | previous_age_ms=3015.0 threshold_ms=3000.0 source=coinbase_spot_rest
2026-05-07 22:43:13,421 | INFO | Heartbeat | watch=KXBTC15M-26MAY072245-45 yes_bid=99 yes_ask=100 no_bid=0 no_ask=1 book_ready=True position=False pending=False dry_run=False trust=synced run_id=0c537816-1a23-4029-8614-6f9ad93b8da2
2026-05-07 22:43:15,181 | INFO | Mushroom v28 BTC REST fallback refreshed stale tick | previous_age_ms=3046.0 threshold_ms=3000.0 source=coinbase_spot_rest
2026-05-07 22:43:18,746 | INFO | Mushroom v28 BTC REST fallback refreshed stale tick | previous_age_ms=3031.0 threshold_ms=3000.0 source=coinbase_spot_rest
2026-05-07 22:43:22,359 | INFO | Mushroom v28 BTC REST fallback refreshed stale tick | previous_age_ms=3047.0 threshold_ms=3000.0 source=coinbase_spot_rest
2026-05-07 22:43:25,912 | INFO | Mushroom v28 BTC REST fallback refreshed stale tick | previous_age_ms=3063.0 threshold_ms=3000.0 source=coinbase_spot_rest
2026-05-07 22:43:28,428 | INFO | Heartbeat | watch=KXBTC15M-26MAY072245-45 yes_bid=99 yes_ask=100 no_bid=0 no_ask=1 book_ready=True position=False pending=False dry_run=False trust=synced run_id=0c537816-1a23-4029-8614-6f9ad93b8da2
2026-05-07 22:43:29,479 | INFO | Mushroom v28 BTC REST fallback refreshed stale tick | previous_age_ms=3047.0 threshold_ms=3000.0 source=coinbase_spot_rest
2026-05-07 22:43:33,065 | INFO | Mushroom v28 BTC REST fallback refreshed stale tick | previous_age_ms=3015.0 threshold_ms=3000.0 source=coinbase_spot_rest
2026-05-07 22:43:36,605 | INFO | Mushroom v28 BTC REST fallback refreshed stale tick | previous_age_ms=3016.0 threshold_ms=3000.0 source=coinbase_spot_rest
2026-05-07 22:43:40,173 | INFO | Mushroom v28 BTC REST fallback refreshed stale tick | previous_age_ms=3031.0 threshold_ms=3000.0 source=coinbase_spot_rest
2026-05-07 22:43:43,837 | INFO | Mushroom v28 BTC REST fallback refreshed stale tick | previous_age_ms=3047.0 threshold_ms=3000.0 source=coinbase_spot_rest
2026-05-07 22:43:43,851 | INFO | Heartbeat | watch=KXBTC15M-26MAY072245-45 yes_bid=100 yes_ask=100 no_bid=0 no_ask=0 book_ready=True position=False pending=False dry_run=False trust=synced run_id=0c537816-1a23-4029-8614-6f9ad93b8da2
2026-05-07 22:43:47,387 | INFO | Mushroom v28 BTC REST fallback refreshed stale tick | previous_age_ms=3047.0 threshold_ms=3000.0 source=coinbase_spot_rest
2026-05-07 22:43:50,980 | INFO | Mushroom v28 BTC REST fallback refreshed stale tick | previous_age_ms=3032.0 threshold_ms=3000.0 source=coinbase_spot_rest
2026-05-07 22:43:54,493 | INFO | Mushroom v28 BTC REST fallback refreshed stale tick | previous_age_ms=3031.0 threshold_ms=3000.0 source=coinbase_spot_rest
2026-05-07 22:43:58,077 | INFO | Mushroom v28 BTC REST fallback refreshed stale tick | previous_age_ms=3047.0 threshold_ms=3000.0 source=coinbase_spot_rest
2026-05-07 22:43:58,872 | INFO | Heartbeat | watch=KXBTC15M-26MAY072245-45 yes_bid=100 yes_ask=100 no_bid=0 no_ask=0 book_ready=True position=False pending=False dry_run=False trust=synced run_id=0c537816-1a23-4029-8614-6f9ad93b8da2
2026-05-07 22:44:01,676 | INFO | Mushroom v28 BTC REST fallback refreshed stale tick | previous_age_ms=3032.0 threshold_ms=3000.0 source=coinbase_spot_rest
2026-05-07 22:44:05,230 | INFO | Mushroom v28 BTC REST fallback refreshed stale tick | previous_age_ms=3047.0 threshold_ms=3000.0 source=coinbase_spot_rest
2026-05-07 22:44:08,752 | INFO | Mushroom v28 BTC REST fallback refreshed stale tick | previous_age_ms=3031.0 threshold_ms=3000.0 source=coinbase_spot_rest
2026-05-07 22:44:12,312 | INFO | Mushroom v28 BTC REST fallback refreshed stale tick | previous_age_ms=3047.0 threshold_ms=3000.0 source=coinbase_spot_rest
2026-05-07 22:44:13,887 | INFO | Heartbeat | watch=KXBTC15M-26MAY072245-45 yes_bid=100 yes_ask=100 no_bid=0 no_ask=0 book_ready=True position=False pending=False dry_run=False trust=synced run_id=0c537816-1a23-4029-8614-6f9ad93b8da2
2026-05-07 22:44:15,908 | INFO | Mushroom v28 BTC REST fallback refreshed stale tick | previous_age_ms=3063.0 threshold_ms=3000.0 source=coinbase_spot_rest
2026-05-07 22:44:19,482 | INFO | Mushroom v28 BTC REST fallback refreshed stale tick | previous_age_ms=3078.0 threshold_ms=3000.0 source=coinbase_spot_rest
2026-05-07 22:44:23,491 | INFO | Mushroom v28 BTC REST fallback refreshed stale tick | previous_age_ms=3031.0 threshold_ms=3000.0 source=coinbase_spot_rest
2026-05-07 22:44:27,494 | INFO | Mushroom v28 BTC REST fallback refreshed stale tick | previous_age_ms=3125.0 threshold_ms=3000.0 source=coinbase_spot_rest
2026-05-07 22:44:28,909 | INFO | Heartbeat | watch=KXBTC15M-26MAY072245-45 yes_bid=100 yes_ask=100 no_bid=0 no_ask=0 book_ready=True position=False pending=False dry_run=False trust=synced run_id=0c537816-1a23-4029-8614-6f9ad93b8da2
2026-05-07 22:44:31,599 | INFO | Mushroom v28 BTC REST fallback refreshed stale tick | previous_age_ms=3031.0 threshold_ms=3000.0 source=coinbase_spot_rest
2026-05-07 22:44:35,482 | INFO | Mushroom v28 BTC REST fallback refreshed stale tick | previous_age_ms=3031.0 threshold_ms=3000.0 source=coinbase_spot_rest
2026-05-07 22:44:40,007 | INFO | Mushroom v28 BTC REST fallback refreshed stale tick | previous_age_ms=3063.0 threshold_ms=3000.0 source=coinbase_spot_rest
2026-05-07 22:44:43,896 | INFO | Mushroom v28 BTC REST fallback refreshed stale tick | previous_age_ms=3031.0 threshold_ms=3000.0 source=coinbase_spot_rest
2026-05-07 22:44:43,907 | INFO | Heartbeat | watch=KXBTC15M-26MAY072245-45 yes_bid=100 yes_ask=100 no_bid=0 no_ask=0 book_ready=True position=False pending=False dry_run=False trust=synced run_id=0c537816-1a23-4029-8614-6f9ad93b8da2
2026-05-07 22:44:48,014 | INFO | Mushroom v28 BTC REST fallback refreshed stale tick | previous_age_ms=3063.0 threshold_ms=3000.0 source=coinbase_spot_rest
2026-05-07 22:44:52,037 | INFO | Mushroom v28 BTC REST fallback refreshed stale tick | previous_age_ms=3063.0 threshold_ms=3000.0 source=coinbase_spot_rest
2026-05-07 22:44:56,016 | INFO | Mushroom v28 BTC REST fallback refreshed stale tick | previous_age_ms=3031.0 threshold_ms=3000.0 source=coinbase_spot_rest
2026-05-07 22:44:58,920 | INFO | Heartbeat | watch=KXBTC15M-26MAY072245-45 yes_bid=100 yes_ask=100 no_bid=0 no_ask=0 book_ready=True position=False pending=False dry_run=False trust=synced run_id=0c537816-1a23-4029-8614-6f9ad93b8da2
2026-05-07 22:44:59,883 | INFO | Mushroom v28 BTC REST fallback refreshed stale tick | previous_age_ms=3047.0 threshold_ms=3000.0 source=coinbase_spot_rest
2026-05-07 22:45:03,860 | INFO | Mushroom v28 BTC REST fallback refreshed stale tick | previous_age_ms=3031.0 threshold_ms=3000.0 source=coinbase_spot_rest
2026-05-07 22:45:06,771 | INFO | Orderbook snapshot ready for KXBTC15M-26MAY072245-45
2026-05-07 22:45:07,793 | INFO | Mushroom v28 BTC REST fallback refreshed stale tick | previous_age_ms=3031.0 threshold_ms=3000.0 source=coinbase_spot_rest
2026-05-07 22:45:11,410 | INFO | Mushroom v28 BTC REST fallback refreshed stale tick | previous_age_ms=3063.0 threshold_ms=3000.0 source=coinbase_spot_rest
2026-05-07 22:45:13,955 | INFO | Heartbeat | watch=KXBTC15M-26MAY072245-45 yes_bid=0 yes_ask=100 no_bid=0 no_ask=100 book_ready=True position=False pending=False dry_run=False trust=synced run_id=0c537816-1a23-4029-8614-6f9ad93b8da2
2026-05-07 22:45:14,937 | INFO | Mushroom v28 BTC REST fallback refreshed stale tick | previous_age_ms=3016.0 threshold_ms=3000.0 source=coinbase_spot_rest
2026-05-07 22:45:18,516 | INFO | Mushroom v28 BTC REST fallback refreshed stale tick | previous_age_ms=3031.0 threshold_ms=3000.0 source=coinbase_spot_rest
2026-05-07 22:45:22,049 | INFO | Mushroom v28 BTC REST fallback refreshed stale tick | previous_age_ms=3016.0 threshold_ms=3000.0 source=coinbase_spot_rest
2026-05-07 22:45:25,656 | INFO | Mushroom v28 BTC REST fallback refreshed stale tick | previous_age_ms=3062.0 threshold_ms=3000.0 source=coinbase_spot_rest
2026-05-07 22:45:29,159 | INFO | Mushroom v28 BTC REST fallback refreshed stale tick | previous_age_ms=3032.0 threshold_ms=3000.0 source=coinbase_spot_rest
2026-05-07 22:45:29,175 | INFO | Heartbeat | watch=KXBTC15M-26MAY072245-45 yes_bid=0 yes_ask=100 no_bid=0 no_ask=100 book_ready=True position=False pending=False dry_run=False trust=synced run_id=0c537816-1a23-4029-8614-6f9ad93b8da2
2026-05-07 22:45:30,328 | INFO | Watching market KXBTC15M-26MAY072300-00 close_time=2026-05-08T03:00:00Z status=active strike=79539.83 run_id=0c537816-1a23-4029-8614-6f9ad93b8da2
2026-05-07 22:45:30,517 | INFO | WS connected for KXBTC15M-26MAY072300-00
2026-05-07 22:45:30,550 | INFO | WS subscribed payload: {'type': 'subscribed', 'id': 3, 'msg': {'channel': 'ticker', 'sid': 1}}
2026-05-07 22:45:30,550 | INFO | WS subscribed payload: {'type': 'subscribed', 'id': 3, 'msg': {'channel': 'orderbook_delta', 'sid': 2}}
2026-05-07 22:45:30,550 | INFO | Orderbook snapshot ready for KXBTC15M-26MAY072300-00
2026-05-07 22:45:32,803 | INFO | Mushroom v28 BTC REST fallback refreshed stale tick | previous_age_ms=3031.0 threshold_ms=3000.0 source=coinbase_spot_rest
2026-05-07 22:45:36,331 | INFO | Mushroom v28 BTC REST fallback refreshed stale tick | previous_age_ms=3015.0 threshold_ms=3000.0 source=coinbase_spot_rest
2026-05-07 22:45:39,860 | INFO | Mushroom v28 BTC REST fallback refreshed stale tick | previous_age_ms=3016.0 threshold_ms=3000.0 source=coinbase_spot_rest
2026-05-07 22:45:43,469 | INFO | Mushroom v28 BTC REST fallback refreshed stale tick | previous_age_ms=3062.0 threshold_ms=3000.0 source=coinbase_spot_rest
2026-05-07 22:45:44,193 | INFO | Heartbeat | watch=KXBTC15M-26MAY072300-00 yes_bid=49 yes_ask=51 no_bid=49 no_ask=51 book_ready=True position=False pending=False dry_run=False trust=synced run_id=0c537816-1a23-4029-8614-6f9ad93b8da2
2026-05-07 22:45:47,151 | INFO | Mushroom v28 BTC REST fallback refreshed stale tick | previous_age_ms=3031.0 threshold_ms=3000.0 source=coinbase_spot_rest
2026-05-07 22:45:50,814 | INFO | Mushroom v28 BTC REST fallback refreshed stale tick | previous_age_ms=3031.0 threshold_ms=3000.0 source=coinbase_spot_rest
2026-05-07 22:45:54,369 | INFO | Mushroom v28 BTC REST fallback refreshed stale tick | previous_age_ms=3032.0 threshold_ms=3000.0 source=coinbase_spot_rest
2026-05-07 22:45:57,919 | INFO | Mushroom v28 BTC REST fallback refreshed stale tick | previous_age_ms=3063.0 threshold_ms=3000.0 source=coinbase_spot_rest
2026-05-07 22:45:59,198 | INFO | Heartbeat | watch=KXBTC15M-26MAY072300-00 yes_bid=51 yes_ask=52 no_bid=48 no_ask=49 book_ready=True position=False pending=False dry_run=False trust=synced run_id=0c537816-1a23-4029-8614-6f9ad93b8da2
2026-05-07 22:46:01,494 | INFO | Mushroom v28 BTC REST fallback refreshed stale tick | previous_age_ms=3047.0 threshold_ms=3000.0 source=coinbase_spot_rest
2026-05-07 22:46:05,036 | INFO | Mushroom v28 BTC REST fallback refreshed stale tick | previous_age_ms=3063.0 threshold_ms=3000.0 source=coinbase_spot_rest
2026-05-07 22:46:08,553 | INFO | Mushroom v28 BTC REST fallback refreshed stale tick | previous_age_ms=3031.0 threshold_ms=3000.0 source=coinbase_spot_rest
2026-05-07 22:46:12,195 | INFO | Mushroom v28 BTC REST fallback refreshed stale tick | previous_age_ms=3047.0 threshold_ms=3000.0 source=coinbase_spot_rest
2026-05-07 22:46:14,248 | INFO | Heartbeat | watch=KXBTC15M-26MAY072300-00 yes_bid=58 yes_ask=60 no_bid=40 no_ask=42 book_ready=True position=False pending=False dry_run=False trust=synced run_id=0c537816-1a23-4029-8614-6f9ad93b8da2
2026-05-07 22:46:15,769 | INFO | Mushroom v28 BTC REST fallback refreshed stale tick | previous_age_ms=3032.0 threshold_ms=3000.0 source=coinbase_spot_rest
2026-05-07 22:46:19,387 | INFO | Mushroom v28 BTC REST fallback refreshed stale tick | previous_age_ms=3015.0 threshold_ms=3000.0 source=coinbase_spot_rest
2026-05-07 22:46:22,912 | INFO | Mushroom v28 BTC REST fallback refreshed stale tick | previous_age_ms=3063.0 threshold_ms=3000.0 source=coinbase_spot_rest
2026-05-07 22:46:26,562 | INFO | Mushroom v28 BTC REST fallback refreshed stale tick | previous_age_ms=3063.0 threshold_ms=3000.0 source=coinbase_spot_rest
2026-05-07 22:46:29,268 | INFO | Heartbeat | watch=KXBTC15M-26MAY072300-00 yes_bid=59 yes_ask=60 no_bid=40 no_ask=41 book_ready=True position=False pending=False dry_run=False trust=synced run_id=0c537816-1a23-4029-8614-6f9ad93b8da2
2026-05-07 22:46:30,082 | INFO | Mushroom v28 BTC REST fallback refreshed stale tick | previous_age_ms=3015.0 threshold_ms=3000.0 source=coinbase_spot_rest
2026-05-07 22:46:33,630 | INFO | Mushroom v28 BTC REST fallback refreshed stale tick | previous_age_ms=3062.0 threshold_ms=3000.0 source=coinbase_spot_rest
2026-05-07 22:46:37,130 | INFO | Mushroom v28 BTC REST fallback refreshed stale tick | previous_age_ms=3015.0 threshold_ms=3000.0 source=coinbase_spot_rest
2026-05-07 22:46:40,667 | INFO | Mushroom v28 BTC REST fallback refreshed stale tick | previous_age_ms=3031.0 threshold_ms=3000.0 source=coinbase_spot_rest
2026-05-07 22:46:44,140 | INFO | Mushroom v28 BTC REST fallback refreshed stale tick | previous_age_ms=3016.0 threshold_ms=3000.0 source=coinbase_spot_rest
2026-05-07 22:46:44,304 | INFO | Heartbeat | watch=KXBTC15M-26MAY072300-00 yes_bid=63 yes_ask=64 no_bid=36 no_ask=37 book_ready=True position=False pending=False dry_run=False trust=synced run_id=0c537816-1a23-4029-8614-6f9ad93b8da2
2026-05-07 22:46:47,842 | INFO | Mushroom v28 BTC REST fallback refreshed stale tick | previous_age_ms=3016.0 threshold_ms=3000.0 source=coinbase_spot_rest
2026-05-07 22:46:51,475 | INFO | Mushroom v28 BTC REST fallback refreshed stale tick | previous_age_ms=3015.0 threshold_ms=3000.0 source=coinbase_spot_rest
2026-05-07 22:46:55,062 | INFO | Mushroom v28 BTC REST fallback refreshed stale tick | previous_age_ms=3015.0 threshold_ms=3000.0 source=coinbase_spot_rest
2026-05-07 22:46:58,577 | INFO | Mushroom v28 BTC REST fallback refreshed stale tick | previous_age_ms=3032.0 threshold_ms=3000.0 source=coinbase_spot_rest
2026-05-07 22:46:59,327 | INFO | Heartbeat | watch=KXBTC15M-26MAY072300-00 yes_bid=66 yes_ask=67 no_bid=33 no_ask=34 book_ready=True position=False pending=False dry_run=False trust=synced run_id=0c537816-1a23-4029-8614-6f9ad93b8da2
2026-05-07 22:47:02,102 | INFO | Mushroom v28 BTC REST fallback refreshed stale tick | previous_age_ms=3032.0 threshold_ms=3000.0 source=coinbase_spot_rest
2026-05-07 22:47:05,622 | INFO | Mushroom v28 BTC REST fallback refreshed stale tick | previous_age_ms=3046.0 threshold_ms=3000.0 source=coinbase_spot_rest
2026-05-07 22:47:09,090 | INFO | Mushroom v28 BTC REST fallback refreshed stale tick | previous_age_ms=3015.0 threshold_ms=3000.0 source=coinbase_spot_rest
2026-05-07 22:47:12,631 | INFO | Mushroom v28 BTC REST fallback refreshed stale tick | previous_age_ms=3046.0 threshold_ms=3000.0 source=coinbase_spot_rest
2026-05-07 22:47:14,323 | INFO | Heartbeat | watch=KXBTC15M-26MAY072300-00 yes_bid=58 yes_ask=59 no_bid=41 no_ask=42 book_ready=True position=False pending=False dry_run=False trust=synced run_id=0c537816-1a23-4029-8614-6f9ad93b8da2
2026-05-07 22:47:16,188 | INFO | Mushroom v28 BTC REST fallback refreshed stale tick | previous_age_ms=3031.0 threshold_ms=3000.0 source=coinbase_spot_rest
2026-05-07 22:47:19,738 | INFO | Mushroom v28 BTC REST fallback refreshed stale tick | previous_age_ms=3047.0 threshold_ms=3000.0 source=coinbase_spot_rest
2026-05-07 22:47:23,306 | INFO | Mushroom v28 BTC REST fallback refreshed stale tick | previous_age_ms=3047.0 threshold_ms=3000.0 source=coinbase_spot_rest
2026-05-07 22:47:26,898 | INFO | Mushroom v28 BTC REST fallback refreshed stale tick | previous_age_ms=3047.0 threshold_ms=3000.0 source=coinbase_spot_rest
2026-05-07 22:47:29,369 | INFO | Heartbeat | watch=KXBTC15M-26MAY072300-00 yes_bid=46 yes_ask=47 no_bid=53 no_ask=54 book_ready=True position=False pending=False dry_run=False trust=synced run_id=0c537816-1a23-4029-8614-6f9ad93b8da2
2026-05-07 22:47:30,444 | INFO | Mushroom v28 BTC REST fallback refreshed stale tick | previous_age_ms=3047.0 threshold_ms=3000.0 source=coinbase_spot_rest
2026-05-07 22:47:33,952 | INFO | Mushroom v28 BTC REST fallback refreshed stale tick | previous_age_ms=3016.0 threshold_ms=3000.0 source=coinbase_spot_rest
2026-05-07 22:47:37,520 | INFO | Mushroom v28 BTC REST fallback refreshed stale tick | previous_age_ms=3062.0 threshold_ms=3000.0 source=coinbase_spot_rest
2026-05-07 22:47:41,189 | INFO | Mushroom v28 BTC REST fallback refreshed stale tick | previous_age_ms=3016.0 threshold_ms=3000.0 source=coinbase_spot_rest
2026-05-07 22:47:44,807 | INFO | Mushroom v28 BTC REST fallback refreshed stale tick | previous_age_ms=3063.0 threshold_ms=3000.0 source=coinbase_spot_rest
2026-05-07 22:47:44,816 | INFO | Heartbeat | watch=KXBTC15M-26MAY072300-00 yes_bid=46 yes_ask=47 no_bid=53 no_ask=54 book_ready=True position=False pending=False dry_run=False trust=synced run_id=0c537816-1a23-4029-8614-6f9ad93b8da2
2026-05-07 22:47:48,472 | INFO | Mushroom v28 BTC REST fallback refreshed stale tick | previous_age_ms=3047.0 threshold_ms=3000.0 source=coinbase_spot_rest
2026-05-07 22:47:52,044 | INFO | Mushroom v28 BTC REST fallback refreshed stale tick | previous_age_ms=3015.0 threshold_ms=3000.0 source=coinbase_spot_rest
2026-05-07 22:47:55,951 | INFO | Mushroom v28 BTC REST fallback refreshed stale tick | previous_age_ms=3047.0 threshold_ms=3000.0 source=coinbase_spot_rest
2026-05-07 22:47:59,531 | INFO | Mushroom v28 BTC REST fallback refreshed stale tick | previous_age_ms=3078.0 threshold_ms=3000.0 source=coinbase_spot_rest
2026-05-07 22:47:59,815 | INFO | Heartbeat | watch=KXBTC15M-26MAY072300-00 yes_bid=43 yes_ask=45 no_bid=55 no_ask=57 book_ready=True position=False pending=False dry_run=False trust=synced run_id=0c537816-1a23-4029-8614-6f9ad93b8da2
2026-05-07 22:48:03,139 | INFO | Mushroom v28 BTC REST fallback refreshed stale tick | previous_age_ms=3047.0 threshold_ms=3000.0 source=coinbase_spot_rest
2026-05-07 22:48:06,705 | INFO | Mushroom v28 BTC REST fallback refreshed stale tick | previous_age_ms=3047.0 threshold_ms=3000.0 source=coinbase_spot_rest
2026-05-07 22:48:10,282 | INFO | Mushroom v28 BTC REST fallback refreshed stale tick | previous_age_ms=3047.0 threshold_ms=3000.0 source=coinbase_spot_rest
2026-05-07 22:48:13,800 | INFO | Mushroom v28 BTC REST fallback refreshed stale tick | previous_age_ms=3032.0 threshold_ms=3000.0 source=coinbase_spot_rest
2026-05-07 22:48:14,813 | INFO | Heartbeat | watch=KXBTC15M-26MAY072300-00 yes_bid=49 yes_ask=50 no_bid=50 no_ask=51 book_ready=True position=False pending=False dry_run=False trust=synced run_id=0c537816-1a23-4029-8614-6f9ad93b8da2
2026-05-07 22:48:17,401 | INFO | Mushroom v28 BTC REST fallback refreshed stale tick | previous_age_ms=3015.0 threshold_ms=3000.0 source=coinbase_spot_rest
2026-05-07 22:48:20,933 | INFO | Mushroom v28 BTC REST fallback refreshed stale tick | previous_age_ms=3063.0 threshold_ms=3000.0 source=coinbase_spot_rest
2026-05-07 22:48:24,539 | INFO | Mushroom v28 BTC REST fallback refreshed stale tick | previous_age_ms=3016.0 threshold_ms=3000.0 source=coinbase_spot_rest
2026-05-07 22:48:28,085 | INFO | Mushroom v28 BTC REST fallback refreshed stale tick | previous_age_ms=3047.0 threshold_ms=3000.0 source=coinbase_spot_rest
2026-05-07 22:48:29,820 | INFO | Heartbeat | watch=KXBTC15M-26MAY072300-00 yes_bid=50 yes_ask=52 no_bid=48 no_ask=50 book_ready=True position=False pending=False dry_run=False trust=synced run_id=0c537816-1a23-4029-8614-6f9ad93b8da2
2026-05-07 22:48:31,670 | INFO | Mushroom v28 BTC REST fallback refreshed stale tick | previous_age_ms=3016.0 threshold_ms=3000.0 source=coinbase_spot_rest
2026-05-07 22:48:35,193 | INFO | Mushroom v28 BTC REST fallback refreshed stale tick | previous_age_ms=3016.0 threshold_ms=3000.0 source=coinbase_spot_rest
2026-05-07 22:48:38,874 | INFO | Mushroom v28 BTC REST fallback refreshed stale tick | previous_age_ms=3016.0 threshold_ms=3000.0 source=coinbase_spot_rest
2026-05-07 22:48:42,432 | INFO | Mushroom v28 BTC REST fallback refreshed stale tick | previous_age_ms=3047.0 threshold_ms=3000.0 source=coinbase_spot_rest
2026-05-07 22:48:44,852 | INFO | Heartbeat | watch=KXBTC15M-26MAY072300-00 yes_bid=57 yes_ask=58 no_bid=42 no_ask=43 book_ready=True position=False pending=False dry_run=False trust=synced run_id=0c537816-1a23-4029-8614-6f9ad93b8da2
2026-05-07 22:48:45,953 | INFO | Mushroom v28 BTC REST fallback refreshed stale tick | previous_age_ms=3031.0 threshold_ms=3000.0 source=coinbase_spot_rest
