2026-05-18 01:40:22.361 Uncaught app execution
Traceback (most recent call last):
  File "C:\Users\organ\AppData\Roaming\Python\Python312\site-packages\streamlit\runtime\scriptrunner\exec_code.py", line 121, in exec_func_with_error_handling
    result = func()
             ^^^^^^
  File "C:\Users\organ\AppData\Roaming\Python\Python312\site-packages\streamlit\runtime\scriptrunner\script_runner.py", line 591, in code_to_exec
    exec(code, module.__dict__)
  File "C:\Users\organ\Desktop\KALSHI PROBABILITY MODEL BOT\project_os_dashboard.py", line 16, in <module>
    main()
  File "C:\Users\organ\Desktop\KALSHI PROBABILITY MODEL BOT\project_os_dashboard.py", line 12, in main
    render_dashboard(ROOT)
  File "C:\Users\organ\Desktop\KALSHI PROBABILITY MODEL BOT\project_os\views\dashboard_views.py", line 1774, in render_dashboard
    _render_pattern_cartography(registry)
  File "C:\Users\organ\Desktop\KALSHI PROBABILITY MODEL BOT\project_os\views\dashboard_views.py", line 1255, in _render_pattern_cartography
    cards = _pattern_table("research_move_cards", registry, frontier_cards(registry))
                                                            ^^^^^^^^^^^^^^^^^^^^^^^^
  File "C:\Users\organ\Desktop\KALSHI PROBABILITY MODEL BOT\project_os\patterns.py", line 942, in frontier_cards
    return research_move_cards(registry)[:9]
           ^^^^^^^^^^^^^^^^^^^^^^^^^^^^^
  File "C:\Users\organ\Desktop\KALSHI PROBABILITY MODEL BOT\project_os\patterns.py", line 903, in research_move_cards
    "Evidence": f"{row['Forward Evidence']} forward | {row['Live Evidence']} live",
                   ~~~^^^^^^^^^^^^^^^^^^^^
KeyError: 'Forward Evidence'
2026-05-18 01:40:22.640 Uncaught app execution
Traceback (most recent call last):
  File "C:\Users\organ\AppData\Roaming\Python\Python312\site-packages\streamlit\runtime\scriptrunner\exec_code.py", line 121, in exec_func_with_error_handling
    result = func()
             ^^^^^^
  File "C:\Users\organ\AppData\Roaming\Python\Python312\site-packages\streamlit\runtime\scriptrunner\script_runner.py", line 591, in code_to_exec
    exec(code, module.__dict__)
  File "C:\Users\organ\Desktop\KALSHI PROBABILITY MODEL BOT\project_os_dashboard.py", line 16, in <module>
    main()
  File "C:\Users\organ\Desktop\KALSHI PROBABILITY MODEL BOT\project_os_dashboard.py", line 12, in main
    render_dashboard(ROOT)
  File "C:\Users\organ\Desktop\KALSHI PROBABILITY MODEL BOT\project_os\views\dashboard_views.py", line 1774, in render_dashboard
    _render_pattern_cartography(registry)
  File "C:\Users\organ\Desktop\KALSHI PROBABILITY MODEL BOT\project_os\views\dashboard_views.py", line 1255, in _render_pattern_cartography
    cards = _pattern_table("research_move_cards", registry, frontier_cards(registry))
                                                            ^^^^^^^^^^^^^^^^^^^^^^^^
  File "C:\Users\organ\Desktop\KALSHI PROBABILITY MODEL BOT\project_os\patterns.py", line 942, in frontier_cards
    return research_move_cards(registry)[:9]
           ^^^^^^^^^^^^^^^^^^^^^^^^^^^^^
  File "C:\Users\organ\Desktop\KALSHI PROBABILITY MODEL BOT\project_os\patterns.py", line 903, in research_move_cards
    "Evidence": f"{row['Forward Evidence']} forward | {row['Live Evidence']} live",
                   ~~~^^^^^^^^^^^^^^^^^^^^
KeyError: 'Forward Evidence'
2026-05-18 01:40:47.688 Uncaught app execution
Traceback (most recent call last):
  File "C:\Users\organ\AppData\Roaming\Python\Python312\site-packages\streamlit\runtime\scriptrunner\exec_code.py", line 121, in exec_func_with_error_handling
    result = func()
             ^^^^^^
  File "C:\Users\organ\AppData\Roaming\Python\Python312\site-packages\streamlit\runtime\scriptrunner\script_runner.py", line 591, in code_to_exec
    exec(code, module.__dict__)
  File "C:\Users\organ\Desktop\KALSHI PROBABILITY MODEL BOT\project_os_dashboard.py", line 16, in <module>
    main()
  File "C:\Users\organ\Desktop\KALSHI PROBABILITY MODEL BOT\project_os_dashboard.py", line 12, in main
    render_dashboard(ROOT)
  File "C:\Users\organ\Desktop\KALSHI PROBABILITY MODEL BOT\project_os\views\dashboard_views.py", line 1774, in render_dashboard
    _render_pattern_cartography(registry)
  File "C:\Users\organ\Desktop\KALSHI PROBABILITY MODEL BOT\project_os\views\dashboard_views.py", line 1255, in _render_pattern_cartography
    cards = _pattern_table("research_move_cards", registry, frontier_cards(registry))
                                                            ^^^^^^^^^^^^^^^^^^^^^^^^
  File "C:\Users\organ\Desktop\KALSHI PROBABILITY MODEL BOT\project_os\patterns.py", line 945, in frontier_cards
    return research_move_cards(registry)[:9]
           ^^^^^^^^^^^^^^^^^^^^^^^^^^^^^
  File "C:\Users\organ\Desktop\KALSHI PROBABILITY MODEL BOT\project_os\patterns.py", line 906, in research_move_cards
    "Evidence": f"{row['Forward Evidence']} forward | {row['Live Evidence']} live",
                   ~~~^^^^^^^^^^^^^^^^^^^^
KeyError: 'Forward Evidence'
2026-05-18 01:40:47.776 Uncaught app execution
Traceback (most recent call last):
  File "C:\Users\organ\AppData\Roaming\Python\Python312\site-packages\streamlit\runtime\scriptrunner\exec_code.py", line 121, in exec_func_with_error_handling
    result = func()
             ^^^^^^
  File "C:\Users\organ\AppData\Roaming\Python\Python312\site-packages\streamlit\runtime\scriptrunner\script_runner.py", line 591, in code_to_exec
    exec(code, module.__dict__)
  File "C:\Users\organ\Desktop\KALSHI PROBABILITY MODEL BOT\project_os_dashboard.py", line 16, in <module>
    main()
  File "C:\Users\organ\Desktop\KALSHI PROBABILITY MODEL BOT\project_os_dashboard.py", line 12, in main
    render_dashboard(ROOT)
  File "C:\Users\organ\Desktop\KALSHI PROBABILITY MODEL BOT\project_os\views\dashboard_views.py", line 1774, in render_dashboard
    _render_pattern_cartography(registry)
  File "C:\Users\organ\Desktop\KALSHI PROBABILITY MODEL BOT\project_os\views\dashboard_views.py", line 1255, in _render_pattern_cartography
    cards = _pattern_table("research_move_cards", registry, frontier_cards(registry))
                                                            ^^^^^^^^^^^^^^^^^^^^^^^^
  File "C:\Users\organ\Desktop\KALSHI PROBABILITY MODEL BOT\project_os\patterns.py", line 945, in frontier_cards
    return research_move_cards(registry)[:9]
           ^^^^^^^^^^^^^^^^^^^^^^^^^^^^^
  File "C:\Users\organ\Desktop\KALSHI PROBABILITY MODEL BOT\project_os\patterns.py", line 906, in research_move_cards
    "Evidence": f"{row['Forward Evidence']} forward | {row['Live Evidence']} live",
                   ~~~^^^^^^^^^^^^^^^^^^^^
KeyError: 'Forward Evidence'
2026-05-18 09:36:14.888 Uncaught app execution
Traceback (most recent call last):
  File "C:\Users\organ\AppData\Roaming\Python\Python312\site-packages\streamlit\runtime\scriptrunner\exec_code.py", line 121, in exec_func_with_error_handling
    result = func()
             ^^^^^^
  File "C:\Users\organ\AppData\Roaming\Python\Python312\site-packages\streamlit\runtime\scriptrunner\script_runner.py", line 591, in code_to_exec
    exec(code, module.__dict__)
  File "C:\Users\organ\Desktop\KALSHI PROBABILITY MODEL BOT\project_os_dashboard.py", line 5, in <module>
    from project_os.views import render_dashboard
  File "C:\Users\organ\Desktop\KALSHI PROBABILITY MODEL BOT\project_os\__init__.py", line 3, in <module>
    from .registry import build_registry, load_or_build_registry, load_registry
  File "C:\Users\organ\Desktop\KALSHI PROBABILITY MODEL BOT\project_os\registry.py", line 7, in <module>
    from project_os.adapters import ALL_ADAPTERS
  File "C:\Users\organ\Desktop\KALSHI PROBABILITY MODEL BOT\project_os\__init__.py", line 3, in <module>
    from .registry import build_registry, load_or_build_registry, load_registry
ImportError: cannot import name 'build_registry' from partially initialized module 'project_os.registry' (most likely due to a circular import) (C:\Users\organ\Desktop\KALSHI PROBABILITY MODEL BOT\project_os\registry.py). Did you mean: 'load_registry'?
2026-05-18 09:42:11.176 Uncaught app execution
Traceback (most recent call last):
  File "C:\Users\organ\AppData\Roaming\Python\Python312\site-packages\streamlit\runtime\scriptrunner\exec_code.py", line 121, in exec_func_with_error_handling
    result = func()
             ^^^^^^
  File "C:\Users\organ\AppData\Roaming\Python\Python312\site-packages\streamlit\runtime\scriptrunner\script_runner.py", line 591, in code_to_exec
    exec(code, module.__dict__)
  File "C:\Users\organ\Desktop\KALSHI PROBABILITY MODEL BOT\project_os_dashboard.py", line 5, in <module>
    from project_os.views import render_dashboard
  File "C:\Users\organ\Desktop\KALSHI PROBABILITY MODEL BOT\project_os\__init__.py", line 3, in <module>
    from .registry import build_registry, load_or_build_registry, load_registry
  File "C:\Users\organ\Desktop\KALSHI PROBABILITY MODEL BOT\project_os\registry.py", line 7, in <module>
    from project_os.adapters import ALL_ADAPTERS
  File "C:\Users\organ\Desktop\KALSHI PROBABILITY MODEL BOT\project_os\adapters\__init__.py", line 1, in <module>
    from .archive_adapter import scan as scan_archives
  File "C:\Users\organ\Desktop\KALSHI PROBABILITY MODEL BOT\project_os\adapters\archive_adapter.py", line 5, in <module>
    from project_os.curation import Overrides
  File "C:\Users\organ\Desktop\KALSHI PROBABILITY MODEL BOT\project_os\__init__.py", line 3, in <module>
    from .registry import build_registry, load_or_build_registry, load_registry
  File "C:\Users\organ\Desktop\KALSHI PROBABILITY MODEL BOT\project_os\registry.py", line 7, in <module>
    from project_os.adapters import ALL_ADAPTERS
  File "C:\Users\organ\Desktop\KALSHI PROBABILITY MODEL BOT\project_os\adapters\__init__.py", line 1, in <module>
    from .archive_adapter import scan as scan_archives
ImportError: cannot import name 'scan' from partially initialized module 'project_os.adapters.archive_adapter' (most likely due to a circular import) (C:\Users\organ\Desktop\KALSHI PROBABILITY MODEL BOT\project_os\adapters\archive_adapter.py)
2026-05-18 09:42:36.136 Uncaught app execution
Traceback (most recent call last):
  File "C:\Users\organ\AppData\Roaming\Python\Python312\site-packages\streamlit\runtime\scriptrunner\exec_code.py", line 121, in exec_func_with_error_handling
    result = func()
             ^^^^^^
  File "C:\Users\organ\AppData\Roaming\Python\Python312\site-packages\streamlit\runtime\scriptrunner\script_runner.py", line 591, in code_to_exec
    exec(code, module.__dict__)
  File "C:\Users\organ\Desktop\KALSHI PROBABILITY MODEL BOT\project_os_dashboard.py", line 5, in <module>
    from project_os.views import render_dashboard
  File "C:\Users\organ\Desktop\KALSHI PROBABILITY MODEL BOT\project_os\__init__.py", line 3, in <module>
    from .registry import build_registry, load_or_build_registry, load_registry
  File "C:\Users\organ\Desktop\KALSHI PROBABILITY MODEL BOT\project_os\registry.py", line 7, in <module>
    from project_os.adapters import ALL_ADAPTERS
  File "C:\Users\organ\Desktop\KALSHI PROBABILITY MODEL BOT\project_os\adapters\__init__.py", line 1, in <module>
    from .archive_adapter import scan as scan_archives
  File "C:\Users\organ\Desktop\KALSHI PROBABILITY MODEL BOT\project_os\adapters\archive_adapter.py", line 5, in <module>
    from project_os.curation import Overrides
  File "C:\Users\organ\Desktop\KALSHI PROBABILITY MODEL BOT\project_os\__init__.py", line 3, in <module>
    from .registry import build_registry, load_or_build_registry, load_registry
  File "C:\Users\organ\Desktop\KALSHI PROBABILITY MODEL BOT\project_os\registry.py", line 7, in <module>
    from project_os.adapters import ALL_ADAPTERS
ImportError: cannot import name 'ALL_ADAPTERS' from partially initialized module 'project_os.adapters' (most likely due to a circular import) (C:\Users\organ\Desktop\KALSHI PROBABILITY MODEL BOT\project_os\adapters\__init__.py)
2026-05-18 09:43:23.456 Uncaught app execution
Traceback (most recent call last):
  File "C:\Users\organ\AppData\Roaming\Python\Python312\site-packages\streamlit\runtime\scriptrunner\exec_code.py", line 121, in exec_func_with_error_handling
    result = func()
             ^^^^^^
  File "C:\Users\organ\AppData\Roaming\Python\Python312\site-packages\streamlit\runtime\scriptrunner\script_runner.py", line 591, in code_to_exec
    exec(code, module.__dict__)
  File "C:\Users\organ\Desktop\KALSHI PROBABILITY MODEL BOT\project_os_dashboard.py", line 5, in <module>
    from project_os.views import render_dashboard
  File "C:\Users\organ\Desktop\KALSHI PROBABILITY MODEL BOT\project_os\__init__.py", line 3, in <module>
    from .registry import build_registry, load_or_build_registry, load_registry
  File "C:\Users\organ\Desktop\KALSHI PROBABILITY MODEL BOT\project_os\registry.py", line 7, in <module>
    from project_os.adapters import ALL_ADAPTERS
  File "C:\Users\organ\Desktop\KALSHI PROBABILITY MODEL BOT\project_os\__init__.py", line 3, in <module>
    from .registry import build_registry, load_or_build_registry, load_registry
  File "C:\Users\organ\Desktop\KALSHI PROBABILITY MODEL BOT\project_os\registry.py", line 7, in <module>
    from project_os.adapters import ALL_ADAPTERS
  File "C:\Users\organ\Desktop\KALSHI PROBABILITY MODEL BOT\project_os\adapters\__init__.py", line 1, in <module>
    from .archive_adapter import scan as scan_archives
  File "C:\Users\organ\Desktop\KALSHI PROBABILITY MODEL BOT\project_os\adapters\archive_adapter.py", line 6, in <module>
    from project_os.family import infer_family
  File "<frozen importlib._bootstrap>", line 1360, in _find_and_load
  File "<frozen importlib._bootstrap>", line 1337, in _find_and_load_unlocked
KeyError: 'project_os'
2026-05-18 10:08:22.467 Uncaught app execution
Traceback (most recent call last):
  File "C:\Users\organ\AppData\Roaming\Python\Python312\site-packages\streamlit\runtime\scriptrunner\exec_code.py", line 121, in exec_func_with_error_handling
    result = func()
             ^^^^^^
  File "C:\Users\organ\AppData\Roaming\Python\Python312\site-packages\streamlit\runtime\scriptrunner\script_runner.py", line 591, in code_to_exec
    exec(code, module.__dict__)
  File "C:\Users\organ\Desktop\KALSHI PROBABILITY MODEL BOT\project_os_dashboard.py", line 5, in <module>
    from project_os.views import render_dashboard
  File "C:\Users\organ\Desktop\KALSHI PROBABILITY MODEL BOT\project_os\__init__.py", line 3, in <module>
    from .registry import build_registry, load_or_build_registry, load_registry
  File "C:\Users\organ\Desktop\KALSHI PROBABILITY MODEL BOT\project_os\registry.py", line 7, in <module>
    from project_os.adapters import ALL_ADAPTERS
  File "C:\Users\organ\Desktop\KALSHI PROBABILITY MODEL BOT\project_os\adapters\__init__.py", line 1, in <module>
    from .archive_adapter import scan as scan_archives
  File "C:\Users\organ\Desktop\KALSHI PROBABILITY MODEL BOT\project_os\adapters\archive_adapter.py", line 5, in <module>
    from project_os.curation import Overrides
  File "C:\Users\organ\Desktop\KALSHI PROBABILITY MODEL BOT\project_os\curation.py", line 20, in <module>
    @dataclass(slots=True)
     ^^^^^^^^^^^^^^^^^^^^^
  File "C:\Python312\Lib\dataclasses.py", line 1265, in wrap
    return _process_class(cls, init, repr, eq, order, unsafe_hash,
           ^^^^^^^^^^^^^^^^^^^^^^^^^^^^^^^^^^^^^^^^^^^^^^^^^^^^^^^
  File "C:\Python312\Lib\dataclasses.py", line 983, in _process_class
    and _is_type(type, cls, dataclasses, dataclasses.KW_ONLY,
        ^^^^^^^^^^^^^^^^^^^^^^^^^^^^^^^^^^^^^^^^^^^^^^^^^^^^^
  File "C:\Python312\Lib\dataclasses.py", line 749, in _is_type
    ns = sys.modules.get(cls.__module__).__dict__
         ^^^^^^^^^^^^^^^^^^^^^^^^^^^^^^^^^^^^^^^^
AttributeError: 'NoneType' object has no attribute '__dict__'. Did you mean: '__dir__'?
2026-05-18 14:49:34.569 Uncaught app execution
Traceback (most recent call last):
  File "C:\Users\organ\AppData\Roaming\Python\Python312\site-packages\streamlit\runtime\scriptrunner\exec_code.py", line 121, in exec_func_with_error_handling
    result = func()
             ^^^^^^
  File "C:\Users\organ\AppData\Roaming\Python\Python312\site-packages\streamlit\runtime\scriptrunner\script_runner.py", line 591, in code_to_exec
    exec(code, module.__dict__)
  File "C:\Users\organ\Desktop\KALSHI PROBABILITY MODEL BOT\project_os_dashboard.py", line 5, in <module>
    from project_os.views import render_dashboard
  File "C:\Users\organ\Desktop\KALSHI PROBABILITY MODEL BOT\project_os\__init__.py", line 3, in <module>
    from .registry import build_registry, load_or_build_registry, load_registry
  File "C:\Users\organ\Desktop\KALSHI PROBABILITY MODEL BOT\project_os\registry.py", line 7, in <module>
    from project_os.adapters import ALL_ADAPTERS
  File "C:\Users\organ\Desktop\KALSHI PROBABILITY MODEL BOT\project_os\__init__.py", line 3, in <module>
    from .registry import build_registry, load_or_build_registry, load_registry
ImportError: cannot import name 'build_registry' from partially initialized module 'project_os.registry' (most likely due to a circular import) (C:\Users\organ\Desktop\KALSHI PROBABILITY MODEL BOT\project_os\registry.py). Did you mean: 'load_registry'?
