2026-05-07 22:06:09,906 | INFO | Starting WS bot. run_id=10e1911a-ccc3-41c5-bd95-de5725a863c2 dry_run=False base_url=https://api.elections.kalshi.com/trade-api/v2 ws_url=wss://api.elections.kalshi.com/trade-api/ws/v2 series=KXBTC15M
2026-05-07 22:06:11,685 | INFO | Watching market KXBTC15M-26MAY072215-15 close_time=2026-05-08T02:15:00Z status=active strike=79728.40 run_id=10e1911a-ccc3-41c5-bd95-de5725a863c2
2026-05-07 22:06:11,697 | INFO | Heartbeat | watch=KXBTC15M-26MAY072215-15 yes_bid=None yes_ask=None no_bid=None no_ask=None book_ready=False position=False pending=False dry_run=False trust=cold run_id=10e1911a-ccc3-41c5-bd95-de5725a863c2
2026-05-07 22:06:11,837 | INFO | Mushroom v28 BTC tick stream connected | source=coinbase url=wss://ws-feed.exchange.coinbase.com
2026-05-07 22:06:11,852 | INFO | WS connected for KXBTC15M-26MAY072215-15
2026-05-07 22:06:11,882 | INFO | WS subscribed payload: {'type': 'subscribed', 'id': 1, 'msg': {'channel': 'ticker', 'sid': 1}}
2026-05-07 22:06:11,883 | INFO | WS subscribed payload: {'type': 'subscribed', 'id': 1, 'msg': {'channel': 'orderbook_delta', 'sid': 2}}
2026-05-07 22:06:11,884 | INFO | Orderbook snapshot ready for KXBTC15M-26MAY072215-15
2026-05-07 22:06:15,763 | INFO | Mushroom v28 BTC REST fallback refreshed stale tick | previous_age_ms=3062.0 threshold_ms=3000.0 source=coinbase_spot_rest
2026-05-07 22:06:26,743 | INFO | Mushroom v28 BTC REST fallback refreshed stale tick | previous_age_ms=10375.0 threshold_ms=3000.0 source=coinbase_spot_rest
2026-05-07 22:06:26,755 | INFO | Heartbeat | watch=KXBTC15M-26MAY072215-15 yes_bid=5 yes_ask=6 no_bid=94 no_ask=95 book_ready=True position=False pending=False dry_run=False trust=synced run_id=10e1911a-ccc3-41c5-bd95-de5725a863c2
2026-05-07 22:06:30,325 | INFO | Mushroom v28 BTC REST fallback refreshed stale tick | previous_age_ms=3015.0 threshold_ms=3000.0 source=coinbase_spot_rest
2026-05-07 22:06:34,047 | INFO | Mushroom v28 BTC REST fallback refreshed stale tick | previous_age_ms=3031.0 threshold_ms=3000.0 source=coinbase_spot_rest
2026-05-07 22:06:37,656 | INFO | Mushroom v28 BTC REST fallback refreshed stale tick | previous_age_ms=3047.0 threshold_ms=3000.0 source=coinbase_spot_rest
2026-05-07 22:06:41,404 | INFO | Mushroom v28 BTC REST fallback refreshed stale tick | previous_age_ms=3062.0 threshold_ms=3000.0 source=coinbase_spot_rest
2026-05-07 22:06:41,774 | INFO | Heartbeat | watch=KXBTC15M-26MAY072215-15 yes_bid=6 yes_ask=7 no_bid=93 no_ask=94 book_ready=True position=False pending=False dry_run=False trust=synced run_id=10e1911a-ccc3-41c5-bd95-de5725a863c2
2026-05-07 22:06:45,138 | INFO | Mushroom v28 BTC REST fallback refreshed stale tick | previous_age_ms=3047.0 threshold_ms=3000.0 source=coinbase_spot_rest
2026-05-07 22:06:48,636 | INFO | Mushroom v28 BTC REST fallback refreshed stale tick | previous_age_ms=3016.0 threshold_ms=3000.0 source=coinbase_spot_rest
2026-05-07 22:06:52,026 | INFO | Mushroom v28 BTC REST fallback refreshed stale tick | previous_age_ms=3032.0 threshold_ms=3000.0 source=coinbase_spot_rest
2026-05-07 22:06:55,683 | INFO | Mushroom v28 BTC REST fallback refreshed stale tick | previous_age_ms=3047.0 threshold_ms=3000.0 source=coinbase_spot_rest
2026-05-07 22:06:56,814 | INFO | Heartbeat | watch=KXBTC15M-26MAY072215-15 yes_bid=7 yes_ask=8 no_bid=92 no_ask=93 book_ready=True position=False pending=False dry_run=False trust=synced run_id=10e1911a-ccc3-41c5-bd95-de5725a863c2
2026-05-07 22:06:59,570 | INFO | Mushroom v28 BTC REST fallback refreshed stale tick | previous_age_ms=3032.0 threshold_ms=3000.0 source=coinbase_spot_rest
2026-05-07 22:07:03,224 | INFO | Mushroom v28 BTC REST fallback refreshed stale tick | previous_age_ms=3031.0 threshold_ms=3000.0 source=coinbase_spot_rest
2026-05-07 22:07:06,785 | INFO | Mushroom v28 BTC REST fallback refreshed stale tick | previous_age_ms=3016.0 threshold_ms=3000.0 source=coinbase_spot_rest
2026-05-07 22:07:10,555 | INFO | Mushroom v28 BTC REST fallback refreshed stale tick | previous_age_ms=3015.0 threshold_ms=3000.0 source=coinbase_spot_rest
2026-05-07 22:07:11,844 | INFO | Heartbeat | watch=KXBTC15M-26MAY072215-15 yes_bid=5 yes_ask=6 no_bid=94 no_ask=95 book_ready=True position=False pending=False dry_run=False trust=synced run_id=10e1911a-ccc3-41c5-bd95-de5725a863c2
2026-05-07 22:07:14,226 | INFO | Mushroom v28 BTC REST fallback refreshed stale tick | previous_age_ms=3063.0 threshold_ms=3000.0 source=coinbase_spot_rest
2026-05-07 22:07:19,176 | INFO | Mushroom v28 BTC REST fallback refreshed stale tick | previous_age_ms=3016.0 threshold_ms=3000.0 source=coinbase_spot_rest
2026-05-07 22:07:23,250 | INFO | Mushroom v28 BTC REST fallback refreshed stale tick | previous_age_ms=3032.0 threshold_ms=3000.0 source=coinbase_spot_rest
2026-05-07 22:07:27,487 | INFO | Mushroom v28 BTC REST fallback refreshed stale tick | previous_age_ms=3047.0 threshold_ms=3000.0 source=coinbase_spot_rest
2026-05-07 22:07:27,499 | INFO | Heartbeat | watch=KXBTC15M-26MAY072215-15 yes_bid=7 yes_ask=7 no_bid=93 no_ask=93 book_ready=True position=False pending=False dry_run=False trust=synced run_id=10e1911a-ccc3-41c5-bd95-de5725a863c2
2026-05-07 22:07:31,670 | INFO | Mushroom v28 BTC REST fallback refreshed stale tick | previous_age_ms=3047.0 threshold_ms=3000.0 source=coinbase_spot_rest
2026-05-07 22:07:35,733 | INFO | Mushroom v28 BTC REST fallback refreshed stale tick | previous_age_ms=3031.0 threshold_ms=3000.0 source=coinbase_spot_rest
2026-05-07 22:07:39,845 | INFO | Mushroom v28 BTC REST fallback refreshed stale tick | previous_age_ms=3047.0 threshold_ms=3000.0 source=coinbase_spot_rest
2026-05-07 22:07:42,537 | INFO | Heartbeat | watch=KXBTC15M-26MAY072215-15 yes_bid=5 yes_ask=6 no_bid=94 no_ask=95 book_ready=True position=False pending=False dry_run=False trust=synced run_id=10e1911a-ccc3-41c5-bd95-de5725a863c2
2026-05-07 22:07:44,002 | INFO | Mushroom v28 BTC REST fallback refreshed stale tick | previous_age_ms=3031.0 threshold_ms=3000.0 source=coinbase_spot_rest
2026-05-07 22:07:48,338 | INFO | Mushroom v28 BTC REST fallback refreshed stale tick | previous_age_ms=3016.0 threshold_ms=3000.0 source=coinbase_spot_rest
2026-05-07 22:07:52,866 | INFO | Mushroom v28 BTC REST fallback refreshed stale tick | previous_age_ms=3046.0 threshold_ms=3000.0 source=coinbase_spot_rest
2026-05-07 22:07:56,985 | INFO | Mushroom v28 BTC REST fallback refreshed stale tick | previous_age_ms=3015.0 threshold_ms=3000.0 source=coinbase_spot_rest
2026-05-07 22:07:57,577 | INFO | Heartbeat | watch=KXBTC15M-26MAY072215-15 yes_bid=5 yes_ask=6 no_bid=94 no_ask=95 book_ready=True position=False pending=False dry_run=False trust=synced run_id=10e1911a-ccc3-41c5-bd95-de5725a863c2
2026-05-07 22:08:01,562 | INFO | Mushroom v28 BTC REST fallback refreshed stale tick | previous_age_ms=3031.0 threshold_ms=3000.0 source=coinbase_spot_rest
2026-05-07 22:08:06,001 | INFO | Mushroom v28 BTC REST fallback refreshed stale tick | previous_age_ms=3031.0 threshold_ms=3000.0 source=coinbase_spot_rest
2026-05-07 22:08:10,385 | INFO | Mushroom v28 BTC REST fallback refreshed stale tick | previous_age_ms=3047.0 threshold_ms=3000.0 source=coinbase_spot_rest
2026-05-07 22:08:12,583 | INFO | Heartbeat | watch=KXBTC15M-26MAY072215-15 yes_bid=6 yes_ask=7 no_bid=93 no_ask=94 book_ready=True position=False pending=False dry_run=False trust=synced run_id=10e1911a-ccc3-41c5-bd95-de5725a863c2
2026-05-07 22:08:14,569 | INFO | Mushroom v28 BTC REST fallback refreshed stale tick | previous_age_ms=3032.0 threshold_ms=3000.0 source=coinbase_spot_rest
2026-05-07 22:08:18,281 | INFO | Mushroom v28 BTC REST fallback refreshed stale tick | previous_age_ms=3016.0 threshold_ms=3000.0 source=coinbase_spot_rest
2026-05-07 22:08:22,630 | INFO | Mushroom v28 BTC REST fallback refreshed stale tick | previous_age_ms=3047.0 threshold_ms=3000.0 source=coinbase_spot_rest
2026-05-07 22:08:26,690 | INFO | Mushroom v28 BTC REST fallback refreshed stale tick | previous_age_ms=3032.0 threshold_ms=3000.0 source=coinbase_spot_rest
2026-05-07 22:08:27,615 | INFO | Heartbeat | watch=KXBTC15M-26MAY072215-15 yes_bid=6 yes_ask=8 no_bid=92 no_ask=94 book_ready=True position=False pending=False dry_run=False trust=synced run_id=10e1911a-ccc3-41c5-bd95-de5725a863c2
2026-05-07 22:08:30,647 | INFO | Mushroom v28 BTC REST fallback refreshed stale tick | previous_age_ms=3047.0 threshold_ms=3000.0 source=coinbase_spot_rest
2026-05-07 22:08:34,987 | INFO | Mushroom v28 BTC REST fallback refreshed stale tick | previous_age_ms=3016.0 threshold_ms=3000.0 source=coinbase_spot_rest
2026-05-07 22:08:39,179 | INFO | Mushroom v28 BTC REST fallback refreshed stale tick | previous_age_ms=3031.0 threshold_ms=3000.0 source=coinbase_spot_rest
2026-05-07 22:08:43,315 | INFO | Mushroom v28 BTC REST fallback refreshed stale tick | previous_age_ms=3047.0 threshold_ms=3000.0 source=coinbase_spot_rest
2026-05-07 22:08:43,319 | INFO | Heartbeat | watch=KXBTC15M-26MAY072215-15 yes_bid=5 yes_ask=6 no_bid=94 no_ask=95 book_ready=True position=False pending=False dry_run=False trust=synced run_id=10e1911a-ccc3-41c5-bd95-de5725a863c2
2026-05-07 22:08:47,570 | INFO | Mushroom v28 BTC REST fallback refreshed stale tick | previous_age_ms=3031.0 threshold_ms=3000.0 source=coinbase_spot_rest
2026-05-07 22:08:51,780 | INFO | Mushroom v28 BTC REST fallback refreshed stale tick | previous_age_ms=3016.0 threshold_ms=3000.0 source=coinbase_spot_rest
2026-05-07 22:08:56,416 | INFO | Mushroom v28 BTC REST fallback refreshed stale tick | previous_age_ms=3016.0 threshold_ms=3000.0 source=coinbase_spot_rest
2026-05-07 22:08:58,310 | INFO | Heartbeat | watch=KXBTC15M-26MAY072215-15 yes_bid=4 yes_ask=6 no_bid=94 no_ask=96 book_ready=True position=False pending=False dry_run=False trust=synced run_id=10e1911a-ccc3-41c5-bd95-de5725a863c2
2026-05-07 22:09:00,707 | INFO | Mushroom v28 BTC REST fallback refreshed stale tick | previous_age_ms=3031.0 threshold_ms=3000.0 source=coinbase_spot_rest
2026-05-07 22:09:05,412 | INFO | Mushroom v28 BTC REST fallback refreshed stale tick | previous_age_ms=3031.0 threshold_ms=3000.0 source=coinbase_spot_rest
2026-05-07 22:09:09,689 | INFO | Mushroom v28 BTC REST fallback refreshed stale tick | previous_age_ms=3078.0 threshold_ms=3000.0 source=coinbase_spot_rest
2026-05-07 22:09:13,885 | INFO | Mushroom v28 BTC REST fallback refreshed stale tick | previous_age_ms=3016.0 threshold_ms=3000.0 source=coinbase_spot_rest
2026-05-07 22:09:13,890 | INFO | Heartbeat | watch=KXBTC15M-26MAY072215-15 yes_bid=5 yes_ask=6 no_bid=94 no_ask=95 book_ready=True position=False pending=False dry_run=False trust=synced run_id=10e1911a-ccc3-41c5-bd95-de5725a863c2
2026-05-07 22:09:18,033 | INFO | Mushroom v28 BTC REST fallback refreshed stale tick | previous_age_ms=3063.0 threshold_ms=3000.0 source=coinbase_spot_rest
2026-05-07 22:09:22,254 | INFO | Mushroom v28 BTC REST fallback refreshed stale tick | previous_age_ms=3015.0 threshold_ms=3000.0 source=coinbase_spot_rest
2026-05-07 22:09:26,505 | INFO | Mushroom v28 BTC REST fallback refreshed stale tick | previous_age_ms=3016.0 threshold_ms=3000.0 source=coinbase_spot_rest
2026-05-07 22:09:28,929 | INFO | Heartbeat | watch=KXBTC15M-26MAY072215-15 yes_bid=5 yes_ask=6 no_bid=94 no_ask=95 book_ready=True position=False pending=False dry_run=False trust=synced run_id=10e1911a-ccc3-41c5-bd95-de5725a863c2
2026-05-07 22:09:30,704 | INFO | Mushroom v28 BTC REST fallback refreshed stale tick | previous_age_ms=3032.0 threshold_ms=3000.0 source=coinbase_spot_rest
2026-05-07 22:09:35,041 | INFO | Mushroom v28 BTC REST fallback refreshed stale tick | previous_age_ms=3031.0 threshold_ms=3000.0 source=coinbase_spot_rest
2026-05-07 22:09:39,465 | INFO | Mushroom v28 BTC REST fallback refreshed stale tick | previous_age_ms=3047.0 threshold_ms=3000.0 source=coinbase_spot_rest
2026-05-07 22:09:43,106 | INFO | Mushroom v28 BTC REST fallback refreshed stale tick | previous_age_ms=3046.0 threshold_ms=3000.0 source=coinbase_spot_rest
2026-05-07 22:09:43,950 | INFO | Heartbeat | watch=KXBTC15M-26MAY072215-15 yes_bid=4 yes_ask=5 no_bid=95 no_ask=96 book_ready=True position=False pending=False dry_run=False trust=synced run_id=10e1911a-ccc3-41c5-bd95-de5725a863c2
2026-05-07 22:09:47,103 | INFO | Mushroom v28 BTC REST fallback refreshed stale tick | previous_age_ms=3047.0 threshold_ms=3000.0 source=coinbase_spot_rest
2026-05-07 22:09:50,920 | INFO | Mushroom v28 BTC REST fallback refreshed stale tick | previous_age_ms=3031.0 threshold_ms=3000.0 source=coinbase_spot_rest
2026-05-07 22:09:54,669 | INFO | Mushroom v28 BTC REST fallback refreshed stale tick | previous_age_ms=3047.0 threshold_ms=3000.0 source=coinbase_spot_rest
2026-05-07 22:09:58,404 | INFO | Mushroom v28 BTC REST fallback refreshed stale tick | previous_age_ms=3047.0 threshold_ms=3000.0 source=coinbase_spot_rest
2026-05-07 22:09:58,994 | INFO | Heartbeat | watch=KXBTC15M-26MAY072215-15 yes_bid=3 yes_ask=5 no_bid=95 no_ask=97 book_ready=True position=False pending=False dry_run=False trust=synced run_id=10e1911a-ccc3-41c5-bd95-de5725a863c2
2026-05-07 22:10:02,625 | INFO | Mushroom v28 BTC REST fallback refreshed stale tick | previous_age_ms=3016.0 threshold_ms=3000.0 source=coinbase_spot_rest
2026-05-07 22:10:06,350 | INFO | Mushroom v28 BTC REST fallback refreshed stale tick | previous_age_ms=3032.0 threshold_ms=3000.0 source=coinbase_spot_rest
2026-05-07 22:10:10,017 | INFO | Mushroom v28 BTC REST fallback refreshed stale tick | previous_age_ms=3016.0 threshold_ms=3000.0 source=coinbase_spot_rest
2026-05-07 22:10:13,631 | INFO | Mushroom v28 BTC REST fallback refreshed stale tick | previous_age_ms=3016.0 threshold_ms=3000.0 source=coinbase_spot_rest
2026-05-07 22:10:13,986 | INFO | Heartbeat | watch=KXBTC15M-26MAY072215-15 yes_bid=3 yes_ask=4 no_bid=96 no_ask=97 book_ready=True position=False pending=False dry_run=False trust=synced run_id=10e1911a-ccc3-41c5-bd95-de5725a863c2
