2026-05-08 11:39:32,821 | INFO | Starting WS bot. run_id=ed33578e-77ee-44c3-b728-57a0b34b2b0f dry_run=False base_url=https://api.elections.kalshi.com/trade-api/v2 ws_url=wss://api.elections.kalshi.com/trade-api/ws/v2 series=KXBTC15M
2026-05-08 11:39:33,764 | INFO | Watching market KXBTC15M-26MAY081145-45 close_time=2026-05-08T15:45:00Z status=active strike=79664.28 run_id=ed33578e-77ee-44c3-b728-57a0b34b2b0f
2026-05-08 11:39:33,770 | INFO | Heartbeat | watch=KXBTC15M-26MAY081145-45 yes_bid=None yes_ask=None no_bid=None no_ask=None book_ready=False position=False pending=False dry_run=False trust=cold run_id=ed33578e-77ee-44c3-b728-57a0b34b2b0f
2026-05-08 11:39:33,954 | INFO | Mushroom v28 BTC tick stream connected | source=coinbase url=wss://ws-feed.exchange.coinbase.com
2026-05-08 11:39:33,970 | INFO | WS connected for KXBTC15M-26MAY081145-45
2026-05-08 11:39:33,987 | INFO | WS subscribed payload: {'type': 'subscribed', 'id': 1, 'msg': {'channel': 'ticker', 'sid': 1}}
2026-05-08 11:39:33,987 | INFO | WS subscribed payload: {'type': 'subscribed', 'id': 1, 'msg': {'channel': 'orderbook_delta', 'sid': 2}}
2026-05-08 11:39:33,987 | INFO | Orderbook snapshot ready for KXBTC15M-26MAY081145-45
2026-05-08 11:39:48,772 | INFO | Heartbeat | watch=KXBTC15M-26MAY081145-45 yes_bid=98 yes_ask=99 no_bid=1 no_ask=2 book_ready=True position=False pending=False dry_run=False trust=synced run_id=ed33578e-77ee-44c3-b728-57a0b34b2b0f
2026-05-08 11:40:03,793 | INFO | Heartbeat | watch=KXBTC15M-26MAY081145-45 yes_bid=99 yes_ask=99 no_bid=1 no_ask=1 book_ready=True position=False pending=False dry_run=False trust=synced run_id=ed33578e-77ee-44c3-b728-57a0b34b2b0f
2026-05-08 11:40:04,453 | WARNING | BTC market context refresh failed. error=HTTPSConnectionPool(host='data-api.binance.vision', port=443): Read timed out. (read timeout=5.0)
2026-05-08 11:40:18,786 | INFO | Heartbeat | watch=KXBTC15M-26MAY081145-45 yes_bid=99 yes_ask=99 no_bid=1 no_ask=1 book_ready=True position=False pending=False dry_run=False trust=synced run_id=ed33578e-77ee-44c3-b728-57a0b34b2b0f
2026-05-08 11:40:19,387 | WARNING | BTC market context refresh failed. error=HTTPSConnectionPool(host='data-api.binance.vision', port=443): Read timed out. (read timeout=5.0)
2026-05-08 11:40:33,803 | INFO | Heartbeat | watch=KXBTC15M-26MAY081145-45 yes_bid=99 yes_ask=99 no_bid=1 no_ask=1 book_ready=True position=False pending=False dry_run=False trust=synced run_id=ed33578e-77ee-44c3-b728-57a0b34b2b0f
2026-05-08 11:40:48,802 | INFO | Heartbeat | watch=KXBTC15M-26MAY081145-45 yes_bid=99 yes_ask=99 no_bid=1 no_ask=1 book_ready=True position=False pending=False dry_run=False trust=synced run_id=ed33578e-77ee-44c3-b728-57a0b34b2b0f
2026-05-08 11:41:03,854 | INFO | Heartbeat | watch=KXBTC15M-26MAY081145-45 yes_bid=99 yes_ask=99 no_bid=1 no_ask=1 book_ready=True position=False pending=False dry_run=False trust=synced run_id=ed33578e-77ee-44c3-b728-57a0b34b2b0f
2026-05-08 11:41:18,884 | INFO | Heartbeat | watch=KXBTC15M-26MAY081145-45 yes_bid=100 yes_ask=100 no_bid=0 no_ask=0 book_ready=True position=False pending=False dry_run=False trust=synced run_id=ed33578e-77ee-44c3-b728-57a0b34b2b0f
2026-05-08 11:41:33,937 | INFO | Heartbeat | watch=KXBTC15M-26MAY081145-45 yes_bid=100 yes_ask=100 no_bid=0 no_ask=0 book_ready=True position=False pending=False dry_run=False trust=synced run_id=ed33578e-77ee-44c3-b728-57a0b34b2b0f
2026-05-08 11:41:48,985 | INFO | Heartbeat | watch=KXBTC15M-26MAY081145-45 yes_bid=100 yes_ask=100 no_bid=0 no_ask=0 book_ready=True position=False pending=False dry_run=False trust=synced run_id=ed33578e-77ee-44c3-b728-57a0b34b2b0f
2026-05-08 11:42:03,990 | INFO | Heartbeat | watch=KXBTC15M-26MAY081145-45 yes_bid=100 yes_ask=100 no_bid=0 no_ask=0 book_ready=True position=False pending=False dry_run=False trust=synced run_id=ed33578e-77ee-44c3-b728-57a0b34b2b0f
2026-05-08 11:42:19,046 | INFO | Heartbeat | watch=KXBTC15M-26MAY081145-45 yes_bid=100 yes_ask=100 no_bid=0 no_ask=0 book_ready=True position=False pending=False dry_run=False trust=synced run_id=ed33578e-77ee-44c3-b728-57a0b34b2b0f
2026-05-08 11:42:34,053 | INFO | Heartbeat | watch=KXBTC15M-26MAY081145-45 yes_bid=100 yes_ask=100 no_bid=0 no_ask=0 book_ready=True position=False pending=False dry_run=False trust=synced run_id=ed33578e-77ee-44c3-b728-57a0b34b2b0f
2026-05-08 11:42:49,097 | INFO | Heartbeat | watch=KXBTC15M-26MAY081145-45 yes_bid=100 yes_ask=100 no_bid=0 no_ask=0 book_ready=True position=False pending=False dry_run=False trust=synced run_id=ed33578e-77ee-44c3-b728-57a0b34b2b0f
2026-05-08 11:43:04,123 | INFO | Heartbeat | watch=KXBTC15M-26MAY081145-45 yes_bid=100 yes_ask=100 no_bid=0 no_ask=0 book_ready=True position=False pending=False dry_run=False trust=synced run_id=ed33578e-77ee-44c3-b728-57a0b34b2b0f
2026-05-08 11:43:19,133 | INFO | Heartbeat | watch=KXBTC15M-26MAY081145-45 yes_bid=100 yes_ask=100 no_bid=0 no_ask=0 book_ready=True position=False pending=False dry_run=False trust=synced run_id=ed33578e-77ee-44c3-b728-57a0b34b2b0f
2026-05-08 11:43:34,142 | INFO | Heartbeat | watch=KXBTC15M-26MAY081145-45 yes_bid=100 yes_ask=100 no_bid=0 no_ask=0 book_ready=True position=False pending=False dry_run=False trust=synced run_id=ed33578e-77ee-44c3-b728-57a0b34b2b0f
2026-05-08 11:43:49,158 | INFO | Heartbeat | watch=KXBTC15M-26MAY081145-45 yes_bid=100 yes_ask=100 no_bid=0 no_ask=0 book_ready=True position=False pending=False dry_run=False trust=synced run_id=ed33578e-77ee-44c3-b728-57a0b34b2b0f
2026-05-08 11:44:04,200 | INFO | Heartbeat | watch=KXBTC15M-26MAY081145-45 yes_bid=100 yes_ask=100 no_bid=0 no_ask=0 book_ready=True position=False pending=False dry_run=False trust=synced run_id=ed33578e-77ee-44c3-b728-57a0b34b2b0f
2026-05-08 11:44:19,241 | INFO | Heartbeat | watch=KXBTC15M-26MAY081145-45 yes_bid=100 yes_ask=100 no_bid=0 no_ask=0 book_ready=True position=False pending=False dry_run=False trust=synced run_id=ed33578e-77ee-44c3-b728-57a0b34b2b0f
2026-05-08 11:44:34,239 | INFO | Heartbeat | watch=KXBTC15M-26MAY081145-45 yes_bid=100 yes_ask=100 no_bid=0 no_ask=0 book_ready=True position=False pending=False dry_run=False trust=synced run_id=ed33578e-77ee-44c3-b728-57a0b34b2b0f
2026-05-08 11:44:49,283 | INFO | Heartbeat | watch=KXBTC15M-26MAY081145-45 yes_bid=100 yes_ask=100 no_bid=0 no_ask=0 book_ready=True position=False pending=False dry_run=False trust=synced run_id=ed33578e-77ee-44c3-b728-57a0b34b2b0f
2026-05-08 11:45:04,314 | INFO | Heartbeat | watch=KXBTC15M-26MAY081145-45 yes_bid=0 yes_ask=100 no_bid=0 no_ask=100 book_ready=True position=False pending=False dry_run=False trust=synced run_id=ed33578e-77ee-44c3-b728-57a0b34b2b0f
2026-05-08 11:45:06,061 | INFO | Orderbook snapshot ready for KXBTC15M-26MAY081145-45
2026-05-08 11:45:19,326 | INFO | Heartbeat | watch=KXBTC15M-26MAY081145-45 yes_bid=0 yes_ask=100 no_bid=0 no_ask=100 book_ready=True position=False pending=False dry_run=False trust=synced run_id=ed33578e-77ee-44c3-b728-57a0b34b2b0f
2026-05-08 11:45:24,778 | WARNING | BTC market context refresh failed. error=HTTPSConnectionPool(host='data-api.binance.vision', port=443): Read timed out. (read timeout=5.0)
2026-05-08 11:45:32,481 | INFO | Watching market KXBTC15M-26MAY081200-00 close_time=2026-05-08T16:00:00Z status=active strike=79938.59 run_id=ed33578e-77ee-44c3-b728-57a0b34b2b0f
2026-05-08 11:45:32,655 | INFO | WS connected for KXBTC15M-26MAY081200-00
2026-05-08 11:45:32,683 | INFO | WS subscribed payload: {'type': 'subscribed', 'id': 2, 'msg': {'channel': 'ticker', 'sid': 1}}
2026-05-08 11:45:32,685 | INFO | WS subscribed payload: {'type': 'subscribed', 'id': 2, 'msg': {'channel': 'orderbook_delta', 'sid': 2}}
2026-05-08 11:45:32,687 | INFO | Orderbook snapshot ready for KXBTC15M-26MAY081200-00
2026-05-08 11:45:34,349 | INFO | Heartbeat | watch=KXBTC15M-26MAY081200-00 yes_bid=51 yes_ask=53 no_bid=47 no_ask=49 book_ready=True position=False pending=False dry_run=False trust=synced run_id=ed33578e-77ee-44c3-b728-57a0b34b2b0f
2026-05-08 11:45:49,366 | INFO | Heartbeat | watch=KXBTC15M-26MAY081200-00 yes_bid=49 yes_ask=50 no_bid=50 no_ask=51 book_ready=True position=False pending=False dry_run=False trust=synced run_id=ed33578e-77ee-44c3-b728-57a0b34b2b0f
2026-05-08 11:46:04,387 | INFO | Heartbeat | watch=KXBTC15M-26MAY081200-00 yes_bid=49 yes_ask=50 no_bid=50 no_ask=51 book_ready=True position=False pending=False dry_run=False trust=synced run_id=ed33578e-77ee-44c3-b728-57a0b34b2b0f
2026-05-08 11:46:19,408 | INFO | Heartbeat | watch=KXBTC15M-26MAY081200-00 yes_bid=50 yes_ask=51 no_bid=49 no_ask=50 book_ready=True position=False pending=False dry_run=False trust=synced run_id=ed33578e-77ee-44c3-b728-57a0b34b2b0f
2026-05-08 11:46:34,429 | INFO | Heartbeat | watch=KXBTC15M-26MAY081200-00 yes_bid=50 yes_ask=51 no_bid=49 no_ask=50 book_ready=True position=False pending=False dry_run=False trust=synced run_id=ed33578e-77ee-44c3-b728-57a0b34b2b0f
2026-05-08 11:46:49,429 | INFO | Heartbeat | watch=KXBTC15M-26MAY081200-00 yes_bid=50 yes_ask=51 no_bid=49 no_ask=50 book_ready=True position=False pending=False dry_run=False trust=synced run_id=ed33578e-77ee-44c3-b728-57a0b34b2b0f
2026-05-08 11:47:04,428 | INFO | Heartbeat | watch=KXBTC15M-26MAY081200-00 yes_bid=56 yes_ask=57 no_bid=43 no_ask=44 book_ready=True position=False pending=False dry_run=False trust=synced run_id=ed33578e-77ee-44c3-b728-57a0b34b2b0f
2026-05-08 11:47:19,426 | INFO | Heartbeat | watch=KXBTC15M-26MAY081200-00 yes_bid=54 yes_ask=55 no_bid=45 no_ask=46 book_ready=True position=False pending=False dry_run=False trust=synced run_id=ed33578e-77ee-44c3-b728-57a0b34b2b0f
2026-05-08 11:47:34,437 | INFO | Heartbeat | watch=KXBTC15M-26MAY081200-00 yes_bid=56 yes_ask=57 no_bid=43 no_ask=44 book_ready=True position=False pending=False dry_run=False trust=synced run_id=ed33578e-77ee-44c3-b728-57a0b34b2b0f
2026-05-08 11:47:35,959 | WARNING | BTC market context refresh failed. error=HTTPSConnectionPool(host='data-api.binance.vision', port=443): Read timed out. (read timeout=5.0)
2026-05-08 11:47:49,446 | INFO | Heartbeat | watch=KXBTC15M-26MAY081200-00 yes_bid=60 yes_ask=61 no_bid=39 no_ask=40 book_ready=True position=False pending=False dry_run=False trust=synced run_id=ed33578e-77ee-44c3-b728-57a0b34b2b0f
2026-05-08 11:48:04,485 | INFO | Heartbeat | watch=KXBTC15M-26MAY081200-00 yes_bid=73 yes_ask=74 no_bid=26 no_ask=27 book_ready=True position=False pending=False dry_run=False trust=synced run_id=ed33578e-77ee-44c3-b728-57a0b34b2b0f
2026-05-08 11:48:19,507 | INFO | Heartbeat | watch=KXBTC15M-26MAY081200-00 yes_bid=72 yes_ask=73 no_bid=27 no_ask=28 book_ready=True position=False pending=False dry_run=False trust=synced run_id=ed33578e-77ee-44c3-b728-57a0b34b2b0f
2026-05-08 11:48:34,539 | INFO | Heartbeat | watch=KXBTC15M-26MAY081200-00 yes_bid=79 yes_ask=80 no_bid=20 no_ask=21 book_ready=True position=False pending=False dry_run=False trust=synced run_id=ed33578e-77ee-44c3-b728-57a0b34b2b0f
2026-05-08 11:48:49,558 | INFO | Heartbeat | watch=KXBTC15M-26MAY081200-00 yes_bid=83 yes_ask=84 no_bid=16 no_ask=17 book_ready=True position=False pending=False dry_run=False trust=synced run_id=ed33578e-77ee-44c3-b728-57a0b34b2b0f
2026-05-08 11:49:04,483 | WARNING | BTC market context refresh failed. error=HTTPSConnectionPool(host='data-api.binance.vision', port=443): Read timed out. (read timeout=5.0)
2026-05-08 11:49:04,554 | INFO | Heartbeat | watch=KXBTC15M-26MAY081200-00 yes_bid=84 yes_ask=85 no_bid=15 no_ask=16 book_ready=True position=False pending=False dry_run=False trust=synced run_id=ed33578e-77ee-44c3-b728-57a0b34b2b0f
2026-05-08 11:49:19,556 | INFO | Heartbeat | watch=KXBTC15M-26MAY081200-00 yes_bid=86 yes_ask=87 no_bid=13 no_ask=14 book_ready=True position=False pending=False dry_run=False trust=synced run_id=ed33578e-77ee-44c3-b728-57a0b34b2b0f
2026-05-08 11:49:34,628 | INFO | Heartbeat | watch=KXBTC15M-26MAY081200-00 yes_bid=86 yes_ask=87 no_bid=13 no_ask=14 book_ready=True position=False pending=False dry_run=False trust=synced run_id=ed33578e-77ee-44c3-b728-57a0b34b2b0f
2026-05-08 11:49:49,654 | INFO | Heartbeat | watch=KXBTC15M-26MAY081200-00 yes_bid=78 yes_ask=79 no_bid=21 no_ask=22 book_ready=True position=False pending=False dry_run=False trust=synced run_id=ed33578e-77ee-44c3-b728-57a0b34b2b0f
2026-05-08 11:50:03,918 | INFO | Mushroom v28 entry approved | market=KXBTC15M-26MAY081200-00 side=yes ask=78c max_buy=80c qty=2 p_side=0.8524 edge=5.740c depth=102 btc_age_ms=140.0 secs_to_close=596.08
2026-05-08 11:50:03,934 | INFO | Execution state | market=KXBTC15M-26MAY081200-00 side=yes state=eligible reason=pre_filters_disabled trust=synced run_id=ed33578e-77ee-44c3-b728-57a0b34b2b0f
2026-05-08 11:50:03,935 | INFO | Execution deferred | market=KXBTC15M-26MAY081200-00 side=yes reason=fast_fill_window_too_short trigger=78 top_of_book=78 book=[78:102, 79:1915.98, 80:42.68, 81:1079, 82:66] trust=synced
2026-05-08 11:50:03,935 | INFO | Execution state | market=KXBTC15M-26MAY081200-00 side=yes state=abandoned reason=fast_fill_window_too_short trust=synced run_id=ed33578e-77ee-44c3-b728-57a0b34b2b0f
2026-05-08 11:50:03,938 | INFO | Mushroom v28 entry approved | market=KXBTC15M-26MAY081200-00 side=yes ask=78c max_buy=80c qty=2 p_side=0.8524 edge=5.740c depth=102 btc_age_ms=156.0 secs_to_close=596.06
2026-05-08 11:50:03,944 | INFO | Execution state | market=KXBTC15M-26MAY081200-00 side=yes state=eligible reason=pre_filters_disabled trust=synced run_id=ed33578e-77ee-44c3-b728-57a0b34b2b0f
2026-05-08 11:50:03,945 | INFO | Execution deferred | market=KXBTC15M-26MAY081200-00 side=yes reason=fast_fill_window_too_short trigger=78 top_of_book=78 book=[78:102, 79:1915.98, 80:42.68, 81:1079, 82:66] trust=synced
2026-05-08 11:50:03,945 | INFO | Execution state | market=KXBTC15M-26MAY081200-00 side=yes state=abandoned reason=fast_fill_window_too_short trust=synced run_id=ed33578e-77ee-44c3-b728-57a0b34b2b0f
2026-05-08 11:50:03,946 | INFO | Mushroom v28 entry approved | market=KXBTC15M-26MAY081200-00 side=yes ask=78c max_buy=80c qty=2 p_side=0.8524 edge=5.741c depth=152 btc_age_ms=172.0 secs_to_close=596.05
2026-05-08 11:50:03,952 | INFO | Execution state | market=KXBTC15M-26MAY081200-00 side=yes state=eligible reason=pre_filters_disabled trust=synced run_id=ed33578e-77ee-44c3-b728-57a0b34b2b0f
2026-05-08 11:50:03,953 | INFO | Execution deferred | market=KXBTC15M-26MAY081200-00 side=yes reason=fast_fill_window_too_short trigger=78 top_of_book=78 book=[78:152, 79:1915.98, 80:42.68, 81:1079, 82:66] trust=synced
2026-05-08 11:50:03,953 | INFO | Execution state | market=KXBTC15M-26MAY081200-00 side=yes state=abandoned reason=fast_fill_window_too_short trust=synced run_id=ed33578e-77ee-44c3-b728-57a0b34b2b0f
2026-05-08 11:50:03,955 | INFO | Mushroom v28 entry approved | market=KXBTC15M-26MAY081200-00 side=yes ask=78c max_buy=80c qty=2 p_side=0.8524 edge=5.741c depth=152 btc_age_ms=187.0 secs_to_close=596.05
2026-05-08 11:50:03,961 | INFO | Execution state | market=KXBTC15M-26MAY081200-00 side=yes state=eligible reason=pre_filters_disabled trust=synced run_id=ed33578e-77ee-44c3-b728-57a0b34b2b0f
2026-05-08 11:50:03,961 | INFO | Execution deferred | market=KXBTC15M-26MAY081200-00 side=yes reason=fast_fill_window_too_short trigger=78 top_of_book=78 book=[78:152, 79:1915.98, 80:42.68, 81:1079, 82:66] trust=synced
2026-05-08 11:50:03,961 | INFO | Execution state | market=KXBTC15M-26MAY081200-00 side=yes state=abandoned reason=fast_fill_window_too_short trust=synced run_id=ed33578e-77ee-44c3-b728-57a0b34b2b0f
2026-05-08 11:50:03,963 | INFO | Mushroom v28 entry approved | market=KXBTC15M-26MAY081200-00 side=yes ask=78c max_buy=80c qty=2 p_side=0.8524 edge=5.741c depth=152 btc_age_ms=187.0 secs_to_close=596.04
2026-05-08 11:50:03,969 | INFO | Execution state | market=KXBTC15M-26MAY081200-00 side=yes state=eligible reason=pre_filters_disabled trust=synced run_id=ed33578e-77ee-44c3-b728-57a0b34b2b0f
2026-05-08 11:50:03,969 | INFO | Execution deferred | market=KXBTC15M-26MAY081200-00 side=yes reason=fast_fill_window_too_short trigger=78 top_of_book=78 book=[78:152, 79:1915.98, 80:42.68, 81:1079, 82:66] trust=synced
2026-05-08 11:50:03,970 | INFO | Execution state | market=KXBTC15M-26MAY081200-00 side=yes state=abandoned reason=fast_fill_window_too_short trust=synced run_id=ed33578e-77ee-44c3-b728-57a0b34b2b0f
2026-05-08 11:50:04,682 | INFO | Heartbeat | watch=KXBTC15M-26MAY081200-00 yes_bid=76 yes_ask=78 no_bid=22 no_ask=24 book_ready=True position=False pending=False dry_run=False trust=synced run_id=ed33578e-77ee-44c3-b728-57a0b34b2b0f
2026-05-08 11:50:17,384 | WARNING | BTC market context refresh failed. error=HTTPSConnectionPool(host='data-api.binance.vision', port=443): Read timed out. (read timeout=5.0)
2026-05-08 11:50:19,709 | INFO | Heartbeat | watch=KXBTC15M-26MAY081200-00 yes_bid=76 yes_ask=77 no_bid=23 no_ask=24 book_ready=True position=False pending=False dry_run=False trust=synced run_id=ed33578e-77ee-44c3-b728-57a0b34b2b0f
2026-05-08 11:50:34,774 | INFO | Heartbeat | watch=KXBTC15M-26MAY081200-00 yes_bid=82 yes_ask=83 no_bid=17 no_ask=18 book_ready=True position=False pending=False dry_run=False trust=synced run_id=ed33578e-77ee-44c3-b728-57a0b34b2b0f
2026-05-08 11:50:49,818 | INFO | Heartbeat | watch=KXBTC15M-26MAY081200-00 yes_bid=80 yes_ask=82 no_bid=18 no_ask=20 book_ready=True position=False pending=False dry_run=False trust=synced run_id=ed33578e-77ee-44c3-b728-57a0b34b2b0f
2026-05-08 11:51:04,852 | INFO | Heartbeat | watch=KXBTC15M-26MAY081200-00 yes_bid=84 yes_ask=85 no_bid=15 no_ask=16 book_ready=True position=False pending=False dry_run=False trust=synced run_id=ed33578e-77ee-44c3-b728-57a0b34b2b0f
2026-05-08 11:51:19,857 | INFO | Heartbeat | watch=KXBTC15M-26MAY081200-00 yes_bid=85 yes_ask=86 no_bid=14 no_ask=15 book_ready=True position=False pending=False dry_run=False trust=synced run_id=ed33578e-77ee-44c3-b728-57a0b34b2b0f
2026-05-08 11:51:34,270 | WARNING | BTC market context refresh failed. error=HTTPSConnectionPool(host='data-api.binance.vision', port=443): Read timed out. (read timeout=5.0)
2026-05-08 11:51:34,852 | INFO | Heartbeat | watch=KXBTC15M-26MAY081200-00 yes_bid=89 yes_ask=90 no_bid=10 no_ask=11 book_ready=True position=False pending=False dry_run=False trust=synced run_id=ed33578e-77ee-44c3-b728-57a0b34b2b0f
2026-05-08 11:51:49,867 | INFO | Heartbeat | watch=KXBTC15M-26MAY081200-00 yes_bid=84 yes_ask=85 no_bid=15 no_ask=16 book_ready=True position=False pending=False dry_run=False trust=synced run_id=ed33578e-77ee-44c3-b728-57a0b34b2b0f
2026-05-08 11:52:04,899 | INFO | Heartbeat | watch=KXBTC15M-26MAY081200-00 yes_bid=90 yes_ask=90 no_bid=10 no_ask=10 book_ready=True position=False pending=False dry_run=False trust=synced run_id=ed33578e-77ee-44c3-b728-57a0b34b2b0f
2026-05-08 11:52:19,898 | INFO | Heartbeat | watch=KXBTC15M-26MAY081200-00 yes_bid=86 yes_ask=88 no_bid=12 no_ask=14 book_ready=True position=False pending=False dry_run=False trust=synced run_id=ed33578e-77ee-44c3-b728-57a0b34b2b0f
2026-05-08 11:52:34,908 | INFO | Heartbeat | watch=KXBTC15M-26MAY081200-00 yes_bid=78 yes_ask=79 no_bid=21 no_ask=22 book_ready=True position=False pending=False dry_run=False trust=synced run_id=ed33578e-77ee-44c3-b728-57a0b34b2b0f
2026-05-08 11:52:49,946 | INFO | Heartbeat | watch=KXBTC15M-26MAY081200-00 yes_bid=75 yes_ask=76 no_bid=24 no_ask=25 book_ready=True position=False pending=False dry_run=False trust=synced run_id=ed33578e-77ee-44c3-b728-57a0b34b2b0f
2026-05-08 11:53:04,971 | INFO | Heartbeat | watch=KXBTC15M-26MAY081200-00 yes_bid=76 yes_ask=78 no_bid=22 no_ask=24 book_ready=True position=False pending=False dry_run=False trust=synced run_id=ed33578e-77ee-44c3-b728-57a0b34b2b0f
2026-05-08 11:53:19,980 | INFO | Heartbeat | watch=KXBTC15M-26MAY081200-00 yes_bid=78 yes_ask=79 no_bid=21 no_ask=22 book_ready=True position=False pending=False dry_run=False trust=synced run_id=ed33578e-77ee-44c3-b728-57a0b34b2b0f
2026-05-08 11:53:35,001 | INFO | Heartbeat | watch=KXBTC15M-26MAY081200-00 yes_bid=80 yes_ask=82 no_bid=18 no_ask=20 book_ready=True position=False pending=False dry_run=False trust=synced run_id=ed33578e-77ee-44c3-b728-57a0b34b2b0f
2026-05-08 11:53:50,021 | INFO | Heartbeat | watch=KXBTC15M-26MAY081200-00 yes_bid=83 yes_ask=84 no_bid=16 no_ask=17 book_ready=True position=False pending=False dry_run=False trust=synced run_id=ed33578e-77ee-44c3-b728-57a0b34b2b0f
2026-05-08 11:54:05,017 | INFO | Heartbeat | watch=KXBTC15M-26MAY081200-00 yes_bid=91 yes_ask=91 no_bid=9 no_ask=9 book_ready=True position=False pending=False dry_run=False trust=synced run_id=ed33578e-77ee-44c3-b728-57a0b34b2b0f
2026-05-08 11:54:20,045 | INFO | Heartbeat | watch=KXBTC15M-26MAY081200-00 yes_bid=89 yes_ask=90 no_bid=10 no_ask=11 book_ready=True position=False pending=False dry_run=False trust=synced run_id=ed33578e-77ee-44c3-b728-57a0b34b2b0f
2026-05-08 11:54:35,079 | INFO | Heartbeat | watch=KXBTC15M-26MAY081200-00 yes_bid=98 yes_ask=99 no_bid=1 no_ask=2 book_ready=True position=False pending=False dry_run=False trust=synced run_id=ed33578e-77ee-44c3-b728-57a0b34b2b0f
2026-05-08 11:54:50,094 | INFO | Heartbeat | watch=KXBTC15M-26MAY081200-00 yes_bid=97 yes_ask=97 no_bid=3 no_ask=3 book_ready=True position=False pending=False dry_run=False trust=synced run_id=ed33578e-77ee-44c3-b728-57a0b34b2b0f
2026-05-08 11:55:05,103 | INFO | Heartbeat | watch=KXBTC15M-26MAY081200-00 yes_bid=97 yes_ask=98 no_bid=2 no_ask=3 book_ready=True position=False pending=False dry_run=False trust=synced run_id=ed33578e-77ee-44c3-b728-57a0b34b2b0f
2026-05-08 11:55:20,182 | INFO | Heartbeat | watch=KXBTC15M-26MAY081200-00 yes_bid=98 yes_ask=99 no_bid=1 no_ask=2 book_ready=True position=False pending=False dry_run=False trust=synced run_id=ed33578e-77ee-44c3-b728-57a0b34b2b0f
2026-05-08 11:55:35,198 | INFO | Heartbeat | watch=KXBTC15M-26MAY081200-00 yes_bid=97 yes_ask=98 no_bid=2 no_ask=3 book_ready=True position=False pending=False dry_run=False trust=synced run_id=ed33578e-77ee-44c3-b728-57a0b34b2b0f
2026-05-08 11:55:50,210 | INFO | Heartbeat | watch=KXBTC15M-26MAY081200-00 yes_bid=98 yes_ask=98 no_bid=2 no_ask=2 book_ready=True position=False pending=False dry_run=False trust=synced run_id=ed33578e-77ee-44c3-b728-57a0b34b2b0f
2026-05-08 11:56:05,225 | INFO | Heartbeat | watch=KXBTC15M-26MAY081200-00 yes_bid=99 yes_ask=99 no_bid=1 no_ask=1 book_ready=True position=False pending=False dry_run=False trust=synced run_id=ed33578e-77ee-44c3-b728-57a0b34b2b0f
2026-05-08 11:56:20,250 | INFO | Heartbeat | watch=KXBTC15M-26MAY081200-00 yes_bid=99 yes_ask=99 no_bid=1 no_ask=1 book_ready=True position=False pending=False dry_run=False trust=synced run_id=ed33578e-77ee-44c3-b728-57a0b34b2b0f
2026-05-08 11:56:35,275 | INFO | Heartbeat | watch=KXBTC15M-26MAY081200-00 yes_bid=99 yes_ask=99 no_bid=1 no_ask=1 book_ready=True position=False pending=False dry_run=False trust=synced run_id=ed33578e-77ee-44c3-b728-57a0b34b2b0f
2026-05-08 11:56:50,315 | INFO | Heartbeat | watch=KXBTC15M-26MAY081200-00 yes_bid=99 yes_ask=100 no_bid=0 no_ask=1 book_ready=True position=False pending=False dry_run=False trust=synced run_id=ed33578e-77ee-44c3-b728-57a0b34b2b0f
2026-05-08 11:57:05,315 | INFO | Heartbeat | watch=KXBTC15M-26MAY081200-00 yes_bid=100 yes_ask=100 no_bid=0 no_ask=0 book_ready=True position=False pending=False dry_run=False trust=synced run_id=ed33578e-77ee-44c3-b728-57a0b34b2b0f
2026-05-08 11:57:20,314 | INFO | Heartbeat | watch=KXBTC15M-26MAY081200-00 yes_bid=99 yes_ask=100 no_bid=0 no_ask=1 book_ready=True position=False pending=False dry_run=False trust=synced run_id=ed33578e-77ee-44c3-b728-57a0b34b2b0f
2026-05-08 11:57:20,656 | WARNING | BTC market context refresh failed. error=HTTPSConnectionPool(host='data-api.binance.vision', port=443): Read timed out. (read timeout=5.0)
2026-05-08 11:57:35,348 | INFO | Heartbeat | watch=KXBTC15M-26MAY081200-00 yes_bid=100 yes_ask=100 no_bid=0 no_ask=0 book_ready=True position=False pending=False dry_run=False trust=synced run_id=ed33578e-77ee-44c3-b728-57a0b34b2b0f
2026-05-08 11:57:50,363 | INFO | Heartbeat | watch=KXBTC15M-26MAY081200-00 yes_bid=100 yes_ask=100 no_bid=0 no_ask=0 book_ready=True position=False pending=False dry_run=False trust=synced run_id=ed33578e-77ee-44c3-b728-57a0b34b2b0f
2026-05-08 11:58:05,416 | INFO | Heartbeat | watch=KXBTC15M-26MAY081200-00 yes_bid=100 yes_ask=100 no_bid=0 no_ask=0 book_ready=True position=False pending=False dry_run=False trust=synced run_id=ed33578e-77ee-44c3-b728-57a0b34b2b0f
2026-05-08 11:58:20,431 | INFO | Heartbeat | watch=KXBTC15M-26MAY081200-00 yes_bid=99 yes_ask=100 no_bid=0 no_ask=1 book_ready=True position=False pending=False dry_run=False trust=synced run_id=ed33578e-77ee-44c3-b728-57a0b34b2b0f
2026-05-08 11:58:35,438 | INFO | Heartbeat | watch=KXBTC15M-26MAY081200-00 yes_bid=100 yes_ask=100 no_bid=0 no_ask=0 book_ready=True position=False pending=False dry_run=False trust=synced run_id=ed33578e-77ee-44c3-b728-57a0b34b2b0f
2026-05-08 11:58:50,444 | INFO | Heartbeat | watch=KXBTC15M-26MAY081200-00 yes_bid=100 yes_ask=100 no_bid=0 no_ask=0 book_ready=True position=False pending=False dry_run=False trust=synced run_id=ed33578e-77ee-44c3-b728-57a0b34b2b0f
2026-05-08 11:59:05,437 | INFO | Heartbeat | watch=KXBTC15M-26MAY081200-00 yes_bid=100 yes_ask=100 no_bid=0 no_ask=0 book_ready=True position=False pending=False dry_run=False trust=synced run_id=ed33578e-77ee-44c3-b728-57a0b34b2b0f
2026-05-08 11:59:20,474 | INFO | Heartbeat | watch=KXBTC15M-26MAY081200-00 yes_bid=100 yes_ask=100 no_bid=0 no_ask=0 book_ready=True position=False pending=False dry_run=False trust=synced run_id=ed33578e-77ee-44c3-b728-57a0b34b2b0f
2026-05-08 11:59:35,526 | INFO | Heartbeat | watch=KXBTC15M-26MAY081200-00 yes_bid=100 yes_ask=100 no_bid=0 no_ask=0 book_ready=True position=False pending=False dry_run=False trust=synced run_id=ed33578e-77ee-44c3-b728-57a0b34b2b0f
2026-05-08 11:59:50,616 | INFO | Heartbeat | watch=KXBTC15M-26MAY081200-00 yes_bid=100 yes_ask=100 no_bid=0 no_ask=0 book_ready=True position=False pending=False dry_run=False trust=synced run_id=ed33578e-77ee-44c3-b728-57a0b34b2b0f
2026-05-08 12:00:05,652 | INFO | Heartbeat | watch=KXBTC15M-26MAY081200-00 yes_bid=0 yes_ask=100 no_bid=0 no_ask=100 book_ready=True position=False pending=False dry_run=False trust=synced run_id=ed33578e-77ee-44c3-b728-57a0b34b2b0f
2026-05-08 12:00:07,071 | INFO | Orderbook snapshot ready for KXBTC15M-26MAY081200-00
2026-05-08 12:00:20,689 | INFO | Heartbeat | watch=KXBTC15M-26MAY081200-00 yes_bid=0 yes_ask=100 no_bid=0 no_ask=100 book_ready=True position=False pending=False dry_run=False trust=synced run_id=ed33578e-77ee-44c3-b728-57a0b34b2b0f
2026-05-08 12:00:32,504 | INFO | Watching market KXBTC15M-26MAY081215-15 close_time=2026-05-08T16:15:00Z status=active strike=80105.67 run_id=ed33578e-77ee-44c3-b728-57a0b34b2b0f
2026-05-08 12:00:32,681 | INFO | WS connected for KXBTC15M-26MAY081215-15
2026-05-08 12:00:32,710 | INFO | WS subscribed payload: {'type': 'subscribed', 'id': 3, 'msg': {'channel': 'ticker', 'sid': 1}}
2026-05-08 12:00:32,710 | INFO | WS subscribed payload: {'type': 'subscribed', 'id': 3, 'msg': {'channel': 'orderbook_delta', 'sid': 2}}
2026-05-08 12:00:32,711 | INFO | Orderbook snapshot ready for KXBTC15M-26MAY081215-15
2026-05-08 12:00:35,711 | INFO | Heartbeat | watch=KXBTC15M-26MAY081215-15 yes_bid=62 yes_ask=63 no_bid=37 no_ask=38 book_ready=True position=False pending=False dry_run=False trust=synced run_id=ed33578e-77ee-44c3-b728-57a0b34b2b0f
2026-05-08 12:00:50,711 | INFO | Heartbeat | watch=KXBTC15M-26MAY081215-15 yes_bid=63 yes_ask=64 no_bid=36 no_ask=37 book_ready=True position=False pending=False dry_run=False trust=synced run_id=ed33578e-77ee-44c3-b728-57a0b34b2b0f
2026-05-08 12:01:05,711 | INFO | Heartbeat | watch=KXBTC15M-26MAY081215-15 yes_bid=63 yes_ask=64 no_bid=36 no_ask=37 book_ready=True position=False pending=False dry_run=False trust=synced run_id=ed33578e-77ee-44c3-b728-57a0b34b2b0f
2026-05-08 12:01:20,713 | INFO | Heartbeat | watch=KXBTC15M-26MAY081215-15 yes_bid=57 yes_ask=59 no_bid=41 no_ask=43 book_ready=True position=False pending=False dry_run=False trust=synced run_id=ed33578e-77ee-44c3-b728-57a0b34b2b0f
2026-05-08 12:01:35,715 | INFO | Heartbeat | watch=KXBTC15M-26MAY081215-15 yes_bid=46 yes_ask=47 no_bid=53 no_ask=54 book_ready=True position=False pending=False dry_run=False trust=synced run_id=ed33578e-77ee-44c3-b728-57a0b34b2b0f
2026-05-08 12:01:50,710 | INFO | Heartbeat | watch=KXBTC15M-26MAY081215-15 yes_bid=42 yes_ask=43 no_bid=57 no_ask=58 book_ready=True position=False pending=False dry_run=False trust=synced run_id=ed33578e-77ee-44c3-b728-57a0b34b2b0f
2026-05-08 12:02:05,738 | INFO | Heartbeat | watch=KXBTC15M-26MAY081215-15 yes_bid=41 yes_ask=42 no_bid=58 no_ask=59 book_ready=True position=False pending=False dry_run=False trust=synced run_id=ed33578e-77ee-44c3-b728-57a0b34b2b0f
2026-05-08 12:02:20,759 | INFO | Heartbeat | watch=KXBTC15M-26MAY081215-15 yes_bid=34 yes_ask=35 no_bid=65 no_ask=66 book_ready=True position=False pending=False dry_run=False trust=synced run_id=ed33578e-77ee-44c3-b728-57a0b34b2b0f
2026-05-08 12:02:35,811 | INFO | Heartbeat | watch=KXBTC15M-26MAY081215-15 yes_bid=27 yes_ask=28 no_bid=72 no_ask=73 book_ready=True position=False pending=False dry_run=False trust=synced run_id=ed33578e-77ee-44c3-b728-57a0b34b2b0f
2026-05-08 12:02:50,812 | INFO | Heartbeat | watch=KXBTC15M-26MAY081215-15 yes_bid=24 yes_ask=25 no_bid=75 no_ask=76 book_ready=True position=False pending=False dry_run=False trust=synced run_id=ed33578e-77ee-44c3-b728-57a0b34b2b0f
2026-05-08 12:03:05,840 | INFO | Heartbeat | watch=KXBTC15M-26MAY081215-15 yes_bid=25 yes_ask=26 no_bid=74 no_ask=75 book_ready=True position=False pending=False dry_run=False trust=synced run_id=ed33578e-77ee-44c3-b728-57a0b34b2b0f
2026-05-08 12:03:20,840 | INFO | Heartbeat | watch=KXBTC15M-26MAY081215-15 yes_bid=20 yes_ask=21 no_bid=79 no_ask=80 book_ready=True position=False pending=False dry_run=False trust=synced run_id=ed33578e-77ee-44c3-b728-57a0b34b2b0f
2026-05-08 12:03:35,879 | INFO | Heartbeat | watch=KXBTC15M-26MAY081215-15 yes_bid=15 yes_ask=16 no_bid=84 no_ask=85 book_ready=True position=False pending=False dry_run=False trust=synced run_id=ed33578e-77ee-44c3-b728-57a0b34b2b0f
2026-05-08 12:03:50,924 | INFO | Heartbeat | watch=KXBTC15M-26MAY081215-15 yes_bid=17 yes_ask=18 no_bid=82 no_ask=83 book_ready=True position=False pending=False dry_run=False trust=synced run_id=ed33578e-77ee-44c3-b728-57a0b34b2b0f
2026-05-08 12:04:05,954 | INFO | Heartbeat | watch=KXBTC15M-26MAY081215-15 yes_bid=18 yes_ask=19 no_bid=81 no_ask=82 book_ready=True position=False pending=False dry_run=False trust=synced run_id=ed33578e-77ee-44c3-b728-57a0b34b2b0f
2026-05-08 12:04:20,972 | INFO | Heartbeat | watch=KXBTC15M-26MAY081215-15 yes_bid=14 yes_ask=15 no_bid=85 no_ask=86 book_ready=True position=False pending=False dry_run=False trust=synced run_id=ed33578e-77ee-44c3-b728-57a0b34b2b0f
2026-05-08 12:04:36,081 | INFO | Heartbeat | watch=KXBTC15M-26MAY081215-15 yes_bid=13 yes_ask=14 no_bid=86 no_ask=87 book_ready=True position=False pending=False dry_run=False trust=synced run_id=ed33578e-77ee-44c3-b728-57a0b34b2b0f
2026-05-08 12:04:51,117 | INFO | Heartbeat | watch=KXBTC15M-26MAY081215-15 yes_bid=14 yes_ask=15 no_bid=85 no_ask=86 book_ready=True position=False pending=False dry_run=False trust=synced run_id=ed33578e-77ee-44c3-b728-57a0b34b2b0f
2026-05-08 12:05:06,124 | INFO | Heartbeat | watch=KXBTC15M-26MAY081215-15 yes_bid=18 yes_ask=19 no_bid=81 no_ask=82 book_ready=True position=False pending=False dry_run=False trust=synced run_id=ed33578e-77ee-44c3-b728-57a0b34b2b0f
2026-05-08 12:05:09,899 | WARNING | BTC market context refresh failed. error=HTTPSConnectionPool(host='data-api.binance.vision', port=443): Read timed out. (read timeout=5.0)
2026-05-08 12:05:21,141 | INFO | Heartbeat | watch=KXBTC15M-26MAY081215-15 yes_bid=17 yes_ask=19 no_bid=81 no_ask=83 book_ready=True position=False pending=False dry_run=False trust=synced run_id=ed33578e-77ee-44c3-b728-57a0b34b2b0f
2026-05-08 12:05:36,181 | INFO | Heartbeat | watch=KXBTC15M-26MAY081215-15 yes_bid=19 yes_ask=20 no_bid=80 no_ask=81 book_ready=True position=False pending=False dry_run=False trust=synced run_id=ed33578e-77ee-44c3-b728-57a0b34b2b0f
2026-05-08 12:05:51,213 | INFO | Heartbeat | watch=KXBTC15M-26MAY081215-15 yes_bid=16 yes_ask=17 no_bid=83 no_ask=84 book_ready=True position=False pending=False dry_run=False trust=synced run_id=ed33578e-77ee-44c3-b728-57a0b34b2b0f
2026-05-08 12:06:06,212 | INFO | Heartbeat | watch=KXBTC15M-26MAY081215-15 yes_bid=26 yes_ask=28 no_bid=72 no_ask=74 book_ready=True position=False pending=False dry_run=False trust=synced run_id=ed33578e-77ee-44c3-b728-57a0b34b2b0f
2026-05-08 12:06:21,240 | INFO | Heartbeat | watch=KXBTC15M-26MAY081215-15 yes_bid=20 yes_ask=21 no_bid=79 no_ask=80 book_ready=True position=False pending=False dry_run=False trust=synced run_id=ed33578e-77ee-44c3-b728-57a0b34b2b0f
2026-05-08 12:06:36,247 | INFO | Heartbeat | watch=KXBTC15M-26MAY081215-15 yes_bid=22 yes_ask=23 no_bid=77 no_ask=78 book_ready=True position=False pending=False dry_run=False trust=synced run_id=ed33578e-77ee-44c3-b728-57a0b34b2b0f
2026-05-08 12:06:51,275 | INFO | Heartbeat | watch=KXBTC15M-26MAY081215-15 yes_bid=27 yes_ask=29 no_bid=71 no_ask=73 book_ready=True position=False pending=False dry_run=False trust=synced run_id=ed33578e-77ee-44c3-b728-57a0b34b2b0f
2026-05-08 12:07:06,300 | INFO | Heartbeat | watch=KXBTC15M-26MAY081215-15 yes_bid=27 yes_ask=28 no_bid=72 no_ask=73 book_ready=True position=False pending=False dry_run=False trust=synced run_id=ed33578e-77ee-44c3-b728-57a0b34b2b0f
2026-05-08 12:07:21,312 | INFO | Heartbeat | watch=KXBTC15M-26MAY081215-15 yes_bid=16 yes_ask=17 no_bid=83 no_ask=84 book_ready=True position=False pending=False dry_run=False trust=synced run_id=ed33578e-77ee-44c3-b728-57a0b34b2b0f
2026-05-08 12:07:33,786 | WARNING | BTC market context refresh failed. error=HTTPSConnectionPool(host='data-api.binance.vision', port=443): Read timed out. (read timeout=5.0)
2026-05-08 12:07:36,326 | INFO | Heartbeat | watch=KXBTC15M-26MAY081215-15 yes_bid=13 yes_ask=14 no_bid=86 no_ask=87 book_ready=True position=False pending=False dry_run=False trust=synced run_id=ed33578e-77ee-44c3-b728-57a0b34b2b0f
2026-05-08 12:07:51,346 | INFO | Heartbeat | watch=KXBTC15M-26MAY081215-15 yes_bid=10 yes_ask=11 no_bid=89 no_ask=90 book_ready=True position=False pending=False dry_run=False trust=synced run_id=ed33578e-77ee-44c3-b728-57a0b34b2b0f
2026-05-08 12:08:06,371 | INFO | Heartbeat | watch=KXBTC15M-26MAY081215-15 yes_bid=13 yes_ask=14 no_bid=86 no_ask=87 book_ready=True position=False pending=False dry_run=False trust=synced run_id=ed33578e-77ee-44c3-b728-57a0b34b2b0f
2026-05-08 12:08:21,366 | INFO | Heartbeat | watch=KXBTC15M-26MAY081215-15 yes_bid=11 yes_ask=12 no_bid=88 no_ask=89 book_ready=True position=False pending=False dry_run=False trust=synced run_id=ed33578e-77ee-44c3-b728-57a0b34b2b0f
2026-05-08 12:08:36,393 | INFO | Heartbeat | watch=KXBTC15M-26MAY081215-15 yes_bid=8 yes_ask=9 no_bid=91 no_ask=92 book_ready=True position=False pending=False dry_run=False trust=synced run_id=ed33578e-77ee-44c3-b728-57a0b34b2b0f
2026-05-08 12:08:51,423 | INFO | Heartbeat | watch=KXBTC15M-26MAY081215-15 yes_bid=10 yes_ask=11 no_bid=89 no_ask=90 book_ready=True position=False pending=False dry_run=False trust=synced run_id=ed33578e-77ee-44c3-b728-57a0b34b2b0f
2026-05-08 12:09:06,470 | INFO | Heartbeat | watch=KXBTC15M-26MAY081215-15 yes_bid=8 yes_ask=9 no_bid=91 no_ask=92 book_ready=True position=False pending=False dry_run=False trust=synced run_id=ed33578e-77ee-44c3-b728-57a0b34b2b0f
2026-05-08 12:09:21,489 | INFO | Heartbeat | watch=KXBTC15M-26MAY081215-15 yes_bid=6 yes_ask=6 no_bid=94 no_ask=94 book_ready=True position=False pending=False dry_run=False trust=synced run_id=ed33578e-77ee-44c3-b728-57a0b34b2b0f
2026-05-08 12:09:36,524 | INFO | Heartbeat | watch=KXBTC15M-26MAY081215-15 yes_bid=5 yes_ask=6 no_bid=94 no_ask=95 book_ready=True position=False pending=False dry_run=False trust=synced run_id=ed33578e-77ee-44c3-b728-57a0b34b2b0f
2026-05-08 12:09:51,548 | INFO | Heartbeat | watch=KXBTC15M-26MAY081215-15 yes_bid=4 yes_ask=5 no_bid=95 no_ask=96 book_ready=True position=False pending=False dry_run=False trust=synced run_id=ed33578e-77ee-44c3-b728-57a0b34b2b0f
2026-05-08 12:10:06,595 | INFO | Heartbeat | watch=KXBTC15M-26MAY081215-15 yes_bid=3 yes_ask=4 no_bid=96 no_ask=97 book_ready=True position=False pending=False dry_run=False trust=synced run_id=ed33578e-77ee-44c3-b728-57a0b34b2b0f
2026-05-08 12:10:21,595 | INFO | Heartbeat | watch=KXBTC15M-26MAY081215-15 yes_bid=6 yes_ask=6 no_bid=94 no_ask=94 book_ready=True position=False pending=False dry_run=False trust=synced run_id=ed33578e-77ee-44c3-b728-57a0b34b2b0f
2026-05-08 12:10:36,605 | INFO | Heartbeat | watch=KXBTC15M-26MAY081215-15 yes_bid=8 yes_ask=8 no_bid=92 no_ask=92 book_ready=True position=False pending=False dry_run=False trust=synced run_id=ed33578e-77ee-44c3-b728-57a0b34b2b0f
2026-05-08 12:10:51,591 | INFO | Heartbeat | watch=KXBTC15M-26MAY081215-15 yes_bid=6 yes_ask=6 no_bid=94 no_ask=94 book_ready=True position=False pending=False dry_run=False trust=synced run_id=ed33578e-77ee-44c3-b728-57a0b34b2b0f
2026-05-08 12:11:06,624 | INFO | Heartbeat | watch=KXBTC15M-26MAY081215-15 yes_bid=3 yes_ask=3 no_bid=97 no_ask=97 book_ready=True position=False pending=False dry_run=False trust=synced run_id=ed33578e-77ee-44c3-b728-57a0b34b2b0f
2026-05-08 12:11:21,742 | INFO | Heartbeat | watch=KXBTC15M-26MAY081215-15 yes_bid=1 yes_ask=1 no_bid=99 no_ask=99 book_ready=True position=False pending=False dry_run=False trust=synced run_id=ed33578e-77ee-44c3-b728-57a0b34b2b0f
2026-05-08 12:11:25,653 | WARNING | BTC market context refresh failed. error=HTTPSConnectionPool(host='data-api.binance.vision', port=443): Read timed out. (read timeout=5.0)
2026-05-08 12:11:36,765 | INFO | Heartbeat | watch=KXBTC15M-26MAY081215-15 yes_bid=2 yes_ask=2 no_bid=98 no_ask=98 book_ready=True position=False pending=False dry_run=False trust=synced run_id=ed33578e-77ee-44c3-b728-57a0b34b2b0f
2026-05-08 12:11:51,769 | INFO | Heartbeat | watch=KXBTC15M-26MAY081215-15 yes_bid=3 yes_ask=3 no_bid=97 no_ask=97 book_ready=True position=False pending=False dry_run=False trust=synced run_id=ed33578e-77ee-44c3-b728-57a0b34b2b0f
2026-05-08 12:12:06,793 | INFO | Heartbeat | watch=KXBTC15M-26MAY081215-15 yes_bid=2 yes_ask=3 no_bid=97 no_ask=98 book_ready=True position=False pending=False dry_run=False trust=synced run_id=ed33578e-77ee-44c3-b728-57a0b34b2b0f
2026-05-08 12:12:21,812 | INFO | Heartbeat | watch=KXBTC15M-26MAY081215-15 yes_bid=1 yes_ask=2 no_bid=98 no_ask=99 book_ready=True position=False pending=False dry_run=False trust=synced run_id=ed33578e-77ee-44c3-b728-57a0b34b2b0f
2026-05-08 12:12:36,841 | INFO | Heartbeat | watch=KXBTC15M-26MAY081215-15 yes_bid=1 yes_ask=1 no_bid=99 no_ask=99 book_ready=True position=False pending=False dry_run=False trust=synced run_id=ed33578e-77ee-44c3-b728-57a0b34b2b0f
2026-05-08 12:12:51,860 | INFO | Heartbeat | watch=KXBTC15M-26MAY081215-15 yes_bid=1 yes_ask=2 no_bid=98 no_ask=99 book_ready=True position=False pending=False dry_run=False trust=synced run_id=ed33578e-77ee-44c3-b728-57a0b34b2b0f
2026-05-08 12:12:55,426 | WARNING | BTC market context refresh failed. error=HTTPSConnectionPool(host='data-api.binance.vision', port=443): Read timed out. (read timeout=5.0)
2026-05-08 12:13:06,896 | INFO | Heartbeat | watch=KXBTC15M-26MAY081215-15 yes_bid=0 yes_ask=0 no_bid=100 no_ask=100 book_ready=True position=False pending=False dry_run=False trust=synced run_id=ed33578e-77ee-44c3-b728-57a0b34b2b0f
2026-05-08 12:13:14,348 | WARNING | BTC market context refresh failed. error=HTTPSConnectionPool(host='data-api.binance.vision', port=443): Read timed out. (read timeout=5.0)
2026-05-08 12:13:21,906 | INFO | Heartbeat | watch=KXBTC15M-26MAY081215-15 yes_bid=0 yes_ask=0 no_bid=100 no_ask=100 book_ready=True position=False pending=False dry_run=False trust=synced run_id=ed33578e-77ee-44c3-b728-57a0b34b2b0f
2026-05-08 12:13:25,135 | WARNING | BTC market context refresh failed. error=HTTPSConnectionPool(host='data-api.binance.vision', port=443): Read timed out. (read timeout=5.0)
2026-05-08 12:13:36,947 | INFO | Heartbeat | watch=KXBTC15M-26MAY081215-15 yes_bid=0 yes_ask=0 no_bid=100 no_ask=100 book_ready=True position=False pending=False dry_run=False trust=synced run_id=ed33578e-77ee-44c3-b728-57a0b34b2b0f
2026-05-08 12:13:51,961 | INFO | Heartbeat | watch=KXBTC15M-26MAY081215-15 yes_bid=0 yes_ask=0 no_bid=100 no_ask=100 book_ready=True position=False pending=False dry_run=False trust=synced run_id=ed33578e-77ee-44c3-b728-57a0b34b2b0f
2026-05-08 12:13:57,048 | WARNING | BTC market context refresh failed. error=HTTPSConnectionPool(host='data-api.binance.vision', port=443): Read timed out. (read timeout=5.0)
2026-05-08 12:14:06,985 | INFO | Heartbeat | watch=KXBTC15M-26MAY081215-15 yes_bid=0 yes_ask=0 no_bid=100 no_ask=100 book_ready=True position=False pending=False dry_run=False trust=synced run_id=ed33578e-77ee-44c3-b728-57a0b34b2b0f
2026-05-08 12:14:22,020 | INFO | Heartbeat | watch=KXBTC15M-26MAY081215-15 yes_bid=0 yes_ask=0 no_bid=100 no_ask=100 book_ready=True position=False pending=False dry_run=False trust=synced run_id=ed33578e-77ee-44c3-b728-57a0b34b2b0f
2026-05-08 12:14:37,042 | INFO | Heartbeat | watch=KXBTC15M-26MAY081215-15 yes_bid=0 yes_ask=0 no_bid=100 no_ask=100 book_ready=True position=False pending=False dry_run=False trust=synced run_id=ed33578e-77ee-44c3-b728-57a0b34b2b0f
2026-05-08 12:14:52,038 | INFO | Heartbeat | watch=KXBTC15M-26MAY081215-15 yes_bid=0 yes_ask=0 no_bid=100 no_ask=100 book_ready=True position=False pending=False dry_run=False trust=synced run_id=ed33578e-77ee-44c3-b728-57a0b34b2b0f
2026-05-08 12:15:06,203 | INFO | Orderbook snapshot ready for KXBTC15M-26MAY081215-15
2026-05-08 12:15:07,038 | INFO | Heartbeat | watch=KXBTC15M-26MAY081215-15 yes_bid=0 yes_ask=100 no_bid=0 no_ask=100 book_ready=True position=False pending=False dry_run=False trust=synced run_id=ed33578e-77ee-44c3-b728-57a0b34b2b0f
2026-05-08 12:15:22,049 | INFO | Heartbeat | watch=KXBTC15M-26MAY081215-15 yes_bid=0 yes_ask=100 no_bid=0 no_ask=100 book_ready=True position=False pending=False dry_run=False trust=synced run_id=ed33578e-77ee-44c3-b728-57a0b34b2b0f
2026-05-08 12:15:24,189 | WARNING | BTC market context refresh failed. error=HTTPSConnectionPool(host='data-api.binance.vision', port=443): Read timed out. (read timeout=5.0)
2026-05-08 12:15:31,988 | INFO | Watching market KXBTC15M-26MAY081230-30 close_time=2026-05-08T16:30:00Z status=active strike=79949.23 run_id=ed33578e-77ee-44c3-b728-57a0b34b2b0f
2026-05-08 12:15:32,160 | INFO | WS connected for KXBTC15M-26MAY081230-30
2026-05-08 12:15:32,191 | INFO | WS subscribed payload: {'type': 'subscribed', 'id': 4, 'msg': {'channel': 'ticker', 'sid': 1}}
2026-05-08 12:15:32,191 | INFO | WS subscribed payload: {'type': 'subscribed', 'id': 4, 'msg': {'channel': 'orderbook_delta', 'sid': 2}}
2026-05-08 12:15:32,192 | INFO | Orderbook snapshot ready for KXBTC15M-26MAY081230-30
2026-05-08 12:15:37,077 | INFO | Heartbeat | watch=KXBTC15M-26MAY081230-30 yes_bid=51 yes_ask=52 no_bid=48 no_ask=49 book_ready=True position=False pending=False dry_run=False trust=synced run_id=ed33578e-77ee-44c3-b728-57a0b34b2b0f
2026-05-08 12:15:52,090 | INFO | Heartbeat | watch=KXBTC15M-26MAY081230-30 yes_bid=53 yes_ask=55 no_bid=45 no_ask=47 book_ready=True position=False pending=False dry_run=False trust=synced run_id=ed33578e-77ee-44c3-b728-57a0b34b2b0f
2026-05-08 12:16:07,095 | INFO | Heartbeat | watch=KXBTC15M-26MAY081230-30 yes_bid=51 yes_ask=52 no_bid=48 no_ask=49 book_ready=True position=False pending=False dry_run=False trust=synced run_id=ed33578e-77ee-44c3-b728-57a0b34b2b0f
2026-05-08 12:16:22,103 | INFO | Heartbeat | watch=KXBTC15M-26MAY081230-30 yes_bid=45 yes_ask=46 no_bid=54 no_ask=55 book_ready=True position=False pending=False dry_run=False trust=synced run_id=ed33578e-77ee-44c3-b728-57a0b34b2b0f
2026-05-08 12:16:37,099 | INFO | Heartbeat | watch=KXBTC15M-26MAY081230-30 yes_bid=41 yes_ask=42 no_bid=58 no_ask=59 book_ready=True position=False pending=False dry_run=False trust=synced run_id=ed33578e-77ee-44c3-b728-57a0b34b2b0f
2026-05-08 12:16:52,107 | INFO | Heartbeat | watch=KXBTC15M-26MAY081230-30 yes_bid=36 yes_ask=37 no_bid=63 no_ask=64 book_ready=True position=False pending=False dry_run=False trust=synced run_id=ed33578e-77ee-44c3-b728-57a0b34b2b0f
2026-05-08 12:17:07,128 | INFO | Heartbeat | watch=KXBTC15M-26MAY081230-30 yes_bid=39 yes_ask=40 no_bid=60 no_ask=61 book_ready=True position=False pending=False dry_run=False trust=synced run_id=ed33578e-77ee-44c3-b728-57a0b34b2b0f
2026-05-08 12:17:22,156 | INFO | Heartbeat | watch=KXBTC15M-26MAY081230-30 yes_bid=41 yes_ask=43 no_bid=57 no_ask=59 book_ready=True position=False pending=False dry_run=False trust=synced run_id=ed33578e-77ee-44c3-b728-57a0b34b2b0f
2026-05-08 12:17:37,227 | INFO | Heartbeat | watch=KXBTC15M-26MAY081230-30 yes_bid=44 yes_ask=45 no_bid=55 no_ask=56 book_ready=True position=False pending=False dry_run=False trust=synced run_id=ed33578e-77ee-44c3-b728-57a0b34b2b0f
2026-05-08 12:17:52,215 | INFO | Heartbeat | watch=KXBTC15M-26MAY081230-30 yes_bid=58 yes_ask=59 no_bid=41 no_ask=42 book_ready=True position=False pending=False dry_run=False trust=synced run_id=ed33578e-77ee-44c3-b728-57a0b34b2b0f
2026-05-08 12:18:07,249 | INFO | Heartbeat | watch=KXBTC15M-26MAY081230-30 yes_bid=56 yes_ask=57 no_bid=43 no_ask=44 book_ready=True position=False pending=False dry_run=False trust=synced run_id=ed33578e-77ee-44c3-b728-57a0b34b2b0f
2026-05-08 12:18:22,304 | INFO | Heartbeat | watch=KXBTC15M-26MAY081230-30 yes_bid=47 yes_ask=48 no_bid=52 no_ask=53 book_ready=True position=False pending=False dry_run=False trust=synced run_id=ed33578e-77ee-44c3-b728-57a0b34b2b0f
2026-05-08 12:18:26,537 | INFO | Mushroom v28 BTC REST fallback refreshed stale tick | previous_age_ms=3062.0 threshold_ms=3000.0 source=coinbase_spot_rest
2026-05-08 12:18:37,337 | INFO | Heartbeat | watch=KXBTC15M-26MAY081230-30 yes_bid=48 yes_ask=49 no_bid=51 no_ask=52 book_ready=True position=False pending=False dry_run=False trust=synced run_id=ed33578e-77ee-44c3-b728-57a0b34b2b0f
2026-05-08 12:18:52,336 | INFO | Heartbeat | watch=KXBTC15M-26MAY081230-30 yes_bid=48 yes_ask=49 no_bid=51 no_ask=52 book_ready=True position=False pending=False dry_run=False trust=synced run_id=ed33578e-77ee-44c3-b728-57a0b34b2b0f
2026-05-08 12:19:07,333 | INFO | Heartbeat | watch=KXBTC15M-26MAY081230-30 yes_bid=49 yes_ask=51 no_bid=49 no_ask=51 book_ready=True position=False pending=False dry_run=False trust=synced run_id=ed33578e-77ee-44c3-b728-57a0b34b2b0f
2026-05-08 12:19:22,343 | INFO | Heartbeat | watch=KXBTC15M-26MAY081230-30 yes_bid=49 yes_ask=50 no_bid=50 no_ask=51 book_ready=True position=False pending=False dry_run=False trust=synced run_id=ed33578e-77ee-44c3-b728-57a0b34b2b0f
2026-05-08 12:19:37,376 | INFO | Heartbeat | watch=KXBTC15M-26MAY081230-30 yes_bid=39 yes_ask=40 no_bid=60 no_ask=61 book_ready=True position=False pending=False dry_run=False trust=synced run_id=ed33578e-77ee-44c3-b728-57a0b34b2b0f
2026-05-08 12:19:52,373 | INFO | Heartbeat | watch=KXBTC15M-26MAY081230-30 yes_bid=41 yes_ask=43 no_bid=57 no_ask=59 book_ready=True position=False pending=False dry_run=False trust=synced run_id=ed33578e-77ee-44c3-b728-57a0b34b2b0f
2026-05-08 12:20:07,382 | INFO | Heartbeat | watch=KXBTC15M-26MAY081230-30 yes_bid=45 yes_ask=46 no_bid=54 no_ask=55 book_ready=True position=False pending=False dry_run=False trust=synced run_id=ed33578e-77ee-44c3-b728-57a0b34b2b0f
2026-05-08 12:20:22,402 | INFO | Heartbeat | watch=KXBTC15M-26MAY081230-30 yes_bid=53 yes_ask=54 no_bid=46 no_ask=47 book_ready=True position=False pending=False dry_run=False trust=synced run_id=ed33578e-77ee-44c3-b728-57a0b34b2b0f
2026-05-08 12:20:27,078 | INFO | Mushroom v28 BTC REST fallback refreshed stale tick | previous_age_ms=3016.0 threshold_ms=3000.0 source=coinbase_spot_rest
2026-05-08 12:20:37,430 | INFO | Heartbeat | watch=KXBTC15M-26MAY081230-30 yes_bid=44 yes_ask=45 no_bid=55 no_ask=56 book_ready=True position=False pending=False dry_run=False trust=synced run_id=ed33578e-77ee-44c3-b728-57a0b34b2b0f
2026-05-08 12:20:52,422 | INFO | Heartbeat | watch=KXBTC15M-26MAY081230-30 yes_bid=35 yes_ask=39 no_bid=61 no_ask=65 book_ready=True position=False pending=False dry_run=False trust=synced run_id=ed33578e-77ee-44c3-b728-57a0b34b2b0f
2026-05-08 12:21:07,470 | INFO | Heartbeat | watch=KXBTC15M-26MAY081230-30 yes_bid=42 yes_ask=43 no_bid=57 no_ask=58 book_ready=True position=False pending=False dry_run=False trust=synced run_id=ed33578e-77ee-44c3-b728-57a0b34b2b0f
2026-05-08 12:21:08,130 | WARNING | BTC market context refresh failed. error=HTTPSConnectionPool(host='data-api.binance.vision', port=443): Read timed out. (read timeout=5.0)
2026-05-08 12:21:22,479 | INFO | Heartbeat | watch=KXBTC15M-26MAY081230-30 yes_bid=32 yes_ask=33 no_bid=67 no_ask=68 book_ready=True position=False pending=False dry_run=False trust=synced run_id=ed33578e-77ee-44c3-b728-57a0b34b2b0f
2026-05-08 12:21:37,569 | INFO | Heartbeat | watch=KXBTC15M-26MAY081230-30 yes_bid=34 yes_ask=35 no_bid=65 no_ask=66 book_ready=True position=False pending=False dry_run=False trust=synced run_id=ed33578e-77ee-44c3-b728-57a0b34b2b0f
2026-05-08 12:21:52,568 | INFO | Heartbeat | watch=KXBTC15M-26MAY081230-30 yes_bid=42 yes_ask=43 no_bid=57 no_ask=58 book_ready=True position=False pending=False dry_run=False trust=synced run_id=ed33578e-77ee-44c3-b728-57a0b34b2b0f
2026-05-08 12:22:07,559 | INFO | Heartbeat | watch=KXBTC15M-26MAY081230-30 yes_bid=43 yes_ask=44 no_bid=56 no_ask=57 book_ready=True position=False pending=False dry_run=False trust=synced run_id=ed33578e-77ee-44c3-b728-57a0b34b2b0f
2026-05-08 12:22:22,576 | INFO | Heartbeat | watch=KXBTC15M-26MAY081230-30 yes_bid=56 yes_ask=57 no_bid=43 no_ask=44 book_ready=True position=False pending=False dry_run=False trust=synced run_id=ed33578e-77ee-44c3-b728-57a0b34b2b0f
2026-05-08 12:22:37,614 | INFO | Heartbeat | watch=KXBTC15M-26MAY081230-30 yes_bid=48 yes_ask=49 no_bid=51 no_ask=52 book_ready=True position=False pending=False dry_run=False trust=synced run_id=ed33578e-77ee-44c3-b728-57a0b34b2b0f
2026-05-08 12:22:52,622 | INFO | Heartbeat | watch=KXBTC15M-26MAY081230-30 yes_bid=45 yes_ask=46 no_bid=54 no_ask=55 book_ready=True position=False pending=False dry_run=False trust=synced run_id=ed33578e-77ee-44c3-b728-57a0b34b2b0f
2026-05-08 12:23:07,652 | INFO | Heartbeat | watch=KXBTC15M-26MAY081230-30 yes_bid=45 yes_ask=46 no_bid=54 no_ask=55 book_ready=True position=False pending=False dry_run=False trust=synced run_id=ed33578e-77ee-44c3-b728-57a0b34b2b0f
2026-05-08 12:23:22,689 | INFO | Heartbeat | watch=KXBTC15M-26MAY081230-30 yes_bid=37 yes_ask=38 no_bid=62 no_ask=63 book_ready=True position=False pending=False dry_run=False trust=synced run_id=ed33578e-77ee-44c3-b728-57a0b34b2b0f
2026-05-08 12:23:37,742 | INFO | Heartbeat | watch=KXBTC15M-26MAY081230-30 yes_bid=30 yes_ask=31 no_bid=69 no_ask=70 book_ready=True position=False pending=False dry_run=False trust=synced run_id=ed33578e-77ee-44c3-b728-57a0b34b2b0f
2026-05-08 12:23:52,777 | INFO | Heartbeat | watch=KXBTC15M-26MAY081230-30 yes_bid=30 yes_ask=31 no_bid=69 no_ask=70 book_ready=True position=False pending=False dry_run=False trust=synced run_id=ed33578e-77ee-44c3-b728-57a0b34b2b0f
2026-05-08 12:24:07,797 | INFO | Heartbeat | watch=KXBTC15M-26MAY081230-30 yes_bid=35 yes_ask=36 no_bid=64 no_ask=65 book_ready=True position=False pending=False dry_run=False trust=synced run_id=ed33578e-77ee-44c3-b728-57a0b34b2b0f
2026-05-08 12:24:22,799 | INFO | Heartbeat | watch=KXBTC15M-26MAY081230-30 yes_bid=32 yes_ask=33 no_bid=67 no_ask=68 book_ready=True position=False pending=False dry_run=False trust=synced run_id=ed33578e-77ee-44c3-b728-57a0b34b2b0f
2026-05-08 12:24:37,798 | INFO | Heartbeat | watch=KXBTC15M-26MAY081230-30 yes_bid=40 yes_ask=41 no_bid=59 no_ask=60 book_ready=True position=False pending=False dry_run=False trust=synced run_id=ed33578e-77ee-44c3-b728-57a0b34b2b0f
2026-05-08 12:24:52,795 | INFO | Heartbeat | watch=KXBTC15M-26MAY081230-30 yes_bid=49 yes_ask=50 no_bid=50 no_ask=51 book_ready=True position=False pending=False dry_run=False trust=synced run_id=ed33578e-77ee-44c3-b728-57a0b34b2b0f
2026-05-08 12:25:07,806 | INFO | Heartbeat | watch=KXBTC15M-26MAY081230-30 yes_bid=52 yes_ask=53 no_bid=47 no_ask=48 book_ready=True position=False pending=False dry_run=False trust=synced run_id=ed33578e-77ee-44c3-b728-57a0b34b2b0f
2026-05-08 12:25:22,808 | INFO | Heartbeat | watch=KXBTC15M-26MAY081230-30 yes_bid=52 yes_ask=53 no_bid=47 no_ask=48 book_ready=True position=False pending=False dry_run=False trust=synced run_id=ed33578e-77ee-44c3-b728-57a0b34b2b0f
2026-05-08 12:25:37,816 | INFO | Heartbeat | watch=KXBTC15M-26MAY081230-30 yes_bid=88 yes_ask=89 no_bid=11 no_ask=12 book_ready=True position=False pending=False dry_run=False trust=synced run_id=ed33578e-77ee-44c3-b728-57a0b34b2b0f
2026-05-08 12:25:52,826 | INFO | Heartbeat | watch=KXBTC15M-26MAY081230-30 yes_bid=83 yes_ask=84 no_bid=16 no_ask=17 book_ready=True position=False pending=False dry_run=False trust=synced run_id=ed33578e-77ee-44c3-b728-57a0b34b2b0f
2026-05-08 12:26:07,865 | INFO | Heartbeat | watch=KXBTC15M-26MAY081230-30 yes_bid=63 yes_ask=64 no_bid=36 no_ask=37 book_ready=True position=False pending=False dry_run=False trust=synced run_id=ed33578e-77ee-44c3-b728-57a0b34b2b0f
2026-05-08 12:26:22,870 | INFO | Heartbeat | watch=KXBTC15M-26MAY081230-30 yes_bid=74 yes_ask=75 no_bid=25 no_ask=26 book_ready=True position=False pending=False dry_run=False trust=synced run_id=ed33578e-77ee-44c3-b728-57a0b34b2b0f
2026-05-08 12:26:37,898 | INFO | Heartbeat | watch=KXBTC15M-26MAY081230-30 yes_bid=76 yes_ask=77 no_bid=23 no_ask=24 book_ready=True position=False pending=False dry_run=False trust=synced run_id=ed33578e-77ee-44c3-b728-57a0b34b2b0f
2026-05-08 12:26:52,903 | INFO | Heartbeat | watch=KXBTC15M-26MAY081230-30 yes_bid=86 yes_ask=87 no_bid=13 no_ask=14 book_ready=True position=False pending=False dry_run=False trust=synced run_id=ed33578e-77ee-44c3-b728-57a0b34b2b0f
2026-05-08 12:27:07,905 | INFO | Heartbeat | watch=KXBTC15M-26MAY081230-30 yes_bid=83 yes_ask=85 no_bid=15 no_ask=17 book_ready=True position=False pending=False dry_run=False trust=synced run_id=ed33578e-77ee-44c3-b728-57a0b34b2b0f
2026-05-08 12:27:22,903 | INFO | Heartbeat | watch=KXBTC15M-26MAY081230-30 yes_bid=72 yes_ask=73 no_bid=27 no_ask=28 book_ready=True position=False pending=False dry_run=False trust=synced run_id=ed33578e-77ee-44c3-b728-57a0b34b2b0f
2026-05-08 12:27:37,914 | INFO | Heartbeat | watch=KXBTC15M-26MAY081230-30 yes_bid=66 yes_ask=67 no_bid=33 no_ask=34 book_ready=True position=False pending=False dry_run=False trust=synced run_id=ed33578e-77ee-44c3-b728-57a0b34b2b0f
2026-05-08 12:27:52,920 | INFO | Heartbeat | watch=KXBTC15M-26MAY081230-30 yes_bid=66 yes_ask=67 no_bid=33 no_ask=34 book_ready=True position=False pending=False dry_run=False trust=synced run_id=ed33578e-77ee-44c3-b728-57a0b34b2b0f
2026-05-08 12:28:07,945 | INFO | Heartbeat | watch=KXBTC15M-26MAY081230-30 yes_bid=69 yes_ask=70 no_bid=30 no_ask=31 book_ready=True position=False pending=False dry_run=False trust=synced run_id=ed33578e-77ee-44c3-b728-57a0b34b2b0f
2026-05-08 12:28:22,958 | INFO | Heartbeat | watch=KXBTC15M-26MAY081230-30 yes_bid=56 yes_ask=57 no_bid=43 no_ask=44 book_ready=True position=False pending=False dry_run=False trust=synced run_id=ed33578e-77ee-44c3-b728-57a0b34b2b0f
2026-05-08 12:28:37,971 | INFO | Heartbeat | watch=KXBTC15M-26MAY081230-30 yes_bid=43 yes_ask=44 no_bid=56 no_ask=57 book_ready=True position=False pending=False dry_run=False trust=synced run_id=ed33578e-77ee-44c3-b728-57a0b34b2b0f
2026-05-08 12:28:52,972 | INFO | Heartbeat | watch=KXBTC15M-26MAY081230-30 yes_bid=34 yes_ask=36 no_bid=64 no_ask=66 book_ready=True position=False pending=False dry_run=False trust=synced run_id=ed33578e-77ee-44c3-b728-57a0b34b2b0f
2026-05-08 12:29:07,995 | INFO | Heartbeat | watch=KXBTC15M-26MAY081230-30 yes_bid=45 yes_ask=46 no_bid=54 no_ask=55 book_ready=True position=False pending=False dry_run=False trust=synced run_id=ed33578e-77ee-44c3-b728-57a0b34b2b0f
2026-05-08 12:29:23,060 | INFO | Heartbeat | watch=KXBTC15M-26MAY081230-30 yes_bid=62 yes_ask=63 no_bid=37 no_ask=38 book_ready=True position=False pending=False dry_run=False trust=synced run_id=ed33578e-77ee-44c3-b728-57a0b34b2b0f
2026-05-08 12:29:38,084 | INFO | Heartbeat | watch=KXBTC15M-26MAY081230-30 yes_bid=3 yes_ask=4 no_bid=96 no_ask=97 book_ready=True position=False pending=False dry_run=False trust=synced run_id=ed33578e-77ee-44c3-b728-57a0b34b2b0f
2026-05-08 12:29:53,090 | INFO | Heartbeat | watch=KXBTC15M-26MAY081230-30 yes_bid=2 yes_ask=4 no_bid=96 no_ask=98 book_ready=True position=False pending=False dry_run=False trust=synced run_id=ed33578e-77ee-44c3-b728-57a0b34b2b0f
2026-05-08 12:30:02,638 | INFO | Watching market KXBTC15M-26MAY081245-45 close_time=2026-05-08T16:45:00Z status=active strike=79940.52 run_id=ed33578e-77ee-44c3-b728-57a0b34b2b0f
2026-05-08 12:30:02,801 | INFO | WS connected for KXBTC15M-26MAY081245-45
2026-05-08 12:30:02,833 | INFO | WS subscribed payload: {'type': 'subscribed', 'id': 5, 'msg': {'channel': 'ticker', 'sid': 1}}
2026-05-08 12:30:02,834 | INFO | WS subscribed payload: {'type': 'subscribed', 'id': 5, 'msg': {'channel': 'orderbook_delta', 'sid': 2}}
2026-05-08 12:30:02,836 | INFO | Orderbook snapshot ready for KXBTC15M-26MAY081245-45
2026-05-08 12:30:08,090 | INFO | Heartbeat | watch=KXBTC15M-26MAY081245-45 yes_bid=46 yes_ask=48 no_bid=52 no_ask=54 book_ready=True position=False pending=False dry_run=False trust=synced run_id=ed33578e-77ee-44c3-b728-57a0b34b2b0f
2026-05-08 12:30:23,104 | INFO | Heartbeat | watch=KXBTC15M-26MAY081245-45 yes_bid=41 yes_ask=42 no_bid=58 no_ask=59 book_ready=True position=False pending=False dry_run=False trust=synced run_id=ed33578e-77ee-44c3-b728-57a0b34b2b0f
2026-05-08 12:30:38,140 | INFO | Heartbeat | watch=KXBTC15M-26MAY081245-45 yes_bid=19 yes_ask=20 no_bid=80 no_ask=81 book_ready=True position=False pending=False dry_run=False trust=synced run_id=ed33578e-77ee-44c3-b728-57a0b34b2b0f
2026-05-08 12:30:53,165 | INFO | Heartbeat | watch=KXBTC15M-26MAY081245-45 yes_bid=23 yes_ask=24 no_bid=76 no_ask=77 book_ready=True position=False pending=False dry_run=False trust=synced run_id=ed33578e-77ee-44c3-b728-57a0b34b2b0f
2026-05-08 12:31:08,190 | INFO | Heartbeat | watch=KXBTC15M-26MAY081245-45 yes_bid=24 yes_ask=25 no_bid=75 no_ask=76 book_ready=True position=False pending=False dry_run=False trust=synced run_id=ed33578e-77ee-44c3-b728-57a0b34b2b0f
2026-05-08 12:31:23,207 | INFO | Heartbeat | watch=KXBTC15M-26MAY081245-45 yes_bid=19 yes_ask=20 no_bid=80 no_ask=81 book_ready=True position=False pending=False dry_run=False trust=synced run_id=ed33578e-77ee-44c3-b728-57a0b34b2b0f
2026-05-08 12:31:38,249 | INFO | Heartbeat | watch=KXBTC15M-26MAY081245-45 yes_bid=16 yes_ask=17 no_bid=83 no_ask=84 book_ready=True position=False pending=False dry_run=False trust=synced run_id=ed33578e-77ee-44c3-b728-57a0b34b2b0f
2026-05-08 12:31:53,285 | INFO | Heartbeat | watch=KXBTC15M-26MAY081245-45 yes_bid=17 yes_ask=18 no_bid=82 no_ask=83 book_ready=True position=False pending=False dry_run=False trust=synced run_id=ed33578e-77ee-44c3-b728-57a0b34b2b0f
2026-05-08 12:32:08,308 | INFO | Heartbeat | watch=KXBTC15M-26MAY081245-45 yes_bid=18 yes_ask=19 no_bid=81 no_ask=82 book_ready=True position=False pending=False dry_run=False trust=synced run_id=ed33578e-77ee-44c3-b728-57a0b34b2b0f
2026-05-08 12:32:23,356 | INFO | Heartbeat | watch=KXBTC15M-26MAY081245-45 yes_bid=17 yes_ask=18 no_bid=82 no_ask=83 book_ready=True position=False pending=False dry_run=False trust=synced run_id=ed33578e-77ee-44c3-b728-57a0b34b2b0f
2026-05-08 12:32:38,384 | INFO | Heartbeat | watch=KXBTC15M-26MAY081245-45 yes_bid=13 yes_ask=14 no_bid=86 no_ask=87 book_ready=True position=False pending=False dry_run=False trust=synced run_id=ed33578e-77ee-44c3-b728-57a0b34b2b0f
2026-05-08 12:32:53,389 | INFO | Heartbeat | watch=KXBTC15M-26MAY081245-45 yes_bid=14 yes_ask=15 no_bid=85 no_ask=86 book_ready=True position=False pending=False dry_run=False trust=synced run_id=ed33578e-77ee-44c3-b728-57a0b34b2b0f
2026-05-08 12:33:08,415 | INFO | Heartbeat | watch=KXBTC15M-26MAY081245-45 yes_bid=15 yes_ask=16 no_bid=84 no_ask=85 book_ready=True position=False pending=False dry_run=False trust=synced run_id=ed33578e-77ee-44c3-b728-57a0b34b2b0f
2026-05-08 12:33:23,407 | INFO | Heartbeat | watch=KXBTC15M-26MAY081245-45 yes_bid=12 yes_ask=13 no_bid=87 no_ask=88 book_ready=True position=False pending=False dry_run=False trust=synced run_id=ed33578e-77ee-44c3-b728-57a0b34b2b0f
2026-05-08 12:33:38,408 | INFO | Heartbeat | watch=KXBTC15M-26MAY081245-45 yes_bid=15 yes_ask=16 no_bid=84 no_ask=85 book_ready=True position=False pending=False dry_run=False trust=synced run_id=ed33578e-77ee-44c3-b728-57a0b34b2b0f
2026-05-08 12:33:53,450 | INFO | Heartbeat | watch=KXBTC15M-26MAY081245-45 yes_bid=13 yes_ask=14 no_bid=86 no_ask=87 book_ready=True position=False pending=False dry_run=False trust=synced run_id=ed33578e-77ee-44c3-b728-57a0b34b2b0f
2026-05-08 12:34:08,455 | INFO | Heartbeat | watch=KXBTC15M-26MAY081245-45 yes_bid=13 yes_ask=14 no_bid=86 no_ask=87 book_ready=True position=False pending=False dry_run=False trust=synced run_id=ed33578e-77ee-44c3-b728-57a0b34b2b0f
2026-05-08 12:34:23,452 | INFO | Heartbeat | watch=KXBTC15M-26MAY081245-45 yes_bid=11 yes_ask=12 no_bid=88 no_ask=89 book_ready=True position=False pending=False dry_run=False trust=synced run_id=ed33578e-77ee-44c3-b728-57a0b34b2b0f
2026-05-08 12:34:38,537 | INFO | Heartbeat | watch=KXBTC15M-26MAY081245-45 yes_bid=12 yes_ask=13 no_bid=87 no_ask=88 book_ready=True position=False pending=False dry_run=False trust=synced run_id=ed33578e-77ee-44c3-b728-57a0b34b2b0f
2026-05-08 12:34:53,538 | INFO | Heartbeat | watch=KXBTC15M-26MAY081245-45 yes_bid=12 yes_ask=13 no_bid=87 no_ask=88 book_ready=True position=False pending=False dry_run=False trust=synced run_id=ed33578e-77ee-44c3-b728-57a0b34b2b0f
2026-05-08 12:35:08,529 | INFO | Heartbeat | watch=KXBTC15M-26MAY081245-45 yes_bid=10 yes_ask=11 no_bid=89 no_ask=90 book_ready=True position=False pending=False dry_run=False trust=synced run_id=ed33578e-77ee-44c3-b728-57a0b34b2b0f
2026-05-08 12:35:23,530 | INFO | Heartbeat | watch=KXBTC15M-26MAY081245-45 yes_bid=8 yes_ask=8 no_bid=92 no_ask=92 book_ready=True position=False pending=False dry_run=False trust=synced run_id=ed33578e-77ee-44c3-b728-57a0b34b2b0f
2026-05-08 12:35:38,535 | INFO | Heartbeat | watch=KXBTC15M-26MAY081245-45 yes_bid=8 yes_ask=8 no_bid=92 no_ask=92 book_ready=True position=False pending=False dry_run=False trust=synced run_id=ed33578e-77ee-44c3-b728-57a0b34b2b0f
2026-05-08 12:35:53,553 | INFO | Heartbeat | watch=KXBTC15M-26MAY081245-45 yes_bid=7 yes_ask=7 no_bid=93 no_ask=93 book_ready=True position=False pending=False dry_run=False trust=synced run_id=ed33578e-77ee-44c3-b728-57a0b34b2b0f
2026-05-08 12:36:08,554 | INFO | Heartbeat | watch=KXBTC15M-26MAY081245-45 yes_bid=6 yes_ask=7 no_bid=93 no_ask=94 book_ready=True position=False pending=False dry_run=False trust=synced run_id=ed33578e-77ee-44c3-b728-57a0b34b2b0f
2026-05-08 12:36:23,607 | INFO | Heartbeat | watch=KXBTC15M-26MAY081245-45 yes_bid=10 yes_ask=11 no_bid=89 no_ask=90 book_ready=True position=False pending=False dry_run=False trust=synced run_id=ed33578e-77ee-44c3-b728-57a0b34b2b0f
2026-05-08 12:36:38,644 | INFO | Heartbeat | watch=KXBTC15M-26MAY081245-45 yes_bid=10 yes_ask=11 no_bid=89 no_ask=90 book_ready=True position=False pending=False dry_run=False trust=synced run_id=ed33578e-77ee-44c3-b728-57a0b34b2b0f
2026-05-08 12:36:53,671 | INFO | Heartbeat | watch=KXBTC15M-26MAY081245-45 yes_bid=8 yes_ask=8 no_bid=92 no_ask=92 book_ready=True position=False pending=False dry_run=False trust=synced run_id=ed33578e-77ee-44c3-b728-57a0b34b2b0f
2026-05-08 12:37:08,701 | INFO | Heartbeat | watch=KXBTC15M-26MAY081245-45 yes_bid=7 yes_ask=8 no_bid=92 no_ask=93 book_ready=True position=False pending=False dry_run=False trust=synced run_id=ed33578e-77ee-44c3-b728-57a0b34b2b0f
2026-05-08 12:37:23,715 | INFO | Heartbeat | watch=KXBTC15M-26MAY081245-45 yes_bid=10 yes_ask=11 no_bid=89 no_ask=90 book_ready=True position=False pending=False dry_run=False trust=synced run_id=ed33578e-77ee-44c3-b728-57a0b34b2b0f
2026-05-08 12:37:38,813 | INFO | Heartbeat | watch=KXBTC15M-26MAY081245-45 yes_bid=6 yes_ask=7 no_bid=93 no_ask=94 book_ready=True position=False pending=False dry_run=False trust=synced run_id=ed33578e-77ee-44c3-b728-57a0b34b2b0f
2026-05-08 12:37:53,817 | INFO | Heartbeat | watch=KXBTC15M-26MAY081245-45 yes_bid=4 yes_ask=5 no_bid=95 no_ask=96 book_ready=True position=False pending=False dry_run=False trust=synced run_id=ed33578e-77ee-44c3-b728-57a0b34b2b0f
2026-05-08 12:38:08,865 | INFO | Heartbeat | watch=KXBTC15M-26MAY081245-45 yes_bid=3 yes_ask=4 no_bid=96 no_ask=97 book_ready=True position=False pending=False dry_run=False trust=synced run_id=ed33578e-77ee-44c3-b728-57a0b34b2b0f
2026-05-08 12:38:23,885 | INFO | Heartbeat | watch=KXBTC15M-26MAY081245-45 yes_bid=3 yes_ask=4 no_bid=96 no_ask=97 book_ready=True position=False pending=False dry_run=False trust=synced run_id=ed33578e-77ee-44c3-b728-57a0b34b2b0f
2026-05-08 12:38:38,891 | INFO | Heartbeat | watch=KXBTC15M-26MAY081245-45 yes_bid=2 yes_ask=2 no_bid=98 no_ask=98 book_ready=True position=False pending=False dry_run=False trust=synced run_id=ed33578e-77ee-44c3-b728-57a0b34b2b0f
2026-05-08 12:38:53,921 | INFO | Heartbeat | watch=KXBTC15M-26MAY081245-45 yes_bid=1 yes_ask=2 no_bid=98 no_ask=99 book_ready=True position=False pending=False dry_run=False trust=synced run_id=ed33578e-77ee-44c3-b728-57a0b34b2b0f
2026-05-08 12:39:08,942 | INFO | Heartbeat | watch=KXBTC15M-26MAY081245-45 yes_bid=2 yes_ask=3 no_bid=97 no_ask=98 book_ready=True position=False pending=False dry_run=False trust=synced run_id=ed33578e-77ee-44c3-b728-57a0b34b2b0f
2026-05-08 12:39:23,964 | INFO | Heartbeat | watch=KXBTC15M-26MAY081245-45 yes_bid=2 yes_ask=2 no_bid=98 no_ask=98 book_ready=True position=False pending=False dry_run=False trust=synced run_id=ed33578e-77ee-44c3-b728-57a0b34b2b0f
2026-05-08 12:39:39,009 | INFO | Heartbeat | watch=KXBTC15M-26MAY081245-45 yes_bid=1 yes_ask=1 no_bid=99 no_ask=99 book_ready=True position=False pending=False dry_run=False trust=synced run_id=ed33578e-77ee-44c3-b728-57a0b34b2b0f
2026-05-08 12:39:54,044 | INFO | Heartbeat | watch=KXBTC15M-26MAY081245-45 yes_bid=1 yes_ask=2 no_bid=98 no_ask=99 book_ready=True position=False pending=False dry_run=False trust=synced run_id=ed33578e-77ee-44c3-b728-57a0b34b2b0f
2026-05-08 12:40:09,076 | INFO | Heartbeat | watch=KXBTC15M-26MAY081245-45 yes_bid=1 yes_ask=1 no_bid=99 no_ask=99 book_ready=True position=False pending=False dry_run=False trust=synced run_id=ed33578e-77ee-44c3-b728-57a0b34b2b0f
2026-05-08 12:40:24,089 | INFO | Heartbeat | watch=KXBTC15M-26MAY081245-45 yes_bid=1 yes_ask=1 no_bid=99 no_ask=99 book_ready=True position=False pending=False dry_run=False trust=synced run_id=ed33578e-77ee-44c3-b728-57a0b34b2b0f
2026-05-08 12:40:39,139 | INFO | Heartbeat | watch=KXBTC15M-26MAY081245-45 yes_bid=0 yes_ask=1 no_bid=99 no_ask=100 book_ready=True position=False pending=False dry_run=False trust=synced run_id=ed33578e-77ee-44c3-b728-57a0b34b2b0f
2026-05-08 12:40:54,189 | INFO | Heartbeat | watch=KXBTC15M-26MAY081245-45 yes_bid=0 yes_ask=0 no_bid=100 no_ask=100 book_ready=True position=False pending=False dry_run=False trust=synced run_id=ed33578e-77ee-44c3-b728-57a0b34b2b0f
2026-05-08 12:41:09,188 | INFO | Heartbeat | watch=KXBTC15M-26MAY081245-45 yes_bid=0 yes_ask=0 no_bid=100 no_ask=100 book_ready=True position=False pending=False dry_run=False trust=synced run_id=ed33578e-77ee-44c3-b728-57a0b34b2b0f
2026-05-08 12:41:24,193 | INFO | Heartbeat | watch=KXBTC15M-26MAY081245-45 yes_bid=0 yes_ask=0 no_bid=100 no_ask=100 book_ready=True position=False pending=False dry_run=False trust=synced run_id=ed33578e-77ee-44c3-b728-57a0b34b2b0f
2026-05-08 12:41:39,210 | INFO | Heartbeat | watch=KXBTC15M-26MAY081245-45 yes_bid=0 yes_ask=1 no_bid=99 no_ask=100 book_ready=True position=False pending=False dry_run=False trust=synced run_id=ed33578e-77ee-44c3-b728-57a0b34b2b0f
2026-05-08 12:41:54,219 | INFO | Heartbeat | watch=KXBTC15M-26MAY081245-45 yes_bid=0 yes_ask=0 no_bid=100 no_ask=100 book_ready=True position=False pending=False dry_run=False trust=synced run_id=ed33578e-77ee-44c3-b728-57a0b34b2b0f
2026-05-08 12:42:09,215 | INFO | Heartbeat | watch=KXBTC15M-26MAY081245-45 yes_bid=0 yes_ask=0 no_bid=100 no_ask=100 book_ready=True position=False pending=False dry_run=False trust=synced run_id=ed33578e-77ee-44c3-b728-57a0b34b2b0f
2026-05-08 12:42:24,242 | INFO | Heartbeat | watch=KXBTC15M-26MAY081245-45 yes_bid=0 yes_ask=1 no_bid=99 no_ask=100 book_ready=True position=False pending=False dry_run=False trust=synced run_id=ed33578e-77ee-44c3-b728-57a0b34b2b0f
2026-05-08 12:42:39,228 | INFO | Heartbeat | watch=KXBTC15M-26MAY081245-45 yes_bid=1 yes_ask=1 no_bid=99 no_ask=99 book_ready=True position=False pending=False dry_run=False trust=synced run_id=ed33578e-77ee-44c3-b728-57a0b34b2b0f
2026-05-08 12:42:54,267 | INFO | Heartbeat | watch=KXBTC15M-26MAY081245-45 yes_bid=0 yes_ask=0 no_bid=100 no_ask=100 book_ready=True position=False pending=False dry_run=False trust=synced run_id=ed33578e-77ee-44c3-b728-57a0b34b2b0f
2026-05-08 12:43:09,311 | INFO | Heartbeat | watch=KXBTC15M-26MAY081245-45 yes_bid=0 yes_ask=0 no_bid=100 no_ask=100 book_ready=True position=False pending=False dry_run=False trust=synced run_id=ed33578e-77ee-44c3-b728-57a0b34b2b0f
2026-05-08 12:43:24,360 | INFO | Heartbeat | watch=KXBTC15M-26MAY081245-45 yes_bid=0 yes_ask=0 no_bid=100 no_ask=100 book_ready=True position=False pending=False dry_run=False trust=synced run_id=ed33578e-77ee-44c3-b728-57a0b34b2b0f
2026-05-08 12:43:39,375 | INFO | Heartbeat | watch=KXBTC15M-26MAY081245-45 yes_bid=0 yes_ask=0 no_bid=100 no_ask=100 book_ready=True position=False pending=False dry_run=False trust=synced run_id=ed33578e-77ee-44c3-b728-57a0b34b2b0f
2026-05-08 12:43:54,409 | INFO | Heartbeat | watch=KXBTC15M-26MAY081245-45 yes_bid=0 yes_ask=0 no_bid=100 no_ask=100 book_ready=True position=False pending=False dry_run=False trust=synced run_id=ed33578e-77ee-44c3-b728-57a0b34b2b0f
2026-05-08 12:44:09,457 | INFO | Heartbeat | watch=KXBTC15M-26MAY081245-45 yes_bid=0 yes_ask=0 no_bid=100 no_ask=100 book_ready=True position=False pending=False dry_run=False trust=synced run_id=ed33578e-77ee-44c3-b728-57a0b34b2b0f
2026-05-08 12:44:24,455 | INFO | Heartbeat | watch=KXBTC15M-26MAY081245-45 yes_bid=0 yes_ask=0 no_bid=100 no_ask=100 book_ready=True position=False pending=False dry_run=False trust=synced run_id=ed33578e-77ee-44c3-b728-57a0b34b2b0f
2026-05-08 12:44:39,461 | INFO | Heartbeat | watch=KXBTC15M-26MAY081245-45 yes_bid=0 yes_ask=0 no_bid=100 no_ask=100 book_ready=True position=False pending=False dry_run=False trust=synced run_id=ed33578e-77ee-44c3-b728-57a0b34b2b0f
2026-05-08 12:44:54,483 | INFO | Heartbeat | watch=KXBTC15M-26MAY081245-45 yes_bid=0 yes_ask=0 no_bid=100 no_ask=100 book_ready=True position=False pending=False dry_run=False trust=synced run_id=ed33578e-77ee-44c3-b728-57a0b34b2b0f
2026-05-08 12:45:05,947 | INFO | Orderbook snapshot ready for KXBTC15M-26MAY081245-45
2026-05-08 12:45:09,536 | INFO | Heartbeat | watch=KXBTC15M-26MAY081245-45 yes_bid=0 yes_ask=100 no_bid=0 no_ask=100 book_ready=True position=False pending=False dry_run=False trust=synced run_id=ed33578e-77ee-44c3-b728-57a0b34b2b0f
2026-05-08 12:45:17,262 | INFO | Watching market KXBTC15M-26MAY081300-00 close_time=2026-05-08T17:00:00Z status=active strike=79775.89 run_id=ed33578e-77ee-44c3-b728-57a0b34b2b0f
2026-05-08 12:45:17,430 | INFO | WS connected for KXBTC15M-26MAY081300-00
2026-05-08 12:45:17,457 | INFO | WS subscribed payload: {'type': 'subscribed', 'id': 6, 'msg': {'channel': 'ticker', 'sid': 1}}
2026-05-08 12:45:17,458 | INFO | WS subscribed payload: {'type': 'subscribed', 'id': 6, 'msg': {'channel': 'orderbook_delta', 'sid': 2}}
2026-05-08 12:45:17,459 | INFO | Orderbook snapshot ready for KXBTC15M-26MAY081300-00
2026-05-08 12:45:24,567 | INFO | Heartbeat | watch=KXBTC15M-26MAY081300-00 yes_bid=50 yes_ask=51 no_bid=49 no_ask=50 book_ready=True position=False pending=False dry_run=False trust=synced run_id=ed33578e-77ee-44c3-b728-57a0b34b2b0f
2026-05-08 12:45:39,636 | INFO | Heartbeat | watch=KXBTC15M-26MAY081300-00 yes_bid=56 yes_ask=57 no_bid=43 no_ask=44 book_ready=True position=False pending=False dry_run=False trust=synced run_id=ed33578e-77ee-44c3-b728-57a0b34b2b0f
2026-05-08 12:45:54,660 | INFO | Heartbeat | watch=KXBTC15M-26MAY081300-00 yes_bid=57 yes_ask=58 no_bid=42 no_ask=43 book_ready=True position=False pending=False dry_run=False trust=synced run_id=ed33578e-77ee-44c3-b728-57a0b34b2b0f
2026-05-08 12:46:09,655 | INFO | Heartbeat | watch=KXBTC15M-26MAY081300-00 yes_bid=48 yes_ask=49 no_bid=51 no_ask=52 book_ready=True position=False pending=False dry_run=False trust=synced run_id=ed33578e-77ee-44c3-b728-57a0b34b2b0f
2026-05-08 12:46:24,685 | INFO | Heartbeat | watch=KXBTC15M-26MAY081300-00 yes_bid=56 yes_ask=57 no_bid=43 no_ask=44 book_ready=True position=False pending=False dry_run=False trust=synced run_id=ed33578e-77ee-44c3-b728-57a0b34b2b0f
2026-05-08 12:46:39,714 | INFO | Heartbeat | watch=KXBTC15M-26MAY081300-00 yes_bid=48 yes_ask=49 no_bid=51 no_ask=52 book_ready=True position=False pending=False dry_run=False trust=synced run_id=ed33578e-77ee-44c3-b728-57a0b34b2b0f
2026-05-08 12:46:54,721 | INFO | Heartbeat | watch=KXBTC15M-26MAY081300-00 yes_bid=48 yes_ask=49 no_bid=51 no_ask=52 book_ready=True position=False pending=False dry_run=False trust=synced run_id=ed33578e-77ee-44c3-b728-57a0b34b2b0f
2026-05-08 12:47:09,740 | INFO | Heartbeat | watch=KXBTC15M-26MAY081300-00 yes_bid=55 yes_ask=56 no_bid=44 no_ask=45 book_ready=True position=False pending=False dry_run=False trust=synced run_id=ed33578e-77ee-44c3-b728-57a0b34b2b0f
2026-05-08 12:47:24,752 | INFO | Heartbeat | watch=KXBTC15M-26MAY081300-00 yes_bid=50 yes_ask=51 no_bid=49 no_ask=50 book_ready=True position=False pending=False dry_run=False trust=synced run_id=ed33578e-77ee-44c3-b728-57a0b34b2b0f
2026-05-08 12:47:39,774 | INFO | Heartbeat | watch=KXBTC15M-26MAY081300-00 yes_bid=43 yes_ask=44 no_bid=56 no_ask=57 book_ready=True position=False pending=False dry_run=False trust=synced run_id=ed33578e-77ee-44c3-b728-57a0b34b2b0f
2026-05-08 12:47:54,792 | INFO | Heartbeat | watch=KXBTC15M-26MAY081300-00 yes_bid=48 yes_ask=49 no_bid=51 no_ask=52 book_ready=True position=False pending=False dry_run=False trust=synced run_id=ed33578e-77ee-44c3-b728-57a0b34b2b0f
2026-05-08 12:48:09,812 | INFO | Heartbeat | watch=KXBTC15M-26MAY081300-00 yes_bid=46 yes_ask=47 no_bid=53 no_ask=54 book_ready=True position=False pending=False dry_run=False trust=synced run_id=ed33578e-77ee-44c3-b728-57a0b34b2b0f
2026-05-08 12:48:24,848 | INFO | Heartbeat | watch=KXBTC15M-26MAY081300-00 yes_bid=49 yes_ask=50 no_bid=50 no_ask=51 book_ready=True position=False pending=False dry_run=False trust=synced run_id=ed33578e-77ee-44c3-b728-57a0b34b2b0f
2026-05-08 12:48:39,932 | INFO | Heartbeat | watch=KXBTC15M-26MAY081300-00 yes_bid=61 yes_ask=62 no_bid=38 no_ask=39 book_ready=True position=False pending=False dry_run=False trust=synced run_id=ed33578e-77ee-44c3-b728-57a0b34b2b0f
2026-05-08 12:48:54,980 | INFO | Heartbeat | watch=KXBTC15M-26MAY081300-00 yes_bid=59 yes_ask=60 no_bid=40 no_ask=41 book_ready=True position=False pending=False dry_run=False trust=synced run_id=ed33578e-77ee-44c3-b728-57a0b34b2b0f
2026-05-08 12:49:10,000 | INFO | Heartbeat | watch=KXBTC15M-26MAY081300-00 yes_bid=52 yes_ask=53 no_bid=47 no_ask=48 book_ready=True position=False pending=False dry_run=False trust=synced run_id=ed33578e-77ee-44c3-b728-57a0b34b2b0f
2026-05-08 12:49:25,014 | INFO | Heartbeat | watch=KXBTC15M-26MAY081300-00 yes_bid=54 yes_ask=55 no_bid=45 no_ask=46 book_ready=True position=False pending=False dry_run=False trust=synced run_id=ed33578e-77ee-44c3-b728-57a0b34b2b0f
2026-05-08 12:49:40,047 | INFO | Heartbeat | watch=KXBTC15M-26MAY081300-00 yes_bid=62 yes_ask=63 no_bid=37 no_ask=38 book_ready=True position=False pending=False dry_run=False trust=synced run_id=ed33578e-77ee-44c3-b728-57a0b34b2b0f
2026-05-08 12:49:55,079 | INFO | Heartbeat | watch=KXBTC15M-26MAY081300-00 yes_bid=42 yes_ask=43 no_bid=57 no_ask=58 book_ready=True position=False pending=False dry_run=False trust=synced run_id=ed33578e-77ee-44c3-b728-57a0b34b2b0f
2026-05-08 12:50:10,092 | INFO | Heartbeat | watch=KXBTC15M-26MAY081300-00 yes_bid=40 yes_ask=41 no_bid=59 no_ask=60 book_ready=True position=False pending=False dry_run=False trust=synced run_id=ed33578e-77ee-44c3-b728-57a0b34b2b0f
2026-05-08 12:50:25,121 | INFO | Heartbeat | watch=KXBTC15M-26MAY081300-00 yes_bid=36 yes_ask=37 no_bid=63 no_ask=64 book_ready=True position=False pending=False dry_run=False trust=synced run_id=ed33578e-77ee-44c3-b728-57a0b34b2b0f
2026-05-08 12:50:40,123 | INFO | Heartbeat | watch=KXBTC15M-26MAY081300-00 yes_bid=39 yes_ask=40 no_bid=60 no_ask=61 book_ready=True position=False pending=False dry_run=False trust=synced run_id=ed33578e-77ee-44c3-b728-57a0b34b2b0f
2026-05-08 12:50:55,183 | INFO | Heartbeat | watch=KXBTC15M-26MAY081300-00 yes_bid=42 yes_ask=43 no_bid=57 no_ask=58 book_ready=True position=False pending=False dry_run=False trust=synced run_id=ed33578e-77ee-44c3-b728-57a0b34b2b0f
2026-05-08 12:51:10,234 | INFO | Heartbeat | watch=KXBTC15M-26MAY081300-00 yes_bid=38 yes_ask=39 no_bid=61 no_ask=62 book_ready=True position=False pending=False dry_run=False trust=synced run_id=ed33578e-77ee-44c3-b728-57a0b34b2b0f
2026-05-08 12:51:25,259 | INFO | Heartbeat | watch=KXBTC15M-26MAY081300-00 yes_bid=45 yes_ask=47 no_bid=53 no_ask=55 book_ready=True position=False pending=False dry_run=False trust=synced run_id=ed33578e-77ee-44c3-b728-57a0b34b2b0f
2026-05-08 12:51:40,339 | INFO | Heartbeat | watch=KXBTC15M-26MAY081300-00 yes_bid=52 yes_ask=53 no_bid=47 no_ask=48 book_ready=True position=False pending=False dry_run=False trust=synced run_id=ed33578e-77ee-44c3-b728-57a0b34b2b0f
2026-05-08 12:51:55,373 | INFO | Heartbeat | watch=KXBTC15M-26MAY081300-00 yes_bid=56 yes_ask=58 no_bid=42 no_ask=44 book_ready=True position=False pending=False dry_run=False trust=synced run_id=ed33578e-77ee-44c3-b728-57a0b34b2b0f
2026-05-08 12:52:10,380 | INFO | Heartbeat | watch=KXBTC15M-26MAY081300-00 yes_bid=47 yes_ask=48 no_bid=52 no_ask=53 book_ready=True position=False pending=False dry_run=False trust=synced run_id=ed33578e-77ee-44c3-b728-57a0b34b2b0f
2026-05-08 12:52:25,386 | INFO | Heartbeat | watch=KXBTC15M-26MAY081300-00 yes_bid=57 yes_ask=58 no_bid=42 no_ask=43 book_ready=True position=False pending=False dry_run=False trust=synced run_id=ed33578e-77ee-44c3-b728-57a0b34b2b0f
2026-05-08 12:52:40,534 | INFO | Heartbeat | watch=KXBTC15M-26MAY081300-00 yes_bid=68 yes_ask=69 no_bid=31 no_ask=32 book_ready=True position=False pending=False dry_run=False trust=synced run_id=ed33578e-77ee-44c3-b728-57a0b34b2b0f
2026-05-08 12:52:55,533 | INFO | Heartbeat | watch=KXBTC15M-26MAY081300-00 yes_bid=65 yes_ask=66 no_bid=34 no_ask=35 book_ready=True position=False pending=False dry_run=False trust=synced run_id=ed33578e-77ee-44c3-b728-57a0b34b2b0f
2026-05-08 12:53:10,557 | INFO | Heartbeat | watch=KXBTC15M-26MAY081300-00 yes_bid=68 yes_ask=69 no_bid=31 no_ask=32 book_ready=True position=False pending=False dry_run=False trust=synced run_id=ed33578e-77ee-44c3-b728-57a0b34b2b0f
2026-05-08 12:53:25,579 | INFO | Heartbeat | watch=KXBTC15M-26MAY081300-00 yes_bid=73 yes_ask=75 no_bid=25 no_ask=27 book_ready=True position=False pending=False dry_run=False trust=synced run_id=ed33578e-77ee-44c3-b728-57a0b34b2b0f
2026-05-08 12:53:40,607 | INFO | Heartbeat | watch=KXBTC15M-26MAY081300-00 yes_bid=77 yes_ask=79 no_bid=21 no_ask=23 book_ready=True position=False pending=False dry_run=False trust=synced run_id=ed33578e-77ee-44c3-b728-57a0b34b2b0f
2026-05-08 12:53:55,623 | INFO | Heartbeat | watch=KXBTC15M-26MAY081300-00 yes_bid=83 yes_ask=84 no_bid=16 no_ask=17 book_ready=True position=False pending=False dry_run=False trust=synced run_id=ed33578e-77ee-44c3-b728-57a0b34b2b0f
2026-05-08 12:54:10,650 | INFO | Heartbeat | watch=KXBTC15M-26MAY081300-00 yes_bid=86 yes_ask=87 no_bid=13 no_ask=14 book_ready=True position=False pending=False dry_run=False trust=synced run_id=ed33578e-77ee-44c3-b728-57a0b34b2b0f
2026-05-08 12:54:25,668 | INFO | Heartbeat | watch=KXBTC15M-26MAY081300-00 yes_bid=84 yes_ask=85 no_bid=15 no_ask=16 book_ready=True position=False pending=False dry_run=False trust=synced run_id=ed33578e-77ee-44c3-b728-57a0b34b2b0f
2026-05-08 12:54:40,667 | INFO | Heartbeat | watch=KXBTC15M-26MAY081300-00 yes_bid=69 yes_ask=71 no_bid=29 no_ask=31 book_ready=True position=False pending=False dry_run=False trust=synced run_id=ed33578e-77ee-44c3-b728-57a0b34b2b0f
2026-05-08 12:54:55,709 | INFO | Heartbeat | watch=KXBTC15M-26MAY081300-00 yes_bid=43 yes_ask=44 no_bid=56 no_ask=57 book_ready=True position=False pending=False dry_run=False trust=synced run_id=ed33578e-77ee-44c3-b728-57a0b34b2b0f
2026-05-08 12:55:10,713 | INFO | Heartbeat | watch=KXBTC15M-26MAY081300-00 yes_bid=60 yes_ask=61 no_bid=39 no_ask=40 book_ready=True position=False pending=False dry_run=False trust=synced run_id=ed33578e-77ee-44c3-b728-57a0b34b2b0f
2026-05-08 12:55:25,757 | INFO | Heartbeat | watch=KXBTC15M-26MAY081300-00 yes_bid=45 yes_ask=46 no_bid=54 no_ask=55 book_ready=True position=False pending=False dry_run=False trust=synced run_id=ed33578e-77ee-44c3-b728-57a0b34b2b0f
2026-05-08 12:55:40,745 | INFO | Heartbeat | watch=KXBTC15M-26MAY081300-00 yes_bid=55 yes_ask=56 no_bid=44 no_ask=45 book_ready=True position=False pending=False dry_run=False trust=synced run_id=ed33578e-77ee-44c3-b728-57a0b34b2b0f
2026-05-08 12:55:55,796 | INFO | Heartbeat | watch=KXBTC15M-26MAY081300-00 yes_bid=54 yes_ask=55 no_bid=45 no_ask=46 book_ready=True position=False pending=False dry_run=False trust=synced run_id=ed33578e-77ee-44c3-b728-57a0b34b2b0f
2026-05-08 12:56:10,823 | INFO | Heartbeat | watch=KXBTC15M-26MAY081300-00 yes_bid=65 yes_ask=66 no_bid=34 no_ask=35 book_ready=True position=False pending=False dry_run=False trust=synced run_id=ed33578e-77ee-44c3-b728-57a0b34b2b0f
2026-05-08 12:56:25,895 | INFO | Heartbeat | watch=KXBTC15M-26MAY081300-00 yes_bid=52 yes_ask=53 no_bid=47 no_ask=48 book_ready=True position=False pending=False dry_run=False trust=synced run_id=ed33578e-77ee-44c3-b728-57a0b34b2b0f
2026-05-08 12:56:40,889 | INFO | Heartbeat | watch=KXBTC15M-26MAY081300-00 yes_bid=56 yes_ask=58 no_bid=42 no_ask=44 book_ready=True position=False pending=False dry_run=False trust=synced run_id=ed33578e-77ee-44c3-b728-57a0b34b2b0f
2026-05-08 12:56:55,937 | INFO | Heartbeat | watch=KXBTC15M-26MAY081300-00 yes_bid=67 yes_ask=68 no_bid=32 no_ask=33 book_ready=True position=False pending=False dry_run=False trust=synced run_id=ed33578e-77ee-44c3-b728-57a0b34b2b0f
2026-05-08 12:57:10,972 | INFO | Heartbeat | watch=KXBTC15M-26MAY081300-00 yes_bid=82 yes_ask=83 no_bid=17 no_ask=18 book_ready=True position=False pending=False dry_run=False trust=synced run_id=ed33578e-77ee-44c3-b728-57a0b34b2b0f
2026-05-08 12:57:25,978 | INFO | Heartbeat | watch=KXBTC15M-26MAY081300-00 yes_bid=94 yes_ask=94 no_bid=6 no_ask=6 book_ready=True position=False pending=False dry_run=False trust=synced run_id=ed33578e-77ee-44c3-b728-57a0b34b2b0f
2026-05-08 12:57:41,017 | INFO | Heartbeat | watch=KXBTC15M-26MAY081300-00 yes_bid=89 yes_ask=90 no_bid=10 no_ask=11 book_ready=True position=False pending=False dry_run=False trust=synced run_id=ed33578e-77ee-44c3-b728-57a0b34b2b0f
2026-05-08 12:57:56,041 | INFO | Heartbeat | watch=KXBTC15M-26MAY081300-00 yes_bid=84 yes_ask=85 no_bid=15 no_ask=16 book_ready=True position=False pending=False dry_run=False trust=synced run_id=ed33578e-77ee-44c3-b728-57a0b34b2b0f
2026-05-08 12:58:11,057 | INFO | Heartbeat | watch=KXBTC15M-26MAY081300-00 yes_bid=77 yes_ask=78 no_bid=22 no_ask=23 book_ready=True position=False pending=False dry_run=False trust=synced run_id=ed33578e-77ee-44c3-b728-57a0b34b2b0f
2026-05-08 12:58:26,075 | INFO | Heartbeat | watch=KXBTC15M-26MAY081300-00 yes_bid=82 yes_ask=83 no_bid=17 no_ask=18 book_ready=True position=False pending=False dry_run=False trust=synced run_id=ed33578e-77ee-44c3-b728-57a0b34b2b0f
2026-05-08 12:58:41,084 | INFO | Heartbeat | watch=KXBTC15M-26MAY081300-00 yes_bid=92 yes_ask=92 no_bid=8 no_ask=8 book_ready=True position=False pending=False dry_run=False trust=synced run_id=ed33578e-77ee-44c3-b728-57a0b34b2b0f
2026-05-08 12:58:56,070 | INFO | Heartbeat | watch=KXBTC15M-26MAY081300-00 yes_bid=87 yes_ask=88 no_bid=12 no_ask=13 book_ready=True position=False pending=False dry_run=False trust=synced run_id=ed33578e-77ee-44c3-b728-57a0b34b2b0f
2026-05-08 12:59:11,108 | INFO | Heartbeat | watch=KXBTC15M-26MAY081300-00 yes_bid=96 yes_ask=97 no_bid=3 no_ask=4 book_ready=True position=False pending=False dry_run=False trust=synced run_id=ed33578e-77ee-44c3-b728-57a0b34b2b0f
2026-05-08 12:59:26,126 | INFO | Heartbeat | watch=KXBTC15M-26MAY081300-00 yes_bid=100 yes_ask=100 no_bid=0 no_ask=0 book_ready=True position=False pending=False dry_run=False trust=synced run_id=ed33578e-77ee-44c3-b728-57a0b34b2b0f
2026-05-08 12:59:41,141 | INFO | Heartbeat | watch=KXBTC15M-26MAY081300-00 yes_bid=98 yes_ask=100 no_bid=0 no_ask=2 book_ready=True position=False pending=False dry_run=False trust=synced run_id=ed33578e-77ee-44c3-b728-57a0b34b2b0f
2026-05-08 12:59:56,141 | INFO | Heartbeat | watch=KXBTC15M-26MAY081300-00 yes_bid=100 yes_ask=100 no_bid=0 no_ask=0 book_ready=True position=False pending=False dry_run=False trust=synced run_id=ed33578e-77ee-44c3-b728-57a0b34b2b0f
2026-05-08 13:00:07,775 | INFO | Orderbook snapshot ready for KXBTC15M-26MAY081300-00
2026-05-08 13:00:11,158 | INFO | Heartbeat | watch=KXBTC15M-26MAY081300-00 yes_bid=0 yes_ask=100 no_bid=0 no_ask=100 book_ready=True position=False pending=False dry_run=False trust=synced run_id=ed33578e-77ee-44c3-b728-57a0b34b2b0f
2026-05-08 13:00:17,250 | INFO | Watching market KXBTC15M-26MAY081315-15 close_time=2026-05-08T17:15:00Z status=active strike=79793.68 run_id=ed33578e-77ee-44c3-b728-57a0b34b2b0f
2026-05-08 13:00:17,408 | INFO | WS connected for KXBTC15M-26MAY081315-15
2026-05-08 13:00:17,441 | INFO | WS subscribed payload: {'type': 'subscribed', 'id': 7, 'msg': {'channel': 'ticker', 'sid': 1}}
2026-05-08 13:00:17,441 | INFO | WS subscribed payload: {'type': 'subscribed', 'id': 7, 'msg': {'channel': 'orderbook_delta', 'sid': 2}}
2026-05-08 13:00:17,441 | INFO | Orderbook snapshot ready for KXBTC15M-26MAY081315-15
2026-05-08 13:00:26,191 | INFO | Heartbeat | watch=KXBTC15M-26MAY081315-15 yes_bid=52 yes_ask=54 no_bid=46 no_ask=48 book_ready=True position=False pending=False dry_run=False trust=synced run_id=ed33578e-77ee-44c3-b728-57a0b34b2b0f
