2026-05-06 17:33:43 -04:00 | loss_guard_refresh_ok
2026-05-06 17:35:17 -04:00 | loss_guard_refresh_ok
2026-05-06 17:36:51 -04:00 | loss_guard_refresh_ok
2026-05-06 17:38:27 -04:00 | loss_guard_refresh_ok
2026-05-06 17:40:03 -04:00 | loss_guard_refresh_ok
2026-05-06 17:41:39 -04:00 | loss_guard_refresh_ok
2026-05-06 17:43:24 -04:00 | loss_guard_refresh_ok
2026-05-06 17:45:43 -04:00 | probe_timeout | probe_v28_frozen_feature_gate_book_gap_exit_stack.py
2026-05-06 17:44:54 -04:00 | loss_guard_refresh_done_with_failures | failures=1
2026-05-06 17:46:44 -04:00 | loss_guard_refresh_ok
2026-05-06 17:48:18 -04:00 | loss_guard_refresh_ok
2026-05-06 17:50:01 -04:00 | loss_guard_refresh_ok
2026-05-06 17:51:37 -04:00 | loss_guard_refresh_ok
2026-05-06 17:53:07 -04:00 | loss_guard_refresh_ok
2026-05-06 17:54:44 -04:00 | loss_guard_refresh_ok
2026-05-06 17:56:21 -04:00 | loss_guard_refresh_ok
2026-05-06 17:57:53 -04:00 | loss_guard_refresh_ok
2026-05-06 17:59:29 -04:00 | loss_guard_refresh_ok
2026-05-06 18:01:02 -04:00 | loss_guard_refresh_ok
2026-05-06 18:02:39 -04:00 | loss_guard_refresh_ok
2026-05-06 18:04:10 -04:00 | loss_guard_refresh_ok
2026-05-06 18:05:41 -04:00 | loss_guard_refresh_ok
2026-05-06 18:07:15 -04:00 | loss_guard_refresh_ok
2026-05-06 18:08:48 -04:00 | loss_guard_refresh_ok
2026-05-06 18:10:24 -04:00 | loss_guard_refresh_ok
2026-05-06 18:12:47 -04:00 | probe_timeout | probe_v28_frozen_feature_gate_book_gap_exit_stack.py
2026-05-06 18:11:58 -04:00 | loss_guard_refresh_done_with_failures | failures=1
2026-05-06 18:14:53 -04:00 | probe_timeout | probe_v28_frozen_feature_gate_book_gap_exit_stack.py
2026-05-06 18:13:49 -04:00 | loss_guard_refresh_done_with_failures | failures=1
2026-05-06 18:16:51 -04:00 | probe_timeout | probe_v28_frozen_feature_gate_book_gap_exit_stack.py
2026-05-06 18:15:54 -04:00 | loss_guard_refresh_done_with_failures | failures=1
2026-05-06 18:18:54 -04:00 | probe_timeout | probe_v28_frozen_feature_gate_book_gap_exit_stack.py
2026-05-06 18:17:53 -04:00 | loss_guard_refresh_done_with_failures | failures=1
2026-05-06 18:21:00 -04:00 | probe_timeout | probe_v28_frozen_feature_gate_book_gap_exit_stack.py
2026-05-06 18:19:55 -04:00 | loss_guard_refresh_done_with_failures | failures=1
2026-05-06 18:22:54 -04:00 | probe_timeout | probe_v28_frozen_feature_gate_book_gap_exit_stack.py
2026-05-06 18:22:01 -04:00 | loss_guard_refresh_done_with_failures | failures=1
2026-05-06 18:25:03 -04:00 | probe_timeout | probe_v28_frozen_feature_gate_book_gap_exit_stack.py
2026-05-06 18:23:55 -04:00 | loss_guard_refresh_done_with_failures | failures=1
2026-05-06 18:27:11 -04:00 | probe_timeout | probe_v28_frozen_feature_gate_book_gap_exit_stack.py
2026-05-06 18:26:04 -04:00 | loss_guard_refresh_done_with_failures | failures=1
2026-05-06 18:29:09 -04:00 | probe_timeout | probe_v28_frozen_feature_gate_book_gap_exit_stack.py
2026-05-06 18:28:12 -04:00 | loss_guard_refresh_done_with_failures | failures=1
2026-05-06 18:31:18 -04:00 | probe_timeout | probe_v28_frozen_feature_gate_book_gap_exit_stack.py
2026-05-06 18:30:10 -04:00 | loss_guard_refresh_done_with_failures | failures=1
2026-05-06 18:33:25 -04:00 | probe_timeout | probe_v28_frozen_feature_gate_book_gap_exit_stack.py
2026-05-06 18:32:19 -04:00 | loss_guard_refresh_done_with_failures | failures=1
2026-05-06 18:34:54 -04:00 | loss_guard_refresh_ok
2026-05-06 18:37:21 -04:00 | loss_guard_refresh_ok
2026-05-06 18:39:06 -04:00 | loss_guard_refresh_ok
2026-05-06 18:39:57 -04:00 | loss_guard_refresh_ok
2026-05-06 18:41:46 -04:00 | loss_guard_refresh_ok
2026-05-06 18:43:33 -04:00 | loss_guard_refresh_ok
2026-05-06 18:45:16 -04:00 | loss_guard_refresh_ok
2026-05-06 18:46:56 -04:00 | loss_guard_refresh_ok
2026-05-06 18:48:11 -04:00 | loss_guard_refresh_ok
2026-05-06 18:51:02 -04:00 | loss_guard_refresh_ok
2026-05-06 18:53:47 -04:00 | loss_guard_refresh_ok
2026-05-06 18:58:45 -04:00 | probe_timeout | probe_v28_feature_gate_cheap_tail_quarantine.py
2026-05-06 18:56:36 -04:00 | loss_guard_refresh_done_with_failures | failures=1
2026-05-06 19:04:13 -04:00 | probe_failed | probe_v28_feature_gate_cheap_tail_quarantine.py | exit_code=-1
2026-05-06 18:59:47 -04:00 | loss_guard_refresh_done_with_failures | failures=1
2026-05-06 19:09:15 -04:00 | probe_failed | probe_v28_feature_gate_cheap_tail_quarantine.py | exit_code=-1
2026-05-06 19:09:18 -04:00 | loss_guard_refresh_ok
2026-05-06 19:13:15 -04:00 | loss_guard_refresh_ok
2026-05-06 19:16:57 -04:00 | loss_guard_refresh_ok
2026-05-06 19:21:27 -04:00 | loss_guard_refresh_ok
2026-05-06 19:23:13 -04:00 | loss_guard_refresh_ok
2026-05-06 19:25:01 -04:00 | loss_guard_refresh_ok
2026-05-06 19:26:44 -04:00 | loss_guard_refresh_ok
2026-05-06 19:28:55 -04:00 | loss_guard_refresh_ok
2026-05-06 19:30:50 -04:00 | loss_guard_refresh_ok
2026-05-06 19:32:35 -04:00 | loss_guard_refresh_ok
2026-05-06 19:34:14 -04:00 | loss_guard_refresh_ok
2026-05-06 19:36:03 -04:00 | loss_guard_refresh_ok
2026-05-06 19:37:46 -04:00 | loss_guard_refresh_ok
2026-05-06 19:39:22 -04:00 | loss_guard_refresh_ok
2026-05-06 19:41:16 -04:00 | loss_guard_refresh_ok
2026-05-06 19:43:23 -04:00 | loss_guard_refresh_ok
2026-05-06 19:45:18 -04:00 | loss_guard_refresh_ok
2026-05-06 19:48:07 -04:00 | loss_guard_refresh_ok
2026-05-06 19:50:38 -04:00 | loss_guard_refresh_ok
2026-05-06 19:52:35 -04:00 | loss_guard_refresh_ok
2026-05-06 19:54:34 -04:00 | loss_guard_refresh_ok
2026-05-06 19:56:31 -04:00 | loss_guard_refresh_ok
2026-05-06 19:58:23 -04:00 | loss_guard_refresh_ok
2026-05-06 20:00:26 -04:00 | loss_guard_refresh_ok
2026-05-06 20:02:23 -04:00 | loss_guard_refresh_ok
2026-05-06 20:04:18 -04:00 | loss_guard_refresh_ok
2026-05-06 20:06:13 -04:00 | loss_guard_refresh_ok
2026-05-06 20:08:11 -04:00 | loss_guard_refresh_ok
2026-05-06 20:10:27 -04:00 | loss_guard_refresh_ok
2026-05-06 20:12:25 -04:00 | loss_guard_refresh_ok
2026-05-06 20:15:42 -04:00 | probe_timeout | probe_v28_frozen_exit_value_reduce_depth_composite.py
2026-05-06 20:14:49 -04:00 | loss_guard_refresh_done_with_failures | failures=1
2026-05-06 20:20:20 -04:00 | loss_guard_refresh_ok
2026-05-06 20:25:47 -04:00 | loss_guard_refresh_ok
2026-05-06 20:27:48 -04:00 | loss_guard_refresh_ok
2026-05-06 20:29:50 -04:00 | loss_guard_refresh_ok
2026-05-06 20:31:55 -04:00 | loss_guard_refresh_ok
2026-05-06 20:38:45 -04:00 | loss_guard_refresh_ok
2026-05-06 20:42:03 -04:00 | loss_guard_refresh_ok
2026-05-06 20:44:02 -04:00 | loss_guard_refresh_ok
2026-05-06 20:46:04 -04:00 | loss_guard_refresh_ok
2026-05-06 20:48:11 -04:00 | loss_guard_refresh_ok
2026-05-06 20:50:14 -04:00 | loss_guard_refresh_ok
2026-05-06 20:52:28 -04:00 | loss_guard_refresh_ok
2026-05-06 20:54:29 -04:00 | loss_guard_refresh_ok
2026-05-06 20:56:14 -04:00 | loss_guard_refresh_ok
2026-05-06 20:58:25 -04:00 | loss_guard_refresh_ok
2026-05-06 21:02:54 -04:00 | loss_guard_refresh_ok
2026-05-06 21:06:09 -04:00 | loss_guard_refresh_ok
2026-05-06 21:08:21 -04:00 | loss_guard_refresh_ok
2026-05-06 21:11:26 -04:00 | loss_guard_refresh_ok
2026-05-06 21:13:34 -04:00 | loss_guard_refresh_ok
2026-05-06 21:15:43 -04:00 | loss_guard_refresh_ok
2026-05-06 21:18:06 -04:00 | loss_guard_refresh_ok
2026-05-06 21:20:16 -04:00 | loss_guard_refresh_ok
2026-05-06 21:22:27 -04:00 | loss_guard_refresh_ok
2026-05-06 21:27:51 -04:00 | loss_guard_refresh_ok
2026-05-06 21:35:21 -04:00 | loss_guard_refresh_ok
2026-05-06 21:38:40 -04:00 | loss_guard_refresh_ok
2026-05-06 21:40:41 -04:00 | loss_guard_refresh_ok
2026-05-06 21:43:43 -04:00 | loss_guard_refresh_ok
2026-05-06 21:46:28 -04:00 | loss_guard_refresh_ok
2026-05-06 21:49:24 -04:00 | loss_guard_refresh_ok
2026-05-06 21:52:15 -04:00 | loss_guard_refresh_ok
2026-05-06 21:55:16 -04:00 | loss_guard_refresh_ok
2026-05-06 21:58:10 -04:00 | loss_guard_refresh_ok
2026-05-06 22:01:01 -04:00 | loss_guard_refresh_ok
2026-05-06 22:03:51 -04:00 | loss_guard_refresh_ok
2026-05-06 22:07:54 -04:00 | loss_guard_refresh_ok
2026-05-06 22:10:47 -04:00 | loss_guard_refresh_ok
2026-05-06 22:17:30 -04:00 | loss_guard_refresh_ok
2026-05-06 22:27:26 -04:00 | loss_guard_refresh_ok
2026-05-06 22:30:16 -04:00 | loss_guard_refresh_ok
2026-05-06 22:33:14 -04:00 | loss_guard_refresh_ok
2026-05-06 22:36:15 -04:00 | loss_guard_refresh_ok
2026-05-06 22:44:05 -04:00 | loss_guard_refresh_ok
2026-05-06 22:47:34 -04:00 | loss_guard_refresh_ok
2026-05-06 22:52:26 -04:00 | loss_guard_refresh_ok
2026-05-06 23:02:10 -04:00 | loss_guard_refresh_ok
2026-05-06 23:11:09 -04:00 | loss_guard_refresh_ok
2026-05-06 23:14:19 -04:00 | loss_guard_refresh_ok
2026-05-06 23:17:17 -04:00 | loss_guard_refresh_ok
2026-05-06 23:20:16 -04:00 | loss_guard_refresh_ok
2026-05-06 23:23:25 -04:00 | loss_guard_refresh_ok
2026-05-06 23:26:22 -04:00 | loss_guard_refresh_ok
2026-05-06 23:29:23 -04:00 | loss_guard_refresh_ok
2026-05-06 23:32:28 -04:00 | loss_guard_refresh_ok
2026-05-06 23:36:00 -04:00 | loss_guard_refresh_ok
2026-05-06 23:38:52 -04:00 | loss_guard_refresh_ok
2026-05-06 23:41:57 -04:00 | loss_guard_refresh_ok
2026-05-06 23:45:14 -04:00 | loss_guard_refresh_ok
2026-05-06 23:54:43 -04:00 | loss_guard_refresh_ok
2026-05-06 23:58:20 -04:00 | loss_guard_refresh_ok
2026-05-07 00:01:27 -04:00 | loss_guard_refresh_ok
2026-05-07 00:15:01 -04:00 | probe_timeout | probe_v28_frozen_feature_gate_book_gap_exit_stack.py
2026-05-07 00:07:52 -04:00 | loss_guard_refresh_done_with_failures | failures=1
2026-05-07 00:18:49 -04:00 | loss_guard_refresh_ok
2026-05-07 00:21:57 -04:00 | loss_guard_refresh_ok
2026-05-07 00:25:02 -04:00 | loss_guard_refresh_ok
2026-05-07 00:41:12 -04:00 | probe_timeout | probe_v28_frozen_feature_gate_book_gap_exit_stack.py
2026-05-07 00:34:46 -04:00 | loss_guard_refresh_done_with_failures | failures=1
2026-05-07 00:45:19 -04:00 | loss_guard_refresh_ok
2026-05-07 00:54:45 -04:00 | loss_guard_refresh_ok
2026-05-07 00:58:10 -04:00 | loss_guard_refresh_ok
2026-05-07 01:01:20 -04:00 | loss_guard_refresh_ok
2026-05-07 01:10:50 -04:00 | loss_guard_refresh_ok
2026-05-07 01:15:32 -04:00 | loss_guard_refresh_ok
2026-05-07 01:18:50 -04:00 | loss_guard_refresh_ok
2026-05-07 01:21:52 -04:00 | loss_guard_refresh_ok
2026-05-07 01:25:00 -04:00 | loss_guard_refresh_ok
2026-05-07 01:27:54 -04:00 | loss_guard_refresh_ok
2026-05-07 01:31:02 -04:00 | loss_guard_refresh_ok
2026-05-07 01:34:10 -04:00 | loss_guard_refresh_ok
2026-05-07 01:37:18 -04:00 | loss_guard_refresh_ok
2026-05-07 01:40:26 -04:00 | loss_guard_refresh_ok
2026-05-07 01:44:10 -04:00 | loss_guard_refresh_ok
2026-05-07 01:47:16 -04:00 | loss_guard_refresh_ok
2026-05-07 01:50:18 -04:00 | loss_guard_refresh_ok
2026-05-07 01:53:21 -04:00 | loss_guard_refresh_ok
2026-05-07 02:00:43 -04:00 | loss_guard_refresh_ok
2026-05-07 02:10:36 -04:00 | loss_guard_refresh_ok
2026-05-07 02:20:26 -04:00 | loss_guard_refresh_ok
2026-05-07 02:23:28 -04:00 | loss_guard_refresh_ok
2026-05-07 02:26:32 -04:00 | loss_guard_refresh_ok
2026-05-07 02:29:34 -04:00 | loss_guard_refresh_ok
2026-05-07 02:32:36 -04:00 | loss_guard_refresh_ok
2026-05-07 02:35:41 -04:00 | loss_guard_refresh_ok
2026-05-07 02:38:41 -04:00 | loss_guard_refresh_ok
2026-05-07 02:41:52 -04:00 | loss_guard_refresh_ok
2026-05-07 02:44:58 -04:00 | loss_guard_refresh_ok
2026-05-07 02:48:02 -04:00 | loss_guard_refresh_ok
2026-05-07 02:50:50 -04:00 | loss_guard_refresh_ok
2026-05-07 02:53:57 -04:00 | loss_guard_refresh_ok
2026-05-07 02:57:02 -04:00 | loss_guard_refresh_ok
2026-05-07 03:00:01 -04:00 | loss_guard_refresh_ok
2026-05-07 03:04:03 -04:00 | probe_failed | probe_v28_frozen_feature_gate_book_gap_exit_stack.py | exit_code=-1
2026-05-07 03:04:18 -04:00 | probe_failed | probe_v28_frozen_feature_gate_soft_frontier_exit_stack.py | exit_code=-1
2026-05-07 03:03:07 -04:00 | loss_guard_refresh_done_with_failures | failures=2
2026-05-07 03:06:52 -04:00 | probe_failed | probe_v28_frozen_feature_gate_soft_frontier_exit_stack.py | exit_code=-1
2026-05-07 03:05:30 -04:00 | loss_guard_refresh_done_with_failures | failures=1
2026-05-07 03:08:05 -04:00 | loss_guard_refresh_ok
2026-05-07 03:11:02 -04:00 | loss_guard_refresh_ok
2026-05-07 03:14:03 -04:00 | loss_guard_refresh_ok
2026-05-07 03:17:07 -04:00 | loss_guard_refresh_ok
2026-05-07 03:20:58 -04:00 | loss_guard_refresh_ok
2026-05-07 03:23:55 -04:00 | loss_guard_refresh_ok
2026-05-07 03:27:07 -04:00 | loss_guard_refresh_ok
2026-05-07 03:30:06 -04:00 | loss_guard_refresh_ok
2026-05-07 03:33:17 -04:00 | loss_guard_refresh_ok
2026-05-07 03:36:19 -04:00 | loss_guard_refresh_ok
2026-05-07 03:39:17 -04:00 | loss_guard_refresh_ok
2026-05-07 03:43:41 -04:00 | loss_guard_refresh_ok
2026-05-07 03:46:46 -04:00 | loss_guard_refresh_ok
2026-05-07 03:49:57 -04:00 | loss_guard_refresh_ok
2026-05-07 03:53:00 -04:00 | loss_guard_refresh_ok
2026-05-07 03:55:58 -04:00 | loss_guard_refresh_ok
2026-05-07 03:58:59 -04:00 | loss_guard_refresh_ok
2026-05-07 04:02:16 -04:00 | loss_guard_refresh_ok
2026-05-07 04:05:22 -04:00 | loss_guard_refresh_ok
2026-05-07 04:08:30 -04:00 | loss_guard_refresh_ok
2026-05-07 04:11:43 -04:00 | loss_guard_refresh_ok
2026-05-07 04:16:23 -04:00 | loss_guard_refresh_ok
2026-05-07 04:19:26 -04:00 | loss_guard_refresh_ok
2026-05-07 04:22:27 -04:00 | loss_guard_refresh_ok
2026-05-07 04:25:35 -04:00 | loss_guard_refresh_ok
2026-05-07 04:28:43 -04:00 | loss_guard_refresh_ok
2026-05-07 04:31:47 -04:00 | loss_guard_refresh_ok
2026-05-07 04:34:52 -04:00 | loss_guard_refresh_ok
2026-05-07 04:38:02 -04:00 | loss_guard_refresh_ok
2026-05-07 04:41:12 -04:00 | loss_guard_refresh_ok
2026-05-07 04:44:14 -04:00 | loss_guard_refresh_ok
2026-05-07 04:47:10 -04:00 | loss_guard_refresh_ok
2026-05-07 04:50:21 -04:00 | loss_guard_refresh_ok
2026-05-07 04:53:35 -04:00 | loss_guard_refresh_ok
2026-05-07 04:56:38 -04:00 | loss_guard_refresh_ok
2026-05-07 04:59:46 -04:00 | loss_guard_refresh_ok
2026-05-07 05:03:07 -04:00 | loss_guard_refresh_ok
2026-05-07 05:06:19 -04:00 | loss_guard_refresh_ok
2026-05-07 05:09:38 -04:00 | loss_guard_refresh_ok
2026-05-07 05:12:49 -04:00 | loss_guard_refresh_ok
2026-05-07 05:16:25 -04:00 | loss_guard_refresh_ok
2026-05-07 05:19:39 -04:00 | loss_guard_refresh_ok
2026-05-07 05:22:45 -04:00 | loss_guard_refresh_ok
2026-05-07 05:26:00 -04:00 | loss_guard_refresh_ok
2026-05-07 05:29:19 -04:00 | loss_guard_refresh_ok
2026-05-07 05:32:35 -04:00 | loss_guard_refresh_ok
2026-05-07 05:35:47 -04:00 | loss_guard_refresh_ok
2026-05-07 05:39:16 -04:00 | loss_guard_refresh_ok
2026-05-07 05:42:26 -04:00 | loss_guard_refresh_ok
2026-05-07 05:45:39 -04:00 | loss_guard_refresh_ok
2026-05-07 05:51:11 -04:00 | loss_guard_refresh_ok
2026-05-07 05:54:23 -04:00 | loss_guard_refresh_ok
2026-05-07 05:57:44 -04:00 | loss_guard_refresh_ok
2026-05-07 06:00:53 -04:00 | loss_guard_refresh_ok
2026-05-07 06:04:32 -04:00 | loss_guard_refresh_ok
2026-05-07 06:13:57 -04:00 | probe_timeout | probe_v28_frozen_feature_gate_book_gap_exit_stack.py
2026-05-07 06:16:57 -04:00 | probe_timeout | probe_v28_frozen_feature_gate_soft_frontier_exit_stack.py
2026-05-07 06:07:49 -04:00 | loss_guard_refresh_done_with_failures | failures=2
2026-05-07 06:18:09 -04:00 | loss_guard_refresh_ok
2026-05-07 06:22:41 -04:00 | loss_guard_refresh_ok
2026-05-07 06:25:47 -04:00 | loss_guard_refresh_ok
2026-05-07 06:29:19 -04:00 | loss_guard_refresh_ok
2026-05-07 06:32:27 -04:00 | loss_guard_refresh_ok
2026-05-07 06:35:49 -04:00 | loss_guard_refresh_ok
2026-05-07 06:39:11 -04:00 | loss_guard_refresh_ok
2026-05-07 06:42:30 -04:00 | loss_guard_refresh_ok
2026-05-07 06:45:51 -04:00 | loss_guard_refresh_ok
2026-05-07 06:48:58 -04:00 | loss_guard_refresh_ok
2026-05-07 06:52:23 -04:00 | loss_guard_refresh_ok
2026-05-07 07:02:47 -04:00 | loss_guard_refresh_ok
2026-05-07 07:06:09 -04:00 | loss_guard_refresh_ok
2026-05-07 07:09:38 -04:00 | loss_guard_refresh_ok
2026-05-07 07:13:03 -04:00 | loss_guard_refresh_ok
2026-05-07 07:17:51 -04:00 | loss_guard_refresh_ok
2026-05-07 07:30:40 -04:00 | probe_timeout | probe_v28_frozen_feature_gate_soft_frontier_exit_stack.py
2026-05-07 07:21:06 -04:00 | loss_guard_refresh_done_with_failures | failures=1
2026-05-07 07:31:52 -04:00 | loss_guard_refresh_ok
2026-05-07 07:35:12 -04:00 | loss_guard_refresh_ok
2026-05-07 07:38:30 -04:00 | loss_guard_refresh_ok
2026-05-07 07:42:01 -04:00 | loss_guard_refresh_ok
2026-05-07 07:52:04 -04:00 | probe_timeout | probe_v28_frozen_feature_gate_book_gap_exit_stack.py
2026-05-07 07:45:11 -04:00 | loss_guard_refresh_done_with_failures | failures=1
2026-05-07 07:55:38 -04:00 | loss_guard_refresh_ok
2026-05-07 07:58:53 -04:00 | loss_guard_refresh_ok
2026-05-07 08:02:10 -04:00 | loss_guard_refresh_ok
2026-05-07 08:05:35 -04:00 | loss_guard_refresh_ok
2026-05-07 08:08:57 -04:00 | loss_guard_refresh_ok
2026-05-07 08:12:15 -04:00 | loss_guard_refresh_ok
2026-05-07 08:16:10 -04:00 | loss_guard_refresh_ok
2026-05-07 08:19:38 -04:00 | loss_guard_refresh_ok
2026-05-07 08:22:52 -04:00 | loss_guard_refresh_ok
2026-05-07 08:26:17 -04:00 | loss_guard_refresh_ok
2026-05-07 08:37:23 -04:00 | probe_timeout | probe_v28_frozen_feature_gate_book_gap_exit_stack.py
2026-05-07 08:40:23 -04:00 | probe_timeout | probe_v28_frozen_feature_gate_soft_frontier_exit_stack.py
2026-05-07 08:30:31 -04:00 | loss_guard_refresh_done_with_failures | failures=2
2026-05-07 08:49:59 -04:00 | probe_timeout | probe_v28_frozen_feature_gate_book_gap_exit_stack.py
2026-05-07 08:52:59 -04:00 | probe_timeout | probe_v28_frozen_feature_gate_soft_frontier_exit_stack.py
2026-05-07 08:41:36 -04:00 | loss_guard_refresh_done_with_failures | failures=2
2026-05-07 09:02:40 -04:00 | probe_timeout | probe_v28_frozen_feature_gate_book_gap_exit_stack.py
2026-05-07 09:05:40 -04:00 | probe_timeout | probe_v28_frozen_feature_gate_soft_frontier_exit_stack.py
2026-05-07 08:54:17 -04:00 | loss_guard_refresh_done_with_failures | failures=2
2026-05-07 09:07:08 -04:00 | loss_guard_refresh_ok
2026-05-07 09:11:56 -04:00 | loss_guard_refresh_ok
2026-05-07 09:27:35 -04:00 | probe_timeout | probe_v28_frozen_feature_gate_book_gap_exit_stack.py
2026-05-07 09:30:35 -04:00 | probe_timeout | probe_v28_frozen_feature_gate_soft_frontier_exit_stack.py
2026-05-07 09:18:41 -04:00 | loss_guard_refresh_done_with_failures | failures=2
2026-05-07 09:40:04 -04:00 | probe_timeout | probe_v28_frozen_feature_gate_book_gap_exit_stack.py
2026-05-07 09:43:04 -04:00 | probe_timeout | probe_v28_frozen_feature_gate_soft_frontier_exit_stack.py
2026-05-07 09:31:52 -04:00 | loss_guard_refresh_done_with_failures | failures=2
2026-05-07 09:48:30 -04:00 | probe_timeout | probe_v28_frozen_feature_gate_book_gap_exit_stack.py
2026-05-07 09:51:30 -04:00 | probe_timeout | probe_v28_frozen_feature_gate_soft_frontier_exit_stack.py
2026-05-07 09:44:30 -04:00 | loss_guard_refresh_done_with_failures | failures=2
2026-05-07 09:53:09 -04:00 | probe_failed | probe_v28_frozen_exit_book_gap_loss_guard.py | exit_code=1
2026-05-07 09:54:34 -04:00 | probe_timeout | probe_v28_frozen_exit_book_gap_loss_guard_v3.py
2026-05-07 10:01:21 -04:00 | probe_timeout | probe_v28_frozen_feature_gate_book_gap_exit_stack.py
2026-05-07 10:04:21 -04:00 | probe_timeout | probe_v28_frozen_feature_gate_soft_frontier_exit_stack.py
2026-05-07 09:52:49 -04:00 | loss_guard_refresh_done_with_failures | failures=4
2026-05-07 10:05:39 -04:00 | loss_guard_refresh_ok
2026-05-07 10:10:03 -04:00 | loss_guard_refresh_ok
2026-05-07 10:16:17 -04:00 | probe_timeout | probe_v28_frozen_exit_reduce_observable_loss_control_watch.py
2026-05-07 10:21:01 -04:00 | probe_timeout | probe_v28_frozen_feature_gate_book_gap_exit_stack.py
2026-05-07 10:24:01 -04:00 | probe_timeout | probe_v28_frozen_feature_gate_soft_frontier_exit_stack.py
2026-05-07 10:14:13 -04:00 | loss_guard_refresh_done_with_failures | failures=3
2026-05-07 10:34:27 -04:00 | probe_timeout | probe_v28_frozen_feature_gate_book_gap_exit_stack.py
2026-05-07 10:37:27 -04:00 | probe_timeout | probe_v28_frozen_feature_gate_soft_frontier_exit_stack.py
2026-05-07 10:25:18 -04:00 | loss_guard_refresh_done_with_failures | failures=2
2026-05-07 10:38:44 -04:00 | loss_guard_refresh_ok
2026-05-07 10:46:54 -04:00 | probe_timeout | probe_v28_frozen_feature_gate_book_gap_exit_stack.py
2026-05-07 10:49:54 -04:00 | probe_timeout | probe_v28_frozen_feature_gate_soft_frontier_exit_stack.py
2026-05-07 10:42:51 -04:00 | loss_guard_refresh_done_with_failures | failures=2
2026-05-07 10:57:57 -04:00 | probe_timeout | probe_v28_frozen_feature_gate_book_gap_exit_stack.py
2026-05-07 11:00:57 -04:00 | probe_timeout | probe_v28_frozen_feature_gate_soft_frontier_exit_stack.py
2026-05-07 10:51:06 -04:00 | loss_guard_refresh_done_with_failures | failures=2
2026-05-07 11:02:11 -04:00 | loss_guard_refresh_ok
2026-05-07 11:07:28 -04:00 | loss_guard_refresh_ok
2026-05-07 11:21:13 -04:00 | probe_timeout | probe_v28_frozen_feature_gate_soft_frontier_exit_stack.py
2026-05-07 11:11:06 -04:00 | loss_guard_refresh_done_with_failures | failures=1
2026-05-07 11:33:19 -04:00 | probe_timeout | probe_v28_frozen_feature_gate_soft_frontier_exit_stack.py
2026-05-07 11:22:24 -04:00 | loss_guard_refresh_done_with_failures | failures=1
2026-05-07 11:41:47 -04:00 | probe_timeout | probe_v28_frozen_feature_gate_book_gap_exit_stack.py
2026-05-07 11:44:48 -04:00 | probe_timeout | probe_v28_frozen_feature_gate_soft_frontier_exit_stack.py
2026-05-07 11:34:30 -04:00 | loss_guard_refresh_done_with_failures | failures=2
2026-05-07 11:53:13 -04:00 | probe_timeout | probe_v28_frozen_feature_gate_book_gap_exit_stack.py
2026-05-07 11:56:13 -04:00 | probe_timeout | probe_v28_frozen_feature_gate_soft_frontier_exit_stack.py
2026-05-07 11:45:59 -04:00 | loss_guard_refresh_done_with_failures | failures=2
2026-05-07 12:04:59 -04:00 | probe_timeout | probe_v28_frozen_feature_gate_book_gap_exit_stack.py
2026-05-07 12:08:00 -04:00 | probe_timeout | probe_v28_frozen_feature_gate_soft_frontier_exit_stack.py
2026-05-07 11:57:25 -04:00 | loss_guard_refresh_done_with_failures | failures=2
2026-05-07 12:09:12 -04:00 | loss_guard_refresh_ok
2026-05-07 12:16:10 -04:00 | loss_guard_refresh_ok
2026-05-07 12:28:53 -04:00 | probe_timeout | probe_v28_frozen_feature_gate_soft_frontier_exit_stack.py
2026-05-07 12:19:37 -04:00 | loss_guard_refresh_done_with_failures | failures=1
2026-05-07 12:30:06 -04:00 | loss_guard_refresh_ok
2026-05-07 12:33:35 -04:00 | loss_guard_refresh_ok
2026-05-07 12:37:08 -04:00 | loss_guard_refresh_ok
2026-05-07 12:40:42 -04:00 | loss_guard_refresh_ok
2026-05-07 12:48:02 -04:00 | probe_timeout | probe_v28_frozen_feature_gate_book_gap_exit_stack.py
2026-05-07 12:51:02 -04:00 | probe_timeout | probe_v28_frozen_feature_gate_soft_frontier_exit_stack.py
2026-05-07 12:44:15 -04:00 | loss_guard_refresh_done_with_failures | failures=2
2026-05-07 13:00:25 -04:00 | probe_timeout | probe_v28_frozen_feature_gate_book_gap_exit_stack.py
2026-05-07 13:03:25 -04:00 | probe_timeout | probe_v28_frozen_feature_gate_soft_frontier_exit_stack.py
2026-05-07 12:52:15 -04:00 | loss_guard_refresh_done_with_failures | failures=2
2026-05-07 13:06:05 -04:00 | probe_timeout | probe_v28_frozen_exit_book_gap_loss_guard_v2.py
2026-05-07 13:06:50 -04:00 | probe_timeout | probe_v28_frozen_exit_book_gap_loss_guard_v3.py
2026-05-07 13:13:54 -04:00 | probe_timeout | probe_v28_frozen_feature_gate_book_gap_exit_stack.py
2026-05-07 13:16:54 -04:00 | probe_timeout | probe_v28_frozen_feature_gate_soft_frontier_exit_stack.py
2026-05-07 13:04:37 -04:00 | loss_guard_refresh_done_with_failures | failures=4
2026-05-07 13:18:12 -04:00 | loss_guard_refresh_ok
2026-05-07 13:22:29 -04:00 | loss_guard_refresh_ok
2026-05-07 13:26:52 -04:00 | loss_guard_refresh_ok
2026-05-07 13:32:21 -04:00 | probe_timeout | probe_v28_frozen_exit_book_gap_loss_guard.py
2026-05-07 13:33:49 -04:00 | probe_timeout | probe_v28_frozen_exit_book_gap_loss_guard_v3.py
2026-05-07 13:40:52 -04:00 | probe_timeout | probe_v28_frozen_feature_gate_book_gap_exit_stack.py
2026-05-07 13:43:52 -04:00 | probe_timeout | probe_v28_frozen_feature_gate_soft_frontier_exit_stack.py
2026-05-07 13:31:36 -04:00 | loss_guard_refresh_done_with_failures | failures=4
2026-05-07 13:45:03 -04:00 | loss_guard_refresh_ok
2026-05-07 13:48:29 -04:00 | loss_guard_refresh_ok
2026-05-07 13:51:54 -04:00 | loss_guard_refresh_ok
2026-05-07 13:55:33 -04:00 | loss_guard_refresh_ok
2026-05-07 13:58:57 -04:00 | loss_guard_refresh_ok
2026-05-07 14:02:15 -04:00 | loss_guard_refresh_ok
2026-05-07 14:05:36 -04:00 | loss_guard_refresh_ok
2026-05-07 14:09:13 -04:00 | loss_guard_refresh_ok
2026-05-07 14:12:53 -04:00 | loss_guard_refresh_ok
2026-05-07 14:17:04 -04:00 | loss_guard_refresh_ok
2026-05-07 14:23:09 -04:00 | loss_guard_refresh_ok
2026-05-07 14:27:58 -04:00 | loss_guard_refresh_ok
2026-05-07 14:32:04 -04:00 | loss_guard_refresh_ok
2026-05-07 14:40:32 -04:00 | probe_timeout | probe_v28_frozen_feature_gate_book_gap_exit_stack.py
2026-05-07 14:43:32 -04:00 | probe_timeout | probe_v28_frozen_feature_gate_soft_frontier_exit_stack.py
2026-05-07 14:36:20 -04:00 | loss_guard_refresh_done_with_failures | failures=2
2026-05-07 14:44:48 -04:00 | loss_guard_refresh_ok
2026-05-07 14:49:27 -04:00 | loss_guard_refresh_ok
2026-05-07 14:54:12 -04:00 | loss_guard_refresh_ok
2026-05-07 14:58:59 -04:00 | loss_guard_refresh_ok
2026-05-07 15:03:52 -04:00 | loss_guard_refresh_ok
2026-05-07 15:09:58 -04:00 | loss_guard_refresh_ok
2026-05-07 15:16:38 -04:00 | loss_guard_refresh_ok
2026-05-07 15:23:21 -04:00 | loss_guard_refresh_ok
2026-05-07 15:29:25 -04:00 | loss_guard_refresh_ok
2026-05-07 15:35:38 -04:00 | loss_guard_refresh_ok
2026-05-07 15:42:10 -04:00 | loss_guard_refresh_ok
2026-05-07 15:48:45 -04:00 | loss_guard_refresh_ok
2026-05-07 15:55:07 -04:00 | loss_guard_refresh_ok
2026-05-07 16:01:32 -04:00 | loss_guard_refresh_ok
2026-05-07 16:08:07 -04:00 | loss_guard_refresh_ok
2026-05-07 16:14:43 -04:00 | loss_guard_refresh_ok
2026-05-07 16:21:13 -04:00 | loss_guard_refresh_ok
2026-05-07 16:27:50 -04:00 | loss_guard_refresh_ok
2026-05-07 16:34:22 -04:00 | loss_guard_refresh_ok
2026-05-07 16:41:00 -04:00 | loss_guard_refresh_ok
2026-05-07 16:47:25 -04:00 | loss_guard_refresh_ok
2026-05-07 16:53:33 -04:00 | loss_guard_refresh_ok
2026-05-07 16:59:45 -04:00 | loss_guard_refresh_ok
2026-05-07 17:05:59 -04:00 | loss_guard_refresh_ok
2026-05-07 17:12:00 -04:00 | loss_guard_refresh_ok
2026-05-07 17:16:47 -04:00 | loss_guard_refresh_ok
2026-05-07 17:21:28 -04:00 | loss_guard_refresh_ok
2026-05-07 17:25:57 -04:00 | loss_guard_refresh_ok
2026-05-07 17:30:29 -04:00 | loss_guard_refresh_ok
2026-05-07 17:35:09 -04:00 | loss_guard_refresh_ok
2026-05-07 17:39:47 -04:00 | loss_guard_refresh_ok
2026-05-07 17:45:32 -04:00 | loss_guard_refresh_ok
2026-05-07 17:50:36 -04:00 | loss_guard_refresh_ok
2026-05-07 17:55:19 -04:00 | loss_guard_refresh_ok
2026-05-07 17:59:48 -04:00 | loss_guard_refresh_ok
2026-05-07 18:04:04 -04:00 | loss_guard_refresh_ok
2026-05-07 18:08:18 -04:00 | loss_guard_refresh_ok
2026-05-07 18:12:38 -04:00 | loss_guard_refresh_ok
2026-05-07 18:17:13 -04:00 | loss_guard_refresh_ok
2026-05-07 18:21:35 -04:00 | loss_guard_refresh_ok
2026-05-07 18:26:07 -04:00 | loss_guard_refresh_ok
2026-05-07 18:30:35 -04:00 | loss_guard_refresh_ok
2026-05-07 18:34:57 -04:00 | loss_guard_refresh_ok
2026-05-07 18:39:28 -04:00 | loss_guard_refresh_ok
2026-05-07 18:43:40 -04:00 | loss_guard_refresh_ok
2026-05-07 18:48:43 -04:00 | loss_guard_refresh_ok
2026-05-07 18:55:05 -04:00 | loss_guard_refresh_ok
2026-05-07 19:01:25 -04:00 | loss_guard_refresh_ok
2026-05-07 19:07:42 -04:00 | loss_guard_refresh_ok
2026-05-07 19:14:21 -04:00 | loss_guard_refresh_ok
2026-05-07 19:20:47 -04:00 | loss_guard_refresh_ok
2026-05-07 19:26:03 -04:00 | loss_guard_refresh_ok
2026-05-07 19:31:00 -04:00 | loss_guard_refresh_ok
2026-05-07 19:35:36 -04:00 | loss_guard_refresh_ok
2026-05-07 19:40:15 -04:00 | loss_guard_refresh_ok
2026-05-07 19:44:51 -04:00 | loss_guard_refresh_ok
2026-05-07 19:49:17 -04:00 | loss_guard_refresh_ok
2026-05-07 19:53:51 -04:00 | loss_guard_refresh_ok
2026-05-07 19:59:20 -04:00 | loss_guard_refresh_ok
2026-05-07 20:04:13 -04:00 | loss_guard_refresh_ok
2026-05-07 20:08:45 -04:00 | loss_guard_refresh_ok
2026-05-07 20:13:33 -04:00 | loss_guard_refresh_ok
2026-05-07 20:18:03 -04:00 | loss_guard_refresh_ok
2026-05-07 20:22:46 -04:00 | loss_guard_refresh_ok
2026-05-07 20:27:30 -04:00 | loss_guard_refresh_ok
2026-05-07 20:32:11 -04:00 | loss_guard_refresh_ok
2026-05-07 20:36:53 -04:00 | loss_guard_refresh_ok
2026-05-07 20:43:00 -04:00 | loss_guard_refresh_ok
2026-05-07 20:49:40 -04:00 | loss_guard_refresh_ok
2026-05-07 20:54:57 -04:00 | loss_guard_refresh_ok
2026-05-07 20:59:34 -04:00 | loss_guard_refresh_ok
2026-05-07 21:04:15 -04:00 | loss_guard_refresh_ok
2026-05-07 21:10:57 -04:00 | loss_guard_refresh_ok
2026-05-07 21:17:45 -04:00 | loss_guard_refresh_ok
2026-05-07 21:24:47 -04:00 | loss_guard_refresh_ok
2026-05-07 21:31:26 -04:00 | loss_guard_refresh_ok
2026-05-07 21:37:47 -04:00 | loss_guard_refresh_ok
2026-05-07 21:43:59 -04:00 | loss_guard_refresh_ok
2026-05-07 21:50:19 -04:00 | loss_guard_refresh_ok
2026-05-07 21:57:17 -04:00 | loss_guard_refresh_ok
2026-05-07 22:03:10 -04:00 | loss_guard_refresh_ok
2026-05-07 22:10:28 -04:00 | loss_guard_refresh_ok
2026-05-07 22:17:28 -04:00 | loss_guard_refresh_ok
2026-05-07 22:23:49 -04:00 | loss_guard_refresh_ok
2026-05-07 22:30:07 -04:00 | loss_guard_refresh_ok
2026-05-07 22:36:41 -04:00 | loss_guard_refresh_ok
2026-05-07 22:43:12 -04:00 | loss_guard_refresh_ok
2026-05-07 22:49:50 -04:00 | loss_guard_refresh_ok
2026-05-07 22:56:26 -04:00 | loss_guard_refresh_ok
2026-05-07 23:02:54 -04:00 | loss_guard_refresh_ok
2026-05-07 23:09:32 -04:00 | loss_guard_refresh_ok
2026-05-07 23:15:58 -04:00 | loss_guard_refresh_ok
2026-05-07 23:23:02 -04:00 | loss_guard_refresh_ok
2026-05-07 23:29:57 -04:00 | loss_guard_refresh_ok
2026-05-07 23:36:52 -04:00 | loss_guard_refresh_ok
2026-05-07 23:43:49 -04:00 | loss_guard_refresh_ok
2026-05-07 23:50:52 -04:00 | loss_guard_refresh_ok
2026-05-07 23:57:51 -04:00 | loss_guard_refresh_ok
2026-05-08 00:04:52 -04:00 | loss_guard_refresh_ok
2026-05-08 00:11:54 -04:00 | loss_guard_refresh_ok
2026-05-08 00:18:50 -04:00 | loss_guard_refresh_ok
2026-05-08 00:25:50 -04:00 | loss_guard_refresh_ok
2026-05-08 00:32:51 -04:00 | loss_guard_refresh_ok
2026-05-08 00:39:01 -04:00 | loss_guard_refresh_ok
2026-05-08 00:45:18 -04:00 | loss_guard_refresh_ok
2026-05-08 00:52:00 -04:00 | loss_guard_refresh_ok
2026-05-08 00:58:05 -04:00 | loss_guard_refresh_ok
2026-05-08 01:04:22 -04:00 | loss_guard_refresh_ok
2026-05-08 01:10:42 -04:00 | loss_guard_refresh_ok
2026-05-08 01:17:00 -04:00 | loss_guard_refresh_ok
2026-05-08 01:23:14 -04:00 | loss_guard_refresh_ok
2026-05-08 01:29:28 -04:00 | loss_guard_refresh_ok
2026-05-08 01:35:43 -04:00 | loss_guard_refresh_ok
2026-05-08 01:42:06 -04:00 | loss_guard_refresh_ok
2026-05-08 01:48:19 -04:00 | loss_guard_refresh_ok
2026-05-08 01:54:32 -04:00 | loss_guard_refresh_ok
2026-05-08 02:00:46 -04:00 | loss_guard_refresh_ok
2026-05-08 02:06:57 -04:00 | loss_guard_refresh_ok
2026-05-08 02:13:11 -04:00 | loss_guard_refresh_ok
2026-05-08 02:19:26 -04:00 | loss_guard_refresh_ok
2026-05-08 02:25:42 -04:00 | loss_guard_refresh_ok
2026-05-08 02:31:56 -04:00 | loss_guard_refresh_ok
2026-05-08 02:38:09 -04:00 | loss_guard_refresh_ok
2026-05-08 02:44:24 -04:00 | loss_guard_refresh_ok
2026-05-08 02:50:38 -04:00 | loss_guard_refresh_ok
2026-05-08 02:57:23 -04:00 | loss_guard_refresh_ok
2026-05-08 03:04:17 -04:00 | loss_guard_refresh_ok
2026-05-08 08:30:38 -04:00 | loss_guard_refresh_ok
2026-05-08 08:35:26 -04:00 | loss_guard_refresh_ok
2026-05-08 08:40:12 -04:00 | loss_guard_refresh_ok
2026-05-08 08:44:51 -04:00 | loss_guard_refresh_ok
2026-05-08 08:49:39 -04:00 | loss_guard_refresh_ok
2026-05-08 08:54:27 -04:00 | loss_guard_refresh_ok
2026-05-08 08:59:05 -04:00 | loss_guard_refresh_ok
2026-05-08 09:04:09 -04:00 | loss_guard_refresh_ok
2026-05-08 09:09:09 -04:00 | loss_guard_refresh_ok
2026-05-08 09:14:13 -04:00 | loss_guard_refresh_ok
2026-05-08 09:18:52 -04:00 | loss_guard_refresh_ok
2026-05-08 09:23:39 -04:00 | loss_guard_refresh_ok
2026-05-08 09:28:21 -04:00 | loss_guard_refresh_ok
2026-05-08 09:33:03 -04:00 | loss_guard_refresh_ok
2026-05-08 09:37:45 -04:00 | loss_guard_refresh_ok
2026-05-08 09:42:28 -04:00 | loss_guard_refresh_ok
2026-05-08 09:47:09 -04:00 | loss_guard_refresh_ok
2026-05-08 09:51:55 -04:00 | loss_guard_refresh_ok
2026-05-08 09:57:31 -04:00 | loss_guard_refresh_ok
2026-05-08 10:04:01 -04:00 | loss_guard_refresh_ok
2026-05-08 10:10:33 -04:00 | loss_guard_refresh_ok
2026-05-08 10:17:42 -04:00 | loss_guard_refresh_ok
2026-05-08 10:24:07 -04:00 | loss_guard_refresh_ok
2026-05-08 10:30:36 -04:00 | loss_guard_refresh_ok
2026-05-08 10:36:58 -04:00 | loss_guard_refresh_ok
2026-05-08 10:43:35 -04:00 | loss_guard_refresh_ok
2026-05-08 10:50:36 -04:00 | loss_guard_refresh_ok
2026-05-08 10:57:31 -04:00 | loss_guard_refresh_ok
2026-05-08 11:04:01 -04:00 | loss_guard_refresh_ok
2026-05-08 11:10:54 -04:00 | loss_guard_refresh_ok
2026-05-08 11:17:20 -04:00 | loss_guard_refresh_ok
2026-05-08 11:23:38 -04:00 | loss_guard_refresh_ok
2026-05-08 11:29:57 -04:00 | loss_guard_refresh_ok
2026-05-08 11:36:15 -04:00 | loss_guard_refresh_ok
2026-05-08 11:42:05 -04:00 | loss_guard_refresh_ok
2026-05-08 11:46:56 -04:00 | loss_guard_refresh_ok
2026-05-08 11:51:47 -04:00 | loss_guard_refresh_ok
2026-05-08 11:56:35 -04:00 | loss_guard_refresh_ok
2026-05-08 12:01:26 -04:00 | loss_guard_refresh_ok
2026-05-08 12:06:12 -04:00 | loss_guard_refresh_ok
2026-05-08 12:10:55 -04:00 | loss_guard_refresh_ok
2026-05-08 12:15:48 -04:00 | loss_guard_refresh_ok
2026-05-08 12:20:30 -04:00 | loss_guard_refresh_ok
2026-05-08 12:25:17 -04:00 | loss_guard_refresh_ok
2026-05-08 12:29:59 -04:00 | loss_guard_refresh_ok
2026-05-08 12:34:41 -04:00 | loss_guard_refresh_ok
2026-05-08 12:39:26 -04:00 | loss_guard_refresh_ok
2026-05-08 12:44:03 -04:00 | loss_guard_refresh_ok
2026-05-08 12:48:41 -04:00 | loss_guard_refresh_ok
2026-05-08 12:53:30 -04:00 | loss_guard_refresh_ok
2026-05-08 12:58:07 -04:00 | loss_guard_refresh_ok
2026-05-08 13:03:45 -04:00 | loss_guard_refresh_ok
2026-05-08 13:08:31 -04:00 | loss_guard_refresh_ok
2026-05-08 13:13:09 -04:00 | loss_guard_refresh_ok
2026-05-08 13:17:47 -04:00 | loss_guard_refresh_ok
2026-05-08 13:22:39 -04:00 | loss_guard_refresh_ok
2026-05-08 13:27:22 -04:00 | loss_guard_refresh_ok
2026-05-08 13:32:00 -04:00 | loss_guard_refresh_ok
2026-05-08 13:36:42 -04:00 | loss_guard_refresh_ok
2026-05-08 13:41:40 -04:00 | loss_guard_refresh_ok
2026-05-08 13:46:20 -04:00 | loss_guard_refresh_ok
2026-05-08 13:50:51 -04:00 | loss_guard_refresh_ok
2026-05-08 13:55:29 -04:00 | loss_guard_refresh_ok
2026-05-08 14:00:08 -04:00 | loss_guard_refresh_ok
2026-05-08 14:04:46 -04:00 | loss_guard_refresh_ok
2026-05-08 14:09:32 -04:00 | loss_guard_refresh_ok
2026-05-08 14:14:17 -04:00 | loss_guard_refresh_ok
2026-05-08 14:18:56 -04:00 | loss_guard_refresh_ok
2026-05-08 14:23:36 -04:00 | loss_guard_refresh_ok
2026-05-08 14:28:13 -04:00 | loss_guard_refresh_ok
2026-05-08 14:32:52 -04:00 | loss_guard_refresh_ok
2026-05-08 14:37:33 -04:00 | loss_guard_refresh_ok
2026-05-08 14:42:17 -04:00 | loss_guard_refresh_ok
2026-05-08 14:46:56 -04:00 | loss_guard_refresh_ok
2026-05-08 14:51:35 -04:00 | loss_guard_refresh_ok
2026-05-08 14:56:17 -04:00 | loss_guard_refresh_ok
2026-05-08 15:01:01 -04:00 | loss_guard_refresh_ok
2026-05-08 15:05:40 -04:00 | loss_guard_refresh_ok
2026-05-08 15:10:26 -04:00 | loss_guard_refresh_ok
2026-05-08 15:15:08 -04:00 | loss_guard_refresh_ok
2026-05-08 15:19:50 -04:00 | loss_guard_refresh_ok
2026-05-08 15:24:35 -04:00 | loss_guard_refresh_ok
2026-05-08 15:29:18 -04:00 | loss_guard_refresh_ok
2026-05-08 15:33:59 -04:00 | loss_guard_refresh_ok
2026-05-08 15:38:44 -04:00 | loss_guard_refresh_ok
2026-05-08 15:43:19 -04:00 | loss_guard_refresh_ok
2026-05-08 15:47:57 -04:00 | loss_guard_refresh_ok
2026-05-08 15:52:44 -04:00 | loss_guard_refresh_ok
2026-05-08 15:57:21 -04:00 | loss_guard_refresh_ok
2026-05-08 16:02:03 -04:00 | loss_guard_refresh_ok
2026-05-08 16:06:45 -04:00 | loss_guard_refresh_ok
2026-05-08 16:11:25 -04:00 | loss_guard_refresh_ok
2026-05-08 16:16:53 -04:00 | loss_guard_refresh_ok
2026-05-08 16:21:59 -04:00 | loss_guard_refresh_ok
2026-05-08 16:26:45 -04:00 | loss_guard_refresh_ok
2026-05-08 16:31:26 -04:00 | loss_guard_refresh_ok
2026-05-08 16:36:09 -04:00 | loss_guard_refresh_ok
2026-05-08 16:40:49 -04:00 | loss_guard_refresh_ok
2026-05-08 16:45:29 -04:00 | loss_guard_refresh_ok
2026-05-08 16:50:16 -04:00 | loss_guard_refresh_ok
2026-05-08 16:54:56 -04:00 | loss_guard_refresh_ok
2026-05-08 16:59:30 -04:00 | loss_guard_refresh_ok
2026-05-08 17:04:16 -04:00 | loss_guard_refresh_ok
2026-05-08 17:08:50 -04:00 | loss_guard_refresh_ok
2026-05-08 17:13:29 -04:00 | loss_guard_refresh_ok
2026-05-08 17:18:10 -04:00 | loss_guard_refresh_ok
2026-05-08 17:22:53 -04:00 | loss_guard_refresh_ok
2026-05-08 17:27:37 -04:00 | loss_guard_refresh_ok
2026-05-08 17:32:16 -04:00 | loss_guard_refresh_ok
2026-05-08 17:37:02 -04:00 | loss_guard_refresh_ok
2026-05-08 17:41:31 -04:00 | loss_guard_refresh_ok
2026-05-08 17:46:13 -04:00 | loss_guard_refresh_ok
2026-05-08 17:51:04 -04:00 | loss_guard_refresh_ok
2026-05-08 17:55:40 -04:00 | loss_guard_refresh_ok
2026-05-08 18:00:23 -04:00 | loss_guard_refresh_ok
2026-05-08 18:05:06 -04:00 | loss_guard_refresh_ok
2026-05-08 18:09:44 -04:00 | loss_guard_refresh_ok
2026-05-08 18:14:27 -04:00 | loss_guard_refresh_ok
2026-05-08 18:19:05 -04:00 | loss_guard_refresh_ok
2026-05-08 18:23:51 -04:00 | loss_guard_refresh_ok
2026-05-08 18:28:27 -04:00 | loss_guard_refresh_ok
2026-05-08 18:33:12 -04:00 | loss_guard_refresh_ok
2026-05-08 18:37:48 -04:00 | loss_guard_refresh_ok
2026-05-08 18:42:26 -04:00 | loss_guard_refresh_ok
2026-05-08 18:48:20 -04:00 | loss_guard_refresh_ok
2026-05-08 18:54:41 -04:00 | loss_guard_refresh_ok
2026-05-08 19:01:03 -04:00 | loss_guard_refresh_ok
2026-05-08 19:08:21 -04:00 | loss_guard_refresh_ok
2026-05-08 19:30:22 -04:00 | loss_guard_refresh_ok
2026-05-08 19:36:22 -04:00 | loss_guard_refresh_ok
2026-05-08 19:43:10 -04:00 | loss_guard_refresh_ok
2026-05-08 19:50:20 -04:00 | loss_guard_refresh_ok
2026-05-08 19:57:22 -04:00 | loss_guard_refresh_ok
2026-05-08 20:04:53 -04:00 | loss_guard_refresh_ok
2026-05-08 20:12:17 -04:00 | loss_guard_refresh_ok
2026-05-08 20:20:06 -04:00 | loss_guard_refresh_ok
2026-05-08 20:27:26 -04:00 | loss_guard_refresh_ok
2026-05-08 20:34:48 -04:00 | loss_guard_refresh_ok
2026-05-08 20:42:13 -04:00 | loss_guard_refresh_ok
2026-05-08 20:49:42 -04:00 | loss_guard_refresh_ok
2026-05-08 20:57:04 -04:00 | loss_guard_refresh_ok
2026-05-08 21:04:47 -04:00 | loss_guard_refresh_ok
2026-05-08 21:12:16 -04:00 | loss_guard_refresh_ok
2026-05-08 21:19:48 -04:00 | loss_guard_refresh_ok
2026-05-08 21:27:15 -04:00 | loss_guard_refresh_ok
2026-05-08 21:34:44 -04:00 | loss_guard_refresh_ok
2026-05-08 21:42:10 -04:00 | loss_guard_refresh_ok
2026-05-08 21:49:40 -04:00 | loss_guard_refresh_ok
2026-05-08 21:57:13 -04:00 | loss_guard_refresh_ok
2026-05-08 22:04:48 -04:00 | loss_guard_refresh_ok
2026-05-08 22:12:02 -04:00 | loss_guard_refresh_ok
2026-05-08 22:19:20 -04:00 | loss_guard_refresh_ok
2026-05-08 22:26:22 -04:00 | loss_guard_refresh_ok
2026-05-08 22:33:28 -04:00 | loss_guard_refresh_ok
2026-05-08 22:40:45 -04:00 | loss_guard_refresh_ok
2026-05-08 22:47:46 -04:00 | loss_guard_refresh_ok
2026-05-08 22:54:17 -04:00 | loss_guard_refresh_ok
2026-05-08 23:00:44 -04:00 | loss_guard_refresh_ok
2026-05-08 23:07:40 -04:00 | loss_guard_refresh_ok
2026-05-08 23:14:28 -04:00 | loss_guard_refresh_ok
2026-05-08 23:21:21 -04:00 | loss_guard_refresh_ok
2026-05-08 23:28:08 -04:00 | loss_guard_refresh_ok
2026-05-08 23:35:02 -04:00 | loss_guard_refresh_ok
2026-05-08 23:41:57 -04:00 | loss_guard_refresh_ok
2026-05-09 10:39:23 -04:00 | loss_guard_refresh_ok
2026-05-09 10:44:33 -04:00 | loss_guard_refresh_ok
2026-05-09 10:49:43 -04:00 | loss_guard_refresh_ok
2026-05-09 10:55:08 -04:00 | loss_guard_refresh_ok
2026-05-09 11:00:30 -04:00 | loss_guard_refresh_ok
2026-05-09 11:05:57 -04:00 | loss_guard_refresh_ok
2026-05-09 11:11:25 -04:00 | loss_guard_refresh_ok
2026-05-09 11:17:17 -04:00 | loss_guard_refresh_ok
2026-05-09 11:23:08 -04:00 | loss_guard_refresh_ok
2026-05-09 11:28:40 -04:00 | loss_guard_refresh_ok
2026-05-09 11:34:43 -04:00 | loss_guard_refresh_ok
2026-05-09 11:40:59 -04:00 | loss_guard_refresh_ok
2026-05-09 11:47:06 -04:00 | loss_guard_refresh_ok
2026-05-09 12:56:47 -04:00 | loss_guard_refresh_ok
2026-05-09 13:03:22 -04:00 | loss_guard_refresh_ok
2026-05-09 13:09:45 -04:00 | loss_guard_refresh_ok
2026-05-09 13:16:10 -04:00 | loss_guard_refresh_ok
2026-05-09 13:22:54 -04:00 | loss_guard_refresh_ok
2026-05-09 13:30:05 -04:00 | loss_guard_refresh_ok
2026-05-09 13:36:03 -04:00 | loss_guard_refresh_ok
2026-05-09 13:41:40 -04:00 | loss_guard_refresh_ok
2026-05-09 13:47:31 -04:00 | loss_guard_refresh_ok
2026-05-09 13:52:58 -04:00 | loss_guard_refresh_ok
2026-05-09 13:58:13 -04:00 | loss_guard_refresh_ok
2026-05-09 14:03:34 -04:00 | loss_guard_refresh_ok
2026-05-09 14:09:00 -04:00 | loss_guard_refresh_ok
2026-05-09 14:14:36 -04:00 | loss_guard_refresh_ok
2026-05-09 14:20:06 -04:00 | loss_guard_refresh_ok
2026-05-09 14:25:19 -04:00 | loss_guard_refresh_ok
2026-05-09 14:30:33 -04:00 | loss_guard_refresh_ok
2026-05-09 14:35:46 -04:00 | loss_guard_refresh_ok
2026-05-09 14:40:49 -04:00 | loss_guard_refresh_ok
2026-05-09 14:45:59 -04:00 | loss_guard_refresh_ok
2026-05-09 14:51:14 -04:00 | loss_guard_refresh_ok
2026-05-09 14:56:34 -04:00 | loss_guard_refresh_ok
2026-05-09 15:01:55 -04:00 | loss_guard_refresh_ok
2026-05-09 15:07:00 -04:00 | loss_guard_refresh_ok
2026-05-09 15:13:11 -04:00 | loss_guard_refresh_ok
2026-05-09 15:20:20 -04:00 | loss_guard_refresh_ok
2026-05-09 15:27:26 -04:00 | loss_guard_refresh_ok
2026-05-09 15:34:32 -04:00 | loss_guard_refresh_ok
2026-05-09 15:41:35 -04:00 | loss_guard_refresh_ok
2026-05-09 15:48:45 -04:00 | loss_guard_refresh_ok
2026-05-09 15:55:45 -04:00 | loss_guard_refresh_ok
2026-05-09 16:02:19 -04:00 | loss_guard_refresh_ok
2026-05-09 16:09:05 -04:00 | loss_guard_refresh_ok
2026-05-09 16:16:26 -04:00 | loss_guard_refresh_ok
2026-05-09 16:24:02 -04:00 | loss_guard_refresh_ok
2026-05-09 16:30:55 -04:00 | loss_guard_refresh_ok
2026-05-09 16:37:52 -04:00 | loss_guard_refresh_ok
2026-05-09 16:44:27 -04:00 | loss_guard_refresh_ok
2026-05-09 16:50:31 -04:00 | loss_guard_refresh_ok
2026-05-09 16:56:23 -04:00 | loss_guard_refresh_ok
2026-05-09 17:02:41 -04:00 | loss_guard_refresh_ok
2026-05-09 17:07:20 -04:00 | loss_guard_refresh_ok
2026-05-09 17:12:12 -04:00 | loss_guard_refresh_ok
2026-05-09 17:17:03 -04:00 | loss_guard_refresh_ok
2026-05-09 17:21:55 -04:00 | loss_guard_refresh_ok
2026-05-09 17:26:39 -04:00 | loss_guard_refresh_ok
2026-05-09 17:31:33 -04:00 | loss_guard_refresh_ok
2026-05-09 17:36:11 -04:00 | loss_guard_refresh_ok
2026-05-09 17:40:52 -04:00 | loss_guard_refresh_ok
2026-05-09 17:45:41 -04:00 | loss_guard_refresh_ok
2026-05-09 17:50:27 -04:00 | loss_guard_refresh_ok
2026-05-09 17:55:01 -04:00 | loss_guard_refresh_ok
2026-05-09 17:59:37 -04:00 | loss_guard_refresh_ok
2026-05-09 18:04:13 -04:00 | loss_guard_refresh_ok
2026-05-09 18:09:01 -04:00 | loss_guard_refresh_ok
2026-05-09 18:13:37 -04:00 | loss_guard_refresh_ok
2026-05-09 18:18:27 -04:00 | loss_guard_refresh_ok
2026-05-09 18:23:00 -04:00 | loss_guard_refresh_ok
2026-05-09 18:27:41 -04:00 | loss_guard_refresh_ok
2026-05-09 18:32:16 -04:00 | loss_guard_refresh_ok
2026-05-09 18:36:56 -04:00 | loss_guard_refresh_ok
2026-05-09 18:41:44 -04:00 | loss_guard_refresh_ok
2026-05-09 18:46:20 -04:00 | loss_guard_refresh_ok
2026-05-09 18:51:01 -04:00 | loss_guard_refresh_ok
2026-05-09 18:55:40 -04:00 | loss_guard_refresh_ok
2026-05-09 19:00:59 -04:00 | loss_guard_refresh_ok
2026-05-09 19:05:52 -04:00 | loss_guard_refresh_ok
2026-05-09 19:10:45 -04:00 | loss_guard_refresh_ok
2026-05-09 19:15:37 -04:00 | loss_guard_refresh_ok
2026-05-09 19:20:31 -04:00 | loss_guard_refresh_ok
2026-05-09 19:25:28 -04:00 | loss_guard_refresh_ok
2026-05-09 19:30:19 -04:00 | loss_guard_refresh_ok
2026-05-09 19:35:09 -04:00 | loss_guard_refresh_ok
2026-05-09 19:39:48 -04:00 | loss_guard_refresh_ok
2026-05-09 19:44:23 -04:00 | loss_guard_refresh_ok
2026-05-09 19:49:08 -04:00 | loss_guard_refresh_ok
2026-05-09 19:53:45 -04:00 | loss_guard_refresh_ok
2026-05-09 19:58:33 -04:00 | loss_guard_refresh_ok
2026-05-09 20:03:14 -04:00 | loss_guard_refresh_ok
2026-05-09 20:07:54 -04:00 | loss_guard_refresh_ok
2026-05-09 20:12:45 -04:00 | loss_guard_refresh_ok
2026-05-09 20:17:27 -04:00 | loss_guard_refresh_ok
2026-05-09 20:22:04 -04:00 | loss_guard_refresh_ok
2026-05-09 20:26:46 -04:00 | loss_guard_refresh_ok
2026-05-09 20:31:22 -04:00 | loss_guard_refresh_ok
2026-05-09 20:35:57 -04:00 | loss_guard_refresh_ok
2026-05-09 20:40:38 -04:00 | loss_guard_refresh_ok
2026-05-09 20:45:19 -04:00 | loss_guard_refresh_ok
2026-05-09 20:49:58 -04:00 | loss_guard_refresh_ok
2026-05-09 20:54:40 -04:00 | loss_guard_refresh_ok
2026-05-09 20:59:22 -04:00 | loss_guard_refresh_ok
2026-05-09 21:04:06 -04:00 | loss_guard_refresh_ok
2026-05-09 21:08:49 -04:00 | loss_guard_refresh_ok
2026-05-09 21:13:24 -04:00 | loss_guard_refresh_ok
2026-05-09 21:18:08 -04:00 | loss_guard_refresh_ok
2026-05-09 21:22:49 -04:00 | loss_guard_refresh_ok
2026-05-09 21:27:26 -04:00 | loss_guard_refresh_ok
2026-05-09 21:32:04 -04:00 | loss_guard_refresh_ok
2026-05-09 21:36:35 -04:00 | loss_guard_refresh_ok
2026-05-09 21:41:13 -04:00 | loss_guard_refresh_ok
2026-05-09 21:45:52 -04:00 | loss_guard_refresh_ok
2026-05-09 21:50:32 -04:00 | loss_guard_refresh_ok
2026-05-09 21:55:14 -04:00 | loss_guard_refresh_ok
2026-05-09 21:59:49 -04:00 | loss_guard_refresh_ok
2026-05-09 22:04:29 -04:00 | loss_guard_refresh_ok
2026-05-09 22:09:11 -04:00 | loss_guard_refresh_ok
2026-05-09 22:13:55 -04:00 | loss_guard_refresh_ok
2026-05-09 22:18:40 -04:00 | loss_guard_refresh_ok
2026-05-09 22:23:28 -04:00 | loss_guard_refresh_ok
2026-05-09 22:28:09 -04:00 | loss_guard_refresh_ok
2026-05-09 22:32:43 -04:00 | loss_guard_refresh_ok
2026-05-09 22:37:27 -04:00 | loss_guard_refresh_ok
2026-05-09 22:42:03 -04:00 | loss_guard_refresh_ok
2026-05-09 22:46:41 -04:00 | loss_guard_refresh_ok
2026-05-09 22:51:20 -04:00 | loss_guard_refresh_ok
2026-05-09 22:55:56 -04:00 | loss_guard_refresh_ok
2026-05-09 23:00:38 -04:00 | loss_guard_refresh_ok
2026-05-09 23:07:07 -04:00 | loss_guard_refresh_ok
2026-05-09 23:13:18 -04:00 | loss_guard_refresh_ok
2026-05-09 23:19:39 -04:00 | loss_guard_refresh_ok
2026-05-09 23:26:31 -04:00 | loss_guard_refresh_ok
2026-05-09 23:33:19 -04:00 | loss_guard_refresh_ok
2026-05-09 23:39:55 -04:00 | loss_guard_refresh_ok
2026-05-09 23:46:36 -04:00 | loss_guard_refresh_ok
2026-05-09 23:53:23 -04:00 | loss_guard_refresh_ok
2026-05-10 00:00:17 -04:00 | loss_guard_refresh_ok
2026-05-10 00:07:12 -04:00 | loss_guard_refresh_ok
2026-05-10 00:14:15 -04:00 | loss_guard_refresh_ok
2026-05-10 00:20:40 -04:00 | loss_guard_refresh_ok
2026-05-10 00:26:55 -04:00 | loss_guard_refresh_ok
2026-05-10 00:33:21 -04:00 | loss_guard_refresh_ok
2026-05-10 00:39:58 -04:00 | loss_guard_refresh_ok
2026-05-10 00:46:25 -04:00 | loss_guard_refresh_ok
2026-05-10 00:52:51 -04:00 | loss_guard_refresh_ok
2026-05-10 00:59:18 -04:00 | loss_guard_refresh_ok
2026-05-10 01:06:03 -04:00 | loss_guard_refresh_ok
2026-05-10 01:12:57 -04:00 | loss_guard_refresh_ok
2026-05-10 01:20:00 -04:00 | loss_guard_refresh_ok
2026-05-10 01:27:01 -04:00 | loss_guard_refresh_ok
2026-05-10 01:33:58 -04:00 | loss_guard_refresh_ok
2026-05-10 01:41:01 -04:00 | loss_guard_refresh_ok
2026-05-10 01:47:58 -04:00 | loss_guard_refresh_ok
2026-05-10 01:55:00 -04:00 | loss_guard_refresh_ok
2026-05-10 02:02:00 -04:00 | loss_guard_refresh_ok
2026-05-10 02:09:07 -04:00 | loss_guard_refresh_ok
2026-05-10 02:16:08 -04:00 | loss_guard_refresh_ok
2026-05-10 02:23:21 -04:00 | loss_guard_refresh_ok
2026-05-10 02:30:25 -04:00 | loss_guard_refresh_ok
2026-05-10 02:37:20 -04:00 | loss_guard_refresh_ok
2026-05-10 02:44:08 -04:00 | loss_guard_refresh_ok
2026-05-10 02:51:06 -04:00 | loss_guard_refresh_ok
2026-05-10 02:58:04 -04:00 | loss_guard_refresh_ok
2026-05-10 09:10:43 -04:00 | loss_guard_refresh_ok
2026-05-10 09:16:20 -04:00 | loss_guard_refresh_ok
2026-05-10 09:21:20 -04:00 | loss_guard_refresh_ok
2026-05-10 09:26:10 -04:00 | loss_guard_refresh_ok
2026-05-10 09:30:55 -04:00 | loss_guard_refresh_ok
2026-05-10 09:35:48 -04:00 | loss_guard_refresh_ok
2026-05-10 09:40:38 -04:00 | loss_guard_refresh_ok
2026-05-10 09:45:49 -04:00 | loss_guard_refresh_ok
2026-05-10 09:52:01 -04:00 | loss_guard_refresh_ok
2026-05-10 09:59:25 -04:00 | loss_guard_refresh_ok
2026-05-10 10:06:47 -04:00 | loss_guard_refresh_ok
2026-05-10 10:13:53 -04:00 | loss_guard_refresh_ok
2026-05-10 10:20:53 -04:00 | loss_guard_refresh_ok
2026-05-10 10:27:55 -04:00 | loss_guard_refresh_ok
2026-05-10 10:35:01 -04:00 | loss_guard_refresh_ok
2026-05-10 10:42:00 -04:00 | loss_guard_refresh_ok
2026-05-10 10:49:02 -04:00 | loss_guard_refresh_ok
2026-05-10 10:56:00 -04:00 | loss_guard_refresh_ok
2026-05-10 11:02:35 -04:00 | loss_guard_refresh_ok
2026-05-10 11:09:01 -04:00 | loss_guard_refresh_ok
2026-05-10 11:15:10 -04:00 | loss_guard_refresh_ok
2026-05-10 11:21:00 -04:00 | loss_guard_refresh_ok
2026-05-10 11:26:15 -04:00 | loss_guard_refresh_ok
2026-05-10 11:31:20 -04:00 | loss_guard_refresh_ok
2026-05-10 11:36:29 -04:00 | loss_guard_refresh_ok
2026-05-10 11:41:25 -04:00 | loss_guard_refresh_ok
2026-05-10 11:46:27 -04:00 | loss_guard_refresh_ok
2026-05-10 11:51:19 -04:00 | loss_guard_refresh_ok
2026-05-10 11:56:00 -04:00 | loss_guard_refresh_ok
2026-05-10 12:00:46 -04:00 | loss_guard_refresh_ok
2026-05-10 12:05:42 -04:00 | loss_guard_refresh_ok
2026-05-10 12:10:37 -04:00 | loss_guard_refresh_ok
2026-05-10 12:15:41 -04:00 | loss_guard_refresh_ok
2026-05-10 12:20:31 -04:00 | loss_guard_refresh_ok
2026-05-10 12:25:11 -04:00 | loss_guard_refresh_ok
2026-05-10 12:29:55 -04:00 | loss_guard_refresh_ok
2026-05-10 12:34:49 -04:00 | loss_guard_refresh_ok
2026-05-10 12:39:30 -04:00 | loss_guard_refresh_ok
2026-05-10 12:44:28 -04:00 | loss_guard_refresh_ok
2026-05-10 12:49:25 -04:00 | loss_guard_refresh_ok
2026-05-10 12:55:15 -04:00 | loss_guard_refresh_ok
2026-05-10 13:01:43 -04:00 | loss_guard_refresh_ok
2026-05-10 13:08:20 -04:00 | loss_guard_refresh_ok
2026-05-10 13:14:44 -04:00 | loss_guard_refresh_ok
2026-05-10 13:21:29 -04:00 | loss_guard_refresh_ok
2026-05-10 13:27:56 -04:00 | loss_guard_refresh_ok
2026-05-10 13:34:47 -04:00 | loss_guard_refresh_ok
2026-05-10 13:41:16 -04:00 | loss_guard_refresh_ok
2026-05-10 13:47:51 -04:00 | loss_guard_refresh_ok
2026-05-10 13:54:23 -04:00 | loss_guard_refresh_ok
2026-05-10 14:01:06 -04:00 | loss_guard_refresh_ok
2026-05-10 14:07:41 -04:00 | loss_guard_refresh_ok
2026-05-10 14:14:03 -04:00 | loss_guard_refresh_ok
2026-05-10 14:20:56 -04:00 | loss_guard_refresh_ok
2026-05-10 14:28:11 -04:00 | loss_guard_refresh_ok
2026-05-10 14:35:08 -04:00 | loss_guard_refresh_ok
2026-05-10 14:42:17 -04:00 | loss_guard_refresh_ok
2026-05-10 14:49:22 -04:00 | loss_guard_refresh_ok
2026-05-10 14:56:25 -04:00 | loss_guard_refresh_ok
2026-05-10 15:03:28 -04:00 | loss_guard_refresh_ok
2026-05-10 15:10:41 -04:00 | loss_guard_refresh_ok
2026-05-10 15:17:51 -04:00 | loss_guard_refresh_ok
2026-05-10 15:24:49 -04:00 | loss_guard_refresh_ok
2026-05-10 15:31:45 -04:00 | loss_guard_refresh_ok
2026-05-10 15:38:50 -04:00 | loss_guard_refresh_ok
2026-05-10 15:45:47 -04:00 | loss_guard_refresh_ok
2026-05-10 15:52:35 -04:00 | loss_guard_refresh_ok
2026-05-10 15:58:59 -04:00 | loss_guard_refresh_ok
2026-05-10 16:05:24 -04:00 | loss_guard_refresh_ok
2026-05-10 16:11:47 -04:00 | loss_guard_refresh_ok
2026-05-10 16:18:18 -04:00 | loss_guard_refresh_ok
2026-05-10 16:24:35 -04:00 | loss_guard_refresh_ok
2026-05-10 16:30:55 -04:00 | loss_guard_refresh_ok
2026-05-10 16:37:13 -04:00 | loss_guard_refresh_ok
2026-05-10 16:43:30 -04:00 | loss_guard_refresh_ok
2026-05-10 16:49:57 -04:00 | loss_guard_refresh_ok
2026-05-10 16:56:33 -04:00 | loss_guard_refresh_ok
2026-05-10 17:03:42 -04:00 | loss_guard_refresh_ok
2026-05-10 18:05:38 -04:00 | loss_guard_refresh_ok
2026-05-10 18:11:44 -04:00 | loss_guard_refresh_ok
2026-05-10 18:20:34 -04:00 | loss_guard_refresh_ok
2026-05-10 18:27:50 -04:00 | loss_guard_refresh_ok
2026-05-10 18:34:39 -04:00 | loss_guard_refresh_ok
2026-05-10 18:41:08 -04:00 | loss_guard_refresh_ok
2026-05-10 18:47:21 -04:00 | loss_guard_refresh_ok
2026-05-10 18:53:03 -04:00 | loss_guard_refresh_ok
2026-05-10 18:59:15 -04:00 | loss_guard_refresh_ok
2026-05-10 19:05:02 -04:00 | loss_guard_refresh_ok
2026-05-10 19:10:21 -04:00 | loss_guard_refresh_ok
2026-05-10 19:15:30 -04:00 | loss_guard_refresh_ok
2026-05-10 19:20:43 -04:00 | loss_guard_refresh_ok
2026-05-10 19:26:23 -04:00 | loss_guard_refresh_ok
2026-05-10 19:32:18 -04:00 | loss_guard_refresh_ok
2026-05-10 19:38:04 -04:00 | loss_guard_refresh_ok
2026-05-10 19:43:35 -04:00 | loss_guard_refresh_ok
2026-05-10 19:48:46 -04:00 | loss_guard_refresh_ok
2026-05-10 19:53:59 -04:00 | loss_guard_refresh_ok
2026-05-10 19:59:05 -04:00 | loss_guard_refresh_ok
2026-05-10 20:04:21 -04:00 | loss_guard_refresh_ok
2026-05-10 20:10:11 -04:00 | loss_guard_refresh_ok
2026-05-10 20:16:56 -04:00 | loss_guard_refresh_ok
2026-05-10 20:23:46 -04:00 | loss_guard_refresh_ok
2026-05-10 20:30:44 -04:00 | loss_guard_refresh_ok
2026-05-10 20:37:33 -04:00 | loss_guard_refresh_ok
2026-05-10 20:44:36 -04:00 | loss_guard_refresh_ok
2026-05-10 20:51:46 -04:00 | loss_guard_refresh_ok
2026-05-10 20:58:36 -04:00 | loss_guard_refresh_ok
2026-05-10 21:05:26 -04:00 | loss_guard_refresh_ok
2026-05-10 21:10:36 -04:00 | loss_guard_refresh_ok
2026-05-10 21:16:03 -04:00 | loss_guard_refresh_ok
2026-05-10 21:21:17 -04:00 | loss_guard_refresh_ok
2026-05-10 21:26:35 -04:00 | loss_guard_refresh_ok
2026-05-10 21:33:25 -04:00 | loss_guard_refresh_ok
2026-05-10 21:40:19 -04:00 | loss_guard_refresh_ok
2026-05-10 21:47:24 -04:00 | loss_guard_refresh_ok
2026-05-10 21:54:40 -04:00 | loss_guard_refresh_ok
2026-05-10 22:01:08 -04:00 | loss_guard_refresh_ok
2026-05-10 22:07:43 -04:00 | loss_guard_refresh_ok
2026-05-10 22:14:25 -04:00 | loss_guard_refresh_ok
2026-05-10 22:20:56 -04:00 | loss_guard_refresh_ok
2026-05-10 22:25:59 -04:00 | loss_guard_refresh_ok
2026-05-10 22:31:38 -04:00 | loss_guard_refresh_ok
2026-05-10 22:37:47 -04:00 | loss_guard_refresh_ok
2026-05-10 22:43:35 -04:00 | loss_guard_refresh_ok
2026-05-10 22:49:39 -04:00 | loss_guard_refresh_ok
2026-05-10 22:57:16 -04:00 | loss_guard_refresh_ok
2026-05-10 23:04:21 -04:00 | loss_guard_refresh_ok
2026-05-10 23:10:51 -04:00 | loss_guard_refresh_ok
2026-05-10 23:17:24 -04:00 | loss_guard_refresh_ok
2026-05-10 23:23:51 -04:00 | loss_guard_refresh_ok
2026-05-10 23:30:16 -04:00 | loss_guard_refresh_ok
2026-05-10 23:37:01 -04:00 | loss_guard_refresh_ok
2026-05-10 23:47:37 -04:00 | probe_failed | probe_v28_frozen_feature_gate_soft_frontier_exit_stack.py | exit_code=1073807364
